Resolving dependencies...
Downloading packages...
  characters 1.4.0 (1.4.1 available)
  material_color_utilities 0.11.1 (0.13.0 available)
  meta 1.16.0 (1.17.0 available)
  test_api 0.7.6 (0.7.7 available)
Got dependencies!
4 packages have newer versions incompatible with dependency constraints.
Try `flutter pub outdated` for more information.
00:00 +0: loading /Users/alamre/dev/2030/jetx/test/internationalization/internationalization_test.dart                                                                                                 test/internationalization/internationalization_test.dart:3:8: Error: Error when reading 'lib/get.dart': No such file or directory
import 'package:jet/get.dart';
       ^
test/navigation/utils/wrapper.dart:2:8: Error: Error when reading 'lib/get.dart': No such file or directory
import 'package:jet/get.dart';
       ^
00:01 +0: loading /Users/alamre/dev/2030/jetx/test/internationalization/internationalization_test.dart                                                                                                 test/navigation/utils/wrapper.dart:6:14: Error: Type 'GetPage' not found.
  final List<GetPage>? namedRoutes;
             ^^^^^^^
test/navigation/utils/wrapper.dart:8:9: Error: Type 'Transition' not found.
  final Transition? defaultTransition;
        ^^^^^^^^^^
test/navigation/utils/wrapper.dart:37:14: Error: Type 'GetPage' not found.
  final List<GetPage>? namedRoutes;
             ^^^^^^^
test/navigation/utils/wrapper.dart:39:9: Error: Type 'Transition' not found.
  final Transition? defaultTransition;
        ^^^^^^^^^^
test/navigation/utils/wrapper.dart:59:35: Error: Type 'Translations' not found.
class WrapperTranslations extends Translations {
                                  ^^^^^^^^^^^^
test/internationalization/internationalization_test.dart:19:5: Error: Undefined name 'Get'.
    Get.updateLocale(const Locale('pt', 'BR'));
    ^^^
test/internationalization/internationalization_test.dart:27:5: Error: Undefined name 'Get'.
    Get.updateLocale(const Locale('en', 'EN'));
    ^^^
test/internationalization/internationalization_test.dart:15:20: Error: The getter 'tr' isn't defined for the type 'String'.
Try correcting the name to the name of an existing getter, or defining a getter or field named 'tr'.
    expect('covid'.tr, 'Corona Virus');
                   ^^
test/internationalization/internationalization_test.dart:16:30: Error: The getter 'tr' isn't defined for the type 'String'.
Try correcting the name to the name of an existing getter, or defining a getter or field named 'tr'.
    expect('total_confirmed'.tr, 'Total Confirmed');
                             ^^
test/internationalization/internationalization_test.dart:17:27: Error: The getter 'tr' isn't defined for the type 'String'.
Try correcting the name to the name of an existing getter, or defining a getter or field named 'tr'.
    expect('total_deaths'.tr, 'Total Deaths');
                          ^^
test/internationalization/internationalization_test.dart:23:20: Error: The getter 'tr' isn't defined for the type 'String'.
Try correcting the name to the name of an existing getter, or defining a getter or field named 'tr'.
    expect('covid'.tr, 'Corona Vírus');
                   ^^
test/internationalization/internationalization_test.dart:24:30: Error: The getter 'tr' isn't defined for the type 'String'.
Try correcting the name to the name of an existing getter, or defining a getter or field named 'tr'.
    expect('total_confirmed'.tr, 'Total confirmado');
                             ^^
test/internationalization/internationalization_test.dart:25:27: Error: The getter 'tr' isn't defined for the type 'String'.
Try correcting the name to the name of an existing getter, or defining a getter or field named 'tr'.
    expect('total_deaths'.tr, 'Total de mortes');
                          ^^
test/internationalization/internationalization_test.dart:31:20: Error: The getter 'tr' isn't defined for the type 'String'.
Try correcting the name to the name of an existing getter, or defining a getter or field named 'tr'.
    expect('covid'.tr, 'Corona Virus');
                   ^^
test/internationalization/internationalization_test.dart:32:30: Error: The getter 'tr' isn't defined for the type 'String'.
Try correcting the name to the name of an existing getter, or defining a getter or field named 'tr'.
    expect('total_confirmed'.tr, 'Total Confirmed');
                             ^^
test/internationalization/internationalization_test.dart:33:27: Error: The getter 'tr' isn't defined for the type 'String'.
Try correcting the name to the name of an existing getter, or defining a getter or field named 'tr'.
    expect('total_deaths'.tr, 'Total Deaths');
                          ^^
test/navigation/utils/wrapper.dart:6:14: Error: 'GetPage' isn't a type.
  final List<GetPage>? namedRoutes;
             ^^^^^^^
test/navigation/utils/wrapper.dart:8:9: Error: 'Transition' isn't a type.
  final Transition? defaultTransition;
        ^^^^^^^^^^
test/navigation/utils/wrapper.dart:20:12: Error: The method 'GetMaterialApp' isn't defined for the type 'Wrapper'.
 - 'Wrapper' is from 'test/navigation/utils/wrapper.dart'.
Try correcting the name to the name of an existing method, or defining a method named 'GetMaterialApp'.
    return GetMaterialApp(
           ^^^^^^^^^^^^^^
test/navigation/utils/wrapper.dart:37:14: Error: 'GetPage' isn't a type.
  final List<GetPage>? namedRoutes;
             ^^^^^^^
test/navigation/utils/wrapper.dart:39:9: Error: 'Transition' isn't a type.
  final Transition? defaultTransition;
        ^^^^^^^^^^
test/navigation/utils/wrapper.dart:51:12: Error: The method 'GetMaterialApp' isn't defined for the type 'WrapperNamed'.
 - 'WrapperNamed' is from 'test/navigation/utils/wrapper.dart'.
Try correcting the name to the name of an existing method, or defining a method named 'GetMaterialApp'.
    return GetMaterialApp(
           ^^^^^^^^^^^^^^
00:02 +0: loading /Users/alamre/dev/2030/jetx/test/internationalization/internationalization_test.dart                                                                                                 00:03 +0: loading /Users/alamre/dev/2030/jetx/test/internationalization/internationalization_test.dart                                                                                                 00:03 +0 -1: loading /Users/alamre/dev/2030/jetx/test/internationalization/internationalization_test.dart [E]                                                                                          
  Failed to load "/Users/alamre/dev/2030/jetx/test/internationalization/internationalization_test.dart":
  Compilation failed for testPath=/Users/alamre/dev/2030/jetx/test/internationalization/internationalization_test.dart: test/internationalization/internationalization_test.dart:3:8: Error: Error when reading 'lib/get.dart': No such file or directory
  import 'package:jet/get.dart';
         ^
  test/navigation/utils/wrapper.dart:2:8: Error: Error when reading 'lib/get.dart': No such file or directory
  import 'package:jet/get.dart';
         ^
  test/navigation/utils/wrapper.dart:6:14: Error: Type 'GetPage' not found.
    final List<GetPage>? namedRoutes;
               ^^^^^^^
  test/navigation/utils/wrapper.dart:8:9: Error: Type 'Transition' not found.
    final Transition? defaultTransition;
          ^^^^^^^^^^
  test/navigation/utils/wrapper.dart:37:14: Error: Type 'GetPage' not found.
    final List<GetPage>? namedRoutes;
               ^^^^^^^
  test/navigation/utils/wrapper.dart:39:9: Error: Type 'Transition' not found.
    final Transition? defaultTransition;
          ^^^^^^^^^^
  test/navigation/utils/wrapper.dart:59:35: Error: Type 'Translations' not found.
  class WrapperTranslations extends Translations {
                                    ^^^^^^^^^^^^
  test/internationalization/internationalization_test.dart:19:5: Error: Undefined name 'Get'.
      Get.updateLocale(const Locale('pt', 'BR'));
      ^^^
  test/internationalization/internationalization_test.dart:27:5: Error: Undefined name 'Get'.
      Get.updateLocale(const Locale('en', 'EN'));
      ^^^
  test/internationalization/internationalization_test.dart:15:20: Error: The getter 'tr' isn't defined for the type 'String'.
  Try correcting the name to the name of an existing getter, or defining a getter or field named 'tr'.
      expect('covid'.tr, 'Corona Virus');
                     ^^
  test/internationalization/internationalization_test.dart:16:30: Error: The getter 'tr' isn't defined for the type 'String'.
  Try correcting the name to the name of an existing getter, or defining a getter or field named 'tr'.
      expect('total_confirmed'.tr, 'Total Confirmed');
                               ^^
  test/internationalization/internationalization_test.dart:17:27: Error: The getter 'tr' isn't defined for the type 'String'.
  Try correcting the name to the name of an existing getter, or defining a getter or field named 'tr'.
      expect('total_deaths'.tr, 'Total Deaths');
                            ^^
  test/internationalization/internationalization_test.dart:23:20: Error: The getter 'tr' isn't defined for the type 'String'.
  Try correcting the name to the name of an existing getter, or defining a getter or field named 'tr'.
      expect('covid'.tr, 'Corona Vírus');
                     ^^
  test/internationalization/internationalization_test.dart:24:30: Error: The getter 'tr' isn't defined for the type 'String'.
  Try correcting the name to the name of an existing getter, or defining a getter or field named 'tr'.
      expect('total_confirmed'.tr, 'Total confirmado');
                               ^^
  test/internationalization/internationalization_test.dart:25:27: Error: The getter 'tr' isn't defined for the type 'String'.
  Try correcting the name to the name of an existing getter, or defining a getter or field named 'tr'.
      expect('total_deaths'.tr, 'Total de mortes');
                            ^^
  test/internationalization/internationalization_test.dart:31:20: Error: The getter 'tr' isn't defined for the type 'String'.
  Try correcting the name to the name of an existing getter, or defining a getter or field named 'tr'.
      expect('covid'.tr, 'Corona Virus');
                     ^^
  test/internationalization/internationalization_test.dart:32:30: Error: The getter 'tr' isn't defined for the type 'String'.
  Try correcting the name to the name of an existing getter, or defining a getter or field named 'tr'.
      expect('total_confirmed'.tr, 'Total Confirmed');
                               ^^
  test/internationalization/internationalization_test.dart:33:27: Error: The getter 'tr' isn't defined for the type 'String'.
  Try correcting the name to the name of an existing getter, or defining a getter or field named 'tr'.
      expect('total_deaths'.tr, 'Total Deaths');
                            ^^
  test/navigation/utils/wrapper.dart:6:14: Error: 'GetPage' isn't a type.
    final List<GetPage>? namedRoutes;
               ^^^^^^^
  test/navigation/utils/wrapper.dart:8:9: Error: 'Transition' isn't a type.
    final Transition? defaultTransition;
          ^^^^^^^^^^
  test/navigation/utils/wrapper.dart:20:12: Error: The method 'GetMaterialApp' isn't defined for the type 'Wrapper'.
   - 'Wrapper' is from 'test/navigation/utils/wrapper.dart'.
  Try correcting the name to the name of an existing method, or defining a method named 'GetMaterialApp'.
      return GetMaterialApp(
             ^^^^^^^^^^^^^^
  test/navigation/utils/wrapper.dart:37:14: Error: 'GetPage' isn't a type.
    final List<GetPage>? namedRoutes;
               ^^^^^^^
  test/navigation/utils/wrapper.dart:39:9: Error: 'Transition' isn't a type.
    final Transition? defaultTransition;
          ^^^^^^^^^^
  test/navigation/utils/wrapper.dart:51:12: Error: The method 'GetMaterialApp' isn't defined for the type 'WrapperNamed'.
   - 'WrapperNamed' is from 'test/navigation/utils/wrapper.dart'.
  Try correcting the name to the name of an existing method, or defining a method named 'GetMaterialApp'.
      return GetMaterialApp(
             ^^^^^^^^^^^^^^
  .

To run this test again: /Users/alamre/development/flutter/bin/cache/dart-sdk/bin/dart test /Users/alamre/dev/2030/jetx/test/internationalization/internationalization_test.dart -p vm --plain-name 'loading /Users/alamre/dev/2030/jetx/test/internationalization/internationalization_test.dart'
  Error: The Dart compiler exited unexpectedly.
  package:flutter_tools/src/base/common.dart 34:3  throwToolExit
  package:flutter_tools/src/compile.dart 910:11    DefaultResidentCompiler._compile.<fn>
  dart:async/zone.dart 1538:47                     _rootRunUnary
  dart:async/zone.dart 1429:19                     _CustomZone.runUnary
  dart:async/future_impl.dart 948:45               Future._propagateToListeners.handleValueCallback
  dart:async/future_impl.dart 977:13               Future._propagateToListeners
  dart:async/future_impl.dart 862:9                Future._propagateToListeners
  dart:async/future_impl.dart 720:5                Future._completeWithValue
  dart:async/future_impl.dart 804:7                Future._asyncCompleteWithValue.<fn>
  dart:async/zone.dart 1525:13                     _rootRun
  dart:async/zone.dart 1422:19                     _CustomZone.run
  dart:async/zone.dart 1321:7                      _CustomZone.runGuarded
  dart:async/zone.dart 1362:23                     _CustomZone.bindCallbackGuarded.<fn>
  dart:async/schedule_microtask.dart 40:35         _microtaskLoop
  dart:async/schedule_microtask.dart 49:5          _startMicrotaskLoop
  dart:isolate-patch/isolate_patch.dart 127:13     _runPendingImmediateCallback
  dart:isolate-patch/isolate_patch.dart 194:5      _RawReceivePort._handleMessage
  
test/navigation/parse_route_test.dart:3:8: Error: Error when reading 'lib/get.dart': No such file or directory
import 'package:jet/get.dart';
       ^
test/navigation/parse_route_test.dart:15:23: Error: Undefined name 'Transition'.
          transition: Transition.rightToLeftWithFade,
                      ^^^^^^^^^^
test/navigation/parse_route_test.dart:19:27: Error: Undefined name 'Transition'.
              transition: Transition.size,
                          ^^^^^^^^^^
test/navigation/parse_route_test.dart:17:13: Error: Method not found: 'GetPage'.
            GetPage(
            ^^^^^^^
test/navigation/parse_route_test.dart:24:27: Error: Undefined name 'Transition'.
              transition: Transition.topLevel,
                          ^^^^^^^^^^
test/navigation/parse_route_test.dart:22:13: Error: Method not found: 'GetPage'.
            GetPage(
            ^^^^^^^
test/navigation/parse_route_test.dart:12:9: Error: Method not found: 'GetPage'.
        GetPage(
        ^^^^^^^
test/navigation/parse_route_test.dart:31:23: Error: Undefined name 'Transition'.
          transition: Transition.upToDown,
                      ^^^^^^^^^^
test/navigation/parse_route_test.dart:36:27: Error: Undefined name 'Transition'.
              transition: Transition.zoom,
                          ^^^^^^^^^^
test/navigation/parse_route_test.dart:41:31: Error: Undefined name 'Transition'.
                  transition: Transition.cupertino,
                              ^^^^^^^^^^
test/navigation/parse_route_test.dart:39:17: Error: Method not found: 'GetPage'.
                GetPage(
                ^^^^^^^
test/navigation/parse_route_test.dart:48:31: Error: Undefined name 'Transition'.
                  transition: Transition.downToUp,
                              ^^^^^^^^^^
test/navigation/parse_route_test.dart:45:17: Error: Method not found: 'GetPage'.
                GetPage(
                ^^^^^^^
test/navigation/parse_route_test.dart:34:13: Error: Method not found: 'GetPage'.
            GetPage(
            ^^^^^^^
test/navigation/parse_route_test.dart:54:27: Error: Undefined name 'Transition'.
              transition: Transition.fade,
                          ^^^^^^^^^^
test/navigation/parse_route_test.dart:52:13: Error: Method not found: 'GetPage'.
            GetPage(
            ^^^^^^^
test/navigation/parse_route_test.dart:29:9: Error: Method not found: 'GetPage'.
        GetPage(
        ^^^^^^^
test/navigation/parse_route_test.dart:8:22: Error: Method not found: 'GetPage'.
    final pageTree = GetPage(
                     ^^^^^^^
test/navigation/parse_route_test.dart:62:42: Error: 'GetPage' isn't a type.
    final tree = ParseRouteTree(routes: <GetPage>[]);
                                         ^^^^^^^
test/navigation/parse_route_test.dart:62:18: Error: Method not found: 'ParseRouteTree'.
    final tree = ParseRouteTree(routes: <GetPage>[]);
                 ^^^^^^^^^^^^^^
test/navigation/parse_route_test.dart:82:23: Error: Undefined name 'Transition'.
          transition: Transition.cupertino),
                      ^^^^^^^^^^
test/navigation/parse_route_test.dart:79:7: Error: Method not found: 'GetPage'.
      GetPage(
      ^^^^^^^
test/navigation/parse_route_test.dart:86:23: Error: Undefined name 'Transition'.
          transition: Transition.downToUp),
                      ^^^^^^^^^^
test/navigation/parse_route_test.dart:83:7: Error: Method not found: 'GetPage'.
      GetPage(
      ^^^^^^^
test/navigation/parse_route_test.dart:90:23: Error: Undefined name 'Transition'.
          transition: Transition.fade),
                      ^^^^^^^^^^
test/navigation/parse_route_test.dart:87:7: Error: Method not found: 'GetPage'.
      GetPage(
      ^^^^^^^
test/navigation/parse_route_test.dart:94:23: Error: Undefined name 'Transition'.
          transition: Transition.fadeIn),
                      ^^^^^^^^^^
test/navigation/parse_route_test.dart:91:7: Error: Method not found: 'GetPage'.
      GetPage(
      ^^^^^^^
test/navigation/parse_route_test.dart:98:23: Error: Undefined name 'Transition'.
          transition: Transition.leftToRight),
                      ^^^^^^^^^^
test/navigation/parse_route_test.dart:95:7: Error: Method not found: 'GetPage'.
      GetPage(
      ^^^^^^^
test/navigation/parse_route_test.dart:102:23: Error: Undefined name 'Transition'.
          transition: Transition.leftToRightWithFade),
                      ^^^^^^^^^^
test/navigation/parse_route_test.dart:99:7: Error: Method not found: 'GetPage'.
      GetPage(
      ^^^^^^^
test/navigation/parse_route_test.dart:106:23: Error: Undefined name 'Transition'.
          transition: Transition.native),
                      ^^^^^^^^^^
test/navigation/parse_route_test.dart:103:7: Error: Method not found: 'GetPage'.
      GetPage(
      ^^^^^^^
test/navigation/parse_route_test.dart:110:23: Error: Undefined name 'Transition'.
          transition: Transition.noTransition),
                      ^^^^^^^^^^
test/navigation/parse_route_test.dart:107:7: Error: Method not found: 'GetPage'.
      GetPage(
      ^^^^^^^
test/navigation/parse_route_test.dart:114:23: Error: Undefined name 'Transition'.
          transition: Transition.rightToLeft),
                      ^^^^^^^^^^
test/navigation/parse_route_test.dart:111:7: Error: Method not found: 'GetPage'.
      GetPage(
      ^^^^^^^
test/navigation/parse_route_test.dart:117:18: Error: Method not found: 'ParseRouteTree'.
    final tree = ParseRouteTree(routes: pageTree);
                 ^^^^^^^^^^^^^^
test/navigation/parse_route_test.dart:135:11: Error: Method not found: 'GetPage'.
          GetPage(page: () => Container(), name: '/first/:name'),
          ^^^^^^^
test/navigation/parse_route_test.dart:136:11: Error: Method not found: 'GetPage'.
          GetPage(page: () => Container(), name: '/second/:id'),
          ^^^^^^^
test/navigation/parse_route_test.dart:137:11: Error: Method not found: 'GetPage'.
          GetPage(page: () => Container(), name: '/third'),
          ^^^^^^^
test/navigation/parse_route_test.dart:138:11: Error: Method not found: 'GetPage'.
          GetPage(page: () => Container(), name: '/last/:id/:name/profile'),
          ^^^^^^^
test/navigation/parse_route_test.dart:139:11: Error: Method not found: 'GetPage'.
          GetPage(page: () => Container(), name: '/first/second/:token')
          ^^^^^^^
test/navigation/parse_route_test.dart:132:31: Error: Method not found: 'GetMaterialApp'.
      await tester.pumpWidget(GetMaterialApp(
                              ^^^^^^^^^^^^^^
test/navigation/parse_route_test.dart:143:14: Error: Undefined name 'Get'.
      expect(Get.parameters['name'], 'juan');
             ^^^
test/navigation/parse_route_test.dart:145:7: Error: Undefined name 'Get'.
      Get.toNamed('/second/1234');
      ^^^
test/navigation/parse_route_test.dart:149:14: Error: Undefined name 'Get'.
      expect(Get.parameters['id'], '1234');
             ^^^
test/navigation/parse_route_test.dart:151:7: Error: Undefined name 'Get'.
      Get.toNamed('/third?name=jonny&job=dev');
      ^^^
test/navigation/parse_route_test.dart:155:14: Error: Undefined name 'Get'.
      expect(Get.parameters['name'], 'jonny');
             ^^^
test/navigation/parse_route_test.dart:156:14: Error: Undefined name 'Get'.
      expect(Get.parameters['job'], 'dev');
             ^^^
test/navigation/parse_route_test.dart:158:7: Error: Undefined name 'Get'.
      Get.toNamed('/last/1234/ana/profile');
      ^^^
test/navigation/parse_route_test.dart:162:14: Error: Undefined name 'Get'.
      expect(Get.parameters['id'], '1234');
             ^^^
test/navigation/parse_route_test.dart:163:14: Error: Undefined name 'Get'.
      expect(Get.parameters['name'], 'ana');
             ^^^
test/navigation/parse_route_test.dart:165:7: Error: Undefined name 'Get'.
      Get.toNamed('/last/1234/ana/profile?job=dev');
      ^^^
test/navigation/parse_route_test.dart:169:14: Error: Undefined name 'Get'.
      expect(Get.parameters['id'], '1234');
             ^^^
test/navigation/parse_route_test.dart:170:14: Error: Undefined name 'Get'.
      expect(Get.parameters['name'], 'ana');
             ^^^
test/navigation/parse_route_test.dart:171:14: Error: Undefined name 'Get'.
      expect(Get.parameters['job'], 'dev');
             ^^^
test/navigation/parse_route_test.dart:173:7: Error: Undefined name 'Get'.
      Get.toNamed(
      ^^^
test/navigation/parse_route_test.dart:177:14: Error: Undefined name 'Get'.
      expect(Get.parameters['token'], 'fa9662f4-ec3f-11ee-a806-169a3915b383');
             ^^^
test/navigation/parse_route_test.dart:187:11: Error: Method not found: 'GetPage'.
          GetPage(page: () => Container(), name: '/first/:name'),
          ^^^^^^^
test/navigation/parse_route_test.dart:188:11: Error: Method not found: 'GetPage'.
          GetPage(page: () => Container(), name: '/italy'),
          ^^^^^^^
test/navigation/parse_route_test.dart:184:31: Error: Method not found: 'GetMaterialApp'.
      await tester.pumpWidget(GetMaterialApp(
                              ^^^^^^^^^^^^^^
test/navigation/parse_route_test.dart:199:7: Error: Undefined name 'Get'.
      Get.toNamed("/italy", parameters: parameters);
      ^^^
test/navigation/parse_route_test.dart:202:14: Error: Undefined name 'Get'.
      expect(Get.parameters['varginias'], 'varginia');
             ^^^
test/navigation/parse_route_test.dart:203:14: Error: Undefined name 'Get'.
      expect(Get.parameters['vinis'], 'viniiss');
             ^^^
test/navigation/parse_route_test.dart:204:14: Error: Undefined name 'Get'.
      expect(Get.parameters['a'], 'b');
             ^^^
test/navigation/parse_route_test.dart:205:14: Error: Undefined name 'Get'.
      expect(Get.parameters['c'], 'd');
             ^^^
00:07 +0 -2: loading /Users/alamre/dev/2030/jetx/test/navigation/parse_route_test.dart [E]                                                                                                             
  Failed to load "/Users/alamre/dev/2030/jetx/test/navigation/parse_route_test.dart":
  Compilation failed for testPath=/Users/alamre/dev/2030/jetx/test/navigation/parse_route_test.dart: test/navigation/parse_route_test.dart:3:8: Error: Error when reading 'lib/get.dart': No such file or directory
  import 'package:jet/get.dart';
         ^
  test/navigation/parse_route_test.dart:15:23: Error: Undefined name 'Transition'.
            transition: Transition.rightToLeftWithFade,
                        ^^^^^^^^^^
  test/navigation/parse_route_test.dart:19:27: Error: Undefined name 'Transition'.
                transition: Transition.size,
                            ^^^^^^^^^^
  test/navigation/parse_route_test.dart:17:13: Error: Method not found: 'GetPage'.
              GetPage(
              ^^^^^^^
  test/navigation/parse_route_test.dart:24:27: Error: Undefined name 'Transition'.
                transition: Transition.topLevel,
                            ^^^^^^^^^^
  test/navigation/parse_route_test.dart:22:13: Error: Method not found: 'GetPage'.
              GetPage(
              ^^^^^^^
  test/navigation/parse_route_test.dart:12:9: Error: Method not found: 'GetPage'.
          GetPage(
          ^^^^^^^
  test/navigation/parse_route_test.dart:31:23: Error: Undefined name 'Transition'.
            transition: Transition.upToDown,
                        ^^^^^^^^^^
  test/navigation/parse_route_test.dart:36:27: Error: Undefined name 'Transition'.
                transition: Transition.zoom,
                            ^^^^^^^^^^
  test/navigation/parse_route_test.dart:41:31: Error: Undefined name 'Transition'.
                    transition: Transition.cupertino,
                                ^^^^^^^^^^
  test/navigation/parse_route_test.dart:39:17: Error: Method not found: 'GetPage'.
                  GetPage(
                  ^^^^^^^
  test/navigation/parse_route_test.dart:48:31: Error: Undefined name 'Transition'.
                    transition: Transition.downToUp,
                                ^^^^^^^^^^
  test/navigation/parse_route_test.dart:45:17: Error: Method not found: 'GetPage'.
                  GetPage(
                  ^^^^^^^
  test/navigation/parse_route_test.dart:34:13: Error: Method not found: 'GetPage'.
              GetPage(
              ^^^^^^^
  test/navigation/parse_route_test.dart:54:27: Error: Undefined name 'Transition'.
                transition: Transition.fade,
                            ^^^^^^^^^^
  test/navigation/parse_route_test.dart:52:13: Error: Method not found: 'GetPage'.
              GetPage(
              ^^^^^^^
  test/navigation/parse_route_test.dart:29:9: Error: Method not found: 'GetPage'.
          GetPage(
          ^^^^^^^
  test/navigation/parse_route_test.dart:8:22: Error: Method not found: 'GetPage'.
      final pageTree = GetPage(
                       ^^^^^^^
  test/navigation/parse_route_test.dart:62:42: Error: 'GetPage' isn't a type.
      final tree = ParseRouteTree(routes: <GetPage>[]);
                                           ^^^^^^^
  test/navigation/parse_route_test.dart:62:18: Error: Method not found: 'ParseRouteTree'.
      final tree = ParseRouteTree(routes: <GetPage>[]);
                   ^^^^^^^^^^^^^^
  test/navigation/parse_route_test.dart:82:23: Error: Undefined name 'Transition'.
            transition: Transition.cupertino),
                        ^^^^^^^^^^
  test/navigation/parse_route_test.dart:79:7: Error: Method not found: 'GetPage'.
        GetPage(
        ^^^^^^^
  test/navigation/parse_route_test.dart:86:23: Error: Undefined name 'Transition'.
            transition: Transition.downToUp),
                        ^^^^^^^^^^
  test/navigation/parse_route_test.dart:83:7: Error: Method not found: 'GetPage'.
        GetPage(
        ^^^^^^^
  test/navigation/parse_route_test.dart:90:23: Error: Undefined name 'Transition'.
            transition: Transition.fade),
                        ^^^^^^^^^^
  test/navigation/parse_route_test.dart:87:7: Error: Method not found: 'GetPage'.
        GetPage(
        ^^^^^^^
  test/navigation/parse_route_test.dart:94:23: Error: Undefined name 'Transition'.
            transition: Transition.fadeIn),
                        ^^^^^^^^^^
  test/navigation/parse_route_test.dart:91:7: Error: Method not found: 'GetPage'.
        GetPage(
        ^^^^^^^
  test/navigation/parse_route_test.dart:98:23: Error: Undefined name 'Transition'.
            transition: Transition.leftToRight),
                        ^^^^^^^^^^
  test/navigation/parse_route_test.dart:95:7: Error: Method not found: 'GetPage'.
        GetPage(
        ^^^^^^^
  test/navigation/parse_route_test.dart:102:23: Error: Undefined name 'Transition'.
            transition: Transition.leftToRightWithFade),
                        ^^^^^^^^^^
  test/navigation/parse_route_test.dart:99:7: Error: Method not found: 'GetPage'.
        GetPage(
        ^^^^^^^
  test/navigation/parse_route_test.dart:106:23: Error: Undefined name 'Transition'.
            transition: Transition.native),
                        ^^^^^^^^^^
  test/navigation/parse_route_test.dart:103:7: Error: Method not found: 'GetPage'.
        GetPage(
        ^^^^^^^
  test/navigation/parse_route_test.dart:110:23: Error: Undefined name 'Transition'.
            transition: Transition.noTransition),
                        ^^^^^^^^^^
  test/navigation/parse_route_test.dart:107:7: Error: Method not found: 'GetPage'.
        GetPage(
        ^^^^^^^
  test/navigation/parse_route_test.dart:114:23: Error: Undefined name 'Transition'.
            transition: Transition.rightToLeft),
                        ^^^^^^^^^^
  test/navigation/parse_route_test.dart:111:7: Error: Method not found: 'GetPage'.
        GetPage(
        ^^^^^^^
  test/navigation/parse_route_test.dart:117:18: Error: Method not found: 'ParseRouteTree'.
      final tree = ParseRouteTree(routes: pageTree);
                   ^^^^^^^^^^^^^^
  test/navigation/parse_route_test.dart:135:11: Error: Method not found: 'GetPage'.
            GetPage(page: () => Container(), name: '/first/:name'),
            ^^^^^^^
  test/navigation/parse_route_test.dart:136:11: Error: Method not found: 'GetPage'.
            GetPage(page: () => Container(), name: '/second/:id'),
            ^^^^^^^
  test/navigation/parse_route_test.dart:137:11: Error: Method not found: 'GetPage'.
            GetPage(page: () => Container(), name: '/third'),
            ^^^^^^^
  test/navigation/parse_route_test.dart:138:11: Error: Method not found: 'GetPage'.
            GetPage(page: () => Container(), name: '/last/:id/:name/profile'),
            ^^^^^^^
  test/navigation/parse_route_test.dart:139:11: Error: Method not found: 'GetPage'.
            GetPage(page: () => Container(), name: '/first/second/:token')
            ^^^^^^^
  test/navigation/parse_route_test.dart:132:31: Error: Method not found: 'GetMaterialApp'.
        await tester.pumpWidget(GetMaterialApp(
                                ^^^^^^^^^^^^^^
  test/navigation/parse_route_test.dart:143:14: Error: Undefined name 'Get'.
        expect(Get.parameters['name'], 'juan');
               ^^^
  test/navigation/parse_route_test.dart:145:7: Error: Undefined name 'Get'.
        Get.toNamed('/second/1234');
        ^^^
  test/navigation/parse_route_test.dart:149:14: Error: Undefined name 'Get'.
        expect(Get.parameters['id'], '1234');
               ^^^
  test/navigation/parse_route_test.dart:151:7: Error: Undefined name 'Get'.
        Get.toNamed('/third?name=jonny&job=dev');
        ^^^
  test/navigation/parse_route_test.dart:155:14: Error: Undefined name 'Get'.
        expect(Get.parameters['name'], 'jonny');
               ^^^
  test/navigation/parse_route_test.dart:156:14: Error: Undefined name 'Get'.
        expect(Get.parameters['job'], 'dev');
               ^^^
  test/navigation/parse_route_test.dart:158:7: Error: Undefined name 'Get'.
        Get.toNamed('/last/1234/ana/profile');
        ^^^
  test/navigation/parse_route_test.dart:162:14: Error: Undefined name 'Get'.
        expect(Get.parameters['id'], '1234');
               ^^^
  test/navigation/parse_route_test.dart:163:14: Error: Undefined name 'Get'.
        expect(Get.parameters['name'], 'ana');
               ^^^
  test/navigation/parse_route_test.dart:165:7: Error: Undefined name 'Get'.
        Get.toNamed('/last/1234/ana/profile?job=dev');
        ^^^
  test/navigation/parse_route_test.dart:169:14: Error: Undefined name 'Get'.
        expect(Get.parameters['id'], '1234');
               ^^^
  test/navigation/parse_route_test.dart:170:14: Error: Undefined name 'Get'.
        expect(Get.parameters['name'], 'ana');
               ^^^
  test/navigation/parse_route_test.dart:171:14: Error: Undefined name 'Get'.
        expect(Get.parameters['job'], 'dev');
               ^^^
  test/navigation/parse_route_test.dart:173:7: Error: Undefined name 'Get'.
        Get.toNamed(
        ^^^
  test/navigation/parse_route_test.dart:177:14: Error: Undefined name 'Get'.
        expect(Get.parameters['token'], 'fa9662f4-ec3f-11ee-a806-169a3915b383');
               ^^^
  test/navigation/parse_route_test.dart:187:11: Error: Method not found: 'GetPage'.
            GetPage(page: () => Container(), name: '/first/:name'),
            ^^^^^^^
  test/navigation/parse_route_test.dart:188:11: Error: Method not found: 'GetPage'.
            GetPage(page: () => Container(), name: '/italy'),
            ^^^^^^^
  test/navigation/parse_route_test.dart:184:31: Error: Method not found: 'GetMaterialApp'.
        await tester.pumpWidget(GetMaterialApp(
                                ^^^^^^^^^^^^^^
  test/navigation/parse_route_test.dart:199:7: Error: Undefined name 'Get'.
        Get.toNamed("/italy", parameters: parameters);
        ^^^
  test/navigation/parse_route_test.dart:202:14: Error: Undefined name 'Get'.
        expect(Get.parameters['varginias'], 'varginia');
               ^^^
  test/navigation/parse_route_test.dart:203:14: Error: Undefined name 'Get'.
        expect(Get.parameters['vinis'], 'viniiss');
               ^^^
  test/navigation/parse_route_test.dart:204:14: Error: Undefined name 'Get'.
        expect(Get.parameters['a'], 'b');
               ^^^
  test/navigation/parse_route_test.dart:205:14: Error: Undefined name 'Get'.
        expect(Get.parameters['c'], 'd');
               ^^^
  .

To run this test again: /Users/alamre/development/flutter/bin/cache/dart-sdk/bin/dart test /Users/alamre/dev/2030/jetx/test/navigation/parse_route_test.dart -p vm --plain-name 'loading /Users/alamre/dev/2030/jetx/test/navigation/parse_route_test.dart'
00:07 +0 -2: loading /Users/alamre/dev/2030/jetx/test/internationalization/internationalization_test.dart [E]                                                                                          
  Error: The Dart compiler exited unexpectedly.
  package:flutter_tools/src/base/common.dart 34:3  throwToolExit
  package:flutter_tools/src/compile.dart 910:11    DefaultResidentCompiler._compile.<fn>
  dart:async/zone.dart 1538:47                     _rootRunUnary
  dart:async/zone.dart 1429:19                     _CustomZone.runUnary
  dart:async/future_impl.dart 948:45               Future._propagateToListeners.handleValueCallback
  dart:async/future_impl.dart 977:13               Future._propagateToListeners
  dart:async/future_impl.dart 862:9                Future._propagateToListeners
  dart:async/future_impl.dart 720:5                Future._completeWithValue
  dart:async/future_impl.dart 804:7                Future._asyncCompleteWithValue.<fn>
  dart:async/zone.dart 1525:13                     _rootRun
  dart:async/zone.dart 1422:19                     _CustomZone.run
  dart:async/zone.dart 1321:7                      _CustomZone.runGuarded
  dart:async/zone.dart 1362:23                     _CustomZone.bindCallbackGuarded.<fn>
  dart:async/schedule_microtask.dart 40:35         _microtaskLoop
  dart:async/schedule_microtask.dart 49:5          _startMicrotaskLoop
  dart:isolate-patch/isolate_patch.dart 127:13     _runPendingImmediateCallback
  dart:isolate-patch/isolate_patch.dart 194:5      _RawReceivePort._handleMessage
  
00:07 +0 -2: loading /Users/alamre/dev/2030/jetx/test/navigation/routes_test.dart                                                                                                                      00:08 +0 -2: loading /Users/alamre/dev/2030/jetx/test/navigation/routes_test.dart                                                                                                                      test/navigation/middleware_test.dart:2:8: Error: Error when reading 'lib/get.dart': No such file or directory
import 'package:jet/get.dart';
       ^
test/navigation/get_main_test.dart:3:8: Error: Error when reading 'lib/get.dart': No such file or directory
import 'package:jet/get.dart';
       ^
test/navigation/utils/wrapper.dart:2:8: Error: Error when reading 'lib/get.dart': No such file or directory
import 'package:jet/get.dart';
       ^
test/navigation/middleware_test.dart:6:34: Error: Type 'GetMiddleware' not found.
class RedirectMiddleware extends GetMiddleware {
                                 ^^^^^^^^^^^^^
test/navigation/middleware_test.dart:8:10: Error: Type 'RouteDecoder' not found.
  Future<RouteDecoder?> redirectDelegate(RouteDecoder route) async {
         ^^^^^^^^^^^^
test/navigation/middleware_test.dart:8:42: Error: Type 'RouteDecoder' not found.
  Future<RouteDecoder?> redirectDelegate(RouteDecoder route) async {
                                         ^^^^^^^^^^^^
test/navigation/middleware_test.dart:13:35: Error: Type 'GetMiddleware' not found.
class Redirect2Middleware extends GetMiddleware {
                                  ^^^^^^^^^^^^^
test/navigation/middleware_test.dart:15:10: Error: Type 'RouteDecoder' not found.
  Future<RouteDecoder?> redirectDelegate(RouteDecoder route) async {
         ^^^^^^^^^^^^
test/navigation/middleware_test.dart:15:42: Error: Type 'RouteDecoder' not found.
  Future<RouteDecoder?> redirectDelegate(RouteDecoder route) async {
                                         ^^^^^^^^^^^^
test/navigation/middleware_test.dart:20:38: Error: Type 'GetMiddleware' not found.
class RedirectMiddlewareNull extends GetMiddleware {
                                     ^^^^^^^^^^^^^
test/navigation/middleware_test.dart:22:10: Error: Type 'RouteDecoder' not found.
  Future<RouteDecoder?> redirectDelegate(RouteDecoder route) async {
         ^^^^^^^^^^^^
test/navigation/middleware_test.dart:22:42: Error: Type 'RouteDecoder' not found.
  Future<RouteDecoder?> redirectDelegate(RouteDecoder route) async {
                                         ^^^^^^^^^^^^
test/navigation/middleware_test.dart:27:40: Error: Type 'GetMiddleware' not found.
class RedirectBypassMiddleware extends GetMiddleware {
                                       ^^^^^^^^^^^^^
test/navigation/middleware_test.dart:29:10: Error: Type 'RouteDecoder' not found.
  Future<RouteDecoder?> redirectDelegate(RouteDecoder route) async {
         ^^^^^^^^^^^^
test/navigation/middleware_test.dart:29:42: Error: Type 'RouteDecoder' not found.
  Future<RouteDecoder?> redirectDelegate(RouteDecoder route) async {
                                         ^^^^^^^^^^^^
test/navigation/utils/wrapper.dart:6:14: Error: Type 'GetPage' not found.
  final List<GetPage>? namedRoutes;
             ^^^^^^^
test/navigation/utils/wrapper.dart:8:9: Error: Type 'Transition' not found.
  final Transition? defaultTransition;
        ^^^^^^^^^^
test/navigation/utils/wrapper.dart:37:14: Error: Type 'GetPage' not found.
  final List<GetPage>? namedRoutes;
             ^^^^^^^
test/navigation/utils/wrapper.dart:39:9: Error: Type 'Transition' not found.
  final Transition? defaultTransition;
        ^^^^^^^^^^
test/navigation/utils/wrapper.dart:59:35: Error: Type 'Translations' not found.
class WrapperTranslations extends Translations {
                                  ^^^^^^^^^^^^
test/navigation/middleware_test.dart:8:42: Error: 'RouteDecoder' isn't a type.
  Future<RouteDecoder?> redirectDelegate(RouteDecoder route) async {
                                         ^^^^^^^^^^^^
test/navigation/middleware_test.dart:9:12: Error: The getter 'RouteDecoder' isn't defined for the type 'RedirectMiddleware'.
 - 'RedirectMiddleware' is from 'test/navigation/middleware_test.dart'.
Try correcting the name to the name of an existing getter, or defining a getter or field named 'RouteDecoder'.
    return RouteDecoder.fromRoute('/second');
           ^^^^^^^^^^^^
test/navigation/middleware_test.dart:15:42: Error: 'RouteDecoder' isn't a type.
  Future<RouteDecoder?> redirectDelegate(RouteDecoder route) async {
                                         ^^^^^^^^^^^^
test/navigation/middleware_test.dart:16:12: Error: The getter 'RouteDecoder' isn't defined for the type 'Redirect2Middleware'.
 - 'Redirect2Middleware' is from 'test/navigation/middleware_test.dart'.
Try correcting the name to the name of an existing getter, or defining a getter or field named 'RouteDecoder'.
    return RouteDecoder.fromRoute('/first');
           ^^^^^^^^^^^^
test/navigation/middleware_test.dart:22:42: Error: 'RouteDecoder' isn't a type.
  Future<RouteDecoder?> redirectDelegate(RouteDecoder route) async {
                                         ^^^^^^^^^^^^
test/navigation/middleware_test.dart:29:42: Error: 'RouteDecoder' isn't a type.
  Future<RouteDecoder?> redirectDelegate(RouteDecoder route) async {
                                         ^^^^^^^^^^^^
test/navigation/middleware_test.dart:36:5: Error: Undefined name 'Get'.
    Get.reset();
    ^^^
test/navigation/middleware_test.dart:45:11: Error: Method not found: 'GetPage'.
          GetPage(name: '/', page: () => const Home()),
          ^^^^^^^
test/navigation/middleware_test.dart:46:11: Error: Method not found: 'GetPage'.
          GetPage(
          ^^^^^^^
test/navigation/middleware_test.dart:51:11: Error: Method not found: 'GetPage'.
          GetPage(name: '/second', page: () => const SecondScreen()),
          ^^^^^^^
test/navigation/middleware_test.dart:52:11: Error: Method not found: 'GetPage'.
          GetPage(name: '/third', page: () => const ThirdScreen()),
          ^^^^^^^
test/navigation/middleware_test.dart:42:7: Error: Method not found: 'GetMaterialApp'.
      GetMaterialApp(
      ^^^^^^^^^^^^^^
test/navigation/middleware_test.dart:58:5: Error: Undefined name 'Get'.
    Get.toNamed('/first');
    ^^^
test/navigation/middleware_test.dart:64:12: Error: Undefined name 'Get'.
    expect(Get.currentRoute, '/second');
           ^^^
test/navigation/middleware_test.dart:73:11: Error: Method not found: 'GetPage'.
          GetPage(name: '/', page: () => const Home()),
          ^^^^^^^
test/navigation/middleware_test.dart:74:11: Error: Method not found: 'GetPage'.
          GetPage(
          ^^^^^^^
test/navigation/middleware_test.dart:79:11: Error: Method not found: 'GetPage'.
          GetPage(name: '/second', page: () => const SecondScreen()),
          ^^^^^^^
test/navigation/middleware_test.dart:80:11: Error: Method not found: 'GetPage'.
          GetPage(name: '/third', page: () => const ThirdScreen()),
          ^^^^^^^
test/navigation/middleware_test.dart:70:7: Error: Method not found: 'GetMaterialApp'.
      GetMaterialApp(
      ^^^^^^^^^^^^^^
test/navigation/middleware_test.dart:87:5: Error: Undefined name 'Get'.
    Get.toNamed('/first');
    ^^^
test/navigation/middleware_test.dart:93:12: Error: Undefined name 'Get'.
    expect(Get.currentRoute, '/');
           ^^^
test/navigation/middleware_test.dart:102:11: Error: Method not found: 'GetPage'.
          GetPage(name: '/', page: () => const Home()),
          ^^^^^^^
test/navigation/middleware_test.dart:103:11: Error: Method not found: 'GetPage'.
          GetPage(
          ^^^^^^^
test/navigation/middleware_test.dart:108:11: Error: Method not found: 'GetPage'.
          GetPage(name: '/second', page: () => const SecondScreen()),
          ^^^^^^^
test/navigation/middleware_test.dart:109:11: Error: Method not found: 'GetPage'.
          GetPage(name: '/third', page: () => const ThirdScreen()),
          ^^^^^^^
test/navigation/middleware_test.dart:99:7: Error: Method not found: 'GetMaterialApp'.
      GetMaterialApp(
      ^^^^^^^^^^^^^^
test/navigation/middleware_test.dart:116:5: Error: Undefined name 'Get'.
    Get.toNamed('/first');
    ^^^
test/navigation/middleware_test.dart:123:12: Error: Undefined name 'Get'.
    expect(Get.currentRoute, '/first');
           ^^^
test/navigation/middleware_test.dart:132:11: Error: Method not found: 'GetPage'.
          GetPage(name: '/', page: () => const Home()),
          ^^^^^^^
test/navigation/middleware_test.dart:133:11: Error: Method not found: 'GetPage'.
          GetPage(
          ^^^^^^^
test/navigation/middleware_test.dart:138:11: Error: Method not found: 'GetPage'.
          GetPage(name: '/second', page: () => const SecondScreen()),
          ^^^^^^^
test/navigation/middleware_test.dart:139:11: Error: Method not found: 'GetPage'.
          GetPage(name: '/third', page: () => const ThirdScreen()),
          ^^^^^^^
test/navigation/middleware_test.dart:140:11: Error: Method not found: 'GetPage'.
          GetPage(
          ^^^^^^^
test/navigation/middleware_test.dart:129:7: Error: Method not found: 'GetMaterialApp'.
      GetMaterialApp(
      ^^^^^^^^^^^^^^
test/navigation/middleware_test.dart:150:5: Error: Undefined name 'Get'.
    Get.toNamed('/fourth');
    ^^^
test/navigation/middleware_test.dart:156:12: Error: Undefined name 'Get'.
    expect(Get.currentRoute, '/second');
           ^^^
test/navigation/middleware_test.dart:166:11: Error: Method not found: 'GetPage'.
          GetPage(name: '/', page: () => const Home()),
          ^^^^^^^
test/navigation/middleware_test.dart:167:11: Error: Method not found: 'GetPage'.
          GetPage(
          ^^^^^^^
test/navigation/middleware_test.dart:172:11: Error: Method not found: 'GetPage'.
          GetPage(name: '/second', page: () => const SecondScreen()),
          ^^^^^^^
test/navigation/middleware_test.dart:163:7: Error: Method not found: 'GetMaterialApp'.
      GetMaterialApp(
      ^^^^^^^^^^^^^^
test/navigation/middleware_test.dart:178:5: Error: Undefined name 'Get'.
    Get.toNamed('/first');
    ^^^
test/navigation/middleware_test.dart:182:12: Error: Undefined name 'Get'.
    expect(Get.currentRoute, '/second');
           ^^^
test/navigation/middleware_test.dart:183:12: Error: Undefined name 'Get'.
    expect(Get.previousRoute, '/');
           ^^^
test/navigation/middleware_test.dart:186:5: Error: Undefined name 'Get'.
    Get.back();
    ^^^
test/navigation/middleware_test.dart:191:12: Error: Undefined name 'Get'.
    expect(Get.currentRoute, '/');
           ^^^
test/navigation/get_main_test.dart:11:5: Error: Undefined name 'Get'.
    Get.to(() => const FirstScreen());
    ^^^
test/navigation/get_main_test.dart:22:9: Error: Method not found: 'GetPage'.
        GetPage(page: () => const FirstScreen(), name: '/first'),
        ^^^^^^^
test/navigation/get_main_test.dart:23:9: Error: Method not found: 'GetPage'.
        GetPage(page: () => const SecondScreen(), name: '/second'),
        ^^^^^^^
test/navigation/get_main_test.dart:24:9: Error: Method not found: 'GetPage'.
        GetPage(page: () => const ThirdScreen(), name: '/third')
        ^^^^^^^
test/navigation/get_main_test.dart:19:29: Error: Method not found: 'GetMaterialApp'.
    await tester.pumpWidget(GetMaterialApp(
                            ^^^^^^^^^^^^^^
test/navigation/get_main_test.dart:28:5: Error: Undefined name 'Get'.
    Get.toNamed('/second');
    ^^^
test/navigation/get_main_test.dart:38:21: Error: Method not found: 'GetPage'.
      unknownRoute: GetPage(name: '/404', page: () => const Scaffold()),
                    ^^^^^^^
test/navigation/get_main_test.dart:40:9: Error: Method not found: 'GetPage'.
        GetPage(page: () => const FirstScreen(), name: '/first'),
        ^^^^^^^
test/navigation/get_main_test.dart:41:9: Error: Method not found: 'GetPage'.
        GetPage(page: () => const SecondScreen(), name: '/second'),
        ^^^^^^^
test/navigation/get_main_test.dart:42:9: Error: Method not found: 'GetPage'.
        GetPage(page: () => const ThirdScreen(), name: '/third')
        ^^^^^^^
test/navigation/get_main_test.dart:36:29: Error: Method not found: 'GetMaterialApp'.
    await tester.pumpWidget(GetMaterialApp(
                            ^^^^^^^^^^^^^^
test/navigation/get_main_test.dart:46:5: Error: Undefined name 'Get'.
    Get.toNamed('/secondd');
    ^^^
test/navigation/get_main_test.dart:50:12: Error: Undefined name 'Get'.
    expect(Get.rootController.rootDelegate.currentConfiguration?.route?.name,
           ^^^
test/navigation/get_main_test.dart:58:5: Error: Undefined name 'Get'.
    Get.off(() => const SecondScreen());
    ^^^
test/navigation/get_main_test.dart:69:5: Error: Undefined name 'Get'.
    Get.off(() => const SecondScreen());
    ^^^
test/navigation/get_main_test.dart:70:5: Error: Undefined name 'Get'.
    Get.back();
    ^^^
test/navigation/get_main_test.dart:81:9: Error: Method not found: 'GetPage'.
        GetPage(name: '/first', page: () => const FirstScreen()),
        ^^^^^^^
test/navigation/get_main_test.dart:82:9: Error: Method not found: 'GetPage'.
        GetPage(name: '/second', page: () => const SecondScreen()),
        ^^^^^^^
test/navigation/get_main_test.dart:83:9: Error: Method not found: 'GetPage'.
        GetPage(name: '/third', page: () => const ThirdScreen()),
        ^^^^^^^
test/navigation/get_main_test.dart:78:29: Error: Method not found: 'GetMaterialApp'.
    await tester.pumpWidget(GetMaterialApp(
                            ^^^^^^^^^^^^^^
test/navigation/get_main_test.dart:89:5: Error: Undefined name 'Get'.
    Get.offNamed('/second');
    ^^^
test/navigation/get_main_test.dart:100:9: Error: Method not found: 'GetPage'.
        GetPage(name: '/first', page: () => const FirstScreen()),
        ^^^^^^^
test/navigation/get_main_test.dart:101:9: Error: Method not found: 'GetPage'.
        GetPage(name: '/second', page: () => const SecondScreen()),
        ^^^^^^^
test/navigation/get_main_test.dart:102:9: Error: Method not found: 'GetPage'.
        GetPage(name: '/third', page: () => const ThirdScreen()),
        ^^^^^^^
test/navigation/get_main_test.dart:97:29: Error: Method not found: 'GetMaterialApp'.
    await tester.pumpWidget(GetMaterialApp(
                            ^^^^^^^^^^^^^^
test/navigation/get_main_test.dart:108:5: Error: Undefined name 'Get'.
    Get.offNamed('/second');
    ^^^
test/navigation/get_main_test.dart:110:5: Error: Undefined name 'Get'.
    Get.back();
    ^^^
test/navigation/get_main_test.dart:121:9: Error: Method not found: 'GetPage'.
        GetPage(name: '/first', page: () => const FirstScreen()),
        ^^^^^^^
test/navigation/get_main_test.dart:122:9: Error: Method not found: 'GetPage'.
        GetPage(name: '/second', page: () => const SecondScreen()),
        ^^^^^^^
test/navigation/get_main_test.dart:123:9: Error: Method not found: 'GetPage'.
        GetPage(name: '/third', page: () => const ThirdScreen()),
        ^^^^^^^
test/navigation/get_main_test.dart:118:29: Error: Method not found: 'GetMaterialApp'.
    await tester.pumpWidget(GetMaterialApp(
                            ^^^^^^^^^^^^^^
test/navigation/get_main_test.dart:129:5: Error: Undefined name 'Get'.
    Get.toNamed('/second');
    ^^^
test/navigation/get_main_test.dart:131:5: Error: Undefined name 'Get'.
    Get.offNamed('/third');
    ^^^
test/navigation/get_main_test.dart:133:5: Error: Undefined name 'Get'.
    Get.back();
    ^^^
test/navigation/get_main_test.dart:144:5: Error: Undefined name 'Get'.
    Get.offAll(() => const SecondScreen());
    ^^^
test/navigation/get_main_test.dart:155:5: Error: Undefined name 'Get'.
    Get.to(() => const SecondScreen());
    ^^^
test/navigation/get_main_test.dart:157:5: Error: Undefined name 'Get'.
    Get.offAll(() => const ThirdScreen());
    ^^^
test/navigation/get_main_test.dart:159:5: Error: Undefined name 'Get'.
    Get.back();
    ^^^
test/navigation/get_main_test.dart:164:5: Error: Undefined name 'Get'.
    Get.back();
    ^^^
test/navigation/get_main_test.dart:176:9: Error: Method not found: 'GetPage'.
        GetPage(page: () => const FirstScreen(), name: '/first'),
        ^^^^^^^
test/navigation/get_main_test.dart:177:9: Error: Method not found: 'GetPage'.
        GetPage(page: () => const SecondScreen(), name: '/second'),
        ^^^^^^^
test/navigation/get_main_test.dart:178:9: Error: Method not found: 'GetPage'.
        GetPage(page: () => const ThirdScreen(), name: '/third')
        ^^^^^^^
test/navigation/get_main_test.dart:184:5: Error: Undefined name 'Get'.
    Get.toNamed('/second');
    ^^^
test/navigation/get_main_test.dart:195:9: Error: Method not found: 'GetPage'.
        GetPage(page: () => const FirstScreen(), name: '/first'),
        ^^^^^^^
test/navigation/get_main_test.dart:196:9: Error: Method not found: 'GetPage'.
        GetPage(page: () => const SecondScreen(), name: '/second'),
        ^^^^^^^
test/navigation/get_main_test.dart:197:9: Error: Method not found: 'GetPage'.
        GetPage(page: () => const ThirdScreen(), name: '/third')
        ^^^^^^^
test/navigation/get_main_test.dart:203:5: Error: Undefined name 'Get'.
    Get.toNamed('/second');
    ^^^
test/navigation/get_main_test.dart:205:5: Error: Undefined name 'Get'.
    Get.offAllNamed('/third');
    ^^^
test/navigation/get_main_test.dart:207:5: Error: Undefined name 'Get'.
    Get.back();
    ^^^
test/navigation/get_main_test.dart:212:5: Error: Undefined name 'Get'.
    Get.back();
    ^^^
test/navigation/get_main_test.dart:223:9: Error: Method not found: 'GetPage'.
        GetPage(page: () => const FirstScreen(), name: '/first'),
        ^^^^^^^
test/navigation/get_main_test.dart:224:9: Error: Method not found: 'GetPage'.
        GetPage(page: () => const SecondScreen(), name: '/second'),
        ^^^^^^^
test/navigation/get_main_test.dart:225:9: Error: Method not found: 'GetPage'.
        GetPage(page: () => const ThirdScreen(), name: '/third')
        ^^^^^^^
test/navigation/get_main_test.dart:229:5: Error: Undefined name 'Get'.
    Get.offAndToNamed('/second');
    ^^^
test/navigation/get_main_test.dart:240:9: Error: Method not found: 'GetPage'.
        GetPage(page: () => const FirstScreen(), name: '/first'),
        ^^^^^^^
test/navigation/get_main_test.dart:241:9: Error: Method not found: 'GetPage'.
        GetPage(page: () => const SecondScreen(), name: '/second'),
        ^^^^^^^
test/navigation/get_main_test.dart:242:9: Error: Method not found: 'GetPage'.
        GetPage(page: () => const ThirdScreen(), name: '/third')
        ^^^^^^^
test/navigation/get_main_test.dart:246:5: Error: Undefined name 'Get'.
    Get.offAndToNamed('/second');
    ^^^
test/navigation/get_main_test.dart:249:5: Error: Undefined name 'Get'.
    Get.back();
    ^^^
test/navigation/get_main_test.dart:259:5: Error: Undefined name 'Get'.
    Get.to(() => const FirstScreen());
    ^^^
test/navigation/get_main_test.dart:263:5: Error: Undefined name 'Get'.
    Get.offUntil(
    ^^^
test/navigation/get_main_test.dart:276:9: Error: Method not found: 'GetPage'.
        GetPage(page: () => const FirstScreen(), name: '/first'),
        ^^^^^^^
test/navigation/get_main_test.dart:277:9: Error: Method not found: 'GetPage'.
        GetPage(page: () => const SecondScreen(), name: '/second'),
        ^^^^^^^
test/navigation/get_main_test.dart:278:9: Error: Method not found: 'GetPage'.
        GetPage(page: () => const ThirdScreen(), name: '/third')
        ^^^^^^^
test/navigation/get_main_test.dart:282:5: Error: Undefined name 'Get'.
    Get.toNamed('/second');
    ^^^
test/navigation/get_main_test.dart:285:5: Error: Undefined name 'Get'.
    Get.toNamed('/third');
    ^^^
test/navigation/get_main_test.dart:288:5: Error: Undefined name 'Get'.
    Get.until((route) => route.name == '/first');
    ^^^
test/navigation/get_main_test.dart:302:5: Error: Undefined name 'Get'.
    Get.to(() => const FirstScreen());
    ^^^
test/navigation/get_main_test.dart:304:5: Error: Undefined name 'Get'.
    Get.to(() => const SecondScreen());
    ^^^
test/navigation/get_main_test.dart:306:5: Error: Undefined name 'Get'.
    Get.offUntil(
    ^^^
test/navigation/get_main_test.dart:309:5: Error: Undefined name 'Get'.
    Get.back();
    ^^^
test/navigation/get_main_test.dart:321:5: Error: Undefined name 'Get'.
    Get.to(() => const FirstScreen());
    ^^^
test/navigation/get_main_test.dart:323:5: Error: Undefined name 'Get'.
    Get.to(() => const SecondScreen());
    ^^^
test/navigation/get_main_test.dart:325:5: Error: Undefined name 'Get'.
    Get.offUntil(
    ^^^
test/navigation/get_main_test.dart:328:5: Error: Undefined name 'Get'.
    Get.back();
    ^^^
test/navigation/get_main_test.dart:340:11: Error: Method not found: 'GetPage'.
          GetPage(page: () => const FirstScreen(), name: '/first'),
          ^^^^^^^
test/navigation/get_main_test.dart:341:11: Error: Method not found: 'GetPage'.
          GetPage(page: () => const SecondScreen(), name: '/second'),
          ^^^^^^^
test/navigation/get_main_test.dart:342:11: Error: Method not found: 'GetPage'.
          GetPage(page: () => const ThirdScreen(), name: '/third')
          ^^^^^^^
test/navigation/get_main_test.dart:346:7: Error: Undefined name 'Get'.
      Get.offNamedUntil('/second', (route) => route.name == '/first');
      ^^^
test/navigation/get_main_test.dart:350:14: Error: Undefined name 'Get'.
      expect(Get.currentRoute, '/second');
             ^^^
test/navigation/get_main_test.dart:357:11: Error: Method not found: 'GetPage'.
          GetPage(page: () => const FirstScreen(), name: '/first'),
          ^^^^^^^
test/navigation/get_main_test.dart:358:11: Error: Method not found: 'GetPage'.
          GetPage(page: () => const SecondScreen(), name: '/second'),
          ^^^^^^^
test/navigation/get_main_test.dart:359:11: Error: Method not found: 'GetPage'.
          GetPage(page: () => const ThirdScreen(), name: '/third')
          ^^^^^^^
test/navigation/get_main_test.dart:363:7: Error: Undefined name 'Get'.
      Get.toNamed('/second');
      ^^^
test/navigation/get_main_test.dart:365:7: Error: Undefined name 'Get'.
      Get.offNamedUntil('/third', (route) => route.name == '/first');
      ^^^
test/navigation/get_main_test.dart:369:14: Error: Undefined name 'Get'.
      expect(Get.currentRoute, '/third');
             ^^^
test/navigation/get_main_test.dart:370:14: Error: Undefined name 'Get'.
      expect(Get.previousRoute, '/first');
             ^^^
test/navigation/get_main_test.dart:377:11: Error: Method not found: 'GetPage'.
          GetPage(page: () => const FirstScreen(), name: '/first'),
          ^^^^^^^
test/navigation/get_main_test.dart:378:11: Error: Method not found: 'GetPage'.
          GetPage(page: () => const SecondScreen(), name: '/second'),
          ^^^^^^^
test/navigation/get_main_test.dart:379:11: Error: Method not found: 'GetPage'.
          GetPage(page: () => const ThirdScreen(), name: '/third'),
          ^^^^^^^
test/navigation/get_main_test.dart:383:7: Error: Undefined name 'Get'.
      Get.toNamed('/second');
      ^^^
test/navigation/get_main_test.dart:385:7: Error: Undefined name 'Get'.
      Get.offNamedUntil('/third', (route) => route.name == '/first');
      ^^^
test/navigation/get_main_test.dart:387:7: Error: Undefined name 'Get'.
      Get.back();
      ^^^
test/navigation/get_main_test.dart:391:14: Error: Undefined name 'Get'.
      expect(Get.currentRoute, '/first');
             ^^^
test/navigation/get_main_test.dart:398:11: Error: Method not found: 'GetPage'.
          GetPage(page: () => const FirstScreen(), name: '/first'),
          ^^^^^^^
test/navigation/get_main_test.dart:399:11: Error: Method not found: 'GetPage'.
          GetPage(page: () => const SecondScreen(), name: '/second'),
          ^^^^^^^
test/navigation/get_main_test.dart:400:11: Error: Method not found: 'GetPage'.
          GetPage(page: () => const ThirdScreen(), name: '/third'),
          ^^^^^^^
test/navigation/get_main_test.dart:401:11: Error: Method not found: 'GetPage'.
          GetPage(page: () => const FourthScreen(), name: '/fourth'),
          ^^^^^^^
test/navigation/get_main_test.dart:405:7: Error: Undefined name 'Get'.
      Get.toNamed('/second');
      ^^^
test/navigation/get_main_test.dart:408:7: Error: Undefined name 'Get'.
      Get.toNamed('/third');
      ^^^
test/navigation/get_main_test.dart:411:7: Error: Undefined name 'Get'.
      Get.offNamedUntil('/fourth', (route) => false);
      ^^^
test/navigation/get_main_test.dart:415:14: Error: Undefined name 'Get'.
      expect(Get.currentRoute, '/fourth');
             ^^^
test/navigation/get_main_test.dart:416:14: Error: Undefined name 'Get'.
      expect(Get.previousRoute, '/first');
             ^^^
test/navigation/get_main_test.dart:423:11: Error: Method not found: 'GetPage'.
          GetPage(page: () => const FirstScreen(), name: '/first'),
          ^^^^^^^
test/navigation/get_main_test.dart:424:11: Error: Method not found: 'GetPage'.
          GetPage(page: () => const SecondScreen(), name: '/second'),
          ^^^^^^^
test/navigation/get_main_test.dart:425:11: Error: Method not found: 'GetPage'.
          GetPage(page: () => const ThirdScreen(), name: '/third'),
          ^^^^^^^
test/navigation/get_main_test.dart:426:11: Error: Method not found: 'GetPage'.
          GetPage(page: () => const FourthScreen(), name: '/fourth'),
          ^^^^^^^
test/navigation/get_main_test.dart:430:7: Error: Undefined name 'Get'.
      Get.toNamed('/second');
      ^^^
test/navigation/get_main_test.dart:432:7: Error: Undefined name 'Get'.
      Get.toNamed('/third');
      ^^^
test/navigation/get_main_test.dart:434:7: Error: Undefined name 'Get'.
      Get.offNamedUntil('/fourth', (route) => route.name == '/first');
      ^^^
test/navigation/get_main_test.dart:438:14: Error: Undefined name 'Get'.
      expect(Get.currentRoute, '/fourth');
             ^^^
test/navigation/get_main_test.dart:439:14: Error: Undefined name 'Get'.
      expect(Get.previousRoute, '/first');
             ^^^
test/navigation/get_main_test.dart:441:7: Error: Undefined name 'Get'.
      Get.back();
      ^^^
test/navigation/get_main_test.dart:445:14: Error: Undefined name 'Get'.
      expect(Get.currentRoute, '/first');
             ^^^
test/navigation/get_main_test.dart:453:9: Error: Method not found: 'GetPage'.
        GetPage(page: () => const FirstScreen(), name: '/first'),
        ^^^^^^^
test/navigation/get_main_test.dart:454:9: Error: Method not found: 'GetPage'.
        GetPage(page: () => const SecondScreen(), name: '/second'),
        ^^^^^^^
test/navigation/get_main_test.dart:455:9: Error: Method not found: 'GetPage'.
        GetPage(page: () => const ThirdScreen(), name: '/third')
        ^^^^^^^
test/navigation/get_main_test.dart:459:5: Error: Undefined name 'Get'.
    Get.offNamedUntil('/second', (route) => route.name == '/first');
    ^^^
test/navigation/get_main_test.dart:472:9: Error: Method not found: 'GetPage'.
        GetPage(page: () => const FirstScreen(), name: '/first'),
        ^^^^^^^
test/navigation/get_main_test.dart:473:9: Error: Method not found: 'GetPage'.
        GetPage(page: () => const SecondScreen(), name: '/second'),
        ^^^^^^^
test/navigation/get_main_test.dart:474:9: Error: Method not found: 'GetPage'.
        GetPage(page: () => const ThirdScreen(), name: '/third')
        ^^^^^^^
test/navigation/get_main_test.dart:478:5: Error: Undefined name 'Get'.
    Get.toNamed('/second');
    ^^^
test/navigation/get_main_test.dart:480:5: Error: Undefined name 'Get'.
    Get.offNamedUntil('/third', (route) => route.name == '/first');
    ^^^
test/navigation/get_main_test.dart:493:9: Error: Method not found: 'GetPage'.
        GetPage(page: () => const FirstScreen(), name: '/first'),
        ^^^^^^^
test/navigation/get_main_test.dart:494:9: Error: Method not found: 'GetPage'.
        GetPage(page: () => const SecondScreen(), name: '/second'),
        ^^^^^^^
test/navigation/get_main_test.dart:495:9: Error: Method not found: 'GetPage'.
        GetPage(page: () => const ThirdScreen(), name: '/third'),
        ^^^^^^^
test/navigation/get_main_test.dart:499:5: Error: Undefined name 'Get'.
    Get.toNamed('/second');
    ^^^
test/navigation/get_main_test.dart:501:5: Error: Undefined name 'Get'.
    Get.offNamedUntil('/third', (route) => route.name == '/first');
    ^^^
test/navigation/get_main_test.dart:503:5: Error: Undefined name 'Get'.
    Get.back();
    ^^^
test/navigation/get_main_test.dart:513:28: Error: Undefined name 'Transition'.
        defaultTransition: Transition.circularReveal,
                           ^^^^^^^^^^
test/navigation/get_main_test.dart:520:5: Error: Undefined name 'Get'.
    Get.to(() => const FirstScreen());
    ^^^
test/navigation/get_main_test.dart:523:5: Error: Undefined name 'Get'.
    Get.to(() => const SecondScreen());
    ^^^
test/navigation/get_main_test.dart:525:5: Error: Undefined name 'Get'.
    Get.back();
    ^^^
test/navigation/get_main_test.dart:537:28: Error: Undefined name 'Transition'.
        defaultTransition: Transition.circularReveal,
                           ^^^^^^^^^^
test/navigation/get_main_test.dart:544:5: Error: Undefined name 'Get'.
    Get.to(() => const FirstScreen());
    ^^^
test/navigation/get_main_test.dart:546:5: Error: Undefined name 'Get'.
    Get.to(() => const SecondScreen());
    ^^^
test/navigation/get_main_test.dart:548:5: Error: Undefined name 'Get'.
    Get.snackbar('title', "message");
    ^^^
test/navigation/get_main_test.dart:550:5: Error: Undefined name 'Get'.
    Get.backLegacy(closeOverlays: true);
    ^^^
test/navigation/get_main_test.dart:554:12: Error: Undefined name 'Get'.
    expect(Get.isSnackbarOpen, false);
           ^^^
test/navigation/get_main_test.dart:563:9: Error: Method not found: 'GetPage'.
        GetPage(page: () => const FirstScreen(), name: '/first'),
        ^^^^^^^
test/navigation/get_main_test.dart:564:9: Error: Method not found: 'GetPage'.
        GetPage(page: () => const SecondScreen(), name: '/second'),
        ^^^^^^^
test/navigation/get_main_test.dart:565:9: Error: Method not found: 'GetPage'.
        GetPage(page: () => const ThirdScreen(), name: '/third')
        ^^^^^^^
test/navigation/get_main_test.dart:571:5: Error: Undefined name 'Get'.
    Get.toNamed('/second');
    ^^^
test/navigation/get_main_test.dart:573:5: Error: Undefined name 'Get'.
    Get.toNamed('/third');
    ^^^
test/navigation/get_main_test.dart:575:5: Error: Undefined name 'Get'.
    Get.until((route) => route.name == '/first');
    ^^^
test/navigation/get_main_test.dart:585:30: Error: Undefined name 'Transition'.
          defaultTransition: Transition.fadeIn,
                             ^^^^^^^^^^
test/navigation/get_main_test.dart:590:7: Error: Undefined name 'Get'.
      Get.to(() => const FirstScreen());
      ^^^
test/navigation/get_main_test.dart:600:30: Error: Undefined name 'Transition'.
          defaultTransition: Transition.downToUp,
                             ^^^^^^^^^^
test/navigation/get_main_test.dart:605:7: Error: Undefined name 'Get'.
      Get.to(() => const FirstScreen());
      ^^^
test/navigation/get_main_test.dart:615:30: Error: Undefined name 'Transition'.
          defaultTransition: Transition.fade,
                             ^^^^^^^^^^
test/navigation/get_main_test.dart:620:7: Error: Undefined name 'Get'.
      Get.to(() => const FirstScreen());
      ^^^
test/navigation/get_main_test.dart:630:30: Error: Undefined name 'Transition'.
          defaultTransition: Transition.leftToRight,
                             ^^^^^^^^^^
test/navigation/get_main_test.dart:635:7: Error: Undefined name 'Get'.
      Get.to(() => const FirstScreen());
      ^^^
test/navigation/get_main_test.dart:645:30: Error: Undefined name 'Transition'.
          defaultTransition: Transition.leftToRightWithFade,
                             ^^^^^^^^^^
test/navigation/get_main_test.dart:650:7: Error: Undefined name 'Get'.
      Get.to(() => const FirstScreen());
      ^^^
test/navigation/get_main_test.dart:660:30: Error: Undefined name 'Transition'.
          defaultTransition: Transition.rightToLeft,
                             ^^^^^^^^^^
test/navigation/get_main_test.dart:665:7: Error: Undefined name 'Get'.
      Get.to(() => const FirstScreen());
      ^^^
test/navigation/get_main_test.dart:675:30: Error: Undefined name 'Transition'.
          defaultTransition: Transition.rightToLeft,
                             ^^^^^^^^^^
test/navigation/get_main_test.dart:680:7: Error: Undefined name 'Get'.
      Get.to(() => const FirstScreen());
      ^^^
test/navigation/get_main_test.dart:690:30: Error: Undefined name 'Transition'.
          defaultTransition: Transition.rightToLeftWithFade,
                             ^^^^^^^^^^
test/navigation/get_main_test.dart:695:7: Error: Undefined name 'Get'.
      Get.to(() => const FirstScreen());
      ^^^
test/navigation/get_main_test.dart:705:30: Error: Undefined name 'Transition'.
          defaultTransition: Transition.cupertino,
                             ^^^^^^^^^^
test/navigation/get_main_test.dart:710:7: Error: Undefined name 'Get'.
      Get.to(() => const FirstScreen());
      ^^^
test/navigation/get_main_test.dart:720:30: Error: Undefined name 'Transition'.
          defaultTransition: Transition.size,
                             ^^^^^^^^^^
test/navigation/get_main_test.dart:725:7: Error: Undefined name 'Get'.
      Get.to(() => const FirstScreen());
      ^^^
test/navigation/utils/wrapper.dart:6:14: Error: 'GetPage' isn't a type.
  final List<GetPage>? namedRoutes;
             ^^^^^^^
test/navigation/utils/wrapper.dart:8:9: Error: 'Transition' isn't a type.
  final Transition? defaultTransition;
        ^^^^^^^^^^
test/navigation/utils/wrapper.dart:20:12: Error: The method 'GetMaterialApp' isn't defined for the type 'Wrapper'.
 - 'Wrapper' is from 'test/navigation/utils/wrapper.dart'.
Try correcting the name to the name of an existing method, or defining a method named 'GetMaterialApp'.
    return GetMaterialApp(
           ^^^^^^^^^^^^^^
test/navigation/utils/wrapper.dart:37:14: Error: 'GetPage' isn't a type.
  final List<GetPage>? namedRoutes;
             ^^^^^^^
test/navigation/utils/wrapper.dart:39:9: Error: 'Transition' isn't a type.
  final Transition? defaultTransition;
        ^^^^^^^^^^
test/navigation/utils/wrapper.dart:51:12: Error: The method 'GetMaterialApp' isn't defined for the type 'WrapperNamed'.
 - 'WrapperNamed' is from 'test/navigation/utils/wrapper.dart'.
Try correcting the name to the name of an existing method, or defining a method named 'GetMaterialApp'.
    return GetMaterialApp(
           ^^^^^^^^^^^^^^
00:08 +0 -3: loading /Users/alamre/dev/2030/jetx/test/navigation/middleware_test.dart [E]                                                                                                              
  Failed to load "/Users/alamre/dev/2030/jetx/test/navigation/middleware_test.dart":
  Compilation failed for testPath=/Users/alamre/dev/2030/jetx/test/navigation/middleware_test.dart: test/navigation/middleware_test.dart:2:8: Error: Error when reading 'lib/get.dart': No such file or directory
  import 'package:jet/get.dart';
         ^
  test/navigation/get_main_test.dart:3:8: Error: Error when reading 'lib/get.dart': No such file or directory
  import 'package:jet/get.dart';
         ^
  test/navigation/utils/wrapper.dart:2:8: Error: Error when reading 'lib/get.dart': No such file or directory
  import 'package:jet/get.dart';
         ^
  test/navigation/middleware_test.dart:6:34: Error: Type 'GetMiddleware' not found.
  class RedirectMiddleware extends GetMiddleware {
                                   ^^^^^^^^^^^^^
  test/navigation/middleware_test.dart:8:10: Error: Type 'RouteDecoder' not found.
    Future<RouteDecoder?> redirectDelegate(RouteDecoder route) async {
           ^^^^^^^^^^^^
  test/navigation/middleware_test.dart:8:42: Error: Type 'RouteDecoder' not found.
    Future<RouteDecoder?> redirectDelegate(RouteDecoder route) async {
                                           ^^^^^^^^^^^^
  test/navigation/middleware_test.dart:13:35: Error: Type 'GetMiddleware' not found.
  class Redirect2Middleware extends GetMiddleware {
                                    ^^^^^^^^^^^^^
  test/navigation/middleware_test.dart:15:10: Error: Type 'RouteDecoder' not found.
    Future<RouteDecoder?> redirectDelegate(RouteDecoder route) async {
           ^^^^^^^^^^^^
  test/navigation/middleware_test.dart:15:42: Error: Type 'RouteDecoder' not found.
    Future<RouteDecoder?> redirectDelegate(RouteDecoder route) async {
                                           ^^^^^^^^^^^^
  test/navigation/middleware_test.dart:20:38: Error: Type 'GetMiddleware' not found.
  class RedirectMiddlewareNull extends GetMiddleware {
                                       ^^^^^^^^^^^^^
  test/navigation/middleware_test.dart:22:10: Error: Type 'RouteDecoder' not found.
    Future<RouteDecoder?> redirectDelegate(RouteDecoder route) async {
           ^^^^^^^^^^^^
  test/navigation/middleware_test.dart:22:42: Error: Type 'RouteDecoder' not found.
    Future<RouteDecoder?> redirectDelegate(RouteDecoder route) async {
                                           ^^^^^^^^^^^^
  test/navigation/middleware_test.dart:27:40: Error: Type 'GetMiddleware' not found.
  class RedirectBypassMiddleware extends GetMiddleware {
                                         ^^^^^^^^^^^^^
  test/navigation/middleware_test.dart:29:10: Error: Type 'RouteDecoder' not found.
    Future<RouteDecoder?> redirectDelegate(RouteDecoder route) async {
           ^^^^^^^^^^^^
  test/navigation/middleware_test.dart:29:42: Error: Type 'RouteDecoder' not found.
    Future<RouteDecoder?> redirectDelegate(RouteDecoder route) async {
                                           ^^^^^^^^^^^^
  test/navigation/utils/wrapper.dart:6:14: Error: Type 'GetPage' not found.
    final List<GetPage>? namedRoutes;
               ^^^^^^^
  test/navigation/utils/wrapper.dart:8:9: Error: Type 'Transition' not found.
    final Transition? defaultTransition;
          ^^^^^^^^^^
  test/navigation/utils/wrapper.dart:37:14: Error: Type 'GetPage' not found.
    final List<GetPage>? namedRoutes;
               ^^^^^^^
  test/navigation/utils/wrapper.dart:39:9: Error: Type 'Transition' not found.
    final Transition? defaultTransition;
          ^^^^^^^^^^
  test/navigation/utils/wrapper.dart:59:35: Error: Type 'Translations' not found.
  class WrapperTranslations extends Translations {
                                    ^^^^^^^^^^^^
  test/navigation/middleware_test.dart:8:42: Error: 'RouteDecoder' isn't a type.
    Future<RouteDecoder?> redirectDelegate(RouteDecoder route) async {
                                           ^^^^^^^^^^^^
  test/navigation/middleware_test.dart:9:12: Error: The getter 'RouteDecoder' isn't defined for the type 'RedirectMiddleware'.
   - 'RedirectMiddleware' is from 'test/navigation/middleware_test.dart'.
  Try correcting the name to the name of an existing getter, or defining a getter or field named 'RouteDecoder'.
      return RouteDecoder.fromRoute('/second');
             ^^^^^^^^^^^^
  test/navigation/middleware_test.dart:15:42: Error: 'RouteDecoder' isn't a type.
    Future<RouteDecoder?> redirectDelegate(RouteDecoder route) async {
                                           ^^^^^^^^^^^^
  test/navigation/middleware_test.dart:16:12: Error: The getter 'RouteDecoder' isn't defined for the type 'Redirect2Middleware'.
   - 'Redirect2Middleware' is from 'test/navigation/middleware_test.dart'.
  Try correcting the name to the name of an existing getter, or defining a getter or field named 'RouteDecoder'.
      return RouteDecoder.fromRoute('/first');
             ^^^^^^^^^^^^
  test/navigation/middleware_test.dart:22:42: Error: 'RouteDecoder' isn't a type.
    Future<RouteDecoder?> redirectDelegate(RouteDecoder route) async {
                                           ^^^^^^^^^^^^
  test/navigation/middleware_test.dart:29:42: Error: 'RouteDecoder' isn't a type.
    Future<RouteDecoder?> redirectDelegate(RouteDecoder route) async {
                                           ^^^^^^^^^^^^
  test/navigation/middleware_test.dart:36:5: Error: Undefined name 'Get'.
      Get.reset();
      ^^^
  test/navigation/middleware_test.dart:45:11: Error: Method not found: 'GetPage'.
            GetPage(name: '/', page: () => const Home()),
            ^^^^^^^
  test/navigation/middleware_test.dart:46:11: Error: Method not found: 'GetPage'.
            GetPage(
            ^^^^^^^
  test/navigation/middleware_test.dart:51:11: Error: Method not found: 'GetPage'.
            GetPage(name: '/second', page: () => const SecondScreen()),
            ^^^^^^^
  test/navigation/middleware_test.dart:52:11: Error: Method not found: 'GetPage'.
            GetPage(name: '/third', page: () => const ThirdScreen()),
            ^^^^^^^
  test/navigation/middleware_test.dart:42:7: Error: Method not found: 'GetMaterialApp'.
        GetMaterialApp(
        ^^^^^^^^^^^^^^
  test/navigation/middleware_test.dart:58:5: Error: Undefined name 'Get'.
      Get.toNamed('/first');
      ^^^
  test/navigation/middleware_test.dart:64:12: Error: Undefined name 'Get'.
      expect(Get.currentRoute, '/second');
             ^^^
  test/navigation/middleware_test.dart:73:11: Error: Method not found: 'GetPage'.
            GetPage(name: '/', page: () => const Home()),
            ^^^^^^^
  test/navigation/middleware_test.dart:74:11: Error: Method not found: 'GetPage'.
            GetPage(
            ^^^^^^^
  test/navigation/middleware_test.dart:79:11: Error: Method not found: 'GetPage'.
            GetPage(name: '/second', page: () => const SecondScreen()),
            ^^^^^^^
  test/navigation/middleware_test.dart:80:11: Error: Method not found: 'GetPage'.
            GetPage(name: '/third', page: () => const ThirdScreen()),
            ^^^^^^^
  test/navigation/middleware_test.dart:70:7: Error: Method not found: 'GetMaterialApp'.
        GetMaterialApp(
        ^^^^^^^^^^^^^^
  test/navigation/middleware_test.dart:87:5: Error: Undefined name 'Get'.
      Get.toNamed('/first');
      ^^^
  test/navigation/middleware_test.dart:93:12: Error: Undefined name 'Get'.
      expect(Get.currentRoute, '/');
             ^^^
  test/navigation/middleware_test.dart:102:11: Error: Method not found: 'GetPage'.
            GetPage(name: '/', page: () => const Home()),
            ^^^^^^^
  test/navigation/middleware_test.dart:103:11: Error: Method not found: 'GetPage'.
            GetPage(
            ^^^^^^^
  test/navigation/middleware_test.dart:108:11: Error: Method not found: 'GetPage'.
            GetPage(name: '/second', page: () => const SecondScreen()),
            ^^^^^^^
  test/navigation/middleware_test.dart:109:11: Error: Method not found: 'GetPage'.
            GetPage(name: '/third', page: () => const ThirdScreen()),
            ^^^^^^^
  test/navigation/middleware_test.dart:99:7: Error: Method not found: 'GetMaterialApp'.
        GetMaterialApp(
        ^^^^^^^^^^^^^^
  test/navigation/middleware_test.dart:116:5: Error: Undefined name 'Get'.
      Get.toNamed('/first');
      ^^^
  test/navigation/middleware_test.dart:123:12: Error: Undefined name 'Get'.
      expect(Get.currentRoute, '/first');
             ^^^
  test/navigation/middleware_test.dart:132:11: Error: Method not found: 'GetPage'.
            GetPage(name: '/', page: () => const Home()),
            ^^^^^^^
  test/navigation/middleware_test.dart:133:11: Error: Method not found: 'GetPage'.
            GetPage(
            ^^^^^^^
  test/navigation/middleware_test.dart:138:11: Error: Method not found: 'GetPage'.
            GetPage(name: '/second', page: () => const SecondScreen()),
            ^^^^^^^
  test/navigation/middleware_test.dart:139:11: Error: Method not found: 'GetPage'.
            GetPage(name: '/third', page: () => const ThirdScreen()),
            ^^^^^^^
  test/navigation/middleware_test.dart:140:11: Error: Method not found: 'GetPage'.
            GetPage(
            ^^^^^^^
  test/navigation/middleware_test.dart:129:7: Error: Method not found: 'GetMaterialApp'.
        GetMaterialApp(
        ^^^^^^^^^^^^^^
  test/navigation/middleware_test.dart:150:5: Error: Undefined name 'Get'.
      Get.toNamed('/fourth');
      ^^^
  test/navigation/middleware_test.dart:156:12: Error: Undefined name 'Get'.
      expect(Get.currentRoute, '/second');
             ^^^
  test/navigation/middleware_test.dart:166:11: Error: Method not found: 'GetPage'.
            GetPage(name: '/', page: () => const Home()),
            ^^^^^^^
  test/navigation/middleware_test.dart:167:11: Error: Method not found: 'GetPage'.
            GetPage(
            ^^^^^^^
  test/navigation/middleware_test.dart:172:11: Error: Method not found: 'GetPage'.
            GetPage(name: '/second', page: () => const SecondScreen()),
            ^^^^^^^
  test/navigation/middleware_test.dart:163:7: Error: Method not found: 'GetMaterialApp'.
        GetMaterialApp(
        ^^^^^^^^^^^^^^
  test/navigation/middleware_test.dart:178:5: Error: Undefined name 'Get'.
      Get.toNamed('/first');
      ^^^
  test/navigation/middleware_test.dart:182:12: Error: Undefined name 'Get'.
      expect(Get.currentRoute, '/second');
             ^^^
  test/navigation/middleware_test.dart:183:12: Error: Undefined name 'Get'.
      expect(Get.previousRoute, '/');
             ^^^
  test/navigation/middleware_test.dart:186:5: Error: Undefined name 'Get'.
      Get.back();
      ^^^
  test/navigation/middleware_test.dart:191:12: Error: Undefined name 'Get'.
      expect(Get.currentRoute, '/');
             ^^^
  test/navigation/get_main_test.dart:11:5: Error: Undefined name 'Get'.
      Get.to(() => const FirstScreen());
      ^^^
  test/navigation/get_main_test.dart:22:9: Error: Method not found: 'GetPage'.
          GetPage(page: () => const FirstScreen(), name: '/first'),
          ^^^^^^^
  test/navigation/get_main_test.dart:23:9: Error: Method not found: 'GetPage'.
          GetPage(page: () => const SecondScreen(), name: '/second'),
          ^^^^^^^
  test/navigation/get_main_test.dart:24:9: Error: Method not found: 'GetPage'.
          GetPage(page: () => const ThirdScreen(), name: '/third')
          ^^^^^^^
  test/navigation/get_main_test.dart:19:29: Error: Method not found: 'GetMaterialApp'.
      await tester.pumpWidget(GetMaterialApp(
                              ^^^^^^^^^^^^^^
  test/navigation/get_main_test.dart:28:5: Error: Undefined name 'Get'.
      Get.toNamed('/second');
      ^^^
  test/navigation/get_main_test.dart:38:21: Error: Method not found: 'GetPage'.
        unknownRoute: GetPage(name: '/404', page: () => const Scaffold()),
                      ^^^^^^^
  test/navigation/get_main_test.dart:40:9: Error: Method not found: 'GetPage'.
          GetPage(page: () => const FirstScreen(), name: '/first'),
          ^^^^^^^
  test/navigation/get_main_test.dart:41:9: Error: Method not found: 'GetPage'.
          GetPage(page: () => const SecondScreen(), name: '/second'),
          ^^^^^^^
  test/navigation/get_main_test.dart:42:9: Error: Method not found: 'GetPage'.
          GetPage(page: () => const ThirdScreen(), name: '/third')
          ^^^^^^^
  test/navigation/get_main_test.dart:36:29: Error: Method not found: 'GetMaterialApp'.
      await tester.pumpWidget(GetMaterialApp(
                              ^^^^^^^^^^^^^^
  test/navigation/get_main_test.dart:46:5: Error: Undefined name 'Get'.
      Get.toNamed('/secondd');
      ^^^
  test/navigation/get_main_test.dart:50:12: Error: Undefined name 'Get'.
      expect(Get.rootController.rootDelegate.currentConfiguration?.route?.name,
             ^^^
  test/navigation/get_main_test.dart:58:5: Error: Undefined name 'Get'.
      Get.off(() => const SecondScreen());
      ^^^
  test/navigation/get_main_test.dart:69:5: Error: Undefined name 'Get'.
      Get.off(() => const SecondScreen());
      ^^^
  test/navigation/get_main_test.dart:70:5: Error: Undefined name 'Get'.
      Get.back();
      ^^^
  test/navigation/get_main_test.dart:81:9: Error: Method not found: 'GetPage'.
          GetPage(name: '/first', page: () => const FirstScreen()),
          ^^^^^^^
  test/navigation/get_main_test.dart:82:9: Error: Method not found: 'GetPage'.
          GetPage(name: '/second', page: () => const SecondScreen()),
          ^^^^^^^
  test/navigation/get_main_test.dart:83:9: Error: Method not found: 'GetPage'.
          GetPage(name: '/third', page: () => const ThirdScreen()),
          ^^^^^^^
  test/navigation/get_main_test.dart:78:29: Error: Method not found: 'GetMaterialApp'.
      await tester.pumpWidget(GetMaterialApp(
                              ^^^^^^^^^^^^^^
  test/navigation/get_main_test.dart:89:5: Error: Undefined name 'Get'.
      Get.offNamed('/second');
      ^^^
  test/navigation/get_main_test.dart:100:9: Error: Method not found: 'GetPage'.
          GetPage(name: '/first', page: () => const FirstScreen()),
          ^^^^^^^
  test/navigation/get_main_test.dart:101:9: Error: Method not found: 'GetPage'.
          GetPage(name: '/second', page: () => const SecondScreen()),
          ^^^^^^^
  test/navigation/get_main_test.dart:102:9: Error: Method not found: 'GetPage'.
          GetPage(name: '/third', page: () => const ThirdScreen()),
          ^^^^^^^
  test/navigation/get_main_test.dart:97:29: Error: Method not found: 'GetMaterialApp'.
      await tester.pumpWidget(GetMaterialApp(
                              ^^^^^^^^^^^^^^
  test/navigation/get_main_test.dart:108:5: Error: Undefined name 'Get'.
      Get.offNamed('/second');
      ^^^
  test/navigation/get_main_test.dart:110:5: Error: Undefined name 'Get'.
      Get.back();
      ^^^
  test/navigation/get_main_test.dart:121:9: Error: Method not found: 'GetPage'.
          GetPage(name: '/first', page: () => const FirstScreen()),
          ^^^^^^^
  test/navigation/get_main_test.dart:122:9: Error: Method not found: 'GetPage'.
          GetPage(name: '/second', page: () => const SecondScreen()),
          ^^^^^^^
  test/navigation/get_main_test.dart:123:9: Error: Method not found: 'GetPage'.
          GetPage(name: '/third', page: () => const ThirdScreen()),
          ^^^^^^^
  test/navigation/get_main_test.dart:118:29: Error: Method not found: 'GetMaterialApp'.
      await tester.pumpWidget(GetMaterialApp(
                              ^^^^^^^^^^^^^^
  test/navigation/get_main_test.dart:129:5: Error: Undefined name 'Get'.
      Get.toNamed('/second');
      ^^^
  test/navigation/get_main_test.dart:131:5: Error: Undefined name 'Get'.
      Get.offNamed('/third');
      ^^^
  test/navigation/get_main_test.dart:133:5: Error: Undefined name 'Get'.
      Get.back();
      ^^^
  test/navigation/get_main_test.dart:144:5: Error: Undefined name 'Get'.
      Get.offAll(() => const SecondScreen());
      ^^^
  test/navigation/get_main_test.dart:155:5: Error: Undefined name 'Get'.
      Get.to(() => const SecondScreen());
      ^^^
  test/navigation/get_main_test.dart:157:5: Error: Undefined name 'Get'.
      Get.offAll(() => const ThirdScreen());
      ^^^
  test/navigation/get_main_test.dart:159:5: Error: Undefined name 'Get'.
      Get.back();
      ^^^
  test/navigation/get_main_test.dart:164:5: Error: Undefined name 'Get'.
      Get.back();
      ^^^
  test/navigation/get_main_test.dart:176:9: Error: Method not found: 'GetPage'.
          GetPage(page: () => const FirstScreen(), name: '/first'),
          ^^^^^^^
  test/navigation/get_main_test.dart:177:9: Error: Method not found: 'GetPage'.
          GetPage(page: () => const SecondScreen(), name: '/second'),
          ^^^^^^^
  test/navigation/get_main_test.dart:178:9: Error: Method not found: 'GetPage'.
          GetPage(page: () => const ThirdScreen(), name: '/third')
          ^^^^^^^
  test/navigation/get_main_test.dart:184:5: Error: Undefined name 'Get'.
      Get.toNamed('/second');
      ^^^
  test/navigation/get_main_test.dart:195:9: Error: Method not found: 'GetPage'.
          GetPage(page: () => const FirstScreen(), name: '/first'),
          ^^^^^^^
  test/navigation/get_main_test.dart:196:9: Error: Method not found: 'GetPage'.
          GetPage(page: () => const SecondScreen(), name: '/second'),
          ^^^^^^^
  test/navigation/get_main_test.dart:197:9: Error: Method not found: 'GetPage'.
          GetPage(page: () => const ThirdScreen(), name: '/third')
          ^^^^^^^
  test/navigation/get_main_test.dart:203:5: Error: Undefined name 'Get'.
      Get.toNamed('/second');
      ^^^
  test/navigation/get_main_test.dart:205:5: Error: Undefined name 'Get'.
      Get.offAllNamed('/third');
      ^^^
  test/navigation/get_main_test.dart:207:5: Error: Undefined name 'Get'.
      Get.back();
      ^^^
  test/navigation/get_main_test.dart:212:5: Error: Undefined name 'Get'.
      Get.back();
      ^^^
  test/navigation/get_main_test.dart:223:9: Error: Method not found: 'GetPage'.
          GetPage(page: () => const FirstScreen(), name: '/first'),
          ^^^^^^^
  test/navigation/get_main_test.dart:224:9: Error: Method not found: 'GetPage'.
          GetPage(page: () => const SecondScreen(), name: '/second'),
          ^^^^^^^
  test/navigation/get_main_test.dart:225:9: Error: Method not found: 'GetPage'.
          GetPage(page: () => const ThirdScreen(), name: '/third')
          ^^^^^^^
  test/navigation/get_main_test.dart:229:5: Error: Undefined name 'Get'.
      Get.offAndToNamed('/second');
      ^^^
  test/navigation/get_main_test.dart:240:9: Error: Method not found: 'GetPage'.
          GetPage(page: () => const FirstScreen(), name: '/first'),
          ^^^^^^^
  test/navigation/get_main_test.dart:241:9: Error: Method not found: 'GetPage'.
          GetPage(page: () => const SecondScreen(), name: '/second'),
          ^^^^^^^
  test/navigation/get_main_test.dart:242:9: Error: Method not found: 'GetPage'.
          GetPage(page: () => const ThirdScreen(), name: '/third')
          ^^^^^^^
  test/navigation/get_main_test.dart:246:5: Error: Undefined name 'Get'.
      Get.offAndToNamed('/second');
      ^^^
  test/navigation/get_main_test.dart:249:5: Error: Undefined name 'Get'.
      Get.back();
      ^^^
  test/navigation/get_main_test.dart:259:5: Error: Undefined name 'Get'.
      Get.to(() => const FirstScreen());
      ^^^
  test/navigation/get_main_test.dart:263:5: Error: Undefined name 'Get'.
      Get.offUntil(
      ^^^
  test/navigation/get_main_test.dart:276:9: Error: Method not found: 'GetPage'.
          GetPage(page: () => const FirstScreen(), name: '/first'),
          ^^^^^^^
  test/navigation/get_main_test.dart:277:9: Error: Method not found: 'GetPage'.
          GetPage(page: () => const SecondScreen(), name: '/second'),
          ^^^^^^^
  test/navigation/get_main_test.dart:278:9: Error: Method not found: 'GetPage'.
          GetPage(page: () => const ThirdScreen(), name: '/third')
          ^^^^^^^
  test/navigation/get_main_test.dart:282:5: Error: Undefined name 'Get'.
      Get.toNamed('/second');
      ^^^
  test/navigation/get_main_test.dart:285:5: Error: Undefined name 'Get'.
      Get.toNamed('/third');
      ^^^
  test/navigation/get_main_test.dart:288:5: Error: Undefined name 'Get'.
      Get.until((route) => route.name == '/first');
      ^^^
  test/navigation/get_main_test.dart:302:5: Error: Undefined name 'Get'.
      Get.to(() => const FirstScreen());
      ^^^
  test/navigation/get_main_test.dart:304:5: Error: Undefined name 'Get'.
      Get.to(() => const SecondScreen());
      ^^^
  test/navigation/get_main_test.dart:306:5: Error: Undefined name 'Get'.
      Get.offUntil(
      ^^^
  test/navigation/get_main_test.dart:309:5: Error: Undefined name 'Get'.
      Get.back();
      ^^^
  test/navigation/get_main_test.dart:321:5: Error: Undefined name 'Get'.
      Get.to(() => const FirstScreen());
      ^^^
  test/navigation/get_main_test.dart:323:5: Error: Undefined name 'Get'.
      Get.to(() => const SecondScreen());
      ^^^
  test/navigation/get_main_test.dart:325:5: Error: Undefined name 'Get'.
      Get.offUntil(
      ^^^
  test/navigation/get_main_test.dart:328:5: Error: Undefined name 'Get'.
      Get.back();
      ^^^
  test/navigation/get_main_test.dart:340:11: Error: Method not found: 'GetPage'.
            GetPage(page: () => const FirstScreen(), name: '/first'),
            ^^^^^^^
  test/navigation/get_main_test.dart:341:11: Error: Method not found: 'GetPage'.
            GetPage(page: () => const SecondScreen(), name: '/second'),
            ^^^^^^^
  test/navigation/get_main_test.dart:342:11: Error: Method not found: 'GetPage'.
            GetPage(page: () => const ThirdScreen(), name: '/third')
            ^^^^^^^
  test/navigation/get_main_test.dart:346:7: Error: Undefined name 'Get'.
        Get.offNamedUntil('/second', (route) => route.name == '/first');
        ^^^
  test/navigation/get_main_test.dart:350:14: Error: Undefined name 'Get'.
        expect(Get.currentRoute, '/second');
               ^^^
  test/navigation/get_main_test.dart:357:11: Error: Method not found: 'GetPage'.
            GetPage(page: () => const FirstScreen(), name: '/first'),
            ^^^^^^^
  test/navigation/get_main_test.dart:358:11: Error: Method not found: 'GetPage'.
            GetPage(page: () => const SecondScreen(), name: '/second'),
            ^^^^^^^
  test/navigation/get_main_test.dart:359:11: Error: Method not found: 'GetPage'.
            GetPage(page: () => const ThirdScreen(), name: '/third')
            ^^^^^^^
  test/navigation/get_main_test.dart:363:7: Error: Undefined name 'Get'.
        Get.toNamed('/second');
        ^^^
  test/navigation/get_main_test.dart:365:7: Error: Undefined name 'Get'.
        Get.offNamedUntil('/third', (route) => route.name == '/first');
        ^^^
  test/navigation/get_main_test.dart:369:14: Error: Undefined name 'Get'.
        expect(Get.currentRoute, '/third');
               ^^^
  test/navigation/get_main_test.dart:370:14: Error: Undefined name 'Get'.
        expect(Get.previousRoute, '/first');
               ^^^
  test/navigation/get_main_test.dart:377:11: Error: Method not found: 'GetPage'.
            GetPage(page: () => const FirstScreen(), name: '/first'),
            ^^^^^^^
  test/navigation/get_main_test.dart:378:11: Error: Method not found: 'GetPage'.
            GetPage(page: () => const SecondScreen(), name: '/second'),
            ^^^^^^^
  test/navigation/get_main_test.dart:379:11: Error: Method not found: 'GetPage'.
            GetPage(page: () => const ThirdScreen(), name: '/third'),
            ^^^^^^^
  test/navigation/get_main_test.dart:383:7: Error: Undefined name 'Get'.
        Get.toNamed('/second');
        ^^^
  test/navigation/get_main_test.dart:385:7: Error: Undefined name 'Get'.
        Get.offNamedUntil('/third', (route) => route.name == '/first');
        ^^^
  test/navigation/get_main_test.dart:387:7: Error: Undefined name 'Get'.
        Get.back();
        ^^^
  test/navigation/get_main_test.dart:391:14: Error: Undefined name 'Get'.
        expect(Get.currentRoute, '/first');
               ^^^
  test/navigation/get_main_test.dart:398:11: Error: Method not found: 'GetPage'.
            GetPage(page: () => const FirstScreen(), name: '/first'),
            ^^^^^^^
  test/navigation/get_main_test.dart:399:11: Error: Method not found: 'GetPage'.
            GetPage(page: () => const SecondScreen(), name: '/second'),
            ^^^^^^^
  test/navigation/get_main_test.dart:400:11: Error: Method not found: 'GetPage'.
            GetPage(page: () => const ThirdScreen(), name: '/third'),
            ^^^^^^^
  test/navigation/get_main_test.dart:401:11: Error: Method not found: 'GetPage'.
            GetPage(page: () => const FourthScreen(), name: '/fourth'),
            ^^^^^^^
  test/navigation/get_main_test.dart:405:7: Error: Undefined name 'Get'.
        Get.toNamed('/second');
        ^^^
  test/navigation/get_main_test.dart:408:7: Error: Undefined name 'Get'.
        Get.toNamed('/third');
        ^^^
  test/navigation/get_main_test.dart:411:7: Error: Undefined name 'Get'.
        Get.offNamedUntil('/fourth', (route) => false);
        ^^^
  test/navigation/get_main_test.dart:415:14: Error: Undefined name 'Get'.
        expect(Get.currentRoute, '/fourth');
               ^^^
  test/navigation/get_main_test.dart:416:14: Error: Undefined name 'Get'.
        expect(Get.previousRoute, '/first');
               ^^^
  test/navigation/get_main_test.dart:423:11: Error: Method not found: 'GetPage'.
            GetPage(page: () => const FirstScreen(), name: '/first'),
            ^^^^^^^
  test/navigation/get_main_test.dart:424:11: Error: Method not found: 'GetPage'.
            GetPage(page: () => const SecondScreen(), name: '/second'),
            ^^^^^^^
  test/navigation/get_main_test.dart:425:11: Error: Method not found: 'GetPage'.
            GetPage(page: () => const ThirdScreen(), name: '/third'),
            ^^^^^^^
  test/navigation/get_main_test.dart:426:11: Error: Method not found: 'GetPage'.
            GetPage(page: () => const FourthScreen(), name: '/fourth'),
            ^^^^^^^
  test/navigation/get_main_test.dart:430:7: Error: Undefined name 'Get'.
        Get.toNamed('/second');
        ^^^
  test/navigation/get_main_test.dart:432:7: Error: Undefined name 'Get'.
        Get.toNamed('/third');
        ^^^
  test/navigation/get_main_test.dart:434:7: Error: Undefined name 'Get'.
        Get.offNamedUntil('/fourth', (route) => route.name == '/first');
        ^^^
  test/navigation/get_main_test.dart:438:14: Error: Undefined name 'Get'.
        expect(Get.currentRoute, '/fourth');
               ^^^
  test/navigation/get_main_test.dart:439:14: Error: Undefined name 'Get'.
        expect(Get.previousRoute, '/first');
               ^^^
  test/navigation/get_main_test.dart:441:7: Error: Undefined name 'Get'.
        Get.back();
        ^^^
  test/navigation/get_main_test.dart:445:14: Error: Undefined name 'Get'.
        expect(Get.currentRoute, '/first');
               ^^^
  test/navigation/get_main_test.dart:453:9: Error: Method not found: 'GetPage'.
          GetPage(page: () => const FirstScreen(), name: '/first'),
          ^^^^^^^
  test/navigation/get_main_test.dart:454:9: Error: Method not found: 'GetPage'.
          GetPage(page: () => const SecondScreen(), name: '/second'),
          ^^^^^^^
  test/navigation/get_main_test.dart:455:9: Error: Method not found: 'GetPage'.
          GetPage(page: () => const ThirdScreen(), name: '/third')
          ^^^^^^^
  test/navigation/get_main_test.dart:459:5: Error: Undefined name 'Get'.
      Get.offNamedUntil('/second', (route) => route.name == '/first');
      ^^^
  test/navigation/get_main_test.dart:472:9: Error: Method not found: 'GetPage'.
          GetPage(page: () => const FirstScreen(), name: '/first'),
          ^^^^^^^
  test/navigation/get_main_test.dart:473:9: Error: Method not found: 'GetPage'.
          GetPage(page: () => const SecondScreen(), name: '/second'),
          ^^^^^^^
  test/navigation/get_main_test.dart:474:9: Error: Method not found: 'GetPage'.
          GetPage(page: () => const ThirdScreen(), name: '/third')
          ^^^^^^^
  test/navigation/get_main_test.dart:478:5: Error: Undefined name 'Get'.
      Get.toNamed('/second');
      ^^^
  test/navigation/get_main_test.dart:480:5: Error: Undefined name 'Get'.
      Get.offNamedUntil('/third', (route) => route.name == '/first');
      ^^^
  test/navigation/get_main_test.dart:493:9: Error: Method not found: 'GetPage'.
          GetPage(page: () => const FirstScreen(), name: '/first'),
          ^^^^^^^
  test/navigation/get_main_test.dart:494:9: Error: Method not found: 'GetPage'.
          GetPage(page: () => const SecondScreen(), name: '/second'),
          ^^^^^^^
  test/navigation/get_main_test.dart:495:9: Error: Method not found: 'GetPage'.
          GetPage(page: () => const ThirdScreen(), name: '/third'),
          ^^^^^^^
  test/navigation/get_main_test.dart:499:5: Error: Undefined name 'Get'.
      Get.toNamed('/second');
      ^^^
  test/navigation/get_main_test.dart:501:5: Error: Undefined name 'Get'.
      Get.offNamedUntil('/third', (route) => route.name == '/first');
      ^^^
  test/navigation/get_main_test.dart:503:5: Error: Undefined name 'Get'.
      Get.back();
      ^^^
  test/navigation/get_main_test.dart:513:28: Error: Undefined name 'Transition'.
          defaultTransition: Transition.circularReveal,
                             ^^^^^^^^^^
  test/navigation/get_main_test.dart:520:5: Error: Undefined name 'Get'.
      Get.to(() => const FirstScreen());
      ^^^
  test/navigation/get_main_test.dart:523:5: Error: Undefined name 'Get'.
      Get.to(() => const SecondScreen());
      ^^^
  test/navigation/get_main_test.dart:525:5: Error: Undefined name 'Get'.
      Get.back();
      ^^^
  test/navigation/get_main_test.dart:537:28: Error: Undefined name 'Transition'.
          defaultTransition: Transition.circularReveal,
                             ^^^^^^^^^^
  test/navigation/get_main_test.dart:544:5: Error: Undefined name 'Get'.
      Get.to(() => const FirstScreen());
      ^^^
  test/navigation/get_main_test.dart:546:5: Error: Undefined name 'Get'.
      Get.to(() => const SecondScreen());
      ^^^
  test/navigation/get_main_test.dart:548:5: Error: Undefined name 'Get'.
      Get.snackbar('title', "message");
      ^^^
  test/navigation/get_main_test.dart:550:5: Error: Undefined name 'Get'.
      Get.backLegacy(closeOverlays: true);
      ^^^
  test/navigation/get_main_test.dart:554:12: Error: Undefined name 'Get'.
      expect(Get.isSnackbarOpen, false);
             ^^^
  test/navigation/get_main_test.dart:563:9: Error: Method not found: 'GetPage'.
          GetPage(page: () => const FirstScreen(), name: '/first'),
          ^^^^^^^
  test/navigation/get_main_test.dart:564:9: Error: Method not found: 'GetPage'.
          GetPage(page: () => const SecondScreen(), name: '/second'),
          ^^^^^^^
  test/navigation/get_main_test.dart:565:9: Error: Method not found: 'GetPage'.
          GetPage(page: () => const ThirdScreen(), name: '/third')
          ^^^^^^^
  test/navigation/get_main_test.dart:571:5: Error: Undefined name 'Get'.
      Get.toNamed('/second');
      ^^^
  test/navigation/get_main_test.dart:573:5: Error: Undefined name 'Get'.
      Get.toNamed('/third');
      ^^^
  test/navigation/get_main_test.dart:575:5: Error: Undefined name 'Get'.
      Get.until((route) => route.name == '/first');
      ^^^
  test/navigation/get_main_test.dart:585:30: Error: Undefined name 'Transition'.
            defaultTransition: Transition.fadeIn,
                               ^^^^^^^^^^
  test/navigation/get_main_test.dart:590:7: Error: Undefined name 'Get'.
        Get.to(() => const FirstScreen());
        ^^^
  test/navigation/get_main_test.dart:600:30: Error: Undefined name 'Transition'.
            defaultTransition: Transition.downToUp,
                               ^^^^^^^^^^
  test/navigation/get_main_test.dart:605:7: Error: Undefined name 'Get'.
        Get.to(() => const FirstScreen());
        ^^^
  test/navigation/get_main_test.dart:615:30: Error: Undefined name 'Transition'.
            defaultTransition: Transition.fade,
                               ^^^^^^^^^^
  test/navigation/get_main_test.dart:620:7: Error: Undefined name 'Get'.
        Get.to(() => const FirstScreen());
        ^^^
  test/navigation/get_main_test.dart:630:30: Error: Undefined name 'Transition'.
            defaultTransition: Transition.leftToRight,
                               ^^^^^^^^^^
  test/navigation/get_main_test.dart:635:7: Error: Undefined name 'Get'.
        Get.to(() => const FirstScreen());
        ^^^
  test/navigation/get_main_test.dart:645:30: Error: Undefined name 'Transition'.
            defaultTransition: Transition.leftToRightWithFade,
                               ^^^^^^^^^^
  test/navigation/get_main_test.dart:650:7: Error: Undefined name 'Get'.
        Get.to(() => const FirstScreen());
        ^^^
  test/navigation/get_main_test.dart:660:30: Error: Undefined name 'Transition'.
            defaultTransition: Transition.rightToLeft,
                               ^^^^^^^^^^
  test/navigation/get_main_test.dart:665:7: Error: Undefined name 'Get'.
        Get.to(() => const FirstScreen());
        ^^^
  test/navigation/get_main_test.dart:675:30: Error: Undefined name 'Transition'.
            defaultTransition: Transition.rightToLeft,
                               ^^^^^^^^^^
  test/navigation/get_main_test.dart:680:7: Error: Undefined name 'Get'.
        Get.to(() => const FirstScreen());
        ^^^
  test/navigation/get_main_test.dart:690:30: Error: Undefined name 'Transition'.
            defaultTransition: Transition.rightToLeftWithFade,
                               ^^^^^^^^^^
  test/navigation/get_main_test.dart:695:7: Error: Undefined name 'Get'.
        Get.to(() => const FirstScreen());
        ^^^
  test/navigation/get_main_test.dart:705:30: Error: Undefined name 'Transition'.
            defaultTransition: Transition.cupertino,
                               ^^^^^^^^^^
  test/navigation/get_main_test.dart:710:7: Error: Undefined name 'Get'.
        Get.to(() => const FirstScreen());
        ^^^
  test/navigation/get_main_test.dart:720:30: Error: Undefined name 'Transition'.
            defaultTransition: Transition.size,
                               ^^^^^^^^^^
  test/navigation/get_main_test.dart:725:7: Error: Undefined name 'Get'.
        Get.to(() => const FirstScreen());
        ^^^
  test/navigation/utils/wrapper.dart:6:14: Error: 'GetPage' isn't a type.
    final List<GetPage>? namedRoutes;
               ^^^^^^^
  test/navigation/utils/wrapper.dart:8:9: Error: 'Transition' isn't a type.
    final Transition? defaultTransition;
          ^^^^^^^^^^
  test/navigation/utils/wrapper.dart:20:12: Error: The method 'GetMaterialApp' isn't defined for the type 'Wrapper'.
   - 'Wrapper' is from 'test/navigation/utils/wrapper.dart'.
  Try correcting the name to the name of an existing method, or defining a method named 'GetMaterialApp'.
      return GetMaterialApp(
             ^^^^^^^^^^^^^^
  test/navigation/utils/wrapper.dart:37:14: Error: 'GetPage' isn't a type.
    final List<GetPage>? namedRoutes;
               ^^^^^^^
  test/navigation/utils/wrapper.dart:39:9: Error: 'Transition' isn't a type.
    final Transition? defaultTransition;
          ^^^^^^^^^^
  test/navigation/utils/wrapper.dart:51:12: Error: The method 'GetMaterialApp' isn't defined for the type 'WrapperNamed'.
   - 'WrapperNamed' is from 'test/navigation/utils/wrapper.dart'.
  Try correcting the name to the name of an existing method, or defining a method named 'GetMaterialApp'.
      return GetMaterialApp(
             ^^^^^^^^^^^^^^
  .

To run this test again: /Users/alamre/development/flutter/bin/cache/dart-sdk/bin/dart test /Users/alamre/dev/2030/jetx/test/navigation/middleware_test.dart -p vm --plain-name 'loading /Users/alamre/dev/2030/jetx/test/navigation/middleware_test.dart'
00:08 +0 -3: loading /Users/alamre/dev/2030/jetx/test/internationalization/internationalization_test.dart [E]                                                                                          
  Error: The Dart compiler exited unexpectedly.
  package:flutter_tools/src/base/common.dart 34:3  throwToolExit
  package:flutter_tools/src/compile.dart 910:11    DefaultResidentCompiler._compile.<fn>
  dart:async/zone.dart 1538:47                     _rootRunUnary
  dart:async/zone.dart 1429:19                     _CustomZone.runUnary
  dart:async/future_impl.dart 948:45               Future._propagateToListeners.handleValueCallback
  dart:async/future_impl.dart 977:13               Future._propagateToListeners
  dart:async/future_impl.dart 862:9                Future._propagateToListeners
  dart:async/future_impl.dart 720:5                Future._completeWithValue
  dart:async/future_impl.dart 804:7                Future._asyncCompleteWithValue.<fn>
  dart:async/zone.dart 1525:13                     _rootRun
  dart:async/zone.dart 1422:19                     _CustomZone.run
  dart:async/zone.dart 1321:7                      _CustomZone.runGuarded
  dart:async/zone.dart 1362:23                     _CustomZone.bindCallbackGuarded.<fn>
  dart:async/schedule_microtask.dart 40:35         _microtaskLoop
  dart:async/schedule_microtask.dart 49:5          _startMicrotaskLoop
  dart:isolate-patch/isolate_patch.dart 127:13     _runPendingImmediateCallback
  dart:isolate-patch/isolate_patch.dart 194:5      _RawReceivePort._handleMessage
  
test/navigation/snackbar_test.dart:3:8: Error: Error when reading 'lib/get.dart': No such file or directory
import 'package:jet/get.dart';
       ^
test/navigation/snackbar_test.dart:14:13: Error: Undefined name 'Get'.
            Get.snackbar(
            ^^^
test/navigation/snackbar_test.dart:9:7: Error: Method not found: 'GetMaterialApp'.
      GetMaterialApp(
      ^^^^^^^^^^^^^^
test/navigation/snackbar_test.dart:29:12: Error: Undefined name 'Get'.
    expect(Get.isSnackbarOpen, false);
           ^^^
test/navigation/snackbar_test.dart:32:12: Error: Undefined name 'Get'.
    expect(Get.isSnackbarOpen, true);
           ^^^
test/navigation/snackbar_test.dart:34:12: Error: Undefined name 'Get'.
    expect(Get.isSnackbarOpen, false);
           ^^^
test/navigation/snackbar_test.dart:44:13: Error: Undefined name 'Get'.
            Get.rawSnackbar(
            ^^^
test/navigation/snackbar_test.dart:39:7: Error: Method not found: 'GetMaterialApp'.
      GetMaterialApp(
      ^^^^^^^^^^^^^^
test/navigation/snackbar_test.dart:63:12: Error: Undefined name 'Get'.
    expect(Get.isSnackbarOpen, false);
           ^^^
test/navigation/snackbar_test.dart:68:12: Error: Undefined name 'Get'.
    expect(Get.isSnackbarOpen, true);
           ^^^
test/navigation/snackbar_test.dart:70:12: Error: Undefined name 'Get'.
    expect(Get.isSnackbarOpen, false);
           ^^^
test/navigation/snackbar_test.dart:84:13: Error: Undefined name 'Get'.
            Get.rawSnackbar(
            ^^^
test/navigation/snackbar_test.dart:86:13: Error: Undefined name 'Get'.
            Get.rawSnackbar(
            ^^^
test/navigation/snackbar_test.dart:79:7: Error: Method not found: 'GetMaterialApp'.
      GetMaterialApp(
      ^^^^^^^^^^^^^^
test/navigation/snackbar_test.dart:95:12: Error: Undefined name 'Get'.
    expect(Get.isSnackbarOpen, false);
           ^^^
test/navigation/snackbar_test.dart:97:12: Error: Undefined name 'Get'.
    expect(Get.isSnackbarOpen, true);
           ^^^
test/navigation/snackbar_test.dart:105:5: Error: Undefined name 'Get'.
    Get.closeAllSnackbars();
    ^^^
test/navigation/snackbar_test.dart:113:11: Error: 'GetSnackBar' isn't a type.
    const GetSnackBar getBar = GetSnackBar(
          ^^^^^^^^^^^
test/navigation/snackbar_test.dart:118:22: Error: Undefined name 'SnackPosition'.
      snackPosition: SnackPosition.bottom,
                     ^^^^^^^^^^^^^
test/navigation/snackbar_test.dart:113:32: Error: Method not found: 'GetSnackBar'.
    const GetSnackBar getBar = GetSnackBar(
                               ^^^^^^^^^^^
test/navigation/snackbar_test.dart:131:21: Error: Undefined name 'Get'.
                    Get.showSnackbar(getBar);
                    ^^^
test/navigation/snackbar_test.dart:122:29: Error: Method not found: 'GetMaterialApp'.
    await tester.pumpWidget(GetMaterialApp(
                            ^^^^^^^^^^^^^^
test/navigation/snackbar_test.dart:148:12: Error: Undefined name 'Get'.
    expect(Get.isSnackbarOpen, false);
           ^^^
test/navigation/snackbar_test.dart:154:12: Error: Undefined name 'Get'.
    expect(Get.isSnackbarOpen, true);
           ^^^
test/navigation/snackbar_test.dart:161:12: Error: Undefined name 'Get'.
    expect(Get.isSnackbarOpen, false);
           ^^^
test/navigation/snackbar_test.dart:169:16: Error: 'GetSnackBar' isn't a type.
    late final GetSnackBar getBar;
               ^^^^^^^^^^^
test/navigation/snackbar_test.dart:171:16: Error: 'SnackbarController' isn't a type.
    late final SnackbarController getBarController;
               ^^^^^^^^^^^^^^^^^^
test/navigation/snackbar_test.dart:182:30: Error: Method not found: 'GetSnackBar'.
                    getBar = GetSnackBar(
                             ^^^^^^^^^^^
test/navigation/snackbar_test.dart:191:40: Error: Undefined name 'Get'.
                    getBarController = Get.showSnackbar(getBar);
                                       ^^^
test/navigation/snackbar_test.dart:173:29: Error: Method not found: 'GetMaterialApp'.
    await tester.pumpWidget(GetMaterialApp(
                            ^^^^^^^^^^^^^^
test/navigation/snackbar_test.dart:208:12: Error: Undefined name 'Get'.
    expect(Get.isSnackbarOpen, false);
           ^^^
test/navigation/snackbar_test.dart:214:12: Error: Undefined name 'Get'.
    expect(Get.isSnackbarOpen, true);
           ^^^
test/navigation/snackbar_test.dart:228:16: Error: 'GetSnackBar' isn't a type.
    late final GetSnackBar getBar;
               ^^^^^^^^^^^
test/navigation/snackbar_test.dart:230:35: Error: Couldn't find constructor 'GetMaterialApp'.
    await tester.pumpWidget(const GetMaterialApp(home: Scaffold()));
                                  ^^^^^^^^^^^^^^
test/navigation/snackbar_test.dart:234:12: Error: Undefined name 'Get'.
    expect(Get.isSnackbarOpen, false);
           ^^^
test/navigation/snackbar_test.dart:237:14: Error: Method not found: 'GetSnackBar'.
    getBar = GetSnackBar(
             ^^^^^^^^^^^
test/navigation/snackbar_test.dart:248:5: Error: Undefined name 'Get'.
    Get.showSnackbar(getBar);
    ^^^
test/navigation/snackbar_test.dart:250:12: Error: Undefined name 'Get'.
    expect(Get.isSnackbarOpen, true);
           ^^^
test/navigation/snackbar_test.dart:257:12: Error: Undefined name 'Get'.
    expect(Get.isSnackbarOpen, false);
           ^^^
00:08 +0 -4: loading /Users/alamre/dev/2030/jetx/test/navigation/snackbar_test.dart [E]                                                                                                                
  Failed to load "/Users/alamre/dev/2030/jetx/test/navigation/snackbar_test.dart":
  Compilation failed for testPath=/Users/alamre/dev/2030/jetx/test/navigation/snackbar_test.dart: test/navigation/snackbar_test.dart:3:8: Error: Error when reading 'lib/get.dart': No such file or directory
  import 'package:jet/get.dart';
         ^
  test/navigation/snackbar_test.dart:14:13: Error: Undefined name 'Get'.
              Get.snackbar(
              ^^^
  test/navigation/snackbar_test.dart:9:7: Error: Method not found: 'GetMaterialApp'.
        GetMaterialApp(
        ^^^^^^^^^^^^^^
  test/navigation/snackbar_test.dart:29:12: Error: Undefined name 'Get'.
      expect(Get.isSnackbarOpen, false);
             ^^^
  test/navigation/snackbar_test.dart:32:12: Error: Undefined name 'Get'.
      expect(Get.isSnackbarOpen, true);
             ^^^
  test/navigation/snackbar_test.dart:34:12: Error: Undefined name 'Get'.
      expect(Get.isSnackbarOpen, false);
             ^^^
  test/navigation/snackbar_test.dart:44:13: Error: Undefined name 'Get'.
              Get.rawSnackbar(
              ^^^
  test/navigation/snackbar_test.dart:39:7: Error: Method not found: 'GetMaterialApp'.
        GetMaterialApp(
        ^^^^^^^^^^^^^^
  test/navigation/snackbar_test.dart:63:12: Error: Undefined name 'Get'.
      expect(Get.isSnackbarOpen, false);
             ^^^
  test/navigation/snackbar_test.dart:68:12: Error: Undefined name 'Get'.
      expect(Get.isSnackbarOpen, true);
             ^^^
  test/navigation/snackbar_test.dart:70:12: Error: Undefined name 'Get'.
      expect(Get.isSnackbarOpen, false);
             ^^^
  test/navigation/snackbar_test.dart:84:13: Error: Undefined name 'Get'.
              Get.rawSnackbar(
              ^^^
  test/navigation/snackbar_test.dart:86:13: Error: Undefined name 'Get'.
              Get.rawSnackbar(
              ^^^
  test/navigation/snackbar_test.dart:79:7: Error: Method not found: 'GetMaterialApp'.
        GetMaterialApp(
        ^^^^^^^^^^^^^^
  test/navigation/snackbar_test.dart:95:12: Error: Undefined name 'Get'.
      expect(Get.isSnackbarOpen, false);
             ^^^
  test/navigation/snackbar_test.dart:97:12: Error: Undefined name 'Get'.
      expect(Get.isSnackbarOpen, true);
             ^^^
  test/navigation/snackbar_test.dart:105:5: Error: Undefined name 'Get'.
      Get.closeAllSnackbars();
      ^^^
  test/navigation/snackbar_test.dart:113:11: Error: 'GetSnackBar' isn't a type.
      const GetSnackBar getBar = GetSnackBar(
            ^^^^^^^^^^^
  test/navigation/snackbar_test.dart:118:22: Error: Undefined name 'SnackPosition'.
        snackPosition: SnackPosition.bottom,
                       ^^^^^^^^^^^^^
  test/navigation/snackbar_test.dart:113:32: Error: Method not found: 'GetSnackBar'.
      const GetSnackBar getBar = GetSnackBar(
                                 ^^^^^^^^^^^
  test/navigation/snackbar_test.dart:131:21: Error: Undefined name 'Get'.
                      Get.showSnackbar(getBar);
                      ^^^
  test/navigation/snackbar_test.dart:122:29: Error: Method not found: 'GetMaterialApp'.
      await tester.pumpWidget(GetMaterialApp(
                              ^^^^^^^^^^^^^^
  test/navigation/snackbar_test.dart:148:12: Error: Undefined name 'Get'.
      expect(Get.isSnackbarOpen, false);
             ^^^
  test/navigation/snackbar_test.dart:154:12: Error: Undefined name 'Get'.
      expect(Get.isSnackbarOpen, true);
             ^^^
  test/navigation/snackbar_test.dart:161:12: Error: Undefined name 'Get'.
      expect(Get.isSnackbarOpen, false);
             ^^^
  test/navigation/snackbar_test.dart:169:16: Error: 'GetSnackBar' isn't a type.
      late final GetSnackBar getBar;
                 ^^^^^^^^^^^
  test/navigation/snackbar_test.dart:171:16: Error: 'SnackbarController' isn't a type.
      late final SnackbarController getBarController;
                 ^^^^^^^^^^^^^^^^^^
  test/navigation/snackbar_test.dart:182:30: Error: Method not found: 'GetSnackBar'.
                      getBar = GetSnackBar(
                               ^^^^^^^^^^^
  test/navigation/snackbar_test.dart:191:40: Error: Undefined name 'Get'.
                      getBarController = Get.showSnackbar(getBar);
                                         ^^^
  test/navigation/snackbar_test.dart:173:29: Error: Method not found: 'GetMaterialApp'.
      await tester.pumpWidget(GetMaterialApp(
                              ^^^^^^^^^^^^^^
  test/navigation/snackbar_test.dart:208:12: Error: Undefined name 'Get'.
      expect(Get.isSnackbarOpen, false);
             ^^^
  test/navigation/snackbar_test.dart:214:12: Error: Undefined name 'Get'.
      expect(Get.isSnackbarOpen, true);
             ^^^
  test/navigation/snackbar_test.dart:228:16: Error: 'GetSnackBar' isn't a type.
      late final GetSnackBar getBar;
                 ^^^^^^^^^^^
  test/navigation/snackbar_test.dart:230:35: Error: Couldn't find constructor 'GetMaterialApp'.
      await tester.pumpWidget(const GetMaterialApp(home: Scaffold()));
                                    ^^^^^^^^^^^^^^
  test/navigation/snackbar_test.dart:234:12: Error: Undefined name 'Get'.
      expect(Get.isSnackbarOpen, false);
             ^^^
  test/navigation/snackbar_test.dart:237:14: Error: Method not found: 'GetSnackBar'.
      getBar = GetSnackBar(
               ^^^^^^^^^^^
  test/navigation/snackbar_test.dart:248:5: Error: Undefined name 'Get'.
      Get.showSnackbar(getBar);
      ^^^
  test/navigation/snackbar_test.dart:250:12: Error: Undefined name 'Get'.
      expect(Get.isSnackbarOpen, true);
             ^^^
  test/navigation/snackbar_test.dart:257:12: Error: Undefined name 'Get'.
      expect(Get.isSnackbarOpen, false);
             ^^^
  .

To run this test again: /Users/alamre/development/flutter/bin/cache/dart-sdk/bin/dart test /Users/alamre/dev/2030/jetx/test/navigation/snackbar_test.dart -p vm --plain-name 'loading /Users/alamre/dev/2030/jetx/test/navigation/snackbar_test.dart'
00:08 +0 -4: loading /Users/alamre/dev/2030/jetx/test/internationalization/internationalization_test.dart [E]                                                                                          
  Error: The Dart compiler exited unexpectedly.
  package:flutter_tools/src/base/common.dart 34:3  throwToolExit
  package:flutter_tools/src/compile.dart 910:11    DefaultResidentCompiler._compile.<fn>
  dart:async/zone.dart 1538:47                     _rootRunUnary
  dart:async/zone.dart 1429:19                     _CustomZone.runUnary
  dart:async/future_impl.dart 948:45               Future._propagateToListeners.handleValueCallback
  dart:async/future_impl.dart 977:13               Future._propagateToListeners
  dart:async/future_impl.dart 862:9                Future._propagateToListeners
  dart:async/future_impl.dart 720:5                Future._completeWithValue
  dart:async/future_impl.dart 804:7                Future._asyncCompleteWithValue.<fn>
  dart:async/zone.dart 1525:13                     _rootRun
  dart:async/zone.dart 1422:19                     _CustomZone.run
  dart:async/zone.dart 1321:7                      _CustomZone.runGuarded
  dart:async/zone.dart 1362:23                     _CustomZone.bindCallbackGuarded.<fn>
  dart:async/schedule_microtask.dart 40:35         _microtaskLoop
  dart:async/schedule_microtask.dart 49:5          _startMicrotaskLoop
  dart:isolate-patch/isolate_patch.dart 127:13     _runPendingImmediateCallback
  dart:isolate-patch/isolate_patch.dart 194:5      _RawReceivePort._handleMessage
  
test/navigation/get_main_test.dart:3:8: Error: Error when reading 'lib/get.dart': No such file or directory
import 'package:jet/get.dart';
       ^
test/navigation/utils/wrapper.dart:2:8: Error: Error when reading 'lib/get.dart': No such file or directory
import 'package:jet/get.dart';
       ^
test/navigation/utils/wrapper.dart:6:14: Error: Type 'GetPage' not found.
  final List<GetPage>? namedRoutes;
             ^^^^^^^
test/navigation/utils/wrapper.dart:8:9: Error: Type 'Transition' not found.
  final Transition? defaultTransition;
        ^^^^^^^^^^
test/navigation/utils/wrapper.dart:37:14: Error: Type 'GetPage' not found.
  final List<GetPage>? namedRoutes;
             ^^^^^^^
test/navigation/utils/wrapper.dart:39:9: Error: Type 'Transition' not found.
  final Transition? defaultTransition;
        ^^^^^^^^^^
test/navigation/utils/wrapper.dart:59:35: Error: Type 'Translations' not found.
class WrapperTranslations extends Translations {
                                  ^^^^^^^^^^^^
test/navigation/get_main_test.dart:11:5: Error: Undefined name 'Get'.
    Get.to(() => const FirstScreen());
    ^^^
test/navigation/get_main_test.dart:22:9: Error: Method not found: 'GetPage'.
        GetPage(page: () => const FirstScreen(), name: '/first'),
        ^^^^^^^
test/navigation/get_main_test.dart:23:9: Error: Method not found: 'GetPage'.
        GetPage(page: () => const SecondScreen(), name: '/second'),
        ^^^^^^^
test/navigation/get_main_test.dart:24:9: Error: Method not found: 'GetPage'.
        GetPage(page: () => const ThirdScreen(), name: '/third')
        ^^^^^^^
test/navigation/get_main_test.dart:19:29: Error: Method not found: 'GetMaterialApp'.
    await tester.pumpWidget(GetMaterialApp(
                            ^^^^^^^^^^^^^^
test/navigation/get_main_test.dart:28:5: Error: Undefined name 'Get'.
    Get.toNamed('/second');
    ^^^
test/navigation/get_main_test.dart:38:21: Error: Method not found: 'GetPage'.
      unknownRoute: GetPage(name: '/404', page: () => const Scaffold()),
                    ^^^^^^^
test/navigation/get_main_test.dart:40:9: Error: Method not found: 'GetPage'.
        GetPage(page: () => const FirstScreen(), name: '/first'),
        ^^^^^^^
test/navigation/get_main_test.dart:41:9: Error: Method not found: 'GetPage'.
        GetPage(page: () => const SecondScreen(), name: '/second'),
        ^^^^^^^
test/navigation/get_main_test.dart:42:9: Error: Method not found: 'GetPage'.
        GetPage(page: () => const ThirdScreen(), name: '/third')
        ^^^^^^^
test/navigation/get_main_test.dart:36:29: Error: Method not found: 'GetMaterialApp'.
    await tester.pumpWidget(GetMaterialApp(
                            ^^^^^^^^^^^^^^
test/navigation/get_main_test.dart:46:5: Error: Undefined name 'Get'.
    Get.toNamed('/secondd');
    ^^^
test/navigation/get_main_test.dart:50:12: Error: Undefined name 'Get'.
    expect(Get.rootController.rootDelegate.currentConfiguration?.route?.name,
           ^^^
test/navigation/get_main_test.dart:58:5: Error: Undefined name 'Get'.
    Get.off(() => const SecondScreen());
    ^^^
test/navigation/get_main_test.dart:69:5: Error: Undefined name 'Get'.
    Get.off(() => const SecondScreen());
    ^^^
test/navigation/get_main_test.dart:70:5: Error: Undefined name 'Get'.
    Get.back();
    ^^^
test/navigation/get_main_test.dart:81:9: Error: Method not found: 'GetPage'.
        GetPage(name: '/first', page: () => const FirstScreen()),
        ^^^^^^^
test/navigation/get_main_test.dart:82:9: Error: Method not found: 'GetPage'.
        GetPage(name: '/second', page: () => const SecondScreen()),
        ^^^^^^^
test/navigation/get_main_test.dart:83:9: Error: Method not found: 'GetPage'.
        GetPage(name: '/third', page: () => const ThirdScreen()),
        ^^^^^^^
test/navigation/get_main_test.dart:78:29: Error: Method not found: 'GetMaterialApp'.
    await tester.pumpWidget(GetMaterialApp(
                            ^^^^^^^^^^^^^^
test/navigation/get_main_test.dart:89:5: Error: Undefined name 'Get'.
    Get.offNamed('/second');
    ^^^
test/navigation/get_main_test.dart:100:9: Error: Method not found: 'GetPage'.
        GetPage(name: '/first', page: () => const FirstScreen()),
        ^^^^^^^
test/navigation/get_main_test.dart:101:9: Error: Method not found: 'GetPage'.
        GetPage(name: '/second', page: () => const SecondScreen()),
        ^^^^^^^
test/navigation/get_main_test.dart:102:9: Error: Method not found: 'GetPage'.
        GetPage(name: '/third', page: () => const ThirdScreen()),
        ^^^^^^^
test/navigation/get_main_test.dart:97:29: Error: Method not found: 'GetMaterialApp'.
    await tester.pumpWidget(GetMaterialApp(
                            ^^^^^^^^^^^^^^
test/navigation/get_main_test.dart:108:5: Error: Undefined name 'Get'.
    Get.offNamed('/second');
    ^^^
test/navigation/get_main_test.dart:110:5: Error: Undefined name 'Get'.
    Get.back();
    ^^^
test/navigation/get_main_test.dart:121:9: Error: Method not found: 'GetPage'.
        GetPage(name: '/first', page: () => const FirstScreen()),
        ^^^^^^^
test/navigation/get_main_test.dart:122:9: Error: Method not found: 'GetPage'.
        GetPage(name: '/second', page: () => const SecondScreen()),
        ^^^^^^^
test/navigation/get_main_test.dart:123:9: Error: Method not found: 'GetPage'.
        GetPage(name: '/third', page: () => const ThirdScreen()),
        ^^^^^^^
test/navigation/get_main_test.dart:118:29: Error: Method not found: 'GetMaterialApp'.
    await tester.pumpWidget(GetMaterialApp(
                            ^^^^^^^^^^^^^^
test/navigation/get_main_test.dart:129:5: Error: Undefined name 'Get'.
    Get.toNamed('/second');
    ^^^
test/navigation/get_main_test.dart:131:5: Error: Undefined name 'Get'.
    Get.offNamed('/third');
    ^^^
test/navigation/get_main_test.dart:133:5: Error: Undefined name 'Get'.
    Get.back();
    ^^^
test/navigation/get_main_test.dart:144:5: Error: Undefined name 'Get'.
    Get.offAll(() => const SecondScreen());
    ^^^
test/navigation/get_main_test.dart:155:5: Error: Undefined name 'Get'.
    Get.to(() => const SecondScreen());
    ^^^
test/navigation/get_main_test.dart:157:5: Error: Undefined name 'Get'.
    Get.offAll(() => const ThirdScreen());
    ^^^
test/navigation/get_main_test.dart:159:5: Error: Undefined name 'Get'.
    Get.back();
    ^^^
test/navigation/get_main_test.dart:164:5: Error: Undefined name 'Get'.
    Get.back();
    ^^^
test/navigation/get_main_test.dart:176:9: Error: Method not found: 'GetPage'.
        GetPage(page: () => const FirstScreen(), name: '/first'),
        ^^^^^^^
test/navigation/get_main_test.dart:177:9: Error: Method not found: 'GetPage'.
        GetPage(page: () => const SecondScreen(), name: '/second'),
        ^^^^^^^
test/navigation/get_main_test.dart:178:9: Error: Method not found: 'GetPage'.
        GetPage(page: () => const ThirdScreen(), name: '/third')
        ^^^^^^^
test/navigation/get_main_test.dart:184:5: Error: Undefined name 'Get'.
    Get.toNamed('/second');
    ^^^
test/navigation/get_main_test.dart:195:9: Error: Method not found: 'GetPage'.
        GetPage(page: () => const FirstScreen(), name: '/first'),
        ^^^^^^^
test/navigation/get_main_test.dart:196:9: Error: Method not found: 'GetPage'.
        GetPage(page: () => const SecondScreen(), name: '/second'),
        ^^^^^^^
test/navigation/get_main_test.dart:197:9: Error: Method not found: 'GetPage'.
        GetPage(page: () => const ThirdScreen(), name: '/third')
        ^^^^^^^
test/navigation/get_main_test.dart:203:5: Error: Undefined name 'Get'.
    Get.toNamed('/second');
    ^^^
test/navigation/get_main_test.dart:205:5: Error: Undefined name 'Get'.
    Get.offAllNamed('/third');
    ^^^
test/navigation/get_main_test.dart:207:5: Error: Undefined name 'Get'.
    Get.back();
    ^^^
test/navigation/get_main_test.dart:212:5: Error: Undefined name 'Get'.
    Get.back();
    ^^^
test/navigation/get_main_test.dart:223:9: Error: Method not found: 'GetPage'.
        GetPage(page: () => const FirstScreen(), name: '/first'),
        ^^^^^^^
test/navigation/get_main_test.dart:224:9: Error: Method not found: 'GetPage'.
        GetPage(page: () => const SecondScreen(), name: '/second'),
        ^^^^^^^
test/navigation/get_main_test.dart:225:9: Error: Method not found: 'GetPage'.
        GetPage(page: () => const ThirdScreen(), name: '/third')
        ^^^^^^^
test/navigation/get_main_test.dart:229:5: Error: Undefined name 'Get'.
    Get.offAndToNamed('/second');
    ^^^
test/navigation/get_main_test.dart:240:9: Error: Method not found: 'GetPage'.
        GetPage(page: () => const FirstScreen(), name: '/first'),
        ^^^^^^^
test/navigation/get_main_test.dart:241:9: Error: Method not found: 'GetPage'.
        GetPage(page: () => const SecondScreen(), name: '/second'),
        ^^^^^^^
test/navigation/get_main_test.dart:242:9: Error: Method not found: 'GetPage'.
        GetPage(page: () => const ThirdScreen(), name: '/third')
        ^^^^^^^
test/navigation/get_main_test.dart:246:5: Error: Undefined name 'Get'.
    Get.offAndToNamed('/second');
    ^^^
test/navigation/get_main_test.dart:249:5: Error: Undefined name 'Get'.
    Get.back();
    ^^^
test/navigation/get_main_test.dart:259:5: Error: Undefined name 'Get'.
    Get.to(() => const FirstScreen());
    ^^^
test/navigation/get_main_test.dart:263:5: Error: Undefined name 'Get'.
    Get.offUntil(
    ^^^
test/navigation/get_main_test.dart:276:9: Error: Method not found: 'GetPage'.
        GetPage(page: () => const FirstScreen(), name: '/first'),
        ^^^^^^^
test/navigation/get_main_test.dart:277:9: Error: Method not found: 'GetPage'.
        GetPage(page: () => const SecondScreen(), name: '/second'),
        ^^^^^^^
test/navigation/get_main_test.dart:278:9: Error: Method not found: 'GetPage'.
        GetPage(page: () => const ThirdScreen(), name: '/third')
        ^^^^^^^
test/navigation/get_main_test.dart:282:5: Error: Undefined name 'Get'.
    Get.toNamed('/second');
    ^^^
test/navigation/get_main_test.dart:285:5: Error: Undefined name 'Get'.
    Get.toNamed('/third');
    ^^^
test/navigation/get_main_test.dart:288:5: Error: Undefined name 'Get'.
    Get.until((route) => route.name == '/first');
    ^^^
test/navigation/get_main_test.dart:302:5: Error: Undefined name 'Get'.
    Get.to(() => const FirstScreen());
    ^^^
test/navigation/get_main_test.dart:304:5: Error: Undefined name 'Get'.
    Get.to(() => const SecondScreen());
    ^^^
test/navigation/get_main_test.dart:306:5: Error: Undefined name 'Get'.
    Get.offUntil(
    ^^^
test/navigation/get_main_test.dart:309:5: Error: Undefined name 'Get'.
    Get.back();
    ^^^
test/navigation/get_main_test.dart:321:5: Error: Undefined name 'Get'.
    Get.to(() => const FirstScreen());
    ^^^
test/navigation/get_main_test.dart:323:5: Error: Undefined name 'Get'.
    Get.to(() => const SecondScreen());
    ^^^
test/navigation/get_main_test.dart:325:5: Error: Undefined name 'Get'.
    Get.offUntil(
    ^^^
test/navigation/get_main_test.dart:328:5: Error: Undefined name 'Get'.
    Get.back();
    ^^^
test/navigation/get_main_test.dart:340:11: Error: Method not found: 'GetPage'.
          GetPage(page: () => const FirstScreen(), name: '/first'),
          ^^^^^^^
test/navigation/get_main_test.dart:341:11: Error: Method not found: 'GetPage'.
          GetPage(page: () => const SecondScreen(), name: '/second'),
          ^^^^^^^
test/navigation/get_main_test.dart:342:11: Error: Method not found: 'GetPage'.
          GetPage(page: () => const ThirdScreen(), name: '/third')
          ^^^^^^^
test/navigation/get_main_test.dart:346:7: Error: Undefined name 'Get'.
      Get.offNamedUntil('/second', (route) => route.name == '/first');
      ^^^
test/navigation/get_main_test.dart:350:14: Error: Undefined name 'Get'.
      expect(Get.currentRoute, '/second');
             ^^^
test/navigation/get_main_test.dart:357:11: Error: Method not found: 'GetPage'.
          GetPage(page: () => const FirstScreen(), name: '/first'),
          ^^^^^^^
test/navigation/get_main_test.dart:358:11: Error: Method not found: 'GetPage'.
          GetPage(page: () => const SecondScreen(), name: '/second'),
          ^^^^^^^
test/navigation/get_main_test.dart:359:11: Error: Method not found: 'GetPage'.
          GetPage(page: () => const ThirdScreen(), name: '/third')
          ^^^^^^^
test/navigation/get_main_test.dart:363:7: Error: Undefined name 'Get'.
      Get.toNamed('/second');
      ^^^
test/navigation/get_main_test.dart:365:7: Error: Undefined name 'Get'.
      Get.offNamedUntil('/third', (route) => route.name == '/first');
      ^^^
test/navigation/get_main_test.dart:369:14: Error: Undefined name 'Get'.
      expect(Get.currentRoute, '/third');
             ^^^
test/navigation/get_main_test.dart:370:14: Error: Undefined name 'Get'.
      expect(Get.previousRoute, '/first');
             ^^^
test/navigation/get_main_test.dart:377:11: Error: Method not found: 'GetPage'.
          GetPage(page: () => const FirstScreen(), name: '/first'),
          ^^^^^^^
test/navigation/get_main_test.dart:378:11: Error: Method not found: 'GetPage'.
          GetPage(page: () => const SecondScreen(), name: '/second'),
          ^^^^^^^
test/navigation/get_main_test.dart:379:11: Error: Method not found: 'GetPage'.
          GetPage(page: () => const ThirdScreen(), name: '/third'),
          ^^^^^^^
test/navigation/get_main_test.dart:383:7: Error: Undefined name 'Get'.
      Get.toNamed('/second');
      ^^^
test/navigation/get_main_test.dart:385:7: Error: Undefined name 'Get'.
      Get.offNamedUntil('/third', (route) => route.name == '/first');
      ^^^
test/navigation/get_main_test.dart:387:7: Error: Undefined name 'Get'.
      Get.back();
      ^^^
test/navigation/get_main_test.dart:391:14: Error: Undefined name 'Get'.
      expect(Get.currentRoute, '/first');
             ^^^
test/navigation/get_main_test.dart:398:11: Error: Method not found: 'GetPage'.
          GetPage(page: () => const FirstScreen(), name: '/first'),
          ^^^^^^^
test/navigation/get_main_test.dart:399:11: Error: Method not found: 'GetPage'.
          GetPage(page: () => const SecondScreen(), name: '/second'),
          ^^^^^^^
test/navigation/get_main_test.dart:400:11: Error: Method not found: 'GetPage'.
          GetPage(page: () => const ThirdScreen(), name: '/third'),
          ^^^^^^^
test/navigation/get_main_test.dart:401:11: Error: Method not found: 'GetPage'.
          GetPage(page: () => const FourthScreen(), name: '/fourth'),
          ^^^^^^^
test/navigation/get_main_test.dart:405:7: Error: Undefined name 'Get'.
      Get.toNamed('/second');
      ^^^
test/navigation/get_main_test.dart:408:7: Error: Undefined name 'Get'.
      Get.toNamed('/third');
      ^^^
test/navigation/get_main_test.dart:411:7: Error: Undefined name 'Get'.
      Get.offNamedUntil('/fourth', (route) => false);
      ^^^
test/navigation/get_main_test.dart:415:14: Error: Undefined name 'Get'.
      expect(Get.currentRoute, '/fourth');
             ^^^
test/navigation/get_main_test.dart:416:14: Error: Undefined name 'Get'.
      expect(Get.previousRoute, '/first');
             ^^^
test/navigation/get_main_test.dart:423:11: Error: Method not found: 'GetPage'.
          GetPage(page: () => const FirstScreen(), name: '/first'),
          ^^^^^^^
test/navigation/get_main_test.dart:424:11: Error: Method not found: 'GetPage'.
          GetPage(page: () => const SecondScreen(), name: '/second'),
          ^^^^^^^
test/navigation/get_main_test.dart:425:11: Error: Method not found: 'GetPage'.
          GetPage(page: () => const ThirdScreen(), name: '/third'),
          ^^^^^^^
test/navigation/get_main_test.dart:426:11: Error: Method not found: 'GetPage'.
          GetPage(page: () => const FourthScreen(), name: '/fourth'),
          ^^^^^^^
test/navigation/get_main_test.dart:430:7: Error: Undefined name 'Get'.
      Get.toNamed('/second');
      ^^^
test/navigation/get_main_test.dart:432:7: Error: Undefined name 'Get'.
      Get.toNamed('/third');
      ^^^
test/navigation/get_main_test.dart:434:7: Error: Undefined name 'Get'.
      Get.offNamedUntil('/fourth', (route) => route.name == '/first');
      ^^^
test/navigation/get_main_test.dart:438:14: Error: Undefined name 'Get'.
      expect(Get.currentRoute, '/fourth');
             ^^^
test/navigation/get_main_test.dart:439:14: Error: Undefined name 'Get'.
      expect(Get.previousRoute, '/first');
             ^^^
test/navigation/get_main_test.dart:441:7: Error: Undefined name 'Get'.
      Get.back();
      ^^^
test/navigation/get_main_test.dart:445:14: Error: Undefined name 'Get'.
      expect(Get.currentRoute, '/first');
             ^^^
test/navigation/get_main_test.dart:453:9: Error: Method not found: 'GetPage'.
        GetPage(page: () => const FirstScreen(), name: '/first'),
        ^^^^^^^
test/navigation/get_main_test.dart:454:9: Error: Method not found: 'GetPage'.
        GetPage(page: () => const SecondScreen(), name: '/second'),
        ^^^^^^^
test/navigation/get_main_test.dart:455:9: Error: Method not found: 'GetPage'.
        GetPage(page: () => const ThirdScreen(), name: '/third')
        ^^^^^^^
test/navigation/get_main_test.dart:459:5: Error: Undefined name 'Get'.
    Get.offNamedUntil('/second', (route) => route.name == '/first');
    ^^^
test/navigation/get_main_test.dart:472:9: Error: Method not found: 'GetPage'.
        GetPage(page: () => const FirstScreen(), name: '/first'),
        ^^^^^^^
test/navigation/get_main_test.dart:473:9: Error: Method not found: 'GetPage'.
        GetPage(page: () => const SecondScreen(), name: '/second'),
        ^^^^^^^
test/navigation/get_main_test.dart:474:9: Error: Method not found: 'GetPage'.
        GetPage(page: () => const ThirdScreen(), name: '/third')
        ^^^^^^^
test/navigation/get_main_test.dart:478:5: Error: Undefined name 'Get'.
    Get.toNamed('/second');
    ^^^
test/navigation/get_main_test.dart:480:5: Error: Undefined name 'Get'.
    Get.offNamedUntil('/third', (route) => route.name == '/first');
    ^^^
test/navigation/get_main_test.dart:493:9: Error: Method not found: 'GetPage'.
        GetPage(page: () => const FirstScreen(), name: '/first'),
        ^^^^^^^
test/navigation/get_main_test.dart:494:9: Error: Method not found: 'GetPage'.
        GetPage(page: () => const SecondScreen(), name: '/second'),
        ^^^^^^^
test/navigation/get_main_test.dart:495:9: Error: Method not found: 'GetPage'.
        GetPage(page: () => const ThirdScreen(), name: '/third'),
        ^^^^^^^
test/navigation/get_main_test.dart:499:5: Error: Undefined name 'Get'.
    Get.toNamed('/second');
    ^^^
test/navigation/get_main_test.dart:501:5: Error: Undefined name 'Get'.
    Get.offNamedUntil('/third', (route) => route.name == '/first');
    ^^^
test/navigation/get_main_test.dart:503:5: Error: Undefined name 'Get'.
    Get.back();
    ^^^
test/navigation/get_main_test.dart:513:28: Error: Undefined name 'Transition'.
        defaultTransition: Transition.circularReveal,
                           ^^^^^^^^^^
test/navigation/get_main_test.dart:520:5: Error: Undefined name 'Get'.
    Get.to(() => const FirstScreen());
    ^^^
test/navigation/get_main_test.dart:523:5: Error: Undefined name 'Get'.
    Get.to(() => const SecondScreen());
    ^^^
test/navigation/get_main_test.dart:525:5: Error: Undefined name 'Get'.
    Get.back();
    ^^^
test/navigation/get_main_test.dart:537:28: Error: Undefined name 'Transition'.
        defaultTransition: Transition.circularReveal,
                           ^^^^^^^^^^
test/navigation/get_main_test.dart:544:5: Error: Undefined name 'Get'.
    Get.to(() => const FirstScreen());
    ^^^
test/navigation/get_main_test.dart:546:5: Error: Undefined name 'Get'.
    Get.to(() => const SecondScreen());
    ^^^
test/navigation/get_main_test.dart:548:5: Error: Undefined name 'Get'.
    Get.snackbar('title', "message");
    ^^^
test/navigation/get_main_test.dart:550:5: Error: Undefined name 'Get'.
    Get.backLegacy(closeOverlays: true);
    ^^^
test/navigation/get_main_test.dart:554:12: Error: Undefined name 'Get'.
    expect(Get.isSnackbarOpen, false);
           ^^^
test/navigation/get_main_test.dart:563:9: Error: Method not found: 'GetPage'.
        GetPage(page: () => const FirstScreen(), name: '/first'),
        ^^^^^^^
test/navigation/get_main_test.dart:564:9: Error: Method not found: 'GetPage'.
        GetPage(page: () => const SecondScreen(), name: '/second'),
        ^^^^^^^
test/navigation/get_main_test.dart:565:9: Error: Method not found: 'GetPage'.
        GetPage(page: () => const ThirdScreen(), name: '/third')
        ^^^^^^^
test/navigation/get_main_test.dart:571:5: Error: Undefined name 'Get'.
    Get.toNamed('/second');
    ^^^
test/navigation/get_main_test.dart:573:5: Error: Undefined name 'Get'.
    Get.toNamed('/third');
    ^^^
test/navigation/get_main_test.dart:575:5: Error: Undefined name 'Get'.
    Get.until((route) => route.name == '/first');
    ^^^
test/navigation/get_main_test.dart:585:30: Error: Undefined name 'Transition'.
          defaultTransition: Transition.fadeIn,
                             ^^^^^^^^^^
test/navigation/get_main_test.dart:590:7: Error: Undefined name 'Get'.
      Get.to(() => const FirstScreen());
      ^^^
test/navigation/get_main_test.dart:600:30: Error: Undefined name 'Transition'.
          defaultTransition: Transition.downToUp,
                             ^^^^^^^^^^
test/navigation/get_main_test.dart:605:7: Error: Undefined name 'Get'.
      Get.to(() => const FirstScreen());
      ^^^
test/navigation/get_main_test.dart:615:30: Error: Undefined name 'Transition'.
          defaultTransition: Transition.fade,
                             ^^^^^^^^^^
test/navigation/get_main_test.dart:620:7: Error: Undefined name 'Get'.
      Get.to(() => const FirstScreen());
      ^^^
test/navigation/get_main_test.dart:630:30: Error: Undefined name 'Transition'.
          defaultTransition: Transition.leftToRight,
                             ^^^^^^^^^^
test/navigation/get_main_test.dart:635:7: Error: Undefined name 'Get'.
      Get.to(() => const FirstScreen());
      ^^^
test/navigation/get_main_test.dart:645:30: Error: Undefined name 'Transition'.
          defaultTransition: Transition.leftToRightWithFade,
                             ^^^^^^^^^^
test/navigation/get_main_test.dart:650:7: Error: Undefined name 'Get'.
      Get.to(() => const FirstScreen());
      ^^^
test/navigation/get_main_test.dart:660:30: Error: Undefined name 'Transition'.
          defaultTransition: Transition.rightToLeft,
                             ^^^^^^^^^^
test/navigation/get_main_test.dart:665:7: Error: Undefined name 'Get'.
      Get.to(() => const FirstScreen());
      ^^^
test/navigation/get_main_test.dart:675:30: Error: Undefined name 'Transition'.
          defaultTransition: Transition.rightToLeft,
                             ^^^^^^^^^^
test/navigation/get_main_test.dart:680:7: Error: Undefined name 'Get'.
      Get.to(() => const FirstScreen());
      ^^^
test/navigation/get_main_test.dart:690:30: Error: Undefined name 'Transition'.
          defaultTransition: Transition.rightToLeftWithFade,
                             ^^^^^^^^^^
test/navigation/get_main_test.dart:695:7: Error: Undefined name 'Get'.
      Get.to(() => const FirstScreen());
      ^^^
test/navigation/get_main_test.dart:705:30: Error: Undefined name 'Transition'.
          defaultTransition: Transition.cupertino,
                             ^^^^^^^^^^
test/navigation/get_main_test.dart:710:7: Error: Undefined name 'Get'.
      Get.to(() => const FirstScreen());
      ^^^
test/navigation/get_main_test.dart:720:30: Error: Undefined name 'Transition'.
          defaultTransition: Transition.size,
                             ^^^^^^^^^^
test/navigation/get_main_test.dart:725:7: Error: Undefined name 'Get'.
      Get.to(() => const FirstScreen());
      ^^^
test/navigation/utils/wrapper.dart:6:14: Error: 'GetPage' isn't a type.
  final List<GetPage>? namedRoutes;
             ^^^^^^^
test/navigation/utils/wrapper.dart:8:9: Error: 'Transition' isn't a type.
  final Transition? defaultTransition;
        ^^^^^^^^^^
test/navigation/utils/wrapper.dart:20:12: Error: The method 'GetMaterialApp' isn't defined for the type 'Wrapper'.
 - 'Wrapper' is from 'test/navigation/utils/wrapper.dart'.
Try correcting the name to the name of an existing method, or defining a method named 'GetMaterialApp'.
    return GetMaterialApp(
           ^^^^^^^^^^^^^^
test/navigation/utils/wrapper.dart:37:14: Error: 'GetPage' isn't a type.
  final List<GetPage>? namedRoutes;
             ^^^^^^^
test/navigation/utils/wrapper.dart:39:9: Error: 'Transition' isn't a type.
  final Transition? defaultTransition;
        ^^^^^^^^^^
test/navigation/utils/wrapper.dart:51:12: Error: The method 'GetMaterialApp' isn't defined for the type 'WrapperNamed'.
 - 'WrapperNamed' is from 'test/navigation/utils/wrapper.dart'.
Try correcting the name to the name of an existing method, or defining a method named 'GetMaterialApp'.
    return GetMaterialApp(
           ^^^^^^^^^^^^^^
00:09 +0 -5: loading /Users/alamre/dev/2030/jetx/test/navigation/get_main_test.dart [E]                                                                                                                
  Failed to load "/Users/alamre/dev/2030/jetx/test/navigation/get_main_test.dart":
  Compilation failed for testPath=/Users/alamre/dev/2030/jetx/test/navigation/get_main_test.dart: test/navigation/get_main_test.dart:3:8: Error: Error when reading 'lib/get.dart': No such file or directory
  import 'package:jet/get.dart';
         ^
  test/navigation/utils/wrapper.dart:2:8: Error: Error when reading 'lib/get.dart': No such file or directory
  import 'package:jet/get.dart';
         ^
  test/navigation/utils/wrapper.dart:6:14: Error: Type 'GetPage' not found.
    final List<GetPage>? namedRoutes;
               ^^^^^^^
  test/navigation/utils/wrapper.dart:8:9: Error: Type 'Transition' not found.
    final Transition? defaultTransition;
          ^^^^^^^^^^
  test/navigation/utils/wrapper.dart:37:14: Error: Type 'GetPage' not found.
    final List<GetPage>? namedRoutes;
               ^^^^^^^
  test/navigation/utils/wrapper.dart:39:9: Error: Type 'Transition' not found.
    final Transition? defaultTransition;
          ^^^^^^^^^^
  test/navigation/utils/wrapper.dart:59:35: Error: Type 'Translations' not found.
  class WrapperTranslations extends Translations {
                                    ^^^^^^^^^^^^
  test/navigation/get_main_test.dart:11:5: Error: Undefined name 'Get'.
      Get.to(() => const FirstScreen());
      ^^^
  test/navigation/get_main_test.dart:22:9: Error: Method not found: 'GetPage'.
          GetPage(page: () => const FirstScreen(), name: '/first'),
          ^^^^^^^
  test/navigation/get_main_test.dart:23:9: Error: Method not found: 'GetPage'.
          GetPage(page: () => const SecondScreen(), name: '/second'),
          ^^^^^^^
  test/navigation/get_main_test.dart:24:9: Error: Method not found: 'GetPage'.
          GetPage(page: () => const ThirdScreen(), name: '/third')
          ^^^^^^^
  test/navigation/get_main_test.dart:19:29: Error: Method not found: 'GetMaterialApp'.
      await tester.pumpWidget(GetMaterialApp(
                              ^^^^^^^^^^^^^^
  test/navigation/get_main_test.dart:28:5: Error: Undefined name 'Get'.
      Get.toNamed('/second');
      ^^^
  test/navigation/get_main_test.dart:38:21: Error: Method not found: 'GetPage'.
        unknownRoute: GetPage(name: '/404', page: () => const Scaffold()),
                      ^^^^^^^
  test/navigation/get_main_test.dart:40:9: Error: Method not found: 'GetPage'.
          GetPage(page: () => const FirstScreen(), name: '/first'),
          ^^^^^^^
  test/navigation/get_main_test.dart:41:9: Error: Method not found: 'GetPage'.
          GetPage(page: () => const SecondScreen(), name: '/second'),
          ^^^^^^^
  test/navigation/get_main_test.dart:42:9: Error: Method not found: 'GetPage'.
          GetPage(page: () => const ThirdScreen(), name: '/third')
          ^^^^^^^
  test/navigation/get_main_test.dart:36:29: Error: Method not found: 'GetMaterialApp'.
      await tester.pumpWidget(GetMaterialApp(
                              ^^^^^^^^^^^^^^
  test/navigation/get_main_test.dart:46:5: Error: Undefined name 'Get'.
      Get.toNamed('/secondd');
      ^^^
  test/navigation/get_main_test.dart:50:12: Error: Undefined name 'Get'.
      expect(Get.rootController.rootDelegate.currentConfiguration?.route?.name,
             ^^^
  test/navigation/get_main_test.dart:58:5: Error: Undefined name 'Get'.
      Get.off(() => const SecondScreen());
      ^^^
  test/navigation/get_main_test.dart:69:5: Error: Undefined name 'Get'.
      Get.off(() => const SecondScreen());
      ^^^
  test/navigation/get_main_test.dart:70:5: Error: Undefined name 'Get'.
      Get.back();
      ^^^
  test/navigation/get_main_test.dart:81:9: Error: Method not found: 'GetPage'.
          GetPage(name: '/first', page: () => const FirstScreen()),
          ^^^^^^^
  test/navigation/get_main_test.dart:82:9: Error: Method not found: 'GetPage'.
          GetPage(name: '/second', page: () => const SecondScreen()),
          ^^^^^^^
  test/navigation/get_main_test.dart:83:9: Error: Method not found: 'GetPage'.
          GetPage(name: '/third', page: () => const ThirdScreen()),
          ^^^^^^^
  test/navigation/get_main_test.dart:78:29: Error: Method not found: 'GetMaterialApp'.
      await tester.pumpWidget(GetMaterialApp(
                              ^^^^^^^^^^^^^^
  test/navigation/get_main_test.dart:89:5: Error: Undefined name 'Get'.
      Get.offNamed('/second');
      ^^^
  test/navigation/get_main_test.dart:100:9: Error: Method not found: 'GetPage'.
          GetPage(name: '/first', page: () => const FirstScreen()),
          ^^^^^^^
  test/navigation/get_main_test.dart:101:9: Error: Method not found: 'GetPage'.
          GetPage(name: '/second', page: () => const SecondScreen()),
          ^^^^^^^
  test/navigation/get_main_test.dart:102:9: Error: Method not found: 'GetPage'.
          GetPage(name: '/third', page: () => const ThirdScreen()),
          ^^^^^^^
  test/navigation/get_main_test.dart:97:29: Error: Method not found: 'GetMaterialApp'.
      await tester.pumpWidget(GetMaterialApp(
                              ^^^^^^^^^^^^^^
  test/navigation/get_main_test.dart:108:5: Error: Undefined name 'Get'.
      Get.offNamed('/second');
      ^^^
  test/navigation/get_main_test.dart:110:5: Error: Undefined name 'Get'.
      Get.back();
      ^^^
  test/navigation/get_main_test.dart:121:9: Error: Method not found: 'GetPage'.
          GetPage(name: '/first', page: () => const FirstScreen()),
          ^^^^^^^
  test/navigation/get_main_test.dart:122:9: Error: Method not found: 'GetPage'.
          GetPage(name: '/second', page: () => const SecondScreen()),
          ^^^^^^^
  test/navigation/get_main_test.dart:123:9: Error: Method not found: 'GetPage'.
          GetPage(name: '/third', page: () => const ThirdScreen()),
          ^^^^^^^
  test/navigation/get_main_test.dart:118:29: Error: Method not found: 'GetMaterialApp'.
      await tester.pumpWidget(GetMaterialApp(
                              ^^^^^^^^^^^^^^
  test/navigation/get_main_test.dart:129:5: Error: Undefined name 'Get'.
      Get.toNamed('/second');
      ^^^
  test/navigation/get_main_test.dart:131:5: Error: Undefined name 'Get'.
      Get.offNamed('/third');
      ^^^
  test/navigation/get_main_test.dart:133:5: Error: Undefined name 'Get'.
      Get.back();
      ^^^
  test/navigation/get_main_test.dart:144:5: Error: Undefined name 'Get'.
      Get.offAll(() => const SecondScreen());
      ^^^
  test/navigation/get_main_test.dart:155:5: Error: Undefined name 'Get'.
      Get.to(() => const SecondScreen());
      ^^^
  test/navigation/get_main_test.dart:157:5: Error: Undefined name 'Get'.
      Get.offAll(() => const ThirdScreen());
      ^^^
  test/navigation/get_main_test.dart:159:5: Error: Undefined name 'Get'.
      Get.back();
      ^^^
  test/navigation/get_main_test.dart:164:5: Error: Undefined name 'Get'.
      Get.back();
      ^^^
  test/navigation/get_main_test.dart:176:9: Error: Method not found: 'GetPage'.
          GetPage(page: () => const FirstScreen(), name: '/first'),
          ^^^^^^^
  test/navigation/get_main_test.dart:177:9: Error: Method not found: 'GetPage'.
          GetPage(page: () => const SecondScreen(), name: '/second'),
          ^^^^^^^
  test/navigation/get_main_test.dart:178:9: Error: Method not found: 'GetPage'.
          GetPage(page: () => const ThirdScreen(), name: '/third')
          ^^^^^^^
  test/navigation/get_main_test.dart:184:5: Error: Undefined name 'Get'.
      Get.toNamed('/second');
      ^^^
  test/navigation/get_main_test.dart:195:9: Error: Method not found: 'GetPage'.
          GetPage(page: () => const FirstScreen(), name: '/first'),
          ^^^^^^^
  test/navigation/get_main_test.dart:196:9: Error: Method not found: 'GetPage'.
          GetPage(page: () => const SecondScreen(), name: '/second'),
          ^^^^^^^
  test/navigation/get_main_test.dart:197:9: Error: Method not found: 'GetPage'.
          GetPage(page: () => const ThirdScreen(), name: '/third')
          ^^^^^^^
  test/navigation/get_main_test.dart:203:5: Error: Undefined name 'Get'.
      Get.toNamed('/second');
      ^^^
  test/navigation/get_main_test.dart:205:5: Error: Undefined name 'Get'.
      Get.offAllNamed('/third');
      ^^^
  test/navigation/get_main_test.dart:207:5: Error: Undefined name 'Get'.
      Get.back();
      ^^^
  test/navigation/get_main_test.dart:212:5: Error: Undefined name 'Get'.
      Get.back();
      ^^^
  test/navigation/get_main_test.dart:223:9: Error: Method not found: 'GetPage'.
          GetPage(page: () => const FirstScreen(), name: '/first'),
          ^^^^^^^
  test/navigation/get_main_test.dart:224:9: Error: Method not found: 'GetPage'.
          GetPage(page: () => const SecondScreen(), name: '/second'),
          ^^^^^^^
  test/navigation/get_main_test.dart:225:9: Error: Method not found: 'GetPage'.
          GetPage(page: () => const ThirdScreen(), name: '/third')
          ^^^^^^^
  test/navigation/get_main_test.dart:229:5: Error: Undefined name 'Get'.
      Get.offAndToNamed('/second');
      ^^^
  test/navigation/get_main_test.dart:240:9: Error: Method not found: 'GetPage'.
          GetPage(page: () => const FirstScreen(), name: '/first'),
          ^^^^^^^
  test/navigation/get_main_test.dart:241:9: Error: Method not found: 'GetPage'.
          GetPage(page: () => const SecondScreen(), name: '/second'),
          ^^^^^^^
  test/navigation/get_main_test.dart:242:9: Error: Method not found: 'GetPage'.
          GetPage(page: () => const ThirdScreen(), name: '/third')
          ^^^^^^^
  test/navigation/get_main_test.dart:246:5: Error: Undefined name 'Get'.
      Get.offAndToNamed('/second');
      ^^^
  test/navigation/get_main_test.dart:249:5: Error: Undefined name 'Get'.
      Get.back();
      ^^^
  test/navigation/get_main_test.dart:259:5: Error: Undefined name 'Get'.
      Get.to(() => const FirstScreen());
      ^^^
  test/navigation/get_main_test.dart:263:5: Error: Undefined name 'Get'.
      Get.offUntil(
      ^^^
  test/navigation/get_main_test.dart:276:9: Error: Method not found: 'GetPage'.
          GetPage(page: () => const FirstScreen(), name: '/first'),
          ^^^^^^^
  test/navigation/get_main_test.dart:277:9: Error: Method not found: 'GetPage'.
          GetPage(page: () => const SecondScreen(), name: '/second'),
          ^^^^^^^
  test/navigation/get_main_test.dart:278:9: Error: Method not found: 'GetPage'.
          GetPage(page: () => const ThirdScreen(), name: '/third')
          ^^^^^^^
  test/navigation/get_main_test.dart:282:5: Error: Undefined name 'Get'.
      Get.toNamed('/second');
      ^^^
  test/navigation/get_main_test.dart:285:5: Error: Undefined name 'Get'.
      Get.toNamed('/third');
      ^^^
  test/navigation/get_main_test.dart:288:5: Error: Undefined name 'Get'.
      Get.until((route) => route.name == '/first');
      ^^^
  test/navigation/get_main_test.dart:302:5: Error: Undefined name 'Get'.
      Get.to(() => const FirstScreen());
      ^^^
  test/navigation/get_main_test.dart:304:5: Error: Undefined name 'Get'.
      Get.to(() => const SecondScreen());
      ^^^
  test/navigation/get_main_test.dart:306:5: Error: Undefined name 'Get'.
      Get.offUntil(
      ^^^
  test/navigation/get_main_test.dart:309:5: Error: Undefined name 'Get'.
      Get.back();
      ^^^
  test/navigation/get_main_test.dart:321:5: Error: Undefined name 'Get'.
      Get.to(() => const FirstScreen());
      ^^^
  test/navigation/get_main_test.dart:323:5: Error: Undefined name 'Get'.
      Get.to(() => const SecondScreen());
      ^^^
  test/navigation/get_main_test.dart:325:5: Error: Undefined name 'Get'.
      Get.offUntil(
      ^^^
  test/navigation/get_main_test.dart:328:5: Error: Undefined name 'Get'.
      Get.back();
      ^^^
  test/navigation/get_main_test.dart:340:11: Error: Method not found: 'GetPage'.
            GetPage(page: () => const FirstScreen(), name: '/first'),
            ^^^^^^^
  test/navigation/get_main_test.dart:341:11: Error: Method not found: 'GetPage'.
            GetPage(page: () => const SecondScreen(), name: '/second'),
            ^^^^^^^
  test/navigation/get_main_test.dart:342:11: Error: Method not found: 'GetPage'.
            GetPage(page: () => const ThirdScreen(), name: '/third')
            ^^^^^^^
  test/navigation/get_main_test.dart:346:7: Error: Undefined name 'Get'.
        Get.offNamedUntil('/second', (route) => route.name == '/first');
        ^^^
  test/navigation/get_main_test.dart:350:14: Error: Undefined name 'Get'.
        expect(Get.currentRoute, '/second');
               ^^^
  test/navigation/get_main_test.dart:357:11: Error: Method not found: 'GetPage'.
            GetPage(page: () => const FirstScreen(), name: '/first'),
            ^^^^^^^
  test/navigation/get_main_test.dart:358:11: Error: Method not found: 'GetPage'.
            GetPage(page: () => const SecondScreen(), name: '/second'),
            ^^^^^^^
  test/navigation/get_main_test.dart:359:11: Error: Method not found: 'GetPage'.
            GetPage(page: () => const ThirdScreen(), name: '/third')
            ^^^^^^^
  test/navigation/get_main_test.dart:363:7: Error: Undefined name 'Get'.
        Get.toNamed('/second');
        ^^^
  test/navigation/get_main_test.dart:365:7: Error: Undefined name 'Get'.
        Get.offNamedUntil('/third', (route) => route.name == '/first');
        ^^^
  test/navigation/get_main_test.dart:369:14: Error: Undefined name 'Get'.
        expect(Get.currentRoute, '/third');
               ^^^
  test/navigation/get_main_test.dart:370:14: Error: Undefined name 'Get'.
        expect(Get.previousRoute, '/first');
               ^^^
  test/navigation/get_main_test.dart:377:11: Error: Method not found: 'GetPage'.
            GetPage(page: () => const FirstScreen(), name: '/first'),
            ^^^^^^^
  test/navigation/get_main_test.dart:378:11: Error: Method not found: 'GetPage'.
            GetPage(page: () => const SecondScreen(), name: '/second'),
            ^^^^^^^
  test/navigation/get_main_test.dart:379:11: Error: Method not found: 'GetPage'.
            GetPage(page: () => const ThirdScreen(), name: '/third'),
            ^^^^^^^
  test/navigation/get_main_test.dart:383:7: Error: Undefined name 'Get'.
        Get.toNamed('/second');
        ^^^
  test/navigation/get_main_test.dart:385:7: Error: Undefined name 'Get'.
        Get.offNamedUntil('/third', (route) => route.name == '/first');
        ^^^
  test/navigation/get_main_test.dart:387:7: Error: Undefined name 'Get'.
        Get.back();
        ^^^
  test/navigation/get_main_test.dart:391:14: Error: Undefined name 'Get'.
        expect(Get.currentRoute, '/first');
               ^^^
  test/navigation/get_main_test.dart:398:11: Error: Method not found: 'GetPage'.
            GetPage(page: () => const FirstScreen(), name: '/first'),
            ^^^^^^^
  test/navigation/get_main_test.dart:399:11: Error: Method not found: 'GetPage'.
            GetPage(page: () => const SecondScreen(), name: '/second'),
            ^^^^^^^
  test/navigation/get_main_test.dart:400:11: Error: Method not found: 'GetPage'.
            GetPage(page: () => const ThirdScreen(), name: '/third'),
            ^^^^^^^
  test/navigation/get_main_test.dart:401:11: Error: Method not found: 'GetPage'.
            GetPage(page: () => const FourthScreen(), name: '/fourth'),
            ^^^^^^^
  test/navigation/get_main_test.dart:405:7: Error: Undefined name 'Get'.
        Get.toNamed('/second');
        ^^^
  test/navigation/get_main_test.dart:408:7: Error: Undefined name 'Get'.
        Get.toNamed('/third');
        ^^^
  test/navigation/get_main_test.dart:411:7: Error: Undefined name 'Get'.
        Get.offNamedUntil('/fourth', (route) => false);
        ^^^
  test/navigation/get_main_test.dart:415:14: Error: Undefined name 'Get'.
        expect(Get.currentRoute, '/fourth');
               ^^^
  test/navigation/get_main_test.dart:416:14: Error: Undefined name 'Get'.
        expect(Get.previousRoute, '/first');
               ^^^
  test/navigation/get_main_test.dart:423:11: Error: Method not found: 'GetPage'.
            GetPage(page: () => const FirstScreen(), name: '/first'),
            ^^^^^^^
  test/navigation/get_main_test.dart:424:11: Error: Method not found: 'GetPage'.
            GetPage(page: () => const SecondScreen(), name: '/second'),
            ^^^^^^^
  test/navigation/get_main_test.dart:425:11: Error: Method not found: 'GetPage'.
            GetPage(page: () => const ThirdScreen(), name: '/third'),
            ^^^^^^^
  test/navigation/get_main_test.dart:426:11: Error: Method not found: 'GetPage'.
            GetPage(page: () => const FourthScreen(), name: '/fourth'),
            ^^^^^^^
  test/navigation/get_main_test.dart:430:7: Error: Undefined name 'Get'.
        Get.toNamed('/second');
        ^^^
  test/navigation/get_main_test.dart:432:7: Error: Undefined name 'Get'.
        Get.toNamed('/third');
        ^^^
  test/navigation/get_main_test.dart:434:7: Error: Undefined name 'Get'.
        Get.offNamedUntil('/fourth', (route) => route.name == '/first');
        ^^^
  test/navigation/get_main_test.dart:438:14: Error: Undefined name 'Get'.
        expect(Get.currentRoute, '/fourth');
               ^^^
  test/navigation/get_main_test.dart:439:14: Error: Undefined name 'Get'.
        expect(Get.previousRoute, '/first');
               ^^^
  test/navigation/get_main_test.dart:441:7: Error: Undefined name 'Get'.
        Get.back();
        ^^^
  test/navigation/get_main_test.dart:445:14: Error: Undefined name 'Get'.
        expect(Get.currentRoute, '/first');
               ^^^
  test/navigation/get_main_test.dart:453:9: Error: Method not found: 'GetPage'.
          GetPage(page: () => const FirstScreen(), name: '/first'),
          ^^^^^^^
  test/navigation/get_main_test.dart:454:9: Error: Method not found: 'GetPage'.
          GetPage(page: () => const SecondScreen(), name: '/second'),
          ^^^^^^^
  test/navigation/get_main_test.dart:455:9: Error: Method not found: 'GetPage'.
          GetPage(page: () => const ThirdScreen(), name: '/third')
          ^^^^^^^
  test/navigation/get_main_test.dart:459:5: Error: Undefined name 'Get'.
      Get.offNamedUntil('/second', (route) => route.name == '/first');
      ^^^
  test/navigation/get_main_test.dart:472:9: Error: Method not found: 'GetPage'.
          GetPage(page: () => const FirstScreen(), name: '/first'),
          ^^^^^^^
  test/navigation/get_main_test.dart:473:9: Error: Method not found: 'GetPage'.
          GetPage(page: () => const SecondScreen(), name: '/second'),
          ^^^^^^^
  test/navigation/get_main_test.dart:474:9: Error: Method not found: 'GetPage'.
          GetPage(page: () => const ThirdScreen(), name: '/third')
          ^^^^^^^
  test/navigation/get_main_test.dart:478:5: Error: Undefined name 'Get'.
      Get.toNamed('/second');
      ^^^
  test/navigation/get_main_test.dart:480:5: Error: Undefined name 'Get'.
      Get.offNamedUntil('/third', (route) => route.name == '/first');
      ^^^
  test/navigation/get_main_test.dart:493:9: Error: Method not found: 'GetPage'.
          GetPage(page: () => const FirstScreen(), name: '/first'),
          ^^^^^^^
  test/navigation/get_main_test.dart:494:9: Error: Method not found: 'GetPage'.
          GetPage(page: () => const SecondScreen(), name: '/second'),
          ^^^^^^^
  test/navigation/get_main_test.dart:495:9: Error: Method not found: 'GetPage'.
          GetPage(page: () => const ThirdScreen(), name: '/third'),
          ^^^^^^^
  test/navigation/get_main_test.dart:499:5: Error: Undefined name 'Get'.
      Get.toNamed('/second');
      ^^^
  test/navigation/get_main_test.dart:501:5: Error: Undefined name 'Get'.
      Get.offNamedUntil('/third', (route) => route.name == '/first');
      ^^^
  test/navigation/get_main_test.dart:503:5: Error: Undefined name 'Get'.
      Get.back();
      ^^^
  test/navigation/get_main_test.dart:513:28: Error: Undefined name 'Transition'.
          defaultTransition: Transition.circularReveal,
                             ^^^^^^^^^^
  test/navigation/get_main_test.dart:520:5: Error: Undefined name 'Get'.
      Get.to(() => const FirstScreen());
      ^^^
  test/navigation/get_main_test.dart:523:5: Error: Undefined name 'Get'.
      Get.to(() => const SecondScreen());
      ^^^
  test/navigation/get_main_test.dart:525:5: Error: Undefined name 'Get'.
      Get.back();
      ^^^
  test/navigation/get_main_test.dart:537:28: Error: Undefined name 'Transition'.
          defaultTransition: Transition.circularReveal,
                             ^^^^^^^^^^
  test/navigation/get_main_test.dart:544:5: Error: Undefined name 'Get'.
      Get.to(() => const FirstScreen());
      ^^^
  test/navigation/get_main_test.dart:546:5: Error: Undefined name 'Get'.
      Get.to(() => const SecondScreen());
      ^^^
  test/navigation/get_main_test.dart:548:5: Error: Undefined name 'Get'.
      Get.snackbar('title', "message");
      ^^^
  test/navigation/get_main_test.dart:550:5: Error: Undefined name 'Get'.
      Get.backLegacy(closeOverlays: true);
      ^^^
  test/navigation/get_main_test.dart:554:12: Error: Undefined name 'Get'.
      expect(Get.isSnackbarOpen, false);
             ^^^
  test/navigation/get_main_test.dart:563:9: Error: Method not found: 'GetPage'.
          GetPage(page: () => const FirstScreen(), name: '/first'),
          ^^^^^^^
  test/navigation/get_main_test.dart:564:9: Error: Method not found: 'GetPage'.
          GetPage(page: () => const SecondScreen(), name: '/second'),
          ^^^^^^^
  test/navigation/get_main_test.dart:565:9: Error: Method not found: 'GetPage'.
          GetPage(page: () => const ThirdScreen(), name: '/third')
          ^^^^^^^
  test/navigation/get_main_test.dart:571:5: Error: Undefined name 'Get'.
      Get.toNamed('/second');
      ^^^
  test/navigation/get_main_test.dart:573:5: Error: Undefined name 'Get'.
      Get.toNamed('/third');
      ^^^
  test/navigation/get_main_test.dart:575:5: Error: Undefined name 'Get'.
      Get.until((route) => route.name == '/first');
      ^^^
  test/navigation/get_main_test.dart:585:30: Error: Undefined name 'Transition'.
            defaultTransition: Transition.fadeIn,
                               ^^^^^^^^^^
  test/navigation/get_main_test.dart:590:7: Error: Undefined name 'Get'.
        Get.to(() => const FirstScreen());
        ^^^
  test/navigation/get_main_test.dart:600:30: Error: Undefined name 'Transition'.
            defaultTransition: Transition.downToUp,
                               ^^^^^^^^^^
  test/navigation/get_main_test.dart:605:7: Error: Undefined name 'Get'.
        Get.to(() => const FirstScreen());
        ^^^
  test/navigation/get_main_test.dart:615:30: Error: Undefined name 'Transition'.
            defaultTransition: Transition.fade,
                               ^^^^^^^^^^
  test/navigation/get_main_test.dart:620:7: Error: Undefined name 'Get'.
        Get.to(() => const FirstScreen());
        ^^^
  test/navigation/get_main_test.dart:630:30: Error: Undefined name 'Transition'.
            defaultTransition: Transition.leftToRight,
                               ^^^^^^^^^^
  test/navigation/get_main_test.dart:635:7: Error: Undefined name 'Get'.
        Get.to(() => const FirstScreen());
        ^^^
  test/navigation/get_main_test.dart:645:30: Error: Undefined name 'Transition'.
            defaultTransition: Transition.leftToRightWithFade,
                               ^^^^^^^^^^
  test/navigation/get_main_test.dart:650:7: Error: Undefined name 'Get'.
        Get.to(() => const FirstScreen());
        ^^^
  test/navigation/get_main_test.dart:660:30: Error: Undefined name 'Transition'.
            defaultTransition: Transition.rightToLeft,
                               ^^^^^^^^^^
  test/navigation/get_main_test.dart:665:7: Error: Undefined name 'Get'.
        Get.to(() => const FirstScreen());
        ^^^
  test/navigation/get_main_test.dart:675:30: Error: Undefined name 'Transition'.
            defaultTransition: Transition.rightToLeft,
                               ^^^^^^^^^^
  test/navigation/get_main_test.dart:680:7: Error: Undefined name 'Get'.
        Get.to(() => const FirstScreen());
        ^^^
  test/navigation/get_main_test.dart:690:30: Error: Undefined name 'Transition'.
            defaultTransition: Transition.rightToLeftWithFade,
                               ^^^^^^^^^^
  test/navigation/get_main_test.dart:695:7: Error: Undefined name 'Get'.
        Get.to(() => const FirstScreen());
        ^^^
  test/navigation/get_main_test.dart:705:30: Error: Undefined name 'Transition'.
            defaultTransition: Transition.cupertino,
                               ^^^^^^^^^^
  test/navigation/get_main_test.dart:710:7: Error: Undefined name 'Get'.
        Get.to(() => const FirstScreen());
        ^^^
  test/navigation/get_main_test.dart:720:30: Error: Undefined name 'Transition'.
            defaultTransition: Transition.size,
                               ^^^^^^^^^^
  test/navigation/get_main_test.dart:725:7: Error: Undefined name 'Get'.
        Get.to(() => const FirstScreen());
        ^^^
  test/navigation/utils/wrapper.dart:6:14: Error: 'GetPage' isn't a type.
    final List<GetPage>? namedRoutes;
               ^^^^^^^
  test/navigation/utils/wrapper.dart:8:9: Error: 'Transition' isn't a type.
    final Transition? defaultTransition;
          ^^^^^^^^^^
  test/navigation/utils/wrapper.dart:20:12: Error: The method 'GetMaterialApp' isn't defined for the type 'Wrapper'.
   - 'Wrapper' is from 'test/navigation/utils/wrapper.dart'.
  Try correcting the name to the name of an existing method, or defining a method named 'GetMaterialApp'.
      return GetMaterialApp(
             ^^^^^^^^^^^^^^
  test/navigation/utils/wrapper.dart:37:14: Error: 'GetPage' isn't a type.
    final List<GetPage>? namedRoutes;
               ^^^^^^^
  test/navigation/utils/wrapper.dart:39:9: Error: 'Transition' isn't a type.
    final Transition? defaultTransition;
          ^^^^^^^^^^
  test/navigation/utils/wrapper.dart:51:12: Error: The method 'GetMaterialApp' isn't defined for the type 'WrapperNamed'.
   - 'WrapperNamed' is from 'test/navigation/utils/wrapper.dart'.
  Try correcting the name to the name of an existing method, or defining a method named 'GetMaterialApp'.
      return GetMaterialApp(
             ^^^^^^^^^^^^^^
  .

To run this test again: /Users/alamre/development/flutter/bin/cache/dart-sdk/bin/dart test /Users/alamre/dev/2030/jetx/test/navigation/get_main_test.dart -p vm --plain-name 'loading /Users/alamre/dev/2030/jetx/test/navigation/get_main_test.dart'
00:09 +0 -5: loading /Users/alamre/dev/2030/jetx/test/internationalization/internationalization_test.dart [E]                                                                                          
  Error: The Dart compiler exited unexpectedly.
  package:flutter_tools/src/base/common.dart 34:3  throwToolExit
  package:flutter_tools/src/compile.dart 910:11    DefaultResidentCompiler._compile.<fn>
  dart:async/zone.dart 1538:47                     _rootRunUnary
  dart:async/zone.dart 1429:19                     _CustomZone.runUnary
  dart:async/future_impl.dart 948:45               Future._propagateToListeners.handleValueCallback
  dart:async/future_impl.dart 977:13               Future._propagateToListeners
  dart:async/future_impl.dart 862:9                Future._propagateToListeners
  dart:async/future_impl.dart 720:5                Future._completeWithValue
  dart:async/future_impl.dart 804:7                Future._asyncCompleteWithValue.<fn>
  dart:async/zone.dart 1525:13                     _rootRun
  dart:async/zone.dart 1422:19                     _CustomZone.run
  dart:async/zone.dart 1321:7                      _CustomZone.runGuarded
  dart:async/zone.dart 1362:23                     _CustomZone.bindCallbackGuarded.<fn>
  dart:async/schedule_microtask.dart 40:35         _microtaskLoop
  dart:async/schedule_microtask.dart 49:5          _startMicrotaskLoop
  dart:isolate-patch/isolate_patch.dart 127:13     _runPendingImmediateCallback
  dart:isolate-patch/isolate_patch.dart 194:5      _RawReceivePort._handleMessage
  
00:09 +0 -5: loading /Users/alamre/dev/2030/jetx/test/navigation/root_widget_test.dart                                                                                                                 test/navigation/bottomsheet_test.dart:3:8: Error: Error when reading 'lib/get.dart': No such file or directory
import 'package:jet/get.dart';
       ^
test/navigation/utils/wrapper.dart:2:8: Error: Error when reading 'lib/get.dart': No such file or directory
import 'package:jet/get.dart';
       ^
test/navigation/utils/wrapper.dart:6:14: Error: Type 'GetPage' not found.
  final List<GetPage>? namedRoutes;
             ^^^^^^^
test/navigation/utils/wrapper.dart:8:9: Error: Type 'Transition' not found.
  final Transition? defaultTransition;
        ^^^^^^^^^^
test/navigation/utils/wrapper.dart:37:14: Error: Type 'GetPage' not found.
  final List<GetPage>? namedRoutes;
             ^^^^^^^
test/navigation/utils/wrapper.dart:39:9: Error: Type 'Transition' not found.
  final Transition? defaultTransition;
        ^^^^^^^^^^
test/navigation/utils/wrapper.dart:59:35: Error: Type 'Translations' not found.
class WrapperTranslations extends Translations {
                                  ^^^^^^^^^^^^
test/navigation/bottomsheet_test.dart:15:5: Error: Undefined name 'Get'.
    Get.bottomSheet(Wrap(
    ^^^
test/navigation/bottomsheet_test.dart:37:5: Error: Undefined name 'Get'.
    Get.bottomSheet(Wrap(
    ^^^
test/navigation/bottomsheet_test.dart:49:12: Error: Undefined name 'Get'.
    expect(Get.isBottomSheetOpen, true);
           ^^^
test/navigation/bottomsheet_test.dart:51:5: Error: Undefined name 'Get'.
    Get.backLegacy();
    ^^^
test/navigation/bottomsheet_test.dart:54:12: Error: Undefined name 'Get'.
    expect(Get.isBottomSheetOpen, false);
           ^^^
test/navigation/utils/wrapper.dart:6:14: Error: 'GetPage' isn't a type.
  final List<GetPage>? namedRoutes;
             ^^^^^^^
test/navigation/utils/wrapper.dart:8:9: Error: 'Transition' isn't a type.
  final Transition? defaultTransition;
        ^^^^^^^^^^
test/navigation/utils/wrapper.dart:20:12: Error: The method 'GetMaterialApp' isn't defined for the type 'Wrapper'.
 - 'Wrapper' is from 'test/navigation/utils/wrapper.dart'.
Try correcting the name to the name of an existing method, or defining a method named 'GetMaterialApp'.
    return GetMaterialApp(
           ^^^^^^^^^^^^^^
test/navigation/utils/wrapper.dart:37:14: Error: 'GetPage' isn't a type.
  final List<GetPage>? namedRoutes;
             ^^^^^^^
test/navigation/utils/wrapper.dart:39:9: Error: 'Transition' isn't a type.
  final Transition? defaultTransition;
        ^^^^^^^^^^
test/navigation/utils/wrapper.dart:51:12: Error: The method 'GetMaterialApp' isn't defined for the type 'WrapperNamed'.
 - 'WrapperNamed' is from 'test/navigation/utils/wrapper.dart'.
Try correcting the name to the name of an existing method, or defining a method named 'GetMaterialApp'.
    return GetMaterialApp(
           ^^^^^^^^^^^^^^
00:09 +0 -6: loading /Users/alamre/dev/2030/jetx/test/navigation/bottomsheet_test.dart [E]                                                                                                             
  Failed to load "/Users/alamre/dev/2030/jetx/test/navigation/bottomsheet_test.dart":
  Compilation failed for testPath=/Users/alamre/dev/2030/jetx/test/navigation/bottomsheet_test.dart: test/navigation/bottomsheet_test.dart:3:8: Error: Error when reading 'lib/get.dart': No such file or directory
  import 'package:jet/get.dart';
         ^
  test/navigation/utils/wrapper.dart:2:8: Error: Error when reading 'lib/get.dart': No such file or directory
  import 'package:jet/get.dart';
         ^
  test/navigation/utils/wrapper.dart:6:14: Error: Type 'GetPage' not found.
    final List<GetPage>? namedRoutes;
               ^^^^^^^
  test/navigation/utils/wrapper.dart:8:9: Error: Type 'Transition' not found.
    final Transition? defaultTransition;
          ^^^^^^^^^^
  test/navigation/utils/wrapper.dart:37:14: Error: Type 'GetPage' not found.
    final List<GetPage>? namedRoutes;
               ^^^^^^^
  test/navigation/utils/wrapper.dart:39:9: Error: Type 'Transition' not found.
    final Transition? defaultTransition;
          ^^^^^^^^^^
  test/navigation/utils/wrapper.dart:59:35: Error: Type 'Translations' not found.
  class WrapperTranslations extends Translations {
                                    ^^^^^^^^^^^^
  test/navigation/bottomsheet_test.dart:15:5: Error: Undefined name 'Get'.
      Get.bottomSheet(Wrap(
      ^^^
  test/navigation/bottomsheet_test.dart:37:5: Error: Undefined name 'Get'.
      Get.bottomSheet(Wrap(
      ^^^
  test/navigation/bottomsheet_test.dart:49:12: Error: Undefined name 'Get'.
      expect(Get.isBottomSheetOpen, true);
             ^^^
  test/navigation/bottomsheet_test.dart:51:5: Error: Undefined name 'Get'.
      Get.backLegacy();
      ^^^
  test/navigation/bottomsheet_test.dart:54:12: Error: Undefined name 'Get'.
      expect(Get.isBottomSheetOpen, false);
             ^^^
  test/navigation/utils/wrapper.dart:6:14: Error: 'GetPage' isn't a type.
    final List<GetPage>? namedRoutes;
               ^^^^^^^
  test/navigation/utils/wrapper.dart:8:9: Error: 'Transition' isn't a type.
    final Transition? defaultTransition;
          ^^^^^^^^^^
  test/navigation/utils/wrapper.dart:20:12: Error: The method 'GetMaterialApp' isn't defined for the type 'Wrapper'.
   - 'Wrapper' is from 'test/navigation/utils/wrapper.dart'.
  Try correcting the name to the name of an existing method, or defining a method named 'GetMaterialApp'.
      return GetMaterialApp(
             ^^^^^^^^^^^^^^
  test/navigation/utils/wrapper.dart:37:14: Error: 'GetPage' isn't a type.
    final List<GetPage>? namedRoutes;
               ^^^^^^^
  test/navigation/utils/wrapper.dart:39:9: Error: 'Transition' isn't a type.
    final Transition? defaultTransition;
          ^^^^^^^^^^
  test/navigation/utils/wrapper.dart:51:12: Error: The method 'GetMaterialApp' isn't defined for the type 'WrapperNamed'.
   - 'WrapperNamed' is from 'test/navigation/utils/wrapper.dart'.
  Try correcting the name to the name of an existing method, or defining a method named 'GetMaterialApp'.
      return GetMaterialApp(
             ^^^^^^^^^^^^^^
  .

To run this test again: /Users/alamre/development/flutter/bin/cache/dart-sdk/bin/dart test /Users/alamre/dev/2030/jetx/test/navigation/bottomsheet_test.dart -p vm --plain-name 'loading /Users/alamre/dev/2030/jetx/test/navigation/bottomsheet_test.dart'
00:09 +0 -6: loading /Users/alamre/dev/2030/jetx/test/internationalization/internationalization_test.dart [E]                                                                                          
  Error: The Dart compiler exited unexpectedly.
  package:flutter_tools/src/base/common.dart 34:3  throwToolExit
  package:flutter_tools/src/compile.dart 910:11    DefaultResidentCompiler._compile.<fn>
  dart:async/zone.dart 1538:47                     _rootRunUnary
  dart:async/zone.dart 1429:19                     _CustomZone.runUnary
  dart:async/future_impl.dart 948:45               Future._propagateToListeners.handleValueCallback
  dart:async/future_impl.dart 977:13               Future._propagateToListeners
  dart:async/future_impl.dart 862:9                Future._propagateToListeners
  dart:async/future_impl.dart 720:5                Future._completeWithValue
  dart:async/future_impl.dart 804:7                Future._asyncCompleteWithValue.<fn>
  dart:async/zone.dart 1525:13                     _rootRun
  dart:async/zone.dart 1422:19                     _CustomZone.run
  dart:async/zone.dart 1321:7                      _CustomZone.runGuarded
  dart:async/zone.dart 1362:23                     _CustomZone.bindCallbackGuarded.<fn>
  dart:async/schedule_microtask.dart 40:35         _microtaskLoop
  dart:async/schedule_microtask.dart 49:5          _startMicrotaskLoop
  dart:isolate-patch/isolate_patch.dart 127:13     _runPendingImmediateCallback
  dart:isolate-patch/isolate_patch.dart 194:5      _RawReceivePort._handleMessage
  
test/navigation/dispose_dependencies_test.dart:3:8: Error: Error when reading 'lib/get.dart': No such file or directory
import 'package:jet/get.dart';
       ^
test/navigation/utils/wrapper.dart:2:8: Error: Error when reading 'lib/get.dart': No such file or directory
import 'package:jet/get.dart';
       ^
test/navigation/dispose_dependencies_test.dart:51:26: Error: Type 'GetxController' not found.
class Controller extends GetxController {}
                         ^^^^^^^^^^^^^^
test/navigation/dispose_dependencies_test.dart:53:27: Error: Type 'GetxController' not found.
class Controller2 extends GetxController {}
                          ^^^^^^^^^^^^^^
test/navigation/utils/wrapper.dart:6:14: Error: Type 'GetPage' not found.
  final List<GetPage>? namedRoutes;
             ^^^^^^^
test/navigation/utils/wrapper.dart:8:9: Error: Type 'Transition' not found.
  final Transition? defaultTransition;
        ^^^^^^^^^^
test/navigation/utils/wrapper.dart:37:14: Error: Type 'GetPage' not found.
  final List<GetPage>? namedRoutes;
             ^^^^^^^
test/navigation/utils/wrapper.dart:39:9: Error: Type 'Transition' not found.
  final Transition? defaultTransition;
        ^^^^^^^^^^
test/navigation/utils/wrapper.dart:59:35: Error: Type 'Translations' not found.
class WrapperTranslations extends Translations {
                                  ^^^^^^^^^^^^
test/navigation/dispose_dependencies_test.dart:13:12: Error: Undefined name 'Get'.
    expect(Get.isRegistered<Controller2>(), false);
           ^^^
test/navigation/dispose_dependencies_test.dart:14:12: Error: Undefined name 'Get'.
    expect(Get.isRegistered<Controller>(), false);
           ^^^
test/navigation/dispose_dependencies_test.dart:16:5: Error: Undefined name 'Get'.
    Get.to(() => const First());
    ^^^
test/navigation/dispose_dependencies_test.dart:22:12: Error: Undefined name 'Get'.
    expect(Get.isRegistered<Controller>(), true);
           ^^^
test/navigation/dispose_dependencies_test.dart:24:5: Error: Undefined name 'Get'.
    Get.to(() => const Second());
    ^^^
test/navigation/dispose_dependencies_test.dart:30:12: Error: Undefined name 'Get'.
    expect(Get.isRegistered<Controller>(), true);
           ^^^
test/navigation/dispose_dependencies_test.dart:31:12: Error: Undefined name 'Get'.
    expect(Get.isRegistered<Controller2>(), true);
           ^^^
test/navigation/dispose_dependencies_test.dart:33:5: Error: Undefined name 'Get'.
    Get.back();
    ^^^
test/navigation/dispose_dependencies_test.dart:39:12: Error: Undefined name 'Get'.
    expect(Get.isRegistered<Controller>(), true);
           ^^^
test/navigation/dispose_dependencies_test.dart:40:12: Error: Undefined name 'Get'.
    expect(Get.isRegistered<Controller2>(), false);
           ^^^
test/navigation/dispose_dependencies_test.dart:42:5: Error: Undefined name 'Get'.
    Get.back();
    ^^^
test/navigation/dispose_dependencies_test.dart:46:12: Error: Undefined name 'Get'.
    expect(Get.isRegistered<Controller>(), false);
           ^^^
test/navigation/dispose_dependencies_test.dart:47:12: Error: Undefined name 'Get'.
    expect(Get.isRegistered<Controller2>(), false);
           ^^^
test/navigation/dispose_dependencies_test.dart:60:5: Error: The getter 'Get' isn't defined for the type 'First'.
 - 'First' is from 'test/navigation/dispose_dependencies_test.dart'.
Try correcting the name to the name of an existing getter, or defining a getter or field named 'Get'.
    Get.put(Controller());
    ^^^
test/navigation/dispose_dependencies_test.dart:72:5: Error: The getter 'Get' isn't defined for the type 'Second'.
 - 'Second' is from 'test/navigation/dispose_dependencies_test.dart'.
Try correcting the name to the name of an existing getter, or defining a getter or field named 'Get'.
    Get.put(Controller2());
    ^^^
test/navigation/utils/wrapper.dart:6:14: Error: 'GetPage' isn't a type.
  final List<GetPage>? namedRoutes;
             ^^^^^^^
test/navigation/utils/wrapper.dart:8:9: Error: 'Transition' isn't a type.
  final Transition? defaultTransition;
        ^^^^^^^^^^
test/navigation/utils/wrapper.dart:20:12: Error: The method 'GetMaterialApp' isn't defined for the type 'Wrapper'.
 - 'Wrapper' is from 'test/navigation/utils/wrapper.dart'.
Try correcting the name to the name of an existing method, or defining a method named 'GetMaterialApp'.
    return GetMaterialApp(
           ^^^^^^^^^^^^^^
test/navigation/utils/wrapper.dart:37:14: Error: 'GetPage' isn't a type.
  final List<GetPage>? namedRoutes;
             ^^^^^^^
test/navigation/utils/wrapper.dart:39:9: Error: 'Transition' isn't a type.
  final Transition? defaultTransition;
        ^^^^^^^^^^
test/navigation/utils/wrapper.dart:51:12: Error: The method 'GetMaterialApp' isn't defined for the type 'WrapperNamed'.
 - 'WrapperNamed' is from 'test/navigation/utils/wrapper.dart'.
Try correcting the name to the name of an existing method, or defining a method named 'GetMaterialApp'.
    return GetMaterialApp(
           ^^^^^^^^^^^^^^
00:10 +0 -7: loading /Users/alamre/dev/2030/jetx/test/navigation/dispose_dependencies_test.dart [E]                                                                                                    
  Failed to load "/Users/alamre/dev/2030/jetx/test/navigation/dispose_dependencies_test.dart":
  Compilation failed for testPath=/Users/alamre/dev/2030/jetx/test/navigation/dispose_dependencies_test.dart: test/navigation/dispose_dependencies_test.dart:3:8: Error: Error when reading 'lib/get.dart': No such file or directory
  import 'package:jet/get.dart';
         ^
  test/navigation/utils/wrapper.dart:2:8: Error: Error when reading 'lib/get.dart': No such file or directory
  import 'package:jet/get.dart';
         ^
  test/navigation/dispose_dependencies_test.dart:51:26: Error: Type 'GetxController' not found.
  class Controller extends GetxController {}
                           ^^^^^^^^^^^^^^
  test/navigation/dispose_dependencies_test.dart:53:27: Error: Type 'GetxController' not found.
  class Controller2 extends GetxController {}
                            ^^^^^^^^^^^^^^
  test/navigation/utils/wrapper.dart:6:14: Error: Type 'GetPage' not found.
    final List<GetPage>? namedRoutes;
               ^^^^^^^
  test/navigation/utils/wrapper.dart:8:9: Error: Type 'Transition' not found.
    final Transition? defaultTransition;
          ^^^^^^^^^^
  test/navigation/utils/wrapper.dart:37:14: Error: Type 'GetPage' not found.
    final List<GetPage>? namedRoutes;
               ^^^^^^^
  test/navigation/utils/wrapper.dart:39:9: Error: Type 'Transition' not found.
    final Transition? defaultTransition;
          ^^^^^^^^^^
  test/navigation/utils/wrapper.dart:59:35: Error: Type 'Translations' not found.
  class WrapperTranslations extends Translations {
                                    ^^^^^^^^^^^^
  test/navigation/dispose_dependencies_test.dart:13:12: Error: Undefined name 'Get'.
      expect(Get.isRegistered<Controller2>(), false);
             ^^^
  test/navigation/dispose_dependencies_test.dart:14:12: Error: Undefined name 'Get'.
      expect(Get.isRegistered<Controller>(), false);
             ^^^
  test/navigation/dispose_dependencies_test.dart:16:5: Error: Undefined name 'Get'.
      Get.to(() => const First());
      ^^^
  test/navigation/dispose_dependencies_test.dart:22:12: Error: Undefined name 'Get'.
      expect(Get.isRegistered<Controller>(), true);
             ^^^
  test/navigation/dispose_dependencies_test.dart:24:5: Error: Undefined name 'Get'.
      Get.to(() => const Second());
      ^^^
  test/navigation/dispose_dependencies_test.dart:30:12: Error: Undefined name 'Get'.
      expect(Get.isRegistered<Controller>(), true);
             ^^^
  test/navigation/dispose_dependencies_test.dart:31:12: Error: Undefined name 'Get'.
      expect(Get.isRegistered<Controller2>(), true);
             ^^^
  test/navigation/dispose_dependencies_test.dart:33:5: Error: Undefined name 'Get'.
      Get.back();
      ^^^
  test/navigation/dispose_dependencies_test.dart:39:12: Error: Undefined name 'Get'.
      expect(Get.isRegistered<Controller>(), true);
             ^^^
  test/navigation/dispose_dependencies_test.dart:40:12: Error: Undefined name 'Get'.
      expect(Get.isRegistered<Controller2>(), false);
             ^^^
  test/navigation/dispose_dependencies_test.dart:42:5: Error: Undefined name 'Get'.
      Get.back();
      ^^^
  test/navigation/dispose_dependencies_test.dart:46:12: Error: Undefined name 'Get'.
      expect(Get.isRegistered<Controller>(), false);
             ^^^
  test/navigation/dispose_dependencies_test.dart:47:12: Error: Undefined name 'Get'.
      expect(Get.isRegistered<Controller2>(), false);
             ^^^
  test/navigation/dispose_dependencies_test.dart:60:5: Error: The getter 'Get' isn't defined for the type 'First'.
   - 'First' is from 'test/navigation/dispose_dependencies_test.dart'.
  Try correcting the name to the name of an existing getter, or defining a getter or field named 'Get'.
      Get.put(Controller());
      ^^^
  test/navigation/dispose_dependencies_test.dart:72:5: Error: The getter 'Get' isn't defined for the type 'Second'.
   - 'Second' is from 'test/navigation/dispose_dependencies_test.dart'.
  Try correcting the name to the name of an existing getter, or defining a getter or field named 'Get'.
      Get.put(Controller2());
      ^^^
  test/navigation/utils/wrapper.dart:6:14: Error: 'GetPage' isn't a type.
    final List<GetPage>? namedRoutes;
               ^^^^^^^
  test/navigation/utils/wrapper.dart:8:9: Error: 'Transition' isn't a type.
    final Transition? defaultTransition;
          ^^^^^^^^^^
  test/navigation/utils/wrapper.dart:20:12: Error: The method 'GetMaterialApp' isn't defined for the type 'Wrapper'.
   - 'Wrapper' is from 'test/navigation/utils/wrapper.dart'.
  Try correcting the name to the name of an existing method, or defining a method named 'GetMaterialApp'.
      return GetMaterialApp(
             ^^^^^^^^^^^^^^
  test/navigation/utils/wrapper.dart:37:14: Error: 'GetPage' isn't a type.
    final List<GetPage>? namedRoutes;
               ^^^^^^^
  test/navigation/utils/wrapper.dart:39:9: Error: 'Transition' isn't a type.
    final Transition? defaultTransition;
          ^^^^^^^^^^
  test/navigation/utils/wrapper.dart:51:12: Error: The method 'GetMaterialApp' isn't defined for the type 'WrapperNamed'.
   - 'WrapperNamed' is from 'test/navigation/utils/wrapper.dart'.
  Try correcting the name to the name of an existing method, or defining a method named 'GetMaterialApp'.
      return GetMaterialApp(
             ^^^^^^^^^^^^^^
  .

To run this test again: /Users/alamre/development/flutter/bin/cache/dart-sdk/bin/dart test /Users/alamre/dev/2030/jetx/test/navigation/dispose_dependencies_test.dart -p vm --plain-name 'loading /Users/alamre/dev/2030/jetx/test/navigation/dispose_dependencies_test.dart'
00:10 +0 -7: loading /Users/alamre/dev/2030/jetx/test/internationalization/internationalization_test.dart [E]                                                                                          
  Error: The Dart compiler exited unexpectedly.
  package:flutter_tools/src/base/common.dart 34:3  throwToolExit
  package:flutter_tools/src/compile.dart 910:11    DefaultResidentCompiler._compile.<fn>
  dart:async/zone.dart 1538:47                     _rootRunUnary
  dart:async/zone.dart 1429:19                     _CustomZone.runUnary
  dart:async/future_impl.dart 948:45               Future._propagateToListeners.handleValueCallback
  dart:async/future_impl.dart 977:13               Future._propagateToListeners
  dart:async/future_impl.dart 862:9                Future._propagateToListeners
  dart:async/future_impl.dart 720:5                Future._completeWithValue
  dart:async/future_impl.dart 804:7                Future._asyncCompleteWithValue.<fn>
  dart:async/zone.dart 1525:13                     _rootRun
  dart:async/zone.dart 1422:19                     _CustomZone.run
  dart:async/zone.dart 1321:7                      _CustomZone.runGuarded
  dart:async/zone.dart 1362:23                     _CustomZone.bindCallbackGuarded.<fn>
  dart:async/schedule_microtask.dart 40:35         _microtaskLoop
  dart:async/schedule_microtask.dart 49:5          _startMicrotaskLoop
  dart:isolate-patch/isolate_patch.dart 127:13     _runPendingImmediateCallback
  dart:isolate-patch/isolate_patch.dart 194:5      _RawReceivePort._handleMessage
  
test/navigation/dialog_test.dart:3:8: Error: Error when reading 'lib/get.dart': No such file or directory
import 'package:jet/get.dart';
       ^
test/navigation/utils/wrapper.dart:2:8: Error: Error when reading 'lib/get.dart': No such file or directory
import 'package:jet/get.dart';
       ^
test/navigation/utils/wrapper.dart:6:14: Error: Type 'GetPage' not found.
  final List<GetPage>? namedRoutes;
             ^^^^^^^
test/navigation/utils/wrapper.dart:8:9: Error: Type 'Transition' not found.
  final Transition? defaultTransition;
        ^^^^^^^^^^
test/navigation/utils/wrapper.dart:37:14: Error: Type 'GetPage' not found.
  final List<GetPage>? namedRoutes;
             ^^^^^^^
test/navigation/utils/wrapper.dart:39:9: Error: Type 'Transition' not found.
  final Transition? defaultTransition;
        ^^^^^^^^^^
test/navigation/utils/wrapper.dart:59:35: Error: Type 'Translations' not found.
class WrapperTranslations extends Translations {
                                  ^^^^^^^^^^^^
test/navigation/dialog_test.dart:15:5: Error: Undefined name 'Get'.
    Get.defaultDialog(
    ^^^
test/navigation/dialog_test.dart:30:5: Error: Undefined name 'Get'.
    Get.dialog(const YourDialogWidget());
    ^^^
test/navigation/dialog_test.dart:46:7: Error: Undefined name 'Get'.
      Get.dialog(const YourDialogWidget());
      ^^^
test/navigation/dialog_test.dart:50:14: Error: Undefined name 'Get'.
      expect(Get.isDialogOpen, true);
             ^^^
test/navigation/dialog_test.dart:58:14: Error: Undefined name 'Get'.
      expect(Get.isDialogOpen, false);
             ^^^
test/navigation/dialog_test.dart:65:7: Error: Undefined name 'Get'.
      Get.backLegacy();
      ^^^
test/navigation/dialog_test.dart:72:7: Error: Undefined name 'Get'.
      Get.closeDialog();
      ^^^
test/navigation/dialog_test.dart:86:22: Error: Undefined name 'Get'.
      final result = Get.dialog(const YourDialogWidget());
                     ^^^
test/navigation/dialog_test.dart:90:14: Error: Undefined name 'Get'.
      expect(Get.isDialogOpen, true);
             ^^^
test/navigation/dialog_test.dart:94:7: Error: Undefined name 'Get'.
      Get.closeDialog(result: dialogResult);
      ^^^
test/navigation/dialog_test.dart:101:14: Error: Undefined name 'Get'.
      expect(Get.isDialogOpen, false);
             ^^^
test/navigation/dialog_test.dart:113:7: Error: Undefined name 'Get'.
      Get.bottomSheet(const YourDialogWidget());
      ^^^
test/navigation/dialog_test.dart:117:14: Error: Undefined name 'Get'.
      expect(Get.isDialogOpen, false);
             ^^^
test/navigation/dialog_test.dart:119:7: Error: Undefined name 'Get'.
      Get.closeDialog();
      ^^^
test/navigation/utils/wrapper.dart:6:14: Error: 'GetPage' isn't a type.
  final List<GetPage>? namedRoutes;
             ^^^^^^^
test/navigation/utils/wrapper.dart:8:9: Error: 'Transition' isn't a type.
  final Transition? defaultTransition;
        ^^^^^^^^^^
test/navigation/utils/wrapper.dart:20:12: Error: The method 'GetMaterialApp' isn't defined for the type 'Wrapper'.
 - 'Wrapper' is from 'test/navigation/utils/wrapper.dart'.
Try correcting the name to the name of an existing method, or defining a method named 'GetMaterialApp'.
    return GetMaterialApp(
           ^^^^^^^^^^^^^^
test/navigation/utils/wrapper.dart:37:14: Error: 'GetPage' isn't a type.
  final List<GetPage>? namedRoutes;
             ^^^^^^^
test/navigation/utils/wrapper.dart:39:9: Error: 'Transition' isn't a type.
  final Transition? defaultTransition;
        ^^^^^^^^^^
test/navigation/utils/wrapper.dart:51:12: Error: The method 'GetMaterialApp' isn't defined for the type 'WrapperNamed'.
 - 'WrapperNamed' is from 'test/navigation/utils/wrapper.dart'.
Try correcting the name to the name of an existing method, or defining a method named 'GetMaterialApp'.
    return GetMaterialApp(
           ^^^^^^^^^^^^^^
00:10 +0 -8: loading /Users/alamre/dev/2030/jetx/test/navigation/dialog_test.dart [E]                                                                                                                  
  Failed to load "/Users/alamre/dev/2030/jetx/test/navigation/dialog_test.dart":
  Compilation failed for testPath=/Users/alamre/dev/2030/jetx/test/navigation/dialog_test.dart: test/navigation/dialog_test.dart:3:8: Error: Error when reading 'lib/get.dart': No such file or directory
  import 'package:jet/get.dart';
         ^
  test/navigation/utils/wrapper.dart:2:8: Error: Error when reading 'lib/get.dart': No such file or directory
  import 'package:jet/get.dart';
         ^
  test/navigation/utils/wrapper.dart:6:14: Error: Type 'GetPage' not found.
    final List<GetPage>? namedRoutes;
               ^^^^^^^
  test/navigation/utils/wrapper.dart:8:9: Error: Type 'Transition' not found.
    final Transition? defaultTransition;
          ^^^^^^^^^^
  test/navigation/utils/wrapper.dart:37:14: Error: Type 'GetPage' not found.
    final List<GetPage>? namedRoutes;
               ^^^^^^^
  test/navigation/utils/wrapper.dart:39:9: Error: Type 'Transition' not found.
    final Transition? defaultTransition;
          ^^^^^^^^^^
  test/navigation/utils/wrapper.dart:59:35: Error: Type 'Translations' not found.
  class WrapperTranslations extends Translations {
                                    ^^^^^^^^^^^^
  test/navigation/dialog_test.dart:15:5: Error: Undefined name 'Get'.
      Get.defaultDialog(
      ^^^
  test/navigation/dialog_test.dart:30:5: Error: Undefined name 'Get'.
      Get.dialog(const YourDialogWidget());
      ^^^
  test/navigation/dialog_test.dart:46:7: Error: Undefined name 'Get'.
        Get.dialog(const YourDialogWidget());
        ^^^
  test/navigation/dialog_test.dart:50:14: Error: Undefined name 'Get'.
        expect(Get.isDialogOpen, true);
               ^^^
  test/navigation/dialog_test.dart:58:14: Error: Undefined name 'Get'.
        expect(Get.isDialogOpen, false);
               ^^^
  test/navigation/dialog_test.dart:65:7: Error: Undefined name 'Get'.
        Get.backLegacy();
        ^^^
  test/navigation/dialog_test.dart:72:7: Error: Undefined name 'Get'.
        Get.closeDialog();
        ^^^
  test/navigation/dialog_test.dart:86:22: Error: Undefined name 'Get'.
        final result = Get.dialog(const YourDialogWidget());
                       ^^^
  test/navigation/dialog_test.dart:90:14: Error: Undefined name 'Get'.
        expect(Get.isDialogOpen, true);
               ^^^
  test/navigation/dialog_test.dart:94:7: Error: Undefined name 'Get'.
        Get.closeDialog(result: dialogResult);
        ^^^
  test/navigation/dialog_test.dart:101:14: Error: Undefined name 'Get'.
        expect(Get.isDialogOpen, false);
               ^^^
  test/navigation/dialog_test.dart:113:7: Error: Undefined name 'Get'.
        Get.bottomSheet(const YourDialogWidget());
        ^^^
  test/navigation/dialog_test.dart:117:14: Error: Undefined name 'Get'.
        expect(Get.isDialogOpen, false);
               ^^^
  test/navigation/dialog_test.dart:119:7: Error: Undefined name 'Get'.
        Get.closeDialog();
        ^^^
  test/navigation/utils/wrapper.dart:6:14: Error: 'GetPage' isn't a type.
    final List<GetPage>? namedRoutes;
               ^^^^^^^
  test/navigation/utils/wrapper.dart:8:9: Error: 'Transition' isn't a type.
    final Transition? defaultTransition;
          ^^^^^^^^^^
  test/navigation/utils/wrapper.dart:20:12: Error: The method 'GetMaterialApp' isn't defined for the type 'Wrapper'.
   - 'Wrapper' is from 'test/navigation/utils/wrapper.dart'.
  Try correcting the name to the name of an existing method, or defining a method named 'GetMaterialApp'.
      return GetMaterialApp(
             ^^^^^^^^^^^^^^
  test/navigation/utils/wrapper.dart:37:14: Error: 'GetPage' isn't a type.
    final List<GetPage>? namedRoutes;
               ^^^^^^^
  test/navigation/utils/wrapper.dart:39:9: Error: 'Transition' isn't a type.
    final Transition? defaultTransition;
          ^^^^^^^^^^
  test/navigation/utils/wrapper.dart:51:12: Error: The method 'GetMaterialApp' isn't defined for the type 'WrapperNamed'.
   - 'WrapperNamed' is from 'test/navigation/utils/wrapper.dart'.
  Try correcting the name to the name of an existing method, or defining a method named 'GetMaterialApp'.
      return GetMaterialApp(
             ^^^^^^^^^^^^^^
  .

To run this test again: /Users/alamre/development/flutter/bin/cache/dart-sdk/bin/dart test /Users/alamre/dev/2030/jetx/test/navigation/dialog_test.dart -p vm --plain-name 'loading /Users/alamre/dev/2030/jetx/test/navigation/dialog_test.dart'
00:10 +0 -8: loading /Users/alamre/dev/2030/jetx/test/internationalization/internationalization_test.dart [E]                                                                                          
  Error: The Dart compiler exited unexpectedly.
  package:flutter_tools/src/base/common.dart 34:3  throwToolExit
  package:flutter_tools/src/compile.dart 910:11    DefaultResidentCompiler._compile.<fn>
  dart:async/zone.dart 1538:47                     _rootRunUnary
  dart:async/zone.dart 1429:19                     _CustomZone.runUnary
  dart:async/future_impl.dart 948:45               Future._propagateToListeners.handleValueCallback
  dart:async/future_impl.dart 977:13               Future._propagateToListeners
  dart:async/future_impl.dart 862:9                Future._propagateToListeners
  dart:async/future_impl.dart 720:5                Future._completeWithValue
  dart:async/future_impl.dart 804:7                Future._asyncCompleteWithValue.<fn>
  dart:async/zone.dart 1525:13                     _rootRun
  dart:async/zone.dart 1422:19                     _CustomZone.run
  dart:async/zone.dart 1321:7                      _CustomZone.runGuarded
  dart:async/zone.dart 1362:23                     _CustomZone.bindCallbackGuarded.<fn>
  dart:async/schedule_microtask.dart 40:35         _microtaskLoop
  dart:async/schedule_microtask.dart 49:5          _startMicrotaskLoop
  dart:isolate-patch/isolate_patch.dart 127:13     _runPendingImmediateCallback
  dart:isolate-patch/isolate_patch.dart 194:5      _RawReceivePort._handleMessage
  
test/state_manager/get_state_test.dart:3:8: Error: Error when reading 'lib/get.dart': No such file or directory
import 'package:jet/get.dart';
       ^
test/state_manager/get_state_test.dart:85:26: Error: Type 'GetxController' not found.
class Controller extends GetxController {
                         ^^^^^^^^^^^^^^
test/state_manager/get_state_test.dart:101:27: Error: Type 'GetxController' not found.
class Controller2 extends GetxController {
                          ^^^^^^^^^^^^^^
test/state_manager/get_state_test.dart:105:35: Error: Type 'GetxController' not found.
class ControllerNonGlobal extends GetxController {
                                  ^^^^^^^^^^^^^^
test/state_manager/get_state_test.dart:6:3: Error: Undefined name 'Get'.
  Get.lazyPut<Controller2>(() => Controller2());
  ^^^
test/state_manager/get_state_test.dart:25:15: Error: Method not found: 'GetBuilder'.
              GetBuilder<Controller>(
              ^^^^^^^^^^
test/state_manager/get_state_test.dart:33:15: Error: Method not found: 'GetBuilder'.
              GetBuilder<Controller2>(builder: (controller) {
              ^^^^^^^^^^
test/state_manager/get_state_test.dart:36:15: Error: Method not found: 'GetBuilder'.
              GetBuilder<ControllerNonGlobal>(
              ^^^^^^^^^^
test/state_manager/get_state_test.dart:10:15: Error: Method not found: 'GetBuilder'.
        home: GetBuilder<Controller>(
              ^^^^^^^^^^
test/state_manager/get_state_test.dart:86:31: Error: Undefined name 'Get'.
  static Controller get to => Get.find();
                              ^^^
test/state_manager/get_state_test.dart:92:5: Error: The method 'update' isn't defined for the type 'Controller'.
 - 'Controller' is from 'test/state_manager/get_state_test.dart'.
Try correcting the name to the name of an existing method, or defining a method named 'update'.
    update();
    ^^^^^^
test/state_manager/get_state_test.dart:97:5: Error: The method 'update' isn't defined for the type 'Controller'.
 - 'Controller' is from 'test/state_manager/get_state_test.dart'.
Try correcting the name to the name of an existing method, or defining a method named 'update'.
    update(['1']);
    ^^^^^^
00:11 +0 -9: loading /Users/alamre/dev/2030/jetx/test/state_manager/get_state_test.dart [E]                                                                                                            
  Failed to load "/Users/alamre/dev/2030/jetx/test/state_manager/get_state_test.dart":
  Compilation failed for testPath=/Users/alamre/dev/2030/jetx/test/state_manager/get_state_test.dart: test/state_manager/get_state_test.dart:3:8: Error: Error when reading 'lib/get.dart': No such file or directory
  import 'package:jet/get.dart';
         ^
  test/state_manager/get_state_test.dart:85:26: Error: Type 'GetxController' not found.
  class Controller extends GetxController {
                           ^^^^^^^^^^^^^^
  test/state_manager/get_state_test.dart:101:27: Error: Type 'GetxController' not found.
  class Controller2 extends GetxController {
                            ^^^^^^^^^^^^^^
  test/state_manager/get_state_test.dart:105:35: Error: Type 'GetxController' not found.
  class ControllerNonGlobal extends GetxController {
                                    ^^^^^^^^^^^^^^
  test/state_manager/get_state_test.dart:6:3: Error: Undefined name 'Get'.
    Get.lazyPut<Controller2>(() => Controller2());
    ^^^
  test/state_manager/get_state_test.dart:25:15: Error: Method not found: 'GetBuilder'.
                GetBuilder<Controller>(
                ^^^^^^^^^^
  test/state_manager/get_state_test.dart:33:15: Error: Method not found: 'GetBuilder'.
                GetBuilder<Controller2>(builder: (controller) {
                ^^^^^^^^^^
  test/state_manager/get_state_test.dart:36:15: Error: Method not found: 'GetBuilder'.
                GetBuilder<ControllerNonGlobal>(
                ^^^^^^^^^^
  test/state_manager/get_state_test.dart:10:15: Error: Method not found: 'GetBuilder'.
          home: GetBuilder<Controller>(
                ^^^^^^^^^^
  test/state_manager/get_state_test.dart:86:31: Error: Undefined name 'Get'.
    static Controller get to => Get.find();
                                ^^^
  test/state_manager/get_state_test.dart:92:5: Error: The method 'update' isn't defined for the type 'Controller'.
   - 'Controller' is from 'test/state_manager/get_state_test.dart'.
  Try correcting the name to the name of an existing method, or defining a method named 'update'.
      update();
      ^^^^^^
  test/state_manager/get_state_test.dart:97:5: Error: The method 'update' isn't defined for the type 'Controller'.
   - 'Controller' is from 'test/state_manager/get_state_test.dart'.
  Try correcting the name to the name of an existing method, or defining a method named 'update'.
      update(['1']);
      ^^^^^^
  .

To run this test again: /Users/alamre/development/flutter/bin/cache/dart-sdk/bin/dart test /Users/alamre/dev/2030/jetx/test/state_manager/get_state_test.dart -p vm --plain-name 'loading /Users/alamre/dev/2030/jetx/test/state_manager/get_state_test.dart'
00:11 +0 -9: loading /Users/alamre/dev/2030/jetx/test/internationalization/internationalization_test.dart [E]                                                                                          
  Error: The Dart compiler exited unexpectedly.
  package:flutter_tools/src/base/common.dart 34:3  throwToolExit
  package:flutter_tools/src/compile.dart 910:11    DefaultResidentCompiler._compile.<fn>
  dart:async/zone.dart 1538:47                     _rootRunUnary
  dart:async/zone.dart 1429:19                     _CustomZone.runUnary
  dart:async/future_impl.dart 948:45               Future._propagateToListeners.handleValueCallback
  dart:async/future_impl.dart 977:13               Future._propagateToListeners
  dart:async/future_impl.dart 862:9                Future._propagateToListeners
  dart:async/future_impl.dart 720:5                Future._completeWithValue
  dart:async/future_impl.dart 804:7                Future._asyncCompleteWithValue.<fn>
  dart:async/zone.dart 1525:13                     _rootRun
  dart:async/zone.dart 1422:19                     _CustomZone.run
  dart:async/zone.dart 1321:7                      _CustomZone.runGuarded
  dart:async/zone.dart 1362:23                     _CustomZone.bindCallbackGuarded.<fn>
  dart:async/schedule_microtask.dart 40:35         _microtaskLoop
  dart:async/schedule_microtask.dart 49:5          _startMicrotaskLoop
  dart:isolate-patch/isolate_patch.dart 127:13     _runPendingImmediateCallback
  dart:isolate-patch/isolate_patch.dart 194:5      _RawReceivePort._handleMessage
  
test/state_manager/get_obx_test.dart:3:8: Error: Error when reading 'lib/get.dart': No such file or directory
import 'package:jet/get.dart';
       ^
test/state_manager/get_obx_test.dart:54:26: Error: Type 'GetxController' not found.
class Controller extends GetxController {
                         ^^^^^^^^^^^^^^
test/state_manager/get_obx_test.dart:57:3: Error: Type 'RxInt' not found.
  RxInt counter = 0.obs;
  ^^^^^
test/state_manager/get_obx_test.dart:58:3: Error: Type 'RxDouble' not found.
  RxDouble doubleNum = 0.0.obs;
  ^^^^^^^^
test/state_manager/get_obx_test.dart:59:3: Error: Type 'RxString' not found.
  RxString string = "string".obs;
  ^^^^^^^^
test/state_manager/get_obx_test.dart:60:3: Error: Type 'RxList' not found.
  RxList list = [].obs;
  ^^^^^^
test/state_manager/get_obx_test.dart:61:3: Error: Type 'RxMap' not found.
  RxMap map = {}.obs;
  ^^^^^
test/state_manager/get_obx_test.dart:62:3: Error: Type 'RxBool' not found.
  RxBool boolean = true.obs;
  ^^^^^^
test/state_manager/get_obx_test.dart:7:24: Error: Undefined name 'Get'.
    final controller = Get.put(Controller());
                       ^^^
test/state_manager/get_obx_test.dart:24:17: Error: Method not found: 'Obx'.
                Obx(() => Text('Obx: ${controller.map.length}'))
                ^^^
test/state_manager/get_obx_test.dart:12:13: Error: Method not found: 'Obx'.
            Obx(
            ^^^
test/state_manager/get_obx_test.dart:55:31: Error: Undefined name 'Get'.
  static Controller get to => Get.find();
                              ^^^
test/state_manager/get_obx_test.dart:57:3: Error: 'RxInt' isn't a type.
  RxInt counter = 0.obs;
  ^^^^^
test/state_manager/get_obx_test.dart:57:21: Error: The getter 'obs' isn't defined for the type 'int'.
Try correcting the name to the name of an existing getter, or defining a getter or field named 'obs'.
  RxInt counter = 0.obs;
                    ^^^
test/state_manager/get_obx_test.dart:58:3: Error: 'RxDouble' isn't a type.
  RxDouble doubleNum = 0.0.obs;
  ^^^^^^^^
test/state_manager/get_obx_test.dart:58:28: Error: The getter 'obs' isn't defined for the type 'double'.
Try correcting the name to the name of an existing getter, or defining a getter or field named 'obs'.
  RxDouble doubleNum = 0.0.obs;
                           ^^^
test/state_manager/get_obx_test.dart:59:3: Error: 'RxString' isn't a type.
  RxString string = "string".obs;
  ^^^^^^^^
test/state_manager/get_obx_test.dart:59:30: Error: The getter 'obs' isn't defined for the type 'String'.
Try correcting the name to the name of an existing getter, or defining a getter or field named 'obs'.
  RxString string = "string".obs;
                             ^^^
test/state_manager/get_obx_test.dart:60:3: Error: 'RxList' isn't a type.
  RxList list = [].obs;
  ^^^^^^
test/state_manager/get_obx_test.dart:60:20: Error: The getter 'obs' isn't defined for the type 'List<dynamic>'.
 - 'List' is from 'dart:core'.
Try correcting the name to the name of an existing getter, or defining a getter or field named 'obs'.
  RxList list = [].obs;
                   ^^^
test/state_manager/get_obx_test.dart:61:3: Error: 'RxMap' isn't a type.
  RxMap map = {}.obs;
  ^^^^^
test/state_manager/get_obx_test.dart:61:18: Error: The getter 'obs' isn't defined for the type 'Map<dynamic, dynamic>'.
 - 'Map' is from 'dart:core'.
Try correcting the name to the name of an existing getter, or defining a getter or field named 'obs'.
  RxMap map = {}.obs;
                 ^^^
test/state_manager/get_obx_test.dart:62:3: Error: 'RxBool' isn't a type.
  RxBool boolean = true.obs;
  ^^^^^^
test/state_manager/get_obx_test.dart:62:25: Error: The getter 'obs' isn't defined for the type 'bool'.
Try correcting the name to the name of an existing getter, or defining a getter or field named 'obs'.
  RxBool boolean = true.obs;
                        ^^^
00:11 +0 -10: loading /Users/alamre/dev/2030/jetx/test/state_manager/get_obx_test.dart [E]                                                                                                             
  Failed to load "/Users/alamre/dev/2030/jetx/test/state_manager/get_obx_test.dart":
  Compilation failed for testPath=/Users/alamre/dev/2030/jetx/test/state_manager/get_obx_test.dart: test/state_manager/get_obx_test.dart:3:8: Error: Error when reading 'lib/get.dart': No such file or directory
  import 'package:jet/get.dart';
         ^
  test/state_manager/get_obx_test.dart:54:26: Error: Type 'GetxController' not found.
  class Controller extends GetxController {
                           ^^^^^^^^^^^^^^
  test/state_manager/get_obx_test.dart:57:3: Error: Type 'RxInt' not found.
    RxInt counter = 0.obs;
    ^^^^^
  test/state_manager/get_obx_test.dart:58:3: Error: Type 'RxDouble' not found.
    RxDouble doubleNum = 0.0.obs;
    ^^^^^^^^
  test/state_manager/get_obx_test.dart:59:3: Error: Type 'RxString' not found.
    RxString string = "string".obs;
    ^^^^^^^^
  test/state_manager/get_obx_test.dart:60:3: Error: Type 'RxList' not found.
    RxList list = [].obs;
    ^^^^^^
  test/state_manager/get_obx_test.dart:61:3: Error: Type 'RxMap' not found.
    RxMap map = {}.obs;
    ^^^^^
  test/state_manager/get_obx_test.dart:62:3: Error: Type 'RxBool' not found.
    RxBool boolean = true.obs;
    ^^^^^^
  test/state_manager/get_obx_test.dart:7:24: Error: Undefined name 'Get'.
      final controller = Get.put(Controller());
                         ^^^
  test/state_manager/get_obx_test.dart:24:17: Error: Method not found: 'Obx'.
                  Obx(() => Text('Obx: ${controller.map.length}'))
                  ^^^
  test/state_manager/get_obx_test.dart:12:13: Error: Method not found: 'Obx'.
              Obx(
              ^^^
  test/state_manager/get_obx_test.dart:55:31: Error: Undefined name 'Get'.
    static Controller get to => Get.find();
                                ^^^
  test/state_manager/get_obx_test.dart:57:3: Error: 'RxInt' isn't a type.
    RxInt counter = 0.obs;
    ^^^^^
  test/state_manager/get_obx_test.dart:57:21: Error: The getter 'obs' isn't defined for the type 'int'.
  Try correcting the name to the name of an existing getter, or defining a getter or field named 'obs'.
    RxInt counter = 0.obs;
                      ^^^
  test/state_manager/get_obx_test.dart:58:3: Error: 'RxDouble' isn't a type.
    RxDouble doubleNum = 0.0.obs;
    ^^^^^^^^
  test/state_manager/get_obx_test.dart:58:28: Error: The getter 'obs' isn't defined for the type 'double'.
  Try correcting the name to the name of an existing getter, or defining a getter or field named 'obs'.
    RxDouble doubleNum = 0.0.obs;
                             ^^^
  test/state_manager/get_obx_test.dart:59:3: Error: 'RxString' isn't a type.
    RxString string = "string".obs;
    ^^^^^^^^
  test/state_manager/get_obx_test.dart:59:30: Error: The getter 'obs' isn't defined for the type 'String'.
  Try correcting the name to the name of an existing getter, or defining a getter or field named 'obs'.
    RxString string = "string".obs;
                               ^^^
  test/state_manager/get_obx_test.dart:60:3: Error: 'RxList' isn't a type.
    RxList list = [].obs;
    ^^^^^^
  test/state_manager/get_obx_test.dart:60:20: Error: The getter 'obs' isn't defined for the type 'List<dynamic>'.
   - 'List' is from 'dart:core'.
  Try correcting the name to the name of an existing getter, or defining a getter or field named 'obs'.
    RxList list = [].obs;
                     ^^^
  test/state_manager/get_obx_test.dart:61:3: Error: 'RxMap' isn't a type.
    RxMap map = {}.obs;
    ^^^^^
  test/state_manager/get_obx_test.dart:61:18: Error: The getter 'obs' isn't defined for the type 'Map<dynamic, dynamic>'.
   - 'Map' is from 'dart:core'.
  Try correcting the name to the name of an existing getter, or defining a getter or field named 'obs'.
    RxMap map = {}.obs;
                   ^^^
  test/state_manager/get_obx_test.dart:62:3: Error: 'RxBool' isn't a type.
    RxBool boolean = true.obs;
    ^^^^^^
  test/state_manager/get_obx_test.dart:62:25: Error: The getter 'obs' isn't defined for the type 'bool'.
  Try correcting the name to the name of an existing getter, or defining a getter or field named 'obs'.
    RxBool boolean = true.obs;
                          ^^^
  .

To run this test again: /Users/alamre/development/flutter/bin/cache/dart-sdk/bin/dart test /Users/alamre/dev/2030/jetx/test/state_manager/get_obx_test.dart -p vm --plain-name 'loading /Users/alamre/dev/2030/jetx/test/state_manager/get_obx_test.dart'
00:11 +0 -10: loading /Users/alamre/dev/2030/jetx/test/internationalization/internationalization_test.dart [E]                                                                                         
  Error: The Dart compiler exited unexpectedly.
  package:flutter_tools/src/base/common.dart 34:3  throwToolExit
  package:flutter_tools/src/compile.dart 910:11    DefaultResidentCompiler._compile.<fn>
  dart:async/zone.dart 1538:47                     _rootRunUnary
  dart:async/zone.dart 1429:19                     _CustomZone.runUnary
  dart:async/future_impl.dart 948:45               Future._propagateToListeners.handleValueCallback
  dart:async/future_impl.dart 977:13               Future._propagateToListeners
  dart:async/future_impl.dart 862:9                Future._propagateToListeners
  dart:async/future_impl.dart 720:5                Future._completeWithValue
  dart:async/future_impl.dart 804:7                Future._asyncCompleteWithValue.<fn>
  dart:async/zone.dart 1525:13                     _rootRun
  dart:async/zone.dart 1422:19                     _CustomZone.run
  dart:async/zone.dart 1321:7                      _CustomZone.runGuarded
  dart:async/zone.dart 1362:23                     _CustomZone.bindCallbackGuarded.<fn>
  dart:async/schedule_microtask.dart 40:35         _microtaskLoop
  dart:async/schedule_microtask.dart 49:5          _startMicrotaskLoop
  dart:isolate-patch/isolate_patch.dart 127:13     _runPendingImmediateCallback
  dart:isolate-patch/isolate_patch.dart 194:5      _RawReceivePort._handleMessage
  
test/state_manager/get_mixin_state_test.dart:3:8: Error: Error when reading 'lib/get.dart': No such file or directory
import 'package:jet/get.dart';
       ^
test/state_manager/get_mixin_state_test.dart:4:8: Error: Error when reading 'lib/get_state_manager/src/simple/mixin_builder.dart': No such file or directory
import 'package:jet/get_state_manager/src/simple/mixin_builder.dart';
       ^
test/state_manager/get_mixin_state_test.dart:92:26: Error: Type 'GetxController' not found.
class Controller extends GetxController {
                         ^^^^^^^^^^^^^^
test/state_manager/get_mixin_state_test.dart:95:3: Error: Type 'RxInt' not found.
  RxInt counter = 0.obs;
  ^^^^^
test/state_manager/get_mixin_state_test.dart:96:3: Error: Type 'RxDouble' not found.
  RxDouble doubleNum = 0.0.obs;
  ^^^^^^^^
test/state_manager/get_mixin_state_test.dart:97:3: Error: Type 'RxString' not found.
  RxString string = "string".obs;
  ^^^^^^^^
test/state_manager/get_mixin_state_test.dart:98:3: Error: Type 'RxList' not found.
  RxList list = [].obs;
  ^^^^^^
test/state_manager/get_mixin_state_test.dart:99:3: Error: Type 'RxMap' not found.
  RxMap map = {}.obs;
  ^^^^^
test/state_manager/get_mixin_state_test.dart:100:3: Error: Type 'RxBool' not found.
  RxBool boolean = true.obs;
  ^^^^^^
test/state_manager/get_mixin_state_test.dart:10:15: Error: Method not found: 'MixinBuilder'.
        home: MixinBuilder<Controller>(
              ^^^^^^^^^^^^
test/state_manager/get_mixin_state_test.dart:93:31: Error: Undefined name 'Get'.
  static Controller get to => Get.find();
                              ^^^
test/state_manager/get_mixin_state_test.dart:95:3: Error: 'RxInt' isn't a type.
  RxInt counter = 0.obs;
  ^^^^^
test/state_manager/get_mixin_state_test.dart:95:21: Error: The getter 'obs' isn't defined for the type 'int'.
Try correcting the name to the name of an existing getter, or defining a getter or field named 'obs'.
  RxInt counter = 0.obs;
                    ^^^
test/state_manager/get_mixin_state_test.dart:96:3: Error: 'RxDouble' isn't a type.
  RxDouble doubleNum = 0.0.obs;
  ^^^^^^^^
test/state_manager/get_mixin_state_test.dart:96:28: Error: The getter 'obs' isn't defined for the type 'double'.
Try correcting the name to the name of an existing getter, or defining a getter or field named 'obs'.
  RxDouble doubleNum = 0.0.obs;
                           ^^^
test/state_manager/get_mixin_state_test.dart:97:3: Error: 'RxString' isn't a type.
  RxString string = "string".obs;
  ^^^^^^^^
test/state_manager/get_mixin_state_test.dart:97:30: Error: The getter 'obs' isn't defined for the type 'String'.
Try correcting the name to the name of an existing getter, or defining a getter or field named 'obs'.
  RxString string = "string".obs;
                             ^^^
test/state_manager/get_mixin_state_test.dart:98:3: Error: 'RxList' isn't a type.
  RxList list = [].obs;
  ^^^^^^
test/state_manager/get_mixin_state_test.dart:98:20: Error: The getter 'obs' isn't defined for the type 'List<dynamic>'.
 - 'List' is from 'dart:core'.
Try correcting the name to the name of an existing getter, or defining a getter or field named 'obs'.
  RxList list = [].obs;
                   ^^^
test/state_manager/get_mixin_state_test.dart:99:3: Error: 'RxMap' isn't a type.
  RxMap map = {}.obs;
  ^^^^^
test/state_manager/get_mixin_state_test.dart:99:18: Error: The getter 'obs' isn't defined for the type 'Map<dynamic, dynamic>'.
 - 'Map' is from 'dart:core'.
Try correcting the name to the name of an existing getter, or defining a getter or field named 'obs'.
  RxMap map = {}.obs;
                 ^^^
test/state_manager/get_mixin_state_test.dart:100:3: Error: 'RxBool' isn't a type.
  RxBool boolean = true.obs;
  ^^^^^^
test/state_manager/get_mixin_state_test.dart:100:25: Error: The getter 'obs' isn't defined for the type 'bool'.
Try correcting the name to the name of an existing getter, or defining a getter or field named 'obs'.
  RxBool boolean = true.obs;
                        ^^^
test/state_manager/get_mixin_state_test.dart:108:5: Error: The method 'update' isn't defined for the type 'Controller'.
 - 'Controller' is from 'test/state_manager/get_mixin_state_test.dart'.
Try correcting the name to the name of an existing method, or defining a method named 'update'.
    update();
    ^^^^^^
00:12 +0 -11: loading /Users/alamre/dev/2030/jetx/test/state_manager/get_mixin_state_test.dart [E]                                                                                                     
  Failed to load "/Users/alamre/dev/2030/jetx/test/state_manager/get_mixin_state_test.dart":
  Compilation failed for testPath=/Users/alamre/dev/2030/jetx/test/state_manager/get_mixin_state_test.dart: test/state_manager/get_mixin_state_test.dart:3:8: Error: Error when reading 'lib/get.dart': No such file or directory
  import 'package:jet/get.dart';
         ^
  test/state_manager/get_mixin_state_test.dart:4:8: Error: Error when reading 'lib/get_state_manager/src/simple/mixin_builder.dart': No such file or directory
  import 'package:jet/get_state_manager/src/simple/mixin_builder.dart';
         ^
  test/state_manager/get_mixin_state_test.dart:92:26: Error: Type 'GetxController' not found.
  class Controller extends GetxController {
                           ^^^^^^^^^^^^^^
  test/state_manager/get_mixin_state_test.dart:95:3: Error: Type 'RxInt' not found.
    RxInt counter = 0.obs;
    ^^^^^
  test/state_manager/get_mixin_state_test.dart:96:3: Error: Type 'RxDouble' not found.
    RxDouble doubleNum = 0.0.obs;
    ^^^^^^^^
  test/state_manager/get_mixin_state_test.dart:97:3: Error: Type 'RxString' not found.
    RxString string = "string".obs;
    ^^^^^^^^
  test/state_manager/get_mixin_state_test.dart:98:3: Error: Type 'RxList' not found.
    RxList list = [].obs;
    ^^^^^^
  test/state_manager/get_mixin_state_test.dart:99:3: Error: Type 'RxMap' not found.
    RxMap map = {}.obs;
    ^^^^^
  test/state_manager/get_mixin_state_test.dart:100:3: Error: Type 'RxBool' not found.
    RxBool boolean = true.obs;
    ^^^^^^
  test/state_manager/get_mixin_state_test.dart:10:15: Error: Method not found: 'MixinBuilder'.
          home: MixinBuilder<Controller>(
                ^^^^^^^^^^^^
  test/state_manager/get_mixin_state_test.dart:93:31: Error: Undefined name 'Get'.
    static Controller get to => Get.find();
                                ^^^
  test/state_manager/get_mixin_state_test.dart:95:3: Error: 'RxInt' isn't a type.
    RxInt counter = 0.obs;
    ^^^^^
  test/state_manager/get_mixin_state_test.dart:95:21: Error: The getter 'obs' isn't defined for the type 'int'.
  Try correcting the name to the name of an existing getter, or defining a getter or field named 'obs'.
    RxInt counter = 0.obs;
                      ^^^
  test/state_manager/get_mixin_state_test.dart:96:3: Error: 'RxDouble' isn't a type.
    RxDouble doubleNum = 0.0.obs;
    ^^^^^^^^
  test/state_manager/get_mixin_state_test.dart:96:28: Error: The getter 'obs' isn't defined for the type 'double'.
  Try correcting the name to the name of an existing getter, or defining a getter or field named 'obs'.
    RxDouble doubleNum = 0.0.obs;
                             ^^^
  test/state_manager/get_mixin_state_test.dart:97:3: Error: 'RxString' isn't a type.
    RxString string = "string".obs;
    ^^^^^^^^
  test/state_manager/get_mixin_state_test.dart:97:30: Error: The getter 'obs' isn't defined for the type 'String'.
  Try correcting the name to the name of an existing getter, or defining a getter or field named 'obs'.
    RxString string = "string".obs;
                               ^^^
  test/state_manager/get_mixin_state_test.dart:98:3: Error: 'RxList' isn't a type.
    RxList list = [].obs;
    ^^^^^^
  test/state_manager/get_mixin_state_test.dart:98:20: Error: The getter 'obs' isn't defined for the type 'List<dynamic>'.
   - 'List' is from 'dart:core'.
  Try correcting the name to the name of an existing getter, or defining a getter or field named 'obs'.
    RxList list = [].obs;
                     ^^^
  test/state_manager/get_mixin_state_test.dart:99:3: Error: 'RxMap' isn't a type.
    RxMap map = {}.obs;
    ^^^^^
  test/state_manager/get_mixin_state_test.dart:99:18: Error: The getter 'obs' isn't defined for the type 'Map<dynamic, dynamic>'.
   - 'Map' is from 'dart:core'.
  Try correcting the name to the name of an existing getter, or defining a getter or field named 'obs'.
    RxMap map = {}.obs;
                   ^^^
  test/state_manager/get_mixin_state_test.dart:100:3: Error: 'RxBool' isn't a type.
    RxBool boolean = true.obs;
    ^^^^^^
  test/state_manager/get_mixin_state_test.dart:100:25: Error: The getter 'obs' isn't defined for the type 'bool'.
  Try correcting the name to the name of an existing getter, or defining a getter or field named 'obs'.
    RxBool boolean = true.obs;
                          ^^^
  test/state_manager/get_mixin_state_test.dart:108:5: Error: The method 'update' isn't defined for the type 'Controller'.
   - 'Controller' is from 'test/state_manager/get_mixin_state_test.dart'.
  Try correcting the name to the name of an existing method, or defining a method named 'update'.
      update();
      ^^^^^^
  .

To run this test again: /Users/alamre/development/flutter/bin/cache/dart-sdk/bin/dart test /Users/alamre/dev/2030/jetx/test/state_manager/get_mixin_state_test.dart -p vm --plain-name 'loading /Users/alamre/dev/2030/jetx/test/state_manager/get_mixin_state_test.dart'
00:12 +0 -11: loading /Users/alamre/dev/2030/jetx/test/internationalization/internationalization_test.dart [E]                                                                                         
  Error: The Dart compiler exited unexpectedly.
  package:flutter_tools/src/base/common.dart 34:3  throwToolExit
  package:flutter_tools/src/compile.dart 910:11    DefaultResidentCompiler._compile.<fn>
  dart:async/zone.dart 1538:47                     _rootRunUnary
  dart:async/zone.dart 1429:19                     _CustomZone.runUnary
  dart:async/future_impl.dart 948:45               Future._propagateToListeners.handleValueCallback
  dart:async/future_impl.dart 977:13               Future._propagateToListeners
  dart:async/future_impl.dart 862:9                Future._propagateToListeners
  dart:async/future_impl.dart 720:5                Future._completeWithValue
  dart:async/future_impl.dart 804:7                Future._asyncCompleteWithValue.<fn>
  dart:async/zone.dart 1525:13                     _rootRun
  dart:async/zone.dart 1422:19                     _CustomZone.run
  dart:async/zone.dart 1321:7                      _CustomZone.runGuarded
  dart:async/zone.dart 1362:23                     _CustomZone.bindCallbackGuarded.<fn>
  dart:async/schedule_microtask.dart 40:35         _microtaskLoop
  dart:async/schedule_microtask.dart 49:5          _startMicrotaskLoop
  dart:isolate-patch/isolate_patch.dart 127:13     _runPendingImmediateCallback
  dart:isolate-patch/isolate_patch.dart 194:5      _RawReceivePort._handleMessage
  
test/state_manager/get_rxstate_test.dart:3:8: Error: Error when reading 'lib/get.dart': No such file or directory
import 'package:jet/get.dart';
       ^
test/state_manager/get_rxstate_test.dart:76:27: Error: Type 'GetxController' not found.
class Controller2 extends GetxController {
                          ^^^^^^^^^^^^^^
test/state_manager/get_rxstate_test.dart:77:3: Error: Type 'RxInt' not found.
  RxInt lazy = 0.obs;
  ^^^^^
test/state_manager/get_rxstate_test.dart:80:35: Error: Type 'GetxController' not found.
class ControllerNonGlobal extends GetxController {
                                  ^^^^^^^^^^^^^^
test/state_manager/get_rxstate_test.dart:81:3: Error: Type 'RxInt' not found.
  RxInt nonGlobal = 0.obs;
  ^^^^^
test/state_manager/get_rxstate_test.dart:84:26: Error: Type 'GetxController' not found.
class Controller extends GetxController {
                         ^^^^^^^^^^^^^^
test/state_manager/get_rxstate_test.dart:87:3: Error: Type 'RxInt' not found.
  RxInt counter = 0.obs;
  ^^^^^
test/state_manager/get_rxstate_test.dart:88:3: Error: Type 'RxDouble' not found.
  RxDouble doubleNum = 0.0.obs;
  ^^^^^^^^
test/state_manager/get_rxstate_test.dart:89:3: Error: Type 'RxString' not found.
  RxString string = "string".obs;
  ^^^^^^^^
test/state_manager/get_rxstate_test.dart:90:3: Error: Type 'RxList' not found.
  RxList list = [].obs;
  ^^^^^^
test/state_manager/get_rxstate_test.dart:91:3: Error: Type 'RxMap' not found.
  RxMap map = {}.obs;
  ^^^^^
test/state_manager/get_rxstate_test.dart:92:3: Error: Type 'RxBool' not found.
  RxBool boolean = true.obs;
  ^^^^^^
test/state_manager/get_rxstate_test.dart:6:3: Error: Undefined name 'Get'.
  Get.lazyPut<Controller2>(() => Controller2());
  ^^^
test/state_manager/get_rxstate_test.dart:37:17: Error: Method not found: 'GetX'.
                GetX<Controller2>(builder: (controller) {
                ^^^^
test/state_manager/get_rxstate_test.dart:40:17: Error: Method not found: 'GetX'.
                GetX<ControllerNonGlobal>(
                ^^^^
test/state_manager/get_rxstate_test.dart:10:15: Error: Method not found: 'GetX'.
        home: GetX<Controller>(
              ^^^^
test/state_manager/get_rxstate_test.dart:77:3: Error: 'RxInt' isn't a type.
  RxInt lazy = 0.obs;
  ^^^^^
test/state_manager/get_rxstate_test.dart:77:18: Error: The getter 'obs' isn't defined for the type 'int'.
Try correcting the name to the name of an existing getter, or defining a getter or field named 'obs'.
  RxInt lazy = 0.obs;
                 ^^^
test/state_manager/get_rxstate_test.dart:81:3: Error: 'RxInt' isn't a type.
  RxInt nonGlobal = 0.obs;
  ^^^^^
test/state_manager/get_rxstate_test.dart:81:23: Error: The getter 'obs' isn't defined for the type 'int'.
Try correcting the name to the name of an existing getter, or defining a getter or field named 'obs'.
  RxInt nonGlobal = 0.obs;
                      ^^^
test/state_manager/get_rxstate_test.dart:85:31: Error: Undefined name 'Get'.
  static Controller get to => Get.find();
                              ^^^
test/state_manager/get_rxstate_test.dart:87:3: Error: 'RxInt' isn't a type.
  RxInt counter = 0.obs;
  ^^^^^
test/state_manager/get_rxstate_test.dart:87:21: Error: The getter 'obs' isn't defined for the type 'int'.
Try correcting the name to the name of an existing getter, or defining a getter or field named 'obs'.
  RxInt counter = 0.obs;
                    ^^^
test/state_manager/get_rxstate_test.dart:88:3: Error: 'RxDouble' isn't a type.
  RxDouble doubleNum = 0.0.obs;
  ^^^^^^^^
test/state_manager/get_rxstate_test.dart:88:28: Error: The getter 'obs' isn't defined for the type 'double'.
Try correcting the name to the name of an existing getter, or defining a getter or field named 'obs'.
  RxDouble doubleNum = 0.0.obs;
                           ^^^
test/state_manager/get_rxstate_test.dart:89:3: Error: 'RxString' isn't a type.
  RxString string = "string".obs;
  ^^^^^^^^
test/state_manager/get_rxstate_test.dart:89:30: Error: The getter 'obs' isn't defined for the type 'String'.
Try correcting the name to the name of an existing getter, or defining a getter or field named 'obs'.
  RxString string = "string".obs;
                             ^^^
test/state_manager/get_rxstate_test.dart:90:3: Error: 'RxList' isn't a type.
  RxList list = [].obs;
  ^^^^^^
test/state_manager/get_rxstate_test.dart:90:20: Error: The getter 'obs' isn't defined for the type 'List<dynamic>'.
 - 'List' is from 'dart:core'.
Try correcting the name to the name of an existing getter, or defining a getter or field named 'obs'.
  RxList list = [].obs;
                   ^^^
test/state_manager/get_rxstate_test.dart:91:3: Error: 'RxMap' isn't a type.
  RxMap map = {}.obs;
  ^^^^^
test/state_manager/get_rxstate_test.dart:91:18: Error: The getter 'obs' isn't defined for the type 'Map<dynamic, dynamic>'.
 - 'Map' is from 'dart:core'.
Try correcting the name to the name of an existing getter, or defining a getter or field named 'obs'.
  RxMap map = {}.obs;
                 ^^^
test/state_manager/get_rxstate_test.dart:92:3: Error: 'RxBool' isn't a type.
  RxBool boolean = true.obs;
  ^^^^^^
test/state_manager/get_rxstate_test.dart:92:25: Error: The getter 'obs' isn't defined for the type 'bool'.
Try correcting the name to the name of an existing getter, or defining a getter or field named 'obs'.
  RxBool boolean = true.obs;
                        ^^^
00:12 +0 -12: loading /Users/alamre/dev/2030/jetx/test/state_manager/get_rxstate_test.dart [E]                                                                                                         
  Failed to load "/Users/alamre/dev/2030/jetx/test/state_manager/get_rxstate_test.dart":
  Compilation failed for testPath=/Users/alamre/dev/2030/jetx/test/state_manager/get_rxstate_test.dart: test/state_manager/get_rxstate_test.dart:3:8: Error: Error when reading 'lib/get.dart': No such file or directory
  import 'package:jet/get.dart';
         ^
  test/state_manager/get_rxstate_test.dart:76:27: Error: Type 'GetxController' not found.
  class Controller2 extends GetxController {
                            ^^^^^^^^^^^^^^
  test/state_manager/get_rxstate_test.dart:77:3: Error: Type 'RxInt' not found.
    RxInt lazy = 0.obs;
    ^^^^^
  test/state_manager/get_rxstate_test.dart:80:35: Error: Type 'GetxController' not found.
  class ControllerNonGlobal extends GetxController {
                                    ^^^^^^^^^^^^^^
  test/state_manager/get_rxstate_test.dart:81:3: Error: Type 'RxInt' not found.
    RxInt nonGlobal = 0.obs;
    ^^^^^
  test/state_manager/get_rxstate_test.dart:84:26: Error: Type 'GetxController' not found.
  class Controller extends GetxController {
                           ^^^^^^^^^^^^^^
  test/state_manager/get_rxstate_test.dart:87:3: Error: Type 'RxInt' not found.
    RxInt counter = 0.obs;
    ^^^^^
  test/state_manager/get_rxstate_test.dart:88:3: Error: Type 'RxDouble' not found.
    RxDouble doubleNum = 0.0.obs;
    ^^^^^^^^
  test/state_manager/get_rxstate_test.dart:89:3: Error: Type 'RxString' not found.
    RxString string = "string".obs;
    ^^^^^^^^
  test/state_manager/get_rxstate_test.dart:90:3: Error: Type 'RxList' not found.
    RxList list = [].obs;
    ^^^^^^
  test/state_manager/get_rxstate_test.dart:91:3: Error: Type 'RxMap' not found.
    RxMap map = {}.obs;
    ^^^^^
  test/state_manager/get_rxstate_test.dart:92:3: Error: Type 'RxBool' not found.
    RxBool boolean = true.obs;
    ^^^^^^
  test/state_manager/get_rxstate_test.dart:6:3: Error: Undefined name 'Get'.
    Get.lazyPut<Controller2>(() => Controller2());
    ^^^
  test/state_manager/get_rxstate_test.dart:37:17: Error: Method not found: 'GetX'.
                  GetX<Controller2>(builder: (controller) {
                  ^^^^
  test/state_manager/get_rxstate_test.dart:40:17: Error: Method not found: 'GetX'.
                  GetX<ControllerNonGlobal>(
                  ^^^^
  test/state_manager/get_rxstate_test.dart:10:15: Error: Method not found: 'GetX'.
          home: GetX<Controller>(
                ^^^^
  test/state_manager/get_rxstate_test.dart:77:3: Error: 'RxInt' isn't a type.
    RxInt lazy = 0.obs;
    ^^^^^
  test/state_manager/get_rxstate_test.dart:77:18: Error: The getter 'obs' isn't defined for the type 'int'.
  Try correcting the name to the name of an existing getter, or defining a getter or field named 'obs'.
    RxInt lazy = 0.obs;
                   ^^^
  test/state_manager/get_rxstate_test.dart:81:3: Error: 'RxInt' isn't a type.
    RxInt nonGlobal = 0.obs;
    ^^^^^
  test/state_manager/get_rxstate_test.dart:81:23: Error: The getter 'obs' isn't defined for the type 'int'.
  Try correcting the name to the name of an existing getter, or defining a getter or field named 'obs'.
    RxInt nonGlobal = 0.obs;
                        ^^^
  test/state_manager/get_rxstate_test.dart:85:31: Error: Undefined name 'Get'.
    static Controller get to => Get.find();
                                ^^^
  test/state_manager/get_rxstate_test.dart:87:3: Error: 'RxInt' isn't a type.
    RxInt counter = 0.obs;
    ^^^^^
  test/state_manager/get_rxstate_test.dart:87:21: Error: The getter 'obs' isn't defined for the type 'int'.
  Try correcting the name to the name of an existing getter, or defining a getter or field named 'obs'.
    RxInt counter = 0.obs;
                      ^^^
  test/state_manager/get_rxstate_test.dart:88:3: Error: 'RxDouble' isn't a type.
    RxDouble doubleNum = 0.0.obs;
    ^^^^^^^^
  test/state_manager/get_rxstate_test.dart:88:28: Error: The getter 'obs' isn't defined for the type 'double'.
  Try correcting the name to the name of an existing getter, or defining a getter or field named 'obs'.
    RxDouble doubleNum = 0.0.obs;
                             ^^^
  test/state_manager/get_rxstate_test.dart:89:3: Error: 'RxString' isn't a type.
    RxString string = "string".obs;
    ^^^^^^^^
  test/state_manager/get_rxstate_test.dart:89:30: Error: The getter 'obs' isn't defined for the type 'String'.
  Try correcting the name to the name of an existing getter, or defining a getter or field named 'obs'.
    RxString string = "string".obs;
                               ^^^
  test/state_manager/get_rxstate_test.dart:90:3: Error: 'RxList' isn't a type.
    RxList list = [].obs;
    ^^^^^^
  test/state_manager/get_rxstate_test.dart:90:20: Error: The getter 'obs' isn't defined for the type 'List<dynamic>'.
   - 'List' is from 'dart:core'.
  Try correcting the name to the name of an existing getter, or defining a getter or field named 'obs'.
    RxList list = [].obs;
                     ^^^
  test/state_manager/get_rxstate_test.dart:91:3: Error: 'RxMap' isn't a type.
    RxMap map = {}.obs;
    ^^^^^
  test/state_manager/get_rxstate_test.dart:91:18: Error: The getter 'obs' isn't defined for the type 'Map<dynamic, dynamic>'.
   - 'Map' is from 'dart:core'.
  Try correcting the name to the name of an existing getter, or defining a getter or field named 'obs'.
    RxMap map = {}.obs;
                   ^^^
  test/state_manager/get_rxstate_test.dart:92:3: Error: 'RxBool' isn't a type.
    RxBool boolean = true.obs;
    ^^^^^^
  test/state_manager/get_rxstate_test.dart:92:25: Error: The getter 'obs' isn't defined for the type 'bool'.
  Try correcting the name to the name of an existing getter, or defining a getter or field named 'obs'.
    RxBool boolean = true.obs;
                          ^^^
  .

To run this test again: /Users/alamre/development/flutter/bin/cache/dart-sdk/bin/dart test /Users/alamre/dev/2030/jetx/test/state_manager/get_rxstate_test.dart -p vm --plain-name 'loading /Users/alamre/dev/2030/jetx/test/state_manager/get_rxstate_test.dart'
00:12 +0 -12: loading /Users/alamre/dev/2030/jetx/test/internationalization/internationalization_test.dart [E]                                                                                         
  Error: The Dart compiler exited unexpectedly.
  package:flutter_tools/src/base/common.dart 34:3  throwToolExit
  package:flutter_tools/src/compile.dart 910:11    DefaultResidentCompiler._compile.<fn>
  dart:async/zone.dart 1538:47                     _rootRunUnary
  dart:async/zone.dart 1429:19                     _CustomZone.runUnary
  dart:async/future_impl.dart 948:45               Future._propagateToListeners.handleValueCallback
  dart:async/future_impl.dart 977:13               Future._propagateToListeners
  dart:async/future_impl.dart 862:9                Future._propagateToListeners
  dart:async/future_impl.dart 720:5                Future._completeWithValue
  dart:async/future_impl.dart 804:7                Future._asyncCompleteWithValue.<fn>
  dart:async/zone.dart 1525:13                     _rootRun
  dart:async/zone.dart 1422:19                     _CustomZone.run
  dart:async/zone.dart 1321:7                      _CustomZone.runGuarded
  dart:async/zone.dart 1362:23                     _CustomZone.bindCallbackGuarded.<fn>
  dart:async/schedule_microtask.dart 40:35         _microtaskLoop
  dart:async/schedule_microtask.dart 49:5          _startMicrotaskLoop
  dart:isolate-patch/isolate_patch.dart 127:13     _runPendingImmediateCallback
  dart:isolate-patch/isolate_patch.dart 194:5      _RawReceivePort._handleMessage
  
lib/utils.dart:5:1: Error: Error when reading 'lib/jet_core/jet_core.dart': No such file or directory
export 'jet_core/jet_core.dart';
^
lib/utils.dart:6:1: Error: Error when reading 'lib/jet_utils/jet_utils.dart': No such file or directory
export 'jet_utils/jet_utils.dart';
^
test/utils/extensions/widget_extensions_test.dart:21:45: Error: The method 'paddingAll' isn't defined for the type 'Widget'.
 - 'Widget' is from 'package:flutter/src/widgets/framework.dart' ('../../../development/flutter/packages/flutter/lib/src/widgets/framework.dart').
Try correcting the name to the name of an existing method, or defining a method named 'paddingAll'.
      await tester.pumpWidget(containerTest.paddingAll(16));
                                            ^^^^^^^^^^
test/utils/extensions/widget_extensions_test.dart:31:45: Error: The method 'paddingOnly' isn't defined for the type 'Widget'.
 - 'Widget' is from 'package:flutter/src/widgets/framework.dart' ('../../../development/flutter/packages/flutter/lib/src/widgets/framework.dart').
Try correcting the name to the name of an existing method, or defining a method named 'paddingOnly'.
      await tester.pumpWidget(containerTest.paddingOnly(top: 16));
                                            ^^^^^^^^^^^
test/utils/extensions/widget_extensions_test.dart:41:45: Error: The method 'paddingSymmetric' isn't defined for the type 'Widget'.
 - 'Widget' is from 'package:flutter/src/widgets/framework.dart' ('../../../development/flutter/packages/flutter/lib/src/widgets/framework.dart').
Try correcting the name to the name of an existing method, or defining a method named 'paddingSymmetric'.
      await tester.pumpWidget(containerTest.paddingSymmetric(vertical: 16));
                                            ^^^^^^^^^^^^^^^^
test/utils/extensions/widget_extensions_test.dart:51:45: Error: The getter 'paddingZero' isn't defined for the type 'Widget'.
 - 'Widget' is from 'package:flutter/src/widgets/framework.dart' ('../../../development/flutter/packages/flutter/lib/src/widgets/framework.dart').
Try correcting the name to the name of an existing getter, or defining a getter or field named 'paddingZero'.
      await tester.pumpWidget(containerTest.paddingZero);
                                            ^^^^^^^^^^^
test/utils/extensions/widget_extensions_test.dart:61:45: Error: The method 'marginAll' isn't defined for the type 'Widget'.
 - 'Widget' is from 'package:flutter/src/widgets/framework.dart' ('../../../development/flutter/packages/flutter/lib/src/widgets/framework.dart').
Try correcting the name to the name of an existing method, or defining a method named 'marginAll'.
      await tester.pumpWidget(containerTest.marginAll(16));
                                            ^^^^^^^^^
test/utils/extensions/widget_extensions_test.dart:69:45: Error: The method 'marginOnly' isn't defined for the type 'Widget'.
 - 'Widget' is from 'package:flutter/src/widgets/framework.dart' ('../../../development/flutter/packages/flutter/lib/src/widgets/framework.dart').
Try correcting the name to the name of an existing method, or defining a method named 'marginOnly'.
      await tester.pumpWidget(containerTest.marginOnly(top: 16));
                                            ^^^^^^^^^^
test/utils/extensions/widget_extensions_test.dart:77:45: Error: The method 'marginSymmetric' isn't defined for the type 'Widget'.
 - 'Widget' is from 'package:flutter/src/widgets/framework.dart' ('../../../development/flutter/packages/flutter/lib/src/widgets/framework.dart').
Try correcting the name to the name of an existing method, or defining a method named 'marginSymmetric'.
      await tester.pumpWidget(containerTest.marginSymmetric(vertical: 16));
                                            ^^^^^^^^^^^^^^^
test/utils/extensions/widget_extensions_test.dart:85:45: Error: The getter 'marginZero' isn't defined for the type 'Widget'.
 - 'Widget' is from 'package:flutter/src/widgets/framework.dart' ('../../../development/flutter/packages/flutter/lib/src/widgets/framework.dart').
Try correcting the name to the name of an existing getter, or defining a getter or field named 'marginZero'.
      await tester.pumpWidget(containerTest.marginZero);
                                            ^^^^^^^^^^
00:13 +0 -13: loading /Users/alamre/dev/2030/jetx/test/utils/extensions/widget_extensions_test.dart [E]                                                                                                
  Failed to load "/Users/alamre/dev/2030/jetx/test/utils/extensions/widget_extensions_test.dart":
  Compilation failed for testPath=/Users/alamre/dev/2030/jetx/test/utils/extensions/widget_extensions_test.dart: lib/utils.dart:5:1: Error: Error when reading 'lib/jet_core/jet_core.dart': No such file or directory
  export 'jet_core/jet_core.dart';
  ^
  lib/utils.dart:6:1: Error: Error when reading 'lib/jet_utils/jet_utils.dart': No such file or directory
  export 'jet_utils/jet_utils.dart';
  ^
  test/utils/extensions/widget_extensions_test.dart:21:45: Error: The method 'paddingAll' isn't defined for the type 'Widget'.
   - 'Widget' is from 'package:flutter/src/widgets/framework.dart' ('../../../development/flutter/packages/flutter/lib/src/widgets/framework.dart').
  Try correcting the name to the name of an existing method, or defining a method named 'paddingAll'.
        await tester.pumpWidget(containerTest.paddingAll(16));
                                              ^^^^^^^^^^
  test/utils/extensions/widget_extensions_test.dart:31:45: Error: The method 'paddingOnly' isn't defined for the type 'Widget'.
   - 'Widget' is from 'package:flutter/src/widgets/framework.dart' ('../../../development/flutter/packages/flutter/lib/src/widgets/framework.dart').
  Try correcting the name to the name of an existing method, or defining a method named 'paddingOnly'.
        await tester.pumpWidget(containerTest.paddingOnly(top: 16));
                                              ^^^^^^^^^^^
  test/utils/extensions/widget_extensions_test.dart:41:45: Error: The method 'paddingSymmetric' isn't defined for the type 'Widget'.
   - 'Widget' is from 'package:flutter/src/widgets/framework.dart' ('../../../development/flutter/packages/flutter/lib/src/widgets/framework.dart').
  Try correcting the name to the name of an existing method, or defining a method named 'paddingSymmetric'.
        await tester.pumpWidget(containerTest.paddingSymmetric(vertical: 16));
                                              ^^^^^^^^^^^^^^^^
  test/utils/extensions/widget_extensions_test.dart:51:45: Error: The getter 'paddingZero' isn't defined for the type 'Widget'.
   - 'Widget' is from 'package:flutter/src/widgets/framework.dart' ('../../../development/flutter/packages/flutter/lib/src/widgets/framework.dart').
  Try correcting the name to the name of an existing getter, or defining a getter or field named 'paddingZero'.
        await tester.pumpWidget(containerTest.paddingZero);
                                              ^^^^^^^^^^^
  test/utils/extensions/widget_extensions_test.dart:61:45: Error: The method 'marginAll' isn't defined for the type 'Widget'.
   - 'Widget' is from 'package:flutter/src/widgets/framework.dart' ('../../../development/flutter/packages/flutter/lib/src/widgets/framework.dart').
  Try correcting the name to the name of an existing method, or defining a method named 'marginAll'.
        await tester.pumpWidget(containerTest.marginAll(16));
                                              ^^^^^^^^^
  test/utils/extensions/widget_extensions_test.dart:69:45: Error: The method 'marginOnly' isn't defined for the type 'Widget'.
   - 'Widget' is from 'package:flutter/src/widgets/framework.dart' ('../../../development/flutter/packages/flutter/lib/src/widgets/framework.dart').
  Try correcting the name to the name of an existing method, or defining a method named 'marginOnly'.
        await tester.pumpWidget(containerTest.marginOnly(top: 16));
                                              ^^^^^^^^^^
  test/utils/extensions/widget_extensions_test.dart:77:45: Error: The method 'marginSymmetric' isn't defined for the type 'Widget'.
   - 'Widget' is from 'package:flutter/src/widgets/framework.dart' ('../../../development/flutter/packages/flutter/lib/src/widgets/framework.dart').
  Try correcting the name to the name of an existing method, or defining a method named 'marginSymmetric'.
        await tester.pumpWidget(containerTest.marginSymmetric(vertical: 16));
                                              ^^^^^^^^^^^^^^^
  test/utils/extensions/widget_extensions_test.dart:85:45: Error: The getter 'marginZero' isn't defined for the type 'Widget'.
   - 'Widget' is from 'package:flutter/src/widgets/framework.dart' ('../../../development/flutter/packages/flutter/lib/src/widgets/framework.dart').
  Try correcting the name to the name of an existing getter, or defining a getter or field named 'marginZero'.
        await tester.pumpWidget(containerTest.marginZero);
                                              ^^^^^^^^^^
  .

To run this test again: /Users/alamre/development/flutter/bin/cache/dart-sdk/bin/dart test /Users/alamre/dev/2030/jetx/test/utils/extensions/widget_extensions_test.dart -p vm --plain-name 'loading /Users/alamre/dev/2030/jetx/test/utils/extensions/widget_extensions_test.dart'
00:13 +0 -13: loading /Users/alamre/dev/2030/jetx/test/internationalization/internationalization_test.dart [E]                                                                                         
  Error: The Dart compiler exited unexpectedly.
  package:flutter_tools/src/base/common.dart 34:3  throwToolExit
  package:flutter_tools/src/compile.dart 910:11    DefaultResidentCompiler._compile.<fn>
  dart:async/zone.dart 1538:47                     _rootRunUnary
  dart:async/zone.dart 1429:19                     _CustomZone.runUnary
  dart:async/future_impl.dart 948:45               Future._propagateToListeners.handleValueCallback
  dart:async/future_impl.dart 977:13               Future._propagateToListeners
  dart:async/future_impl.dart 862:9                Future._propagateToListeners
  dart:async/future_impl.dart 720:5                Future._completeWithValue
  dart:async/future_impl.dart 804:7                Future._asyncCompleteWithValue.<fn>
  dart:async/zone.dart 1525:13                     _rootRun
  dart:async/zone.dart 1422:19                     _CustomZone.run
  dart:async/zone.dart 1321:7                      _CustomZone.runGuarded
  dart:async/zone.dart 1362:23                     _CustomZone.bindCallbackGuarded.<fn>
  dart:async/schedule_microtask.dart 40:35         _microtaskLoop
  dart:async/schedule_microtask.dart 49:5          _startMicrotaskLoop
  dart:isolate-patch/isolate_patch.dart 127:13     _runPendingImmediateCallback
  dart:isolate-patch/isolate_patch.dart 194:5      _RawReceivePort._handleMessage
  
lib/utils.dart:5:1: Error: Error when reading 'lib/jet_core/jet_core.dart': No such file or directory
export 'jet_core/jet_core.dart';
^
lib/utils.dart:6:1: Error: Error when reading 'lib/jet_utils/jet_utils.dart': No such file or directory
export 'jet_utils/jet_utils.dart';
^
test/utils/extensions/num_extensions_test.dart:16:16: Error: The method 'isLowerThan' isn't defined for the type 'num'.
Try correcting the name to the name of an existing method, or defining a method named 'isLowerThan'.
      expect(x.isLowerThan(y), true);
               ^^^^^^^^^^^
test/utils/extensions/num_extensions_test.dart:17:16: Error: The method 'isLowerThan' isn't defined for the type 'num'.
Try correcting the name to the name of an existing method, or defining a method named 'isLowerThan'.
      expect(y.isLowerThan(x), false);
               ^^^^^^^^^^^
test/utils/extensions/num_extensions_test.dart:18:16: Error: The method 'isLowerThan' isn't defined for the type 'num'.
Try correcting the name to the name of an existing method, or defining a method named 'isLowerThan'.
      expect(x.isLowerThan(z), false);
               ^^^^^^^^^^^
test/utils/extensions/num_extensions_test.dart:19:22: Error: The method 'isLowerThan' isn't defined for the type 'double'.
Try correcting the name to the name of an existing method, or defining a method named 'isLowerThan'.
      expect(doubleX.isLowerThan(doubleY), true);
                     ^^^^^^^^^^^
test/utils/extensions/num_extensions_test.dart:20:22: Error: The method 'isLowerThan' isn't defined for the type 'double'.
Try correcting the name to the name of an existing method, or defining a method named 'isLowerThan'.
      expect(doubleY.isLowerThan(pi), true);
                     ^^^^^^^^^^^
test/utils/extensions/num_extensions_test.dart:21:16: Error: The method 'isLowerThan' isn't defined for the type 'num'.
Try correcting the name to the name of an existing method, or defining a method named 'isLowerThan'.
      expect(x.isLowerThan(doubleX), false);
               ^^^^^^^^^^^
test/utils/extensions/num_extensions_test.dart:22:16: Error: The method 'isLowerThan' isn't defined for the type 'num'.
Try correcting the name to the name of an existing method, or defining a method named 'isLowerThan'.
      expect(z.isLowerThan(doubleZ), false);
               ^^^^^^^^^^^
test/utils/extensions/num_extensions_test.dart:25:16: Error: The method 'isGreaterThan' isn't defined for the type 'num'.
Try correcting the name to the name of an existing method, or defining a method named 'isGreaterThan'.
      expect(x.isGreaterThan(y), false);
               ^^^^^^^^^^^^^
test/utils/extensions/num_extensions_test.dart:26:16: Error: The method 'isGreaterThan' isn't defined for the type 'num'.
Try correcting the name to the name of an existing method, or defining a method named 'isGreaterThan'.
      expect(y.isGreaterThan(x), true);
               ^^^^^^^^^^^^^
test/utils/extensions/num_extensions_test.dart:27:16: Error: The method 'isGreaterThan' isn't defined for the type 'num'.
Try correcting the name to the name of an existing method, or defining a method named 'isGreaterThan'.
      expect(x.isGreaterThan(z), false);
               ^^^^^^^^^^^^^
test/utils/extensions/num_extensions_test.dart:28:22: Error: The method 'isGreaterThan' isn't defined for the type 'double'.
Try correcting the name to the name of an existing method, or defining a method named 'isGreaterThan'.
      expect(doubleX.isGreaterThan(doubleY), false);
                     ^^^^^^^^^^^^^
test/utils/extensions/num_extensions_test.dart:29:22: Error: The method 'isGreaterThan' isn't defined for the type 'double'.
Try correcting the name to the name of an existing method, or defining a method named 'isGreaterThan'.
      expect(doubleY.isGreaterThan(pi), false);
                     ^^^^^^^^^^^^^
test/utils/extensions/num_extensions_test.dart:30:17: Error: The method 'isGreaterThan' isn't defined for the type 'double'.
Try correcting the name to the name of an existing method, or defining a method named 'isGreaterThan'.
      expect(pi.isGreaterThan(3.14159265359), false);
                ^^^^^^^^^^^^^
test/utils/extensions/num_extensions_test.dart:31:16: Error: The method 'isGreaterThan' isn't defined for the type 'num'.
Try correcting the name to the name of an existing method, or defining a method named 'isGreaterThan'.
      expect(y.isGreaterThan(doubleY), true);
               ^^^^^^^^^^^^^
test/utils/extensions/num_extensions_test.dart:32:16: Error: The method 'isGreaterThan' isn't defined for the type 'num'.
Try correcting the name to the name of an existing method, or defining a method named 'isGreaterThan'.
      expect(z.isGreaterThan(doubleZ), false);
               ^^^^^^^^^^^^^
test/utils/extensions/num_extensions_test.dart:35:16: Error: The method 'isEqual' isn't defined for the type 'num'.
Try correcting the name to the name of an existing method, or defining a method named 'isEqual'.
      expect(x.isEqual(y), false);
               ^^^^^^^
test/utils/extensions/num_extensions_test.dart:36:16: Error: The method 'isEqual' isn't defined for the type 'num'.
Try correcting the name to the name of an existing method, or defining a method named 'isEqual'.
      expect(y.isEqual(x), false);
               ^^^^^^^
test/utils/extensions/num_extensions_test.dart:37:16: Error: The method 'isEqual' isn't defined for the type 'num'.
Try correcting the name to the name of an existing method, or defining a method named 'isEqual'.
      expect(x.isEqual(5), true);
               ^^^^^^^
test/utils/extensions/num_extensions_test.dart:38:16: Error: The method 'isEqual' isn't defined for the type 'num'.
Try correcting the name to the name of an existing method, or defining a method named 'isEqual'.
      expect(y.isEqual(7), true);
               ^^^^^^^
test/utils/extensions/num_extensions_test.dart:39:22: Error: The method 'isEqual' isn't defined for the type 'double'.
Try correcting the name to the name of an existing method, or defining a method named 'isEqual'.
      expect(doubleX.isEqual(doubleY), false);
                     ^^^^^^^
test/utils/extensions/num_extensions_test.dart:40:22: Error: The method 'isEqual' isn't defined for the type 'double'.
Try correcting the name to the name of an existing method, or defining a method named 'isEqual'.
      expect(doubleY.isEqual(pi), false);
                     ^^^^^^^
test/utils/extensions/num_extensions_test.dart:41:17: Error: The method 'isEqual' isn't defined for the type 'double'.
Try correcting the name to the name of an existing method, or defining a method named 'isEqual'.
      expect(pi.isEqual(3.14159265359), true);
                ^^^^^^^
test/utils/extensions/num_extensions_test.dart:42:16: Error: The method 'isEqual' isn't defined for the type 'num'.
Try correcting the name to the name of an existing method, or defining a method named 'isEqual'.
      expect(z.isEqual(doubleZ), true);
               ^^^^^^^
00:14 +0 -14: loading /Users/alamre/dev/2030/jetx/test/utils/extensions/num_extensions_test.dart [E]                                                                                                   
  Failed to load "/Users/alamre/dev/2030/jetx/test/utils/extensions/num_extensions_test.dart":
  Compilation failed for testPath=/Users/alamre/dev/2030/jetx/test/utils/extensions/num_extensions_test.dart: lib/utils.dart:5:1: Error: Error when reading 'lib/jet_core/jet_core.dart': No such file or directory
  export 'jet_core/jet_core.dart';
  ^
  lib/utils.dart:6:1: Error: Error when reading 'lib/jet_utils/jet_utils.dart': No such file or directory
  export 'jet_utils/jet_utils.dart';
  ^
  test/utils/extensions/num_extensions_test.dart:16:16: Error: The method 'isLowerThan' isn't defined for the type 'num'.
  Try correcting the name to the name of an existing method, or defining a method named 'isLowerThan'.
        expect(x.isLowerThan(y), true);
                 ^^^^^^^^^^^
  test/utils/extensions/num_extensions_test.dart:17:16: Error: The method 'isLowerThan' isn't defined for the type 'num'.
  Try correcting the name to the name of an existing method, or defining a method named 'isLowerThan'.
        expect(y.isLowerThan(x), false);
                 ^^^^^^^^^^^
  test/utils/extensions/num_extensions_test.dart:18:16: Error: The method 'isLowerThan' isn't defined for the type 'num'.
  Try correcting the name to the name of an existing method, or defining a method named 'isLowerThan'.
        expect(x.isLowerThan(z), false);
                 ^^^^^^^^^^^
  test/utils/extensions/num_extensions_test.dart:19:22: Error: The method 'isLowerThan' isn't defined for the type 'double'.
  Try correcting the name to the name of an existing method, or defining a method named 'isLowerThan'.
        expect(doubleX.isLowerThan(doubleY), true);
                       ^^^^^^^^^^^
  test/utils/extensions/num_extensions_test.dart:20:22: Error: The method 'isLowerThan' isn't defined for the type 'double'.
  Try correcting the name to the name of an existing method, or defining a method named 'isLowerThan'.
        expect(doubleY.isLowerThan(pi), true);
                       ^^^^^^^^^^^
  test/utils/extensions/num_extensions_test.dart:21:16: Error: The method 'isLowerThan' isn't defined for the type 'num'.
  Try correcting the name to the name of an existing method, or defining a method named 'isLowerThan'.
        expect(x.isLowerThan(doubleX), false);
                 ^^^^^^^^^^^
  test/utils/extensions/num_extensions_test.dart:22:16: Error: The method 'isLowerThan' isn't defined for the type 'num'.
  Try correcting the name to the name of an existing method, or defining a method named 'isLowerThan'.
        expect(z.isLowerThan(doubleZ), false);
                 ^^^^^^^^^^^
  test/utils/extensions/num_extensions_test.dart:25:16: Error: The method 'isGreaterThan' isn't defined for the type 'num'.
  Try correcting the name to the name of an existing method, or defining a method named 'isGreaterThan'.
        expect(x.isGreaterThan(y), false);
                 ^^^^^^^^^^^^^
  test/utils/extensions/num_extensions_test.dart:26:16: Error: The method 'isGreaterThan' isn't defined for the type 'num'.
  Try correcting the name to the name of an existing method, or defining a method named 'isGreaterThan'.
        expect(y.isGreaterThan(x), true);
                 ^^^^^^^^^^^^^
  test/utils/extensions/num_extensions_test.dart:27:16: Error: The method 'isGreaterThan' isn't defined for the type 'num'.
  Try correcting the name to the name of an existing method, or defining a method named 'isGreaterThan'.
        expect(x.isGreaterThan(z), false);
                 ^^^^^^^^^^^^^
  test/utils/extensions/num_extensions_test.dart:28:22: Error: The method 'isGreaterThan' isn't defined for the type 'double'.
  Try correcting the name to the name of an existing method, or defining a method named 'isGreaterThan'.
        expect(doubleX.isGreaterThan(doubleY), false);
                       ^^^^^^^^^^^^^
  test/utils/extensions/num_extensions_test.dart:29:22: Error: The method 'isGreaterThan' isn't defined for the type 'double'.
  Try correcting the name to the name of an existing method, or defining a method named 'isGreaterThan'.
        expect(doubleY.isGreaterThan(pi), false);
                       ^^^^^^^^^^^^^
  test/utils/extensions/num_extensions_test.dart:30:17: Error: The method 'isGreaterThan' isn't defined for the type 'double'.
  Try correcting the name to the name of an existing method, or defining a method named 'isGreaterThan'.
        expect(pi.isGreaterThan(3.14159265359), false);
                  ^^^^^^^^^^^^^
  test/utils/extensions/num_extensions_test.dart:31:16: Error: The method 'isGreaterThan' isn't defined for the type 'num'.
  Try correcting the name to the name of an existing method, or defining a method named 'isGreaterThan'.
        expect(y.isGreaterThan(doubleY), true);
                 ^^^^^^^^^^^^^
  test/utils/extensions/num_extensions_test.dart:32:16: Error: The method 'isGreaterThan' isn't defined for the type 'num'.
  Try correcting the name to the name of an existing method, or defining a method named 'isGreaterThan'.
        expect(z.isGreaterThan(doubleZ), false);
                 ^^^^^^^^^^^^^
  test/utils/extensions/num_extensions_test.dart:35:16: Error: The method 'isEqual' isn't defined for the type 'num'.
  Try correcting the name to the name of an existing method, or defining a method named 'isEqual'.
        expect(x.isEqual(y), false);
                 ^^^^^^^
  test/utils/extensions/num_extensions_test.dart:36:16: Error: The method 'isEqual' isn't defined for the type 'num'.
  Try correcting the name to the name of an existing method, or defining a method named 'isEqual'.
        expect(y.isEqual(x), false);
                 ^^^^^^^
  test/utils/extensions/num_extensions_test.dart:37:16: Error: The method 'isEqual' isn't defined for the type 'num'.
  Try correcting the name to the name of an existing method, or defining a method named 'isEqual'.
        expect(x.isEqual(5), true);
                 ^^^^^^^
  test/utils/extensions/num_extensions_test.dart:38:16: Error: The method 'isEqual' isn't defined for the type 'num'.
  Try correcting the name to the name of an existing method, or defining a method named 'isEqual'.
        expect(y.isEqual(7), true);
                 ^^^^^^^
  test/utils/extensions/num_extensions_test.dart:39:22: Error: The method 'isEqual' isn't defined for the type 'double'.
  Try correcting the name to the name of an existing method, or defining a method named 'isEqual'.
        expect(doubleX.isEqual(doubleY), false);
                       ^^^^^^^
  test/utils/extensions/num_extensions_test.dart:40:22: Error: The method 'isEqual' isn't defined for the type 'double'.
  Try correcting the name to the name of an existing method, or defining a method named 'isEqual'.
        expect(doubleY.isEqual(pi), false);
                       ^^^^^^^
  test/utils/extensions/num_extensions_test.dart:41:17: Error: The method 'isEqual' isn't defined for the type 'double'.
  Try correcting the name to the name of an existing method, or defining a method named 'isEqual'.
        expect(pi.isEqual(3.14159265359), true);
                  ^^^^^^^
  test/utils/extensions/num_extensions_test.dart:42:16: Error: The method 'isEqual' isn't defined for the type 'num'.
  Try correcting the name to the name of an existing method, or defining a method named 'isEqual'.
        expect(z.isEqual(doubleZ), true);
                 ^^^^^^^
  .

To run this test again: /Users/alamre/development/flutter/bin/cache/dart-sdk/bin/dart test /Users/alamre/dev/2030/jetx/test/utils/extensions/num_extensions_test.dart -p vm --plain-name 'loading /Users/alamre/dev/2030/jetx/test/utils/extensions/num_extensions_test.dart'
00:14 +0 -14: loading /Users/alamre/dev/2030/jetx/test/internationalization/internationalization_test.dart [E]                                                                                         
  Error: The Dart compiler exited unexpectedly.
  package:flutter_tools/src/base/common.dart 34:3  throwToolExit
  package:flutter_tools/src/compile.dart 910:11    DefaultResidentCompiler._compile.<fn>
  dart:async/zone.dart 1538:47                     _rootRunUnary
  dart:async/zone.dart 1429:19                     _CustomZone.runUnary
  dart:async/future_impl.dart 948:45               Future._propagateToListeners.handleValueCallback
  dart:async/future_impl.dart 977:13               Future._propagateToListeners
  dart:async/future_impl.dart 862:9                Future._propagateToListeners
  dart:async/future_impl.dart 720:5                Future._completeWithValue
  dart:async/future_impl.dart 804:7                Future._asyncCompleteWithValue.<fn>
  dart:async/zone.dart 1525:13                     _rootRun
  dart:async/zone.dart 1422:19                     _CustomZone.run
  dart:async/zone.dart 1321:7                      _CustomZone.runGuarded
  dart:async/zone.dart 1362:23                     _CustomZone.bindCallbackGuarded.<fn>
  dart:async/schedule_microtask.dart 40:35         _microtaskLoop
  dart:async/schedule_microtask.dart 49:5          _startMicrotaskLoop
  dart:isolate-patch/isolate_patch.dart 127:13     _runPendingImmediateCallback
  dart:isolate-patch/isolate_patch.dart 194:5      _RawReceivePort._handleMessage
  
lib/utils.dart:5:1: Error: Error when reading 'lib/jet_core/jet_core.dart': No such file or directory
export 'jet_core/jet_core.dart';
^
lib/utils.dart:6:1: Error: Error when reading 'lib/jet_utils/jet_utils.dart': No such file or directory
export 'jet_utils/jet_utils.dart';
^
test/utils/extensions/dynamic_extensions_test.dart:13:11: Error: The method 'printError' isn't defined for the type 'String'.
Try correcting the name to the name of an existing method, or defining a method named 'printError'.
    value.printError(logFunction: logFunction);
          ^^^^^^^^^^
test/utils/extensions/dynamic_extensions_test.dart:24:11: Error: The method 'printError' isn't defined for the type 'int'.
Try correcting the name to the name of an existing method, or defining a method named 'printError'.
    value.printError(logFunction: logFunction);
          ^^^^^^^^^^
test/utils/extensions/dynamic_extensions_test.dart:35:11: Error: The method 'printError' isn't defined for the type 'double'.
Try correcting the name to the name of an existing method, or defining a method named 'printError'.
    value.printError(logFunction: logFunction);
          ^^^^^^^^^^
00:14 +0 -15: loading /Users/alamre/dev/2030/jetx/test/utils/extensions/dynamic_extensions_test.dart [E]                                                                                               
  Failed to load "/Users/alamre/dev/2030/jetx/test/utils/extensions/dynamic_extensions_test.dart":
  Compilation failed for testPath=/Users/alamre/dev/2030/jetx/test/utils/extensions/dynamic_extensions_test.dart: lib/utils.dart:5:1: Error: Error when reading 'lib/jet_core/jet_core.dart': No such file or directory
  export 'jet_core/jet_core.dart';
  ^
  lib/utils.dart:6:1: Error: Error when reading 'lib/jet_utils/jet_utils.dart': No such file or directory
  export 'jet_utils/jet_utils.dart';
  ^
  test/utils/extensions/dynamic_extensions_test.dart:13:11: Error: The method 'printError' isn't defined for the type 'String'.
  Try correcting the name to the name of an existing method, or defining a method named 'printError'.
      value.printError(logFunction: logFunction);
            ^^^^^^^^^^
  test/utils/extensions/dynamic_extensions_test.dart:24:11: Error: The method 'printError' isn't defined for the type 'int'.
  Try correcting the name to the name of an existing method, or defining a method named 'printError'.
      value.printError(logFunction: logFunction);
            ^^^^^^^^^^
  test/utils/extensions/dynamic_extensions_test.dart:35:11: Error: The method 'printError' isn't defined for the type 'double'.
  Try correcting the name to the name of an existing method, or defining a method named 'printError'.
      value.printError(logFunction: logFunction);
            ^^^^^^^^^^
  .

To run this test again: /Users/alamre/development/flutter/bin/cache/dart-sdk/bin/dart test /Users/alamre/dev/2030/jetx/test/utils/extensions/dynamic_extensions_test.dart -p vm --plain-name 'loading /Users/alamre/dev/2030/jetx/test/utils/extensions/dynamic_extensions_test.dart'
00:14 +0 -15: loading /Users/alamre/dev/2030/jetx/test/internationalization/internationalization_test.dart [E]                                                                                         
  Error: The Dart compiler exited unexpectedly.
  package:flutter_tools/src/base/common.dart 34:3  throwToolExit
  package:flutter_tools/src/compile.dart 910:11    DefaultResidentCompiler._compile.<fn>
  dart:async/zone.dart 1538:47                     _rootRunUnary
  dart:async/zone.dart 1429:19                     _CustomZone.runUnary
  dart:async/future_impl.dart 948:45               Future._propagateToListeners.handleValueCallback
  dart:async/future_impl.dart 977:13               Future._propagateToListeners
  dart:async/future_impl.dart 862:9                Future._propagateToListeners
  dart:async/future_impl.dart 720:5                Future._completeWithValue
  dart:async/future_impl.dart 804:7                Future._asyncCompleteWithValue.<fn>
  dart:async/zone.dart 1525:13                     _rootRun
  dart:async/zone.dart 1422:19                     _CustomZone.run
  dart:async/zone.dart 1321:7                      _CustomZone.runGuarded
  dart:async/zone.dart 1362:23                     _CustomZone.bindCallbackGuarded.<fn>
  dart:async/schedule_microtask.dart 40:35         _microtaskLoop
  dart:async/schedule_microtask.dart 49:5          _startMicrotaskLoop
  dart:isolate-patch/isolate_patch.dart 127:13     _runPendingImmediateCallback
  dart:isolate-patch/isolate_patch.dart 194:5      _RawReceivePort._handleMessage
  
lib/utils.dart:5:1: Error: Error when reading 'lib/jet_core/jet_core.dart': No such file or directory
export 'jet_core/jet_core.dart';
^
lib/utils.dart:6:1: Error: Error when reading 'lib/jet_utils/jet_utils.dart': No such file or directory
export 'jet_utils/jet_utils.dart';
^
test/utils/extensions/double_extensions_test.dart:7:22: Error: The method 'toPrecision' isn't defined for the type 'double'.
Try correcting the name to the name of an existing method, or defining a method named 'toPrecision'.
      expect(3.14159.toPrecision(2), equals(3.14));
                     ^^^^^^^^^^^
test/utils/extensions/double_extensions_test.dart:8:22: Error: The method 'toPrecision' isn't defined for the type 'double'.
Try correcting the name to the name of an existing method, or defining a method named 'toPrecision'.
      expect(3.14159.toPrecision(4), equals(3.1416));
                     ^^^^^^^^^^^
test/utils/extensions/double_extensions_test.dart:9:18: Error: The method 'toPrecision' isn't defined for the type 'double'.
Try correcting the name to the name of an existing method, or defining a method named 'toPrecision'.
      expect(1.0.toPrecision(0), equals(1.0));
                 ^^^^^^^^^^^
test/utils/extensions/double_extensions_test.dart:10:34: Error: The method 'toPrecision' isn't defined for the type 'double'.
Try correcting the name to the name of an existing method, or defining a method named 'toPrecision'.
      expect(123456789.123456789.toPrecision(4), equals(123456789.1235));
                                 ^^^^^^^^^^^
test/utils/extensions/double_extensions_test.dart:11:25: Error: The method 'toPrecision' isn't defined for the type 'double'.
Try correcting the name to the name of an existing method, or defining a method named 'toPrecision'.
      expect((-3.14159).toPrecision(2), equals(-3.14));
                        ^^^^^^^^^^^
test/utils/extensions/double_extensions_test.dart:15:21: Error: The getter 'ms' isn't defined for the type 'double'.
Try correcting the name to the name of an existing getter, or defining a getter or field named 'ms'.
      expect(1000.0.ms, equals(const Duration(milliseconds: 1000)));
                    ^^
test/utils/extensions/double_extensions_test.dart:17:15: Error: The getter 'ms' isn't defined for the type 'double'.
Try correcting the name to the name of an existing getter, or defining a getter or field named 'ms'.
          1.5.ms, equals(const Duration(milliseconds: 1, microseconds: 500)));
              ^^
test/utils/extensions/double_extensions_test.dart:18:24: Error: The getter 'ms' isn't defined for the type 'double'.
Try correcting the name to the name of an existing getter, or defining a getter or field named 'ms'.
      expect((-2000.0).ms, equals(const Duration(milliseconds: -2000)));
                       ^^
test/utils/extensions/double_extensions_test.dart:22:19: Error: The getter 'seconds' isn't defined for the type 'double'.
Try correcting the name to the name of an existing getter, or defining a getter or field named 'seconds'.
      expect(60.0.seconds, equals(const Duration(seconds: 60)));
                  ^^^^^^^
test/utils/extensions/double_extensions_test.dart:23:18: Error: The getter 'seconds' isn't defined for the type 'double'.
Try correcting the name to the name of an existing getter, or defining a getter or field named 'seconds'.
      expect(1.5.seconds, equals(const Duration(milliseconds: 1500)));
                 ^^^^^^^
test/utils/extensions/double_extensions_test.dart:24:23: Error: The getter 'seconds' isn't defined for the type 'double'.
Try correcting the name to the name of an existing getter, or defining a getter or field named 'seconds'.
      expect((-120.0).seconds, equals(const Duration(seconds: -120)));
                      ^^^^^^^
test/utils/extensions/double_extensions_test.dart:28:18: Error: The getter 'minutes' isn't defined for the type 'double'.
Try correcting the name to the name of an existing getter, or defining a getter or field named 'minutes'.
      expect(2.5.minutes, equals(const Duration(minutes: 2, seconds: 30)));
                 ^^^^^^^
test/utils/extensions/double_extensions_test.dart:29:18: Error: The getter 'minutes' isn't defined for the type 'double'.
Try correcting the name to the name of an existing getter, or defining a getter or field named 'minutes'.
      expect(1.2.minutes, equals(const Duration(seconds: 72)));
                 ^^^^^^^
test/utils/extensions/double_extensions_test.dart:30:21: Error: The getter 'minutes' isn't defined for the type 'double'.
Try correcting the name to the name of an existing getter, or defining a getter or field named 'minutes'.
      expect((-3.0).minutes, equals(const Duration(minutes: -3)));
                    ^^^^^^^
test/utils/extensions/double_extensions_test.dart:34:18: Error: The getter 'hours' isn't defined for the type 'double'.
Try correcting the name to the name of an existing getter, or defining a getter or field named 'hours'.
      expect(1.5.hours, equals(const Duration(hours: 1, minutes: 30)));
                 ^^^^^
test/utils/extensions/double_extensions_test.dart:35:19: Error: The getter 'hours' isn't defined for the type 'double'.
Try correcting the name to the name of an existing getter, or defining a getter or field named 'hours'.
      expect(0.25.hours, equals(const Duration(minutes: 15)));
                  ^^^^^
test/utils/extensions/double_extensions_test.dart:36:21: Error: The getter 'hours' isn't defined for the type 'double'.
Try correcting the name to the name of an existing getter, or defining a getter or field named 'hours'.
      expect((-2.0).hours, equals(const Duration(hours: -2)));
                    ^^^^^
test/utils/extensions/double_extensions_test.dart:40:18: Error: The getter 'days' isn't defined for the type 'double'.
Try correcting the name to the name of an existing getter, or defining a getter or field named 'days'.
      expect(1.5.days, equals(const Duration(days: 1, hours: 12)));
                 ^^^^
test/utils/extensions/double_extensions_test.dart:41:19: Error: The getter 'days' isn't defined for the type 'double'.
Try correcting the name to the name of an existing getter, or defining a getter or field named 'days'.
      expect(0.25.days, equals(const Duration(hours: 6)));
                  ^^^^
test/utils/extensions/double_extensions_test.dart:42:21: Error: The getter 'days' isn't defined for the type 'double'.
Try correcting the name to the name of an existing getter, or defining a getter or field named 'days'.
      expect((-3.0).days, equals(const Duration(days: -3)));
                    ^^^^
00:15 +0 -16: loading /Users/alamre/dev/2030/jetx/test/utils/extensions/double_extensions_test.dart [E]                                                                                                
  Failed to load "/Users/alamre/dev/2030/jetx/test/utils/extensions/double_extensions_test.dart":
  Compilation failed for testPath=/Users/alamre/dev/2030/jetx/test/utils/extensions/double_extensions_test.dart: lib/utils.dart:5:1: Error: Error when reading 'lib/jet_core/jet_core.dart': No such file or directory
  export 'jet_core/jet_core.dart';
  ^
  lib/utils.dart:6:1: Error: Error when reading 'lib/jet_utils/jet_utils.dart': No such file or directory
  export 'jet_utils/jet_utils.dart';
  ^
  test/utils/extensions/double_extensions_test.dart:7:22: Error: The method 'toPrecision' isn't defined for the type 'double'.
  Try correcting the name to the name of an existing method, or defining a method named 'toPrecision'.
        expect(3.14159.toPrecision(2), equals(3.14));
                       ^^^^^^^^^^^
  test/utils/extensions/double_extensions_test.dart:8:22: Error: The method 'toPrecision' isn't defined for the type 'double'.
  Try correcting the name to the name of an existing method, or defining a method named 'toPrecision'.
        expect(3.14159.toPrecision(4), equals(3.1416));
                       ^^^^^^^^^^^
  test/utils/extensions/double_extensions_test.dart:9:18: Error: The method 'toPrecision' isn't defined for the type 'double'.
  Try correcting the name to the name of an existing method, or defining a method named 'toPrecision'.
        expect(1.0.toPrecision(0), equals(1.0));
                   ^^^^^^^^^^^
  test/utils/extensions/double_extensions_test.dart:10:34: Error: The method 'toPrecision' isn't defined for the type 'double'.
  Try correcting the name to the name of an existing method, or defining a method named 'toPrecision'.
        expect(123456789.123456789.toPrecision(4), equals(123456789.1235));
                                   ^^^^^^^^^^^
  test/utils/extensions/double_extensions_test.dart:11:25: Error: The method 'toPrecision' isn't defined for the type 'double'.
  Try correcting the name to the name of an existing method, or defining a method named 'toPrecision'.
        expect((-3.14159).toPrecision(2), equals(-3.14));
                          ^^^^^^^^^^^
  test/utils/extensions/double_extensions_test.dart:15:21: Error: The getter 'ms' isn't defined for the type 'double'.
  Try correcting the name to the name of an existing getter, or defining a getter or field named 'ms'.
        expect(1000.0.ms, equals(const Duration(milliseconds: 1000)));
                      ^^
  test/utils/extensions/double_extensions_test.dart:17:15: Error: The getter 'ms' isn't defined for the type 'double'.
  Try correcting the name to the name of an existing getter, or defining a getter or field named 'ms'.
            1.5.ms, equals(const Duration(milliseconds: 1, microseconds: 500)));
                ^^
  test/utils/extensions/double_extensions_test.dart:18:24: Error: The getter 'ms' isn't defined for the type 'double'.
  Try correcting the name to the name of an existing getter, or defining a getter or field named 'ms'.
        expect((-2000.0).ms, equals(const Duration(milliseconds: -2000)));
                         ^^
  test/utils/extensions/double_extensions_test.dart:22:19: Error: The getter 'seconds' isn't defined for the type 'double'.
  Try correcting the name to the name of an existing getter, or defining a getter or field named 'seconds'.
        expect(60.0.seconds, equals(const Duration(seconds: 60)));
                    ^^^^^^^
  test/utils/extensions/double_extensions_test.dart:23:18: Error: The getter 'seconds' isn't defined for the type 'double'.
  Try correcting the name to the name of an existing getter, or defining a getter or field named 'seconds'.
        expect(1.5.seconds, equals(const Duration(milliseconds: 1500)));
                   ^^^^^^^
  test/utils/extensions/double_extensions_test.dart:24:23: Error: The getter 'seconds' isn't defined for the type 'double'.
  Try correcting the name to the name of an existing getter, or defining a getter or field named 'seconds'.
        expect((-120.0).seconds, equals(const Duration(seconds: -120)));
                        ^^^^^^^
  test/utils/extensions/double_extensions_test.dart:28:18: Error: The getter 'minutes' isn't defined for the type 'double'.
  Try correcting the name to the name of an existing getter, or defining a getter or field named 'minutes'.
        expect(2.5.minutes, equals(const Duration(minutes: 2, seconds: 30)));
                   ^^^^^^^
  test/utils/extensions/double_extensions_test.dart:29:18: Error: The getter 'minutes' isn't defined for the type 'double'.
  Try correcting the name to the name of an existing getter, or defining a getter or field named 'minutes'.
        expect(1.2.minutes, equals(const Duration(seconds: 72)));
                   ^^^^^^^
  test/utils/extensions/double_extensions_test.dart:30:21: Error: The getter 'minutes' isn't defined for the type 'double'.
  Try correcting the name to the name of an existing getter, or defining a getter or field named 'minutes'.
        expect((-3.0).minutes, equals(const Duration(minutes: -3)));
                      ^^^^^^^
  test/utils/extensions/double_extensions_test.dart:34:18: Error: The getter 'hours' isn't defined for the type 'double'.
  Try correcting the name to the name of an existing getter, or defining a getter or field named 'hours'.
        expect(1.5.hours, equals(const Duration(hours: 1, minutes: 30)));
                   ^^^^^
  test/utils/extensions/double_extensions_test.dart:35:19: Error: The getter 'hours' isn't defined for the type 'double'.
  Try correcting the name to the name of an existing getter, or defining a getter or field named 'hours'.
        expect(0.25.hours, equals(const Duration(minutes: 15)));
                    ^^^^^
  test/utils/extensions/double_extensions_test.dart:36:21: Error: The getter 'hours' isn't defined for the type 'double'.
  Try correcting the name to the name of an existing getter, or defining a getter or field named 'hours'.
        expect((-2.0).hours, equals(const Duration(hours: -2)));
                      ^^^^^
  test/utils/extensions/double_extensions_test.dart:40:18: Error: The getter 'days' isn't defined for the type 'double'.
  Try correcting the name to the name of an existing getter, or defining a getter or field named 'days'.
        expect(1.5.days, equals(const Duration(days: 1, hours: 12)));
                   ^^^^
  test/utils/extensions/double_extensions_test.dart:41:19: Error: The getter 'days' isn't defined for the type 'double'.
  Try correcting the name to the name of an existing getter, or defining a getter or field named 'days'.
        expect(0.25.days, equals(const Duration(hours: 6)));
                    ^^^^
  test/utils/extensions/double_extensions_test.dart:42:21: Error: The getter 'days' isn't defined for the type 'double'.
  Try correcting the name to the name of an existing getter, or defining a getter or field named 'days'.
        expect((-3.0).days, equals(const Duration(days: -3)));
                      ^^^^
  .

To run this test again: /Users/alamre/development/flutter/bin/cache/dart-sdk/bin/dart test /Users/alamre/dev/2030/jetx/test/utils/extensions/double_extensions_test.dart -p vm --plain-name 'loading /Users/alamre/dev/2030/jetx/test/utils/extensions/double_extensions_test.dart'
00:15 +0 -16: loading /Users/alamre/dev/2030/jetx/test/internationalization/internationalization_test.dart [E]                                                                                         
  Error: The Dart compiler exited unexpectedly.
  package:flutter_tools/src/base/common.dart 34:3  throwToolExit
  package:flutter_tools/src/compile.dart 910:11    DefaultResidentCompiler._compile.<fn>
  dart:async/zone.dart 1538:47                     _rootRunUnary
  dart:async/zone.dart 1429:19                     _CustomZone.runUnary
  dart:async/future_impl.dart 948:45               Future._propagateToListeners.handleValueCallback
  dart:async/future_impl.dart 977:13               Future._propagateToListeners
  dart:async/future_impl.dart 862:9                Future._propagateToListeners
  dart:async/future_impl.dart 720:5                Future._completeWithValue
  dart:async/future_impl.dart 804:7                Future._asyncCompleteWithValue.<fn>
  dart:async/zone.dart 1525:13                     _rootRun
  dart:async/zone.dart 1422:19                     _CustomZone.run
  dart:async/zone.dart 1321:7                      _CustomZone.runGuarded
  dart:async/zone.dart 1362:23                     _CustomZone.bindCallbackGuarded.<fn>
  dart:async/schedule_microtask.dart 40:35         _microtaskLoop
  dart:async/schedule_microtask.dart 49:5          _startMicrotaskLoop
  dart:isolate-patch/isolate_patch.dart 127:13     _runPendingImmediateCallback
  dart:isolate-patch/isolate_patch.dart 194:5      _RawReceivePort._handleMessage
  
test/utils/extensions/context_extensions_test.dart:3:8: Error: Error when reading 'lib/get.dart': No such file or directory
import 'package:jet/get.dart';
       ^
test/navigation/utils/wrapper.dart:2:8: Error: Error when reading 'lib/get.dart': No such file or directory
import 'package:jet/get.dart';
       ^
test/navigation/utils/wrapper.dart:6:14: Error: Type 'GetPage' not found.
  final List<GetPage>? namedRoutes;
             ^^^^^^^
test/navigation/utils/wrapper.dart:8:9: Error: Type 'Transition' not found.
  final Transition? defaultTransition;
        ^^^^^^^^^^
test/navigation/utils/wrapper.dart:37:14: Error: Type 'GetPage' not found.
  final List<GetPage>? namedRoutes;
             ^^^^^^^
test/navigation/utils/wrapper.dart:39:9: Error: Type 'Transition' not found.
  final Transition? defaultTransition;
        ^^^^^^^^^^
test/navigation/utils/wrapper.dart:59:35: Error: Type 'Translations' not found.
class WrapperTranslations extends Translations {
                                  ^^^^^^^^^^^^
test/utils/extensions/context_extensions_test.dart:15:32: Error: The getter 'mediaQuery' isn't defined for the type 'BuildContext'.
 - 'BuildContext' is from 'package:flutter/src/widgets/framework.dart' ('../../../development/flutter/packages/flutter/lib/src/widgets/framework.dart').
Try correcting the name to the name of an existing getter, or defining a getter or field named 'mediaQuery'.
    expect(mediaQuery, context.mediaQuery);
                               ^^^^^^^^^^
test/utils/extensions/context_extensions_test.dart:17:36: Error: The getter 'mediaQuerySize' isn't defined for the type 'BuildContext'.
 - 'BuildContext' is from 'package:flutter/src/widgets/framework.dart' ('../../../development/flutter/packages/flutter/lib/src/widgets/framework.dart').
Try correcting the name to the name of an existing getter, or defining a getter or field named 'mediaQuerySize'.
    expect(mediaQuerySize, context.mediaQuerySize);
                                   ^^^^^^^^^^^^^^
test/utils/extensions/context_extensions_test.dart:19:27: Error: The getter 'theme' isn't defined for the type 'BuildContext'.
 - 'BuildContext' is from 'package:flutter/src/widgets/framework.dart' ('../../../development/flutter/packages/flutter/lib/src/widgets/framework.dart').
Try correcting the name to the name of an existing getter, or defining a getter or field named 'theme'.
    expect(theme, context.theme);
                          ^^^^^
test/utils/extensions/context_extensions_test.dart:21:31: Error: The getter 'textTheme' isn't defined for the type 'BuildContext'.
 - 'BuildContext' is from 'package:flutter/src/widgets/framework.dart' ('../../../development/flutter/packages/flutter/lib/src/widgets/framework.dart').
Try correcting the name to the name of an existing getter, or defining a getter or field named 'textTheme'.
    expect(textTheme, context.textTheme);
                              ^^^^^^^^^
test/utils/extensions/context_extensions_test.dart:23:38: Error: The getter 'devicePixelRatio' isn't defined for the type 'BuildContext'.
 - 'BuildContext' is from 'package:flutter/src/widgets/framework.dart' ('../../../development/flutter/packages/flutter/lib/src/widgets/framework.dart').
Try correcting the name to the name of an existing getter, or defining a getter or field named 'devicePixelRatio'.
    expect(devicePixelRatio, context.devicePixelRatio);
                                     ^^^^^^^^^^^^^^^^
test/utils/extensions/context_extensions_test.dart:25:28: Error: The getter 'height' isn't defined for the type 'BuildContext'.
 - 'BuildContext' is from 'package:flutter/src/widgets/framework.dart' ('../../../development/flutter/packages/flutter/lib/src/widgets/framework.dart').
Try correcting the name to the name of an existing getter, or defining a getter or field named 'height'.
    expect(height, context.height);
                           ^^^^^^
test/utils/extensions/context_extensions_test.dart:28:39: Error: The method 'heightTransformer' isn't defined for the type 'BuildContext'.
 - 'BuildContext' is from 'package:flutter/src/widgets/framework.dart' ('../../../development/flutter/packages/flutter/lib/src/widgets/framework.dart').
Try correcting the name to the name of an existing method, or defining a method named 'heightTransformer'.
    expect(heightTransformer, context.heightTransformer());
                                      ^^^^^^^^^^^^^^^^^
test/utils/extensions/context_extensions_test.dart:30:31: Error: The getter 'iconColor' isn't defined for the type 'BuildContext'.
 - 'BuildContext' is from 'package:flutter/src/widgets/framework.dart' ('../../../development/flutter/packages/flutter/lib/src/widgets/framework.dart').
Try correcting the name to the name of an existing getter, or defining a getter or field named 'iconColor'.
    expect(iconColor, context.iconColor);
                              ^^^^^^^^^
test/utils/extensions/context_extensions_test.dart:32:32: Error: The getter 'isDarkMode' isn't defined for the type 'BuildContext'.
 - 'BuildContext' is from 'package:flutter/src/widgets/framework.dart' ('../../../development/flutter/packages/flutter/lib/src/widgets/framework.dart').
Try correcting the name to the name of an existing getter, or defining a getter or field named 'isDarkMode'.
    expect(isDarkMode, context.isDarkMode);
                               ^^^^^^^^^^
test/utils/extensions/context_extensions_test.dart:34:33: Error: The getter 'orientation' isn't defined for the type 'BuildContext'.
 - 'BuildContext' is from 'package:flutter/src/widgets/framework.dart' ('../../../development/flutter/packages/flutter/lib/src/widgets/framework.dart').
Try correcting the name to the name of an existing getter, or defining a getter or field named 'orientation'.
    expect(orientation, context.orientation);
                                ^^^^^^^^^^^
test/utils/extensions/context_extensions_test.dart:36:33: Error: The getter 'isLandscape' isn't defined for the type 'BuildContext'.
 - 'BuildContext' is from 'package:flutter/src/widgets/framework.dart' ('../../../development/flutter/packages/flutter/lib/src/widgets/framework.dart').
Try correcting the name to the name of an existing getter, or defining a getter or field named 'isLandscape'.
    expect(isLandscape, context.isLandscape);
                                ^^^^^^^^^^^
test/utils/extensions/context_extensions_test.dart:38:44: Error: The getter 'mediaQueryShortestSide' isn't defined for the type 'BuildContext'.
 - 'BuildContext' is from 'package:flutter/src/widgets/framework.dart' ('../../../development/flutter/packages/flutter/lib/src/widgets/framework.dart').
Try correcting the name to the name of an existing getter, or defining a getter or field named 'mediaQueryShortestSide'.
    expect(mediaQueryShortestSide, context.mediaQueryShortestSide);
                                           ^^^^^^^^^^^^^^^^^^^^^^
test/utils/extensions/context_extensions_test.dart:40:27: Error: The getter 'width' isn't defined for the type 'BuildContext'.
 - 'BuildContext' is from 'package:flutter/src/widgets/framework.dart' ('../../../development/flutter/packages/flutter/lib/src/widgets/framework.dart').
Try correcting the name to the name of an existing getter, or defining a getter or field named 'width'.
    expect(width, context.width);
                          ^^^^^
test/utils/extensions/context_extensions_test.dart:43:42: Error: The getter 'isLargeTabletOrWider' isn't defined for the type 'BuildContext'.
 - 'BuildContext' is from 'package:flutter/src/widgets/framework.dart' ('../../../development/flutter/packages/flutter/lib/src/widgets/framework.dart').
Try correcting the name to the name of an existing getter, or defining a getter or field named 'isLargeTabletOrWider'.
    expect(isLargeTabletOrWider, context.isLargeTabletOrWider);
                                         ^^^^^^^^^^^^^^^^^^^^
test/utils/extensions/context_extensions_test.dart:45:35: Error: The getter 'isPhoneOrLess' isn't defined for the type 'BuildContext'.
 - 'BuildContext' is from 'package:flutter/src/widgets/framework.dart' ('../../../development/flutter/packages/flutter/lib/src/widgets/framework.dart').
Try correcting the name to the name of an existing getter, or defining a getter or field named 'isPhoneOrLess'.
    expect(isPhoneOrLess, context.isPhoneOrLess);
                                  ^^^^^^^^^^^^^
test/utils/extensions/context_extensions_test.dart:47:32: Error: The getter 'isPortrait' isn't defined for the type 'BuildContext'.
 - 'BuildContext' is from 'package:flutter/src/widgets/framework.dart' ('../../../development/flutter/packages/flutter/lib/src/widgets/framework.dart').
Try correcting the name to the name of an existing getter, or defining a getter or field named 'isPortrait'.
    expect(isPortrait, context.isPortrait);
                               ^^^^^^^^^^
test/utils/extensions/context_extensions_test.dart:49:42: Error: The getter 'isSmallTabletOrWider' isn't defined for the type 'BuildContext'.
 - 'BuildContext' is from 'package:flutter/src/widgets/framework.dart' ('../../../development/flutter/packages/flutter/lib/src/widgets/framework.dart').
Try correcting the name to the name of an existing getter, or defining a getter or field named 'isSmallTabletOrWider'.
    expect(isSmallTabletOrWider, context.isSmallTabletOrWider);
                                         ^^^^^^^^^^^^^^^^^^^^
test/utils/extensions/context_extensions_test.dart:51:30: Error: The getter 'isSmallTabletOrWider' isn't defined for the type 'BuildContext'.
 - 'BuildContext' is from 'package:flutter/src/widgets/framework.dart' ('../../../development/flutter/packages/flutter/lib/src/widgets/framework.dart').
Try correcting the name to the name of an existing getter, or defining a getter or field named 'isSmallTabletOrWider'.
    expect(isTablet, context.isSmallTabletOrWider);
                             ^^^^^^^^^^^^^^^^^^^^
test/utils/extensions/context_extensions_test.dart:53:39: Error: The getter 'mediaQueryPadding' isn't defined for the type 'BuildContext'.
 - 'BuildContext' is from 'package:flutter/src/widgets/framework.dart' ('../../../development/flutter/packages/flutter/lib/src/widgets/framework.dart').
Try correcting the name to the name of an existing getter, or defining a getter or field named 'mediaQueryPadding'.
    expect(mediaQueryPadding, context.mediaQueryPadding);
                                      ^^^^^^^^^^^^^^^^^
test/utils/extensions/context_extensions_test.dart:55:42: Error: The getter 'mediaQueryViewInsets' isn't defined for the type 'BuildContext'.
 - 'BuildContext' is from 'package:flutter/src/widgets/framework.dart' ('../../../development/flutter/packages/flutter/lib/src/widgets/framework.dart').
Try correcting the name to the name of an existing getter, or defining a getter or field named 'mediaQueryViewInsets'.
    expect(mediaQueryViewInsets, context.mediaQueryViewInsets);
                                         ^^^^^^^^^^^^^^^^^^^^
test/utils/extensions/context_extensions_test.dart:57:43: Error: The getter 'mediaQueryViewPadding' isn't defined for the type 'BuildContext'.
 - 'BuildContext' is from 'package:flutter/src/widgets/framework.dart' ('../../../development/flutter/packages/flutter/lib/src/widgets/framework.dart').
Try correcting the name to the name of an existing getter, or defining a getter or field named 'mediaQueryViewPadding'.
    expect(mediaQueryViewPadding, context.mediaQueryViewPadding);
                                          ^^^^^^^^^^^^^^^^^^^^^
test/utils/extensions/context_extensions_test.dart:60:38: Error: The method 'widthTransformer' isn't defined for the type 'BuildContext'.
 - 'BuildContext' is from 'package:flutter/src/widgets/framework.dart' ('../../../development/flutter/packages/flutter/lib/src/widgets/framework.dart').
Try correcting the name to the name of an existing method, or defining a method named 'widthTransformer'.
    expect(widthTransformer, context.widthTransformer());
                                     ^^^^^^^^^^^^^^^^
test/utils/extensions/context_extensions_test.dart:62:27: Error: The method 'ratio' isn't defined for the type 'BuildContext'.
 - 'BuildContext' is from 'package:flutter/src/widgets/framework.dart' ('../../../development/flutter/packages/flutter/lib/src/widgets/framework.dart').
Try correcting the name to the name of an existing method, or defining a method named 'ratio'.
    expect(ratio, context.ratio());
                          ^^^^^
test/utils/extensions/context_extensions_test.dart:65:32: Error: The getter 'showNavbar' isn't defined for the type 'BuildContext'.
 - 'BuildContext' is from 'package:flutter/src/widgets/framework.dart' ('../../../development/flutter/packages/flutter/lib/src/widgets/framework.dart').
Try correcting the name to the name of an existing getter, or defining a getter or field named 'showNavbar'.
    expect(showNavbar, context.showNavbar);
                               ^^^^^^^^^^
test/utils/extensions/context_extensions_test.dart:67:37: Error: The getter 'textScaleFactor' isn't defined for the type 'BuildContext'.
 - 'BuildContext' is from 'package:flutter/src/widgets/framework.dart' ('../../../development/flutter/packages/flutter/lib/src/widgets/framework.dart').
Try correcting the name to the name of an existing getter, or defining a getter or field named 'textScaleFactor'.
    expect(textScaleFactor, context.textScaleFactor);
                                    ^^^^^^^^^^^^^^^
test/navigation/utils/wrapper.dart:6:14: Error: 'GetPage' isn't a type.
  final List<GetPage>? namedRoutes;
             ^^^^^^^
test/navigation/utils/wrapper.dart:8:9: Error: 'Transition' isn't a type.
  final Transition? defaultTransition;
        ^^^^^^^^^^
test/navigation/utils/wrapper.dart:20:12: Error: The method 'GetMaterialApp' isn't defined for the type 'Wrapper'.
 - 'Wrapper' is from 'test/navigation/utils/wrapper.dart'.
Try correcting the name to the name of an existing method, or defining a method named 'GetMaterialApp'.
    return GetMaterialApp(
           ^^^^^^^^^^^^^^
test/navigation/utils/wrapper.dart:37:14: Error: 'GetPage' isn't a type.
  final List<GetPage>? namedRoutes;
             ^^^^^^^
test/navigation/utils/wrapper.dart:39:9: Error: 'Transition' isn't a type.
  final Transition? defaultTransition;
        ^^^^^^^^^^
test/navigation/utils/wrapper.dart:51:12: Error: The method 'GetMaterialApp' isn't defined for the type 'WrapperNamed'.
 - 'WrapperNamed' is from 'test/navigation/utils/wrapper.dart'.
Try correcting the name to the name of an existing method, or defining a method named 'GetMaterialApp'.
    return GetMaterialApp(
           ^^^^^^^^^^^^^^
00:15 +0 -17: loading /Users/alamre/dev/2030/jetx/test/utils/extensions/context_extensions_test.dart [E]                                                                                               
  Failed to load "/Users/alamre/dev/2030/jetx/test/utils/extensions/context_extensions_test.dart":
  Compilation failed for testPath=/Users/alamre/dev/2030/jetx/test/utils/extensions/context_extensions_test.dart: test/utils/extensions/context_extensions_test.dart:3:8: Error: Error when reading 'lib/get.dart': No such file or directory
  import 'package:jet/get.dart';
         ^
  test/navigation/utils/wrapper.dart:2:8: Error: Error when reading 'lib/get.dart': No such file or directory
  import 'package:jet/get.dart';
         ^
  test/navigation/utils/wrapper.dart:6:14: Error: Type 'GetPage' not found.
    final List<GetPage>? namedRoutes;
               ^^^^^^^
  test/navigation/utils/wrapper.dart:8:9: Error: Type 'Transition' not found.
    final Transition? defaultTransition;
          ^^^^^^^^^^
  test/navigation/utils/wrapper.dart:37:14: Error: Type 'GetPage' not found.
    final List<GetPage>? namedRoutes;
               ^^^^^^^
  test/navigation/utils/wrapper.dart:39:9: Error: Type 'Transition' not found.
    final Transition? defaultTransition;
          ^^^^^^^^^^
  test/navigation/utils/wrapper.dart:59:35: Error: Type 'Translations' not found.
  class WrapperTranslations extends Translations {
                                    ^^^^^^^^^^^^
  test/utils/extensions/context_extensions_test.dart:15:32: Error: The getter 'mediaQuery' isn't defined for the type 'BuildContext'.
   - 'BuildContext' is from 'package:flutter/src/widgets/framework.dart' ('../../../development/flutter/packages/flutter/lib/src/widgets/framework.dart').
  Try correcting the name to the name of an existing getter, or defining a getter or field named 'mediaQuery'.
      expect(mediaQuery, context.mediaQuery);
                                 ^^^^^^^^^^
  test/utils/extensions/context_extensions_test.dart:17:36: Error: The getter 'mediaQuerySize' isn't defined for the type 'BuildContext'.
   - 'BuildContext' is from 'package:flutter/src/widgets/framework.dart' ('../../../development/flutter/packages/flutter/lib/src/widgets/framework.dart').
  Try correcting the name to the name of an existing getter, or defining a getter or field named 'mediaQuerySize'.
      expect(mediaQuerySize, context.mediaQuerySize);
                                     ^^^^^^^^^^^^^^
  test/utils/extensions/context_extensions_test.dart:19:27: Error: The getter 'theme' isn't defined for the type 'BuildContext'.
   - 'BuildContext' is from 'package:flutter/src/widgets/framework.dart' ('../../../development/flutter/packages/flutter/lib/src/widgets/framework.dart').
  Try correcting the name to the name of an existing getter, or defining a getter or field named 'theme'.
      expect(theme, context.theme);
                            ^^^^^
  test/utils/extensions/context_extensions_test.dart:21:31: Error: The getter 'textTheme' isn't defined for the type 'BuildContext'.
   - 'BuildContext' is from 'package:flutter/src/widgets/framework.dart' ('../../../development/flutter/packages/flutter/lib/src/widgets/framework.dart').
  Try correcting the name to the name of an existing getter, or defining a getter or field named 'textTheme'.
      expect(textTheme, context.textTheme);
                                ^^^^^^^^^
  test/utils/extensions/context_extensions_test.dart:23:38: Error: The getter 'devicePixelRatio' isn't defined for the type 'BuildContext'.
   - 'BuildContext' is from 'package:flutter/src/widgets/framework.dart' ('../../../development/flutter/packages/flutter/lib/src/widgets/framework.dart').
  Try correcting the name to the name of an existing getter, or defining a getter or field named 'devicePixelRatio'.
      expect(devicePixelRatio, context.devicePixelRatio);
                                       ^^^^^^^^^^^^^^^^
  test/utils/extensions/context_extensions_test.dart:25:28: Error: The getter 'height' isn't defined for the type 'BuildContext'.
   - 'BuildContext' is from 'package:flutter/src/widgets/framework.dart' ('../../../development/flutter/packages/flutter/lib/src/widgets/framework.dart').
  Try correcting the name to the name of an existing getter, or defining a getter or field named 'height'.
      expect(height, context.height);
                             ^^^^^^
  test/utils/extensions/context_extensions_test.dart:28:39: Error: The method 'heightTransformer' isn't defined for the type 'BuildContext'.
   - 'BuildContext' is from 'package:flutter/src/widgets/framework.dart' ('../../../development/flutter/packages/flutter/lib/src/widgets/framework.dart').
  Try correcting the name to the name of an existing method, or defining a method named 'heightTransformer'.
      expect(heightTransformer, context.heightTransformer());
                                        ^^^^^^^^^^^^^^^^^
  test/utils/extensions/context_extensions_test.dart:30:31: Error: The getter 'iconColor' isn't defined for the type 'BuildContext'.
   - 'BuildContext' is from 'package:flutter/src/widgets/framework.dart' ('../../../development/flutter/packages/flutter/lib/src/widgets/framework.dart').
  Try correcting the name to the name of an existing getter, or defining a getter or field named 'iconColor'.
      expect(iconColor, context.iconColor);
                                ^^^^^^^^^
  test/utils/extensions/context_extensions_test.dart:32:32: Error: The getter 'isDarkMode' isn't defined for the type 'BuildContext'.
   - 'BuildContext' is from 'package:flutter/src/widgets/framework.dart' ('../../../development/flutter/packages/flutter/lib/src/widgets/framework.dart').
  Try correcting the name to the name of an existing getter, or defining a getter or field named 'isDarkMode'.
      expect(isDarkMode, context.isDarkMode);
                                 ^^^^^^^^^^
  test/utils/extensions/context_extensions_test.dart:34:33: Error: The getter 'orientation' isn't defined for the type 'BuildContext'.
   - 'BuildContext' is from 'package:flutter/src/widgets/framework.dart' ('../../../development/flutter/packages/flutter/lib/src/widgets/framework.dart').
  Try correcting the name to the name of an existing getter, or defining a getter or field named 'orientation'.
      expect(orientation, context.orientation);
                                  ^^^^^^^^^^^
  test/utils/extensions/context_extensions_test.dart:36:33: Error: The getter 'isLandscape' isn't defined for the type 'BuildContext'.
   - 'BuildContext' is from 'package:flutter/src/widgets/framework.dart' ('../../../development/flutter/packages/flutter/lib/src/widgets/framework.dart').
  Try correcting the name to the name of an existing getter, or defining a getter or field named 'isLandscape'.
      expect(isLandscape, context.isLandscape);
                                  ^^^^^^^^^^^
  test/utils/extensions/context_extensions_test.dart:38:44: Error: The getter 'mediaQueryShortestSide' isn't defined for the type 'BuildContext'.
   - 'BuildContext' is from 'package:flutter/src/widgets/framework.dart' ('../../../development/flutter/packages/flutter/lib/src/widgets/framework.dart').
  Try correcting the name to the name of an existing getter, or defining a getter or field named 'mediaQueryShortestSide'.
      expect(mediaQueryShortestSide, context.mediaQueryShortestSide);
                                             ^^^^^^^^^^^^^^^^^^^^^^
  test/utils/extensions/context_extensions_test.dart:40:27: Error: The getter 'width' isn't defined for the type 'BuildContext'.
   - 'BuildContext' is from 'package:flutter/src/widgets/framework.dart' ('../../../development/flutter/packages/flutter/lib/src/widgets/framework.dart').
  Try correcting the name to the name of an existing getter, or defining a getter or field named 'width'.
      expect(width, context.width);
                            ^^^^^
  test/utils/extensions/context_extensions_test.dart:43:42: Error: The getter 'isLargeTabletOrWider' isn't defined for the type 'BuildContext'.
   - 'BuildContext' is from 'package:flutter/src/widgets/framework.dart' ('../../../development/flutter/packages/flutter/lib/src/widgets/framework.dart').
  Try correcting the name to the name of an existing getter, or defining a getter or field named 'isLargeTabletOrWider'.
      expect(isLargeTabletOrWider, context.isLargeTabletOrWider);
                                           ^^^^^^^^^^^^^^^^^^^^
  test/utils/extensions/context_extensions_test.dart:45:35: Error: The getter 'isPhoneOrLess' isn't defined for the type 'BuildContext'.
   - 'BuildContext' is from 'package:flutter/src/widgets/framework.dart' ('../../../development/flutter/packages/flutter/lib/src/widgets/framework.dart').
  Try correcting the name to the name of an existing getter, or defining a getter or field named 'isPhoneOrLess'.
      expect(isPhoneOrLess, context.isPhoneOrLess);
                                    ^^^^^^^^^^^^^
  test/utils/extensions/context_extensions_test.dart:47:32: Error: The getter 'isPortrait' isn't defined for the type 'BuildContext'.
   - 'BuildContext' is from 'package:flutter/src/widgets/framework.dart' ('../../../development/flutter/packages/flutter/lib/src/widgets/framework.dart').
  Try correcting the name to the name of an existing getter, or defining a getter or field named 'isPortrait'.
      expect(isPortrait, context.isPortrait);
                                 ^^^^^^^^^^
  test/utils/extensions/context_extensions_test.dart:49:42: Error: The getter 'isSmallTabletOrWider' isn't defined for the type 'BuildContext'.
   - 'BuildContext' is from 'package:flutter/src/widgets/framework.dart' ('../../../development/flutter/packages/flutter/lib/src/widgets/framework.dart').
  Try correcting the name to the name of an existing getter, or defining a getter or field named 'isSmallTabletOrWider'.
      expect(isSmallTabletOrWider, context.isSmallTabletOrWider);
                                           ^^^^^^^^^^^^^^^^^^^^
  test/utils/extensions/context_extensions_test.dart:51:30: Error: The getter 'isSmallTabletOrWider' isn't defined for the type 'BuildContext'.
   - 'BuildContext' is from 'package:flutter/src/widgets/framework.dart' ('../../../development/flutter/packages/flutter/lib/src/widgets/framework.dart').
  Try correcting the name to the name of an existing getter, or defining a getter or field named 'isSmallTabletOrWider'.
      expect(isTablet, context.isSmallTabletOrWider);
                               ^^^^^^^^^^^^^^^^^^^^
  test/utils/extensions/context_extensions_test.dart:53:39: Error: The getter 'mediaQueryPadding' isn't defined for the type 'BuildContext'.
   - 'BuildContext' is from 'package:flutter/src/widgets/framework.dart' ('../../../development/flutter/packages/flutter/lib/src/widgets/framework.dart').
  Try correcting the name to the name of an existing getter, or defining a getter or field named 'mediaQueryPadding'.
      expect(mediaQueryPadding, context.mediaQueryPadding);
                                        ^^^^^^^^^^^^^^^^^
  test/utils/extensions/context_extensions_test.dart:55:42: Error: The getter 'mediaQueryViewInsets' isn't defined for the type 'BuildContext'.
   - 'BuildContext' is from 'package:flutter/src/widgets/framework.dart' ('../../../development/flutter/packages/flutter/lib/src/widgets/framework.dart').
  Try correcting the name to the name of an existing getter, or defining a getter or field named 'mediaQueryViewInsets'.
      expect(mediaQueryViewInsets, context.mediaQueryViewInsets);
                                           ^^^^^^^^^^^^^^^^^^^^
  test/utils/extensions/context_extensions_test.dart:57:43: Error: The getter 'mediaQueryViewPadding' isn't defined for the type 'BuildContext'.
   - 'BuildContext' is from 'package:flutter/src/widgets/framework.dart' ('../../../development/flutter/packages/flutter/lib/src/widgets/framework.dart').
  Try correcting the name to the name of an existing getter, or defining a getter or field named 'mediaQueryViewPadding'.
      expect(mediaQueryViewPadding, context.mediaQueryViewPadding);
                                            ^^^^^^^^^^^^^^^^^^^^^
  test/utils/extensions/context_extensions_test.dart:60:38: Error: The method 'widthTransformer' isn't defined for the type 'BuildContext'.
   - 'BuildContext' is from 'package:flutter/src/widgets/framework.dart' ('../../../development/flutter/packages/flutter/lib/src/widgets/framework.dart').
  Try correcting the name to the name of an existing method, or defining a method named 'widthTransformer'.
      expect(widthTransformer, context.widthTransformer());
                                       ^^^^^^^^^^^^^^^^
  test/utils/extensions/context_extensions_test.dart:62:27: Error: The method 'ratio' isn't defined for the type 'BuildContext'.
   - 'BuildContext' is from 'package:flutter/src/widgets/framework.dart' ('../../../development/flutter/packages/flutter/lib/src/widgets/framework.dart').
  Try correcting the name to the name of an existing method, or defining a method named 'ratio'.
      expect(ratio, context.ratio());
                            ^^^^^
  test/utils/extensions/context_extensions_test.dart:65:32: Error: The getter 'showNavbar' isn't defined for the type 'BuildContext'.
   - 'BuildContext' is from 'package:flutter/src/widgets/framework.dart' ('../../../development/flutter/packages/flutter/lib/src/widgets/framework.dart').
  Try correcting the name to the name of an existing getter, or defining a getter or field named 'showNavbar'.
      expect(showNavbar, context.showNavbar);
                                 ^^^^^^^^^^
  test/utils/extensions/context_extensions_test.dart:67:37: Error: The getter 'textScaleFactor' isn't defined for the type 'BuildContext'.
   - 'BuildContext' is from 'package:flutter/src/widgets/framework.dart' ('../../../development/flutter/packages/flutter/lib/src/widgets/framework.dart').
  Try correcting the name to the name of an existing getter, or defining a getter or field named 'textScaleFactor'.
      expect(textScaleFactor, context.textScaleFactor);
                                      ^^^^^^^^^^^^^^^
  test/navigation/utils/wrapper.dart:6:14: Error: 'GetPage' isn't a type.
    final List<GetPage>? namedRoutes;
               ^^^^^^^
  test/navigation/utils/wrapper.dart:8:9: Error: 'Transition' isn't a type.
    final Transition? defaultTransition;
          ^^^^^^^^^^
  test/navigation/utils/wrapper.dart:20:12: Error: The method 'GetMaterialApp' isn't defined for the type 'Wrapper'.
   - 'Wrapper' is from 'test/navigation/utils/wrapper.dart'.
  Try correcting the name to the name of an existing method, or defining a method named 'GetMaterialApp'.
      return GetMaterialApp(
             ^^^^^^^^^^^^^^
  test/navigation/utils/wrapper.dart:37:14: Error: 'GetPage' isn't a type.
    final List<GetPage>? namedRoutes;
               ^^^^^^^
  test/navigation/utils/wrapper.dart:39:9: Error: 'Transition' isn't a type.
    final Transition? defaultTransition;
          ^^^^^^^^^^
  test/navigation/utils/wrapper.dart:51:12: Error: The method 'GetMaterialApp' isn't defined for the type 'WrapperNamed'.
   - 'WrapperNamed' is from 'test/navigation/utils/wrapper.dart'.
  Try correcting the name to the name of an existing method, or defining a method named 'GetMaterialApp'.
      return GetMaterialApp(
             ^^^^^^^^^^^^^^
  .

To run this test again: /Users/alamre/development/flutter/bin/cache/dart-sdk/bin/dart test /Users/alamre/dev/2030/jetx/test/utils/extensions/context_extensions_test.dart -p vm --plain-name 'loading /Users/alamre/dev/2030/jetx/test/utils/extensions/context_extensions_test.dart'
00:15 +0 -17: loading /Users/alamre/dev/2030/jetx/test/internationalization/internationalization_test.dart [E]                                                                                         
  Error: The Dart compiler exited unexpectedly.
  package:flutter_tools/src/base/common.dart 34:3  throwToolExit
  package:flutter_tools/src/compile.dart 910:11    DefaultResidentCompiler._compile.<fn>
  dart:async/zone.dart 1538:47                     _rootRunUnary
  dart:async/zone.dart 1429:19                     _CustomZone.runUnary
  dart:async/future_impl.dart 948:45               Future._propagateToListeners.handleValueCallback
  dart:async/future_impl.dart 977:13               Future._propagateToListeners
  dart:async/future_impl.dart 862:9                Future._propagateToListeners
  dart:async/future_impl.dart 720:5                Future._completeWithValue
  dart:async/future_impl.dart 804:7                Future._asyncCompleteWithValue.<fn>
  dart:async/zone.dart 1525:13                     _rootRun
  dart:async/zone.dart 1422:19                     _CustomZone.run
  dart:async/zone.dart 1321:7                      _CustomZone.runGuarded
  dart:async/zone.dart 1362:23                     _CustomZone.bindCallbackGuarded.<fn>
  dart:async/schedule_microtask.dart 40:35         _microtaskLoop
  dart:async/schedule_microtask.dart 49:5          _startMicrotaskLoop
  dart:isolate-patch/isolate_patch.dart 127:13     _runPendingImmediateCallback
  dart:isolate-patch/isolate_patch.dart 194:5      _RawReceivePort._handleMessage
  
lib/utils.dart:5:1: Error: Error when reading 'lib/jet_core/jet_core.dart': No such file or directory
export 'jet_core/jet_core.dart';
^
lib/utils.dart:6:1: Error: Error when reading 'lib/jet_utils/jet_utils.dart': No such file or directory
export 'jet_utils/jet_utils.dart';
^
test/utils/extensions/string_extensions_test.dart:15:20: Error: The getter 'isNum' isn't defined for the type 'String'.
Try correcting the name to the name of an existing getter, or defining a getter or field named 'isNum'.
      expect(digit.isNum, true);
                   ^^^^^
test/utils/extensions/string_extensions_test.dart:16:19: Error: The getter 'isNum' isn't defined for the type 'String'.
Try correcting the name to the name of an existing getter, or defining a getter or field named 'isNum'.
      expect(text.isNum, false);
                  ^^^^^
test/utils/extensions/string_extensions_test.dart:31:19: Error: The method 'capitalizeAllWordsFirstLetter' isn't defined for the type 'String'.
Try correcting the name to the name of an existing method, or defining a method named 'capitalizeAllWordsFirstLetter'.
      expect(text.capitalizeAllWordsFirstLetter(), "Oi");
                  ^^^^^^^^^^^^^^^^^^^^^^^^^^^^^
test/utils/extensions/string_extensions_test.dart:32:20: Error: The method 'capitalizeAllWordsFirstLetter' isn't defined for the type 'String'.
Try correcting the name to the name of an existing method, or defining a method named 'capitalizeAllWordsFirstLetter'.
      expect(digit.capitalizeAllWordsFirstLetter(), "5");
                   ^^^^^^^^^^^^^^^^^^^^^^^^^^^^^
test/utils/extensions/string_extensions_test.dart:33:31: Error: The method 'capitalizeAllWordsFirstLetter' isn't defined for the type 'String'.
Try correcting the name to the name of an existing method, or defining a method named 'capitalizeAllWordsFirstLetter'.
      expect(specialCaracters.capitalizeAllWordsFirstLetter(), "#\$!%@");
                              ^^^^^^^^^^^^^^^^^^^^^^^^^^^^^
test/utils/extensions/string_extensions_test.dart:34:27: Error: The method 'capitalizeAllWordsFirstLetter' isn't defined for the type 'String'.
Try correcting the name to the name of an existing method, or defining a method named 'capitalizeAllWordsFirstLetter'.
      expect(alphaNumeric.capitalizeAllWordsFirstLetter(), "123asd");
                          ^^^^^^^^^^^^^^^^^^^^^^^^^^^^^
test/utils/extensions/string_extensions_test.dart:35:22: Error: The method 'capitalizeAllWordsFirstLetter' isn't defined for the type 'String'.
Try correcting the name to the name of an existing method, or defining a method named 'capitalizeAllWordsFirstLetter'.
      expect(numbers.capitalizeAllWordsFirstLetter(), "123");
                     ^^^^^^^^^^^^^^^^^^^^^^^^^^^^^
test/utils/extensions/string_extensions_test.dart:36:22: Error: The method 'capitalizeAllWordsFirstLetter' isn't defined for the type 'String'.
Try correcting the name to the name of an existing method, or defining a method named 'capitalizeAllWordsFirstLetter'.
      expect(letters.capitalizeAllWordsFirstLetter(), "Foo");
                     ^^^^^^^^^^^^^^^^^^^^^^^^^^^^^
test/utils/extensions/string_extensions_test.dart:37:27: Error: The method 'capitalizeAllWordsFirstLetter' isn't defined for the type 'String'.
Try correcting the name to the name of an existing method, or defining a method named 'capitalizeAllWordsFirstLetter'.
      expect(sentences[0].capitalizeAllWordsFirstLetter(), "Getx");
                          ^^^^^^^^^^^^^^^^^^^^^^^^^^^^^
test/utils/extensions/string_extensions_test.dart:38:27: Error: The method 'capitalizeAllWordsFirstLetter' isn't defined for the type 'String'.
Try correcting the name to the name of an existing method, or defining a method named 'capitalizeAllWordsFirstLetter'.
      expect(sentences[1].capitalizeAllWordsFirstLetter(),
                          ^^^^^^^^^^^^^^^^^^^^^^^^^^^^^
test/utils/extensions/string_extensions_test.dart:40:27: Error: The method 'capitalizeAllWordsFirstLetter' isn't defined for the type 'String'.
Try correcting the name to the name of an existing method, or defining a method named 'capitalizeAllWordsFirstLetter'.
      expect(sentences[2].capitalizeAllWordsFirstLetter(),
                          ^^^^^^^^^^^^^^^^^^^^^^^^^^^^^
test/utils/extensions/string_extensions_test.dart:42:27: Error: The method 'capitalizeAllWordsFirstLetter' isn't defined for the type 'String'.
Try correcting the name to the name of an existing method, or defining a method named 'capitalizeAllWordsFirstLetter'.
      expect(sentences[3].capitalizeAllWordsFirstLetter(),
                          ^^^^^^^^^^^^^^^^^^^^^^^^^^^^^
test/utils/extensions/string_extensions_test.dart:44:27: Error: The method 'capitalizeAllWordsFirstLetter' isn't defined for the type 'String'.
Try correcting the name to the name of an existing method, or defining a method named 'capitalizeAllWordsFirstLetter'.
      expect(sentences[4].capitalizeAllWordsFirstLetter(),
                          ^^^^^^^^^^^^^^^^^^^^^^^^^^^^^
test/utils/extensions/string_extensions_test.dart:47:24: Error: The method 'capitalizeAllWordsFirstLetter' isn't defined for the type 'String'.
Try correcting the name to the name of an existing method, or defining a method named 'capitalizeAllWordsFirstLetter'.
          sentences[5].capitalizeAllWordsFirstLetter(), "Emm, Lemme Think !");
                       ^^^^^^^^^^^^^^^^^^^^^^^^^^^^^
test/utils/extensions/string_extensions_test.dart:48:27: Error: The method 'capitalizeAllWordsFirstLetter' isn't defined for the type 'String'.
Try correcting the name to the name of an existing method, or defining a method named 'capitalizeAllWordsFirstLetter'.
      expect(sentences[6].capitalizeAllWordsFirstLetter(),
                          ^^^^^^^^^^^^^^^^^^^^^^^^^^^^^
test/utils/extensions/string_extensions_test.dart:50:27: Error: The method 'capitalizeAllWordsFirstLetter' isn't defined for the type 'String'.
Try correcting the name to the name of an existing method, or defining a method named 'capitalizeAllWordsFirstLetter'.
      expect(sentences[7].capitalizeAllWordsFirstLetter(),
                          ^^^^^^^^^^^^^^^^^^^^^^^^^^^^^
test/utils/extensions/string_extensions_test.dart:52:27: Error: The method 'capitalizeAllWordsFirstLetter' isn't defined for the type 'String'.
Try correcting the name to the name of an existing method, or defining a method named 'capitalizeAllWordsFirstLetter'.
      expect(sentences[8].capitalizeAllWordsFirstLetter(), "");
                          ^^^^^^^^^^^^^^^^^^^^^^^^^^^^^
test/utils/extensions/string_extensions_test.dart:56:22: Error: The getter 'isNumericOnly' isn't defined for the type 'String'.
Try correcting the name to the name of an existing getter, or defining a getter or field named 'isNumericOnly'.
      expect(numbers.isNumericOnly, true);
                     ^^^^^^^^^^^^^
test/utils/extensions/string_extensions_test.dart:57:22: Error: The getter 'isNumericOnly' isn't defined for the type 'String'.
Try correcting the name to the name of an existing getter, or defining a getter or field named 'isNumericOnly'.
      expect(letters.isNumericOnly, false);
                     ^^^^^^^^^^^^^
test/utils/extensions/string_extensions_test.dart:58:31: Error: The getter 'isNumericOnly' isn't defined for the type 'String'.
Try correcting the name to the name of an existing getter, or defining a getter or field named 'isNumericOnly'.
      expect(specialCaracters.isNumericOnly, false);
                              ^^^^^^^^^^^^^
test/utils/extensions/string_extensions_test.dart:59:27: Error: The getter 'isNumericOnly' isn't defined for the type 'String'.
Try correcting the name to the name of an existing getter, or defining a getter or field named 'isNumericOnly'.
      expect(alphaNumeric.isNumericOnly, false);
                          ^^^^^^^^^^^^^
test/utils/extensions/string_extensions_test.dart:63:27: Error: The getter 'isAlphabetOnly' isn't defined for the type 'String'.
Try correcting the name to the name of an existing getter, or defining a getter or field named 'isAlphabetOnly'.
      expect(alphaNumeric.isAlphabetOnly, false);
                          ^^^^^^^^^^^^^^
test/utils/extensions/string_extensions_test.dart:64:22: Error: The getter 'isAlphabetOnly' isn't defined for the type 'String'.
Try correcting the name to the name of an existing getter, or defining a getter or field named 'isAlphabetOnly'.
      expect(numbers.isAlphabetOnly, false);
                     ^^^^^^^^^^^^^^
test/utils/extensions/string_extensions_test.dart:65:22: Error: The getter 'isAlphabetOnly' isn't defined for the type 'String'.
Try correcting the name to the name of an existing getter, or defining a getter or field named 'isAlphabetOnly'.
      expect(letters.isAlphabetOnly, true);
                     ^^^^^^^^^^^^^^
test/utils/extensions/string_extensions_test.dart:71:22: Error: The getter 'isBool' isn't defined for the type 'String'.
Try correcting the name to the name of an existing getter, or defining a getter or field named 'isBool'.
      expect(letters.isBool, false);
                     ^^^^^^
test/utils/extensions/string_extensions_test.dart:72:25: Error: The getter 'isBool' isn't defined for the type 'String'.
Try correcting the name to the name of an existing getter, or defining a getter or field named 'isBool'.
      expect(trueString.isBool, true);
                        ^^^^^^
test/utils/extensions/string_extensions_test.dart:78:19: Error: The getter 'isVectorFileName' isn't defined for the type 'String'.
Try correcting the name to the name of an existing getter, or defining a getter or field named 'isVectorFileName'.
      expect(path.isVectorFileName, true);
                  ^^^^^^^^^^^^^^^^
test/utils/extensions/string_extensions_test.dart:79:23: Error: The getter 'isVectorFileName' isn't defined for the type 'String'.
Try correcting the name to the name of an existing getter, or defining a getter or field named 'isVectorFileName'.
      expect(fullPath.isVectorFileName, true);
                      ^^^^^^^^^^^^^^^^
test/utils/extensions/string_extensions_test.dart:80:27: Error: The getter 'isVectorFileName' isn't defined for the type 'String'.
Try correcting the name to the name of an existing getter, or defining a getter or field named 'isVectorFileName'.
      expect(alphaNumeric.isVectorFileName, false);
                          ^^^^^^^^^^^^^^^^
test/utils/extensions/string_extensions_test.dart:91:22: Error: The getter 'isImageFileName' isn't defined for the type 'String'.
Try correcting the name to the name of an existing getter, or defining a getter or field named 'isImageFileName'.
      expect(jpgPath.isImageFileName, true);
                     ^^^^^^^^^^^^^^^
test/utils/extensions/string_extensions_test.dart:92:23: Error: The getter 'isImageFileName' isn't defined for the type 'String'.
Try correcting the name to the name of an existing getter, or defining a getter or field named 'isImageFileName'.
      expect(jpegPath.isImageFileName, true);
                      ^^^^^^^^^^^^^^^
test/utils/extensions/string_extensions_test.dart:93:22: Error: The getter 'isImageFileName' isn't defined for the type 'String'.
Try correcting the name to the name of an existing getter, or defining a getter or field named 'isImageFileName'.
      expect(pngPath.isImageFileName, true);
                     ^^^^^^^^^^^^^^^
test/utils/extensions/string_extensions_test.dart:94:22: Error: The getter 'isImageFileName' isn't defined for the type 'String'.
Try correcting the name to the name of an existing getter, or defining a getter or field named 'isImageFileName'.
      expect(gifPath.isImageFileName, true);
                     ^^^^^^^^^^^^^^^
test/utils/extensions/string_extensions_test.dart:95:22: Error: The getter 'isImageFileName' isn't defined for the type 'String'.
Try correcting the name to the name of an existing getter, or defining a getter or field named 'isImageFileName'.
      expect(bmpPath.isImageFileName, true);
                     ^^^^^^^^^^^^^^^
test/utils/extensions/string_extensions_test.dart:96:22: Error: The getter 'isImageFileName' isn't defined for the type 'String'.
Try correcting the name to the name of an existing getter, or defining a getter or field named 'isImageFileName'.
      expect(svgPath.isImageFileName, false);
                     ^^^^^^^^^^^^^^^
test/utils/extensions/string_extensions_test.dart:107:22: Error: The getter 'isAudioFileName' isn't defined for the type 'String'.
Try correcting the name to the name of an existing getter, or defining a getter or field named 'isAudioFileName'.
      expect(mp3Path.isAudioFileName, true);
                     ^^^^^^^^^^^^^^^
test/utils/extensions/string_extensions_test.dart:108:22: Error: The getter 'isAudioFileName' isn't defined for the type 'String'.
Try correcting the name to the name of an existing getter, or defining a getter or field named 'isAudioFileName'.
      expect(wavPath.isAudioFileName, true);
                     ^^^^^^^^^^^^^^^
test/utils/extensions/string_extensions_test.dart:109:22: Error: The getter 'isAudioFileName' isn't defined for the type 'String'.
Try correcting the name to the name of an existing getter, or defining a getter or field named 'isAudioFileName'.
      expect(wmaPath.isAudioFileName, true);
                     ^^^^^^^^^^^^^^^
test/utils/extensions/string_extensions_test.dart:110:22: Error: The getter 'isAudioFileName' isn't defined for the type 'String'.
Try correcting the name to the name of an existing getter, or defining a getter or field named 'isAudioFileName'.
      expect(amrPath.isAudioFileName, true);
                     ^^^^^^^^^^^^^^^
test/utils/extensions/string_extensions_test.dart:111:22: Error: The getter 'isAudioFileName' isn't defined for the type 'String'.
Try correcting the name to the name of an existing getter, or defining a getter or field named 'isAudioFileName'.
      expect(oggPath.isAudioFileName, true);
                     ^^^^^^^^^^^^^^^
test/utils/extensions/string_extensions_test.dart:112:22: Error: The getter 'isAudioFileName' isn't defined for the type 'String'.
Try correcting the name to the name of an existing getter, or defining a getter or field named 'isAudioFileName'.
      expect(svgPath.isAudioFileName, false);
                     ^^^^^^^^^^^^^^^
test/utils/extensions/string_extensions_test.dart:125:22: Error: The getter 'isVideoFileName' isn't defined for the type 'String'.
Try correcting the name to the name of an existing getter, or defining a getter or field named 'isVideoFileName'.
      expect(mp4Path.isVideoFileName, true);
                     ^^^^^^^^^^^^^^^
test/utils/extensions/string_extensions_test.dart:126:22: Error: The getter 'isVideoFileName' isn't defined for the type 'String'.
Try correcting the name to the name of an existing getter, or defining a getter or field named 'isVideoFileName'.
      expect(aviPath.isVideoFileName, true);
                     ^^^^^^^^^^^^^^^
test/utils/extensions/string_extensions_test.dart:127:22: Error: The getter 'isVideoFileName' isn't defined for the type 'String'.
Try correcting the name to the name of an existing getter, or defining a getter or field named 'isVideoFileName'.
      expect(wmvPath.isVideoFileName, true);
                     ^^^^^^^^^^^^^^^
test/utils/extensions/string_extensions_test.dart:128:23: Error: The getter 'isVideoFileName' isn't defined for the type 'String'.
Try correcting the name to the name of an existing getter, or defining a getter or field named 'isVideoFileName'.
      expect(rmvbPath.isVideoFileName, true);
                      ^^^^^^^^^^^^^^^
test/utils/extensions/string_extensions_test.dart:129:22: Error: The getter 'isVideoFileName' isn't defined for the type 'String'.
Try correcting the name to the name of an existing getter, or defining a getter or field named 'isVideoFileName'.
      expect(mpgPath.isVideoFileName, true);
                     ^^^^^^^^^^^^^^^
test/utils/extensions/string_extensions_test.dart:130:23: Error: The getter 'isVideoFileName' isn't defined for the type 'String'.
Try correcting the name to the name of an existing getter, or defining a getter or field named 'isVideoFileName'.
      expect(mpegPath.isVideoFileName, true);
                      ^^^^^^^^^^^^^^^
test/utils/extensions/string_extensions_test.dart:131:26: Error: The getter 'isVideoFileName' isn't defined for the type 'String'.
Try correcting the name to the name of an existing getter, or defining a getter or field named 'isVideoFileName'.
      expect(threegpPath.isVideoFileName, true);
                         ^^^^^^^^^^^^^^^
test/utils/extensions/string_extensions_test.dart:132:22: Error: The getter 'isAudioFileName' isn't defined for the type 'String'.
Try correcting the name to the name of an existing getter, or defining a getter or field named 'isAudioFileName'.
      expect(svgPath.isAudioFileName, false);
                     ^^^^^^^^^^^^^^^
test/utils/extensions/string_extensions_test.dart:137:22: Error: The getter 'isTxtFileName' isn't defined for the type 'String'.
Try correcting the name to the name of an existing getter, or defining a getter or field named 'isTxtFileName'.
      expect(txtPath.isTxtFileName, true);
                     ^^^^^^^^^^^^^
test/utils/extensions/string_extensions_test.dart:138:27: Error: The getter 'isTxtFileName' isn't defined for the type 'String'.
Try correcting the name to the name of an existing getter, or defining a getter or field named 'isTxtFileName'.
      expect(alphaNumeric.isTxtFileName, false);
                          ^^^^^^^^^^^^^
test/utils/extensions/string_extensions_test.dart:145:22: Error: The getter 'isDocumentFileName' isn't defined for the type 'String'.
Try correcting the name to the name of an existing getter, or defining a getter or field named 'isDocumentFileName'.
      expect(docPath.isDocumentFileName, true);
                     ^^^^^^^^^^^^^^^^^^
test/utils/extensions/string_extensions_test.dart:146:23: Error: The getter 'isDocumentFileName' isn't defined for the type 'String'.
Try correcting the name to the name of an existing getter, or defining a getter or field named 'isDocumentFileName'.
      expect(docxPath.isDocumentFileName, true);
                      ^^^^^^^^^^^^^^^^^^
test/utils/extensions/string_extensions_test.dart:147:27: Error: The getter 'isDocumentFileName' isn't defined for the type 'String'.
Try correcting the name to the name of an existing getter, or defining a getter or field named 'isDocumentFileName'.
      expect(alphaNumeric.isDocumentFileName, false);
                          ^^^^^^^^^^^^^^^^^^
test/utils/extensions/string_extensions_test.dart:154:22: Error: The getter 'isExcelFileName' isn't defined for the type 'String'.
Try correcting the name to the name of an existing getter, or defining a getter or field named 'isExcelFileName'.
      expect(xlsPath.isExcelFileName, true);
                     ^^^^^^^^^^^^^^^
test/utils/extensions/string_extensions_test.dart:155:23: Error: The getter 'isExcelFileName' isn't defined for the type 'String'.
Try correcting the name to the name of an existing getter, or defining a getter or field named 'isExcelFileName'.
      expect(xlsxPath.isExcelFileName, true);
                      ^^^^^^^^^^^^^^^
test/utils/extensions/string_extensions_test.dart:156:27: Error: The getter 'isExcelFileName' isn't defined for the type 'String'.
Try correcting the name to the name of an existing getter, or defining a getter or field named 'isExcelFileName'.
      expect(alphaNumeric.isExcelFileName, false);
                          ^^^^^^^^^^^^^^^
test/utils/extensions/string_extensions_test.dart:163:22: Error: The getter 'isPPTFileName' isn't defined for the type 'String'.
Try correcting the name to the name of an existing getter, or defining a getter or field named 'isPPTFileName'.
      expect(pptPath.isPPTFileName, true);
                     ^^^^^^^^^^^^^
test/utils/extensions/string_extensions_test.dart:164:23: Error: The getter 'isPPTFileName' isn't defined for the type 'String'.
Try correcting the name to the name of an existing getter, or defining a getter or field named 'isPPTFileName'.
      expect(pptxPath.isPPTFileName, true);
                      ^^^^^^^^^^^^^
test/utils/extensions/string_extensions_test.dart:165:27: Error: The getter 'isPPTFileName' isn't defined for the type 'String'.
Try correcting the name to the name of an existing getter, or defining a getter or field named 'isPPTFileName'.
      expect(alphaNumeric.isPPTFileName, false);
                          ^^^^^^^^^^^^^
test/utils/extensions/string_extensions_test.dart:171:22: Error: The getter 'isAPKFileName' isn't defined for the type 'String'.
Try correcting the name to the name of an existing getter, or defining a getter or field named 'isAPKFileName'.
      expect(apkPath.isAPKFileName, true);
                     ^^^^^^^^^^^^^
test/utils/extensions/string_extensions_test.dart:172:27: Error: The getter 'isAPKFileName' isn't defined for the type 'String'.
Try correcting the name to the name of an existing getter, or defining a getter or field named 'isAPKFileName'.
      expect(alphaNumeric.isAPKFileName, false);
                          ^^^^^^^^^^^^^
test/utils/extensions/string_extensions_test.dart:178:22: Error: The getter 'isPDFFileName' isn't defined for the type 'String'.
Try correcting the name to the name of an existing getter, or defining a getter or field named 'isPDFFileName'.
      expect(pdfPath.isPDFFileName, true);
                     ^^^^^^^^^^^^^
test/utils/extensions/string_extensions_test.dart:179:27: Error: The getter 'isPDFFileName' isn't defined for the type 'String'.
Try correcting the name to the name of an existing getter, or defining a getter or field named 'isPDFFileName'.
      expect(alphaNumeric.isPDFFileName, false);
                          ^^^^^^^^^^^^^
test/utils/extensions/string_extensions_test.dart:184:23: Error: The getter 'isHTMLFileName' isn't defined for the type 'String'.
Try correcting the name to the name of an existing getter, or defining a getter or field named 'isHTMLFileName'.
      expect(htmlPath.isHTMLFileName, true);
                      ^^^^^^^^^^^^^^
test/utils/extensions/string_extensions_test.dart:185:27: Error: The getter 'isHTMLFileName' isn't defined for the type 'String'.
Try correcting the name to the name of an existing getter, or defining a getter or field named 'isHTMLFileName'.
      expect(alphaNumeric.isHTMLFileName, false);
                          ^^^^^^^^^^^^^^
test/utils/extensions/string_extensions_test.dart:220:20: Error: The getter 'isURL' isn't defined for the type 'String'.
Try correcting the name to the name of an existing getter, or defining a getter or field named 'isURL'.
        expect(url.isURL, true);
                   ^^^^^
test/utils/extensions/string_extensions_test.dart:222:27: Error: The getter 'isURL' isn't defined for the type 'String'.
Try correcting the name to the name of an existing getter, or defining a getter or field named 'isURL'.
      expect(alphaNumeric.isURL, false);
                          ^^^^^
test/utils/extensions/string_extensions_test.dart:259:22: Error: The getter 'isEmail' isn't defined for the type 'String'.
Try correcting the name to the name of an existing getter, or defining a getter or field named 'isEmail'.
        expect(email.isEmail, true);
                     ^^^^^^^
test/utils/extensions/string_extensions_test.dart:261:27: Error: The getter 'isEmail' isn't defined for the type 'String'.
Try correcting the name to the name of an existing getter, or defining a getter or field named 'isEmail'.
      expect(alphaNumeric.isEmail, false);
                          ^^^^^^^
test/utils/extensions/string_extensions_test.dart:296:22: Error: The getter 'isPhoneNumber' isn't defined for the type 'String'.
Try correcting the name to the name of an existing getter, or defining a getter or field named 'isPhoneNumber'.
        expect(phone.isPhoneNumber, true);
                     ^^^^^^^^^^^^^
test/utils/extensions/string_extensions_test.dart:300:30: Error: The getter 'isPhoneNumber' isn't defined for the type 'String'.
Try correcting the name to the name of an existing getter, or defining a getter or field named 'isPhoneNumber'.
      expect(bigRandomNumber.isPhoneNumber, false);
                             ^^^^^^^^^^^^^
test/utils/extensions/string_extensions_test.dart:302:27: Error: The getter 'isPhoneNumber' isn't defined for the type 'String'.
Try correcting the name to the name of an existing getter, or defining a getter or field named 'isPhoneNumber'.
      expect(alphaNumeric.isPhoneNumber, false);
                          ^^^^^^^^^^^^^
test/utils/extensions/string_extensions_test.dart:350:25: Error: The getter 'isDateTime' isn't defined for the type 'String'.
Try correcting the name to the name of an existing getter, or defining a getter or field named 'isDateTime'.
        expect(dateTime.isDateTime, true);
                        ^^^^^^^^^^
test/utils/extensions/string_extensions_test.dart:352:27: Error: The getter 'isDateTime' isn't defined for the type 'String'.
Try correcting the name to the name of an existing getter, or defining a getter or field named 'isDateTime'.
      expect(alphaNumeric.isDateTime, false);
                          ^^^^^^^^^^
test/utils/extensions/string_extensions_test.dart:380:20: Error: The getter 'isMD5' isn't defined for the type 'String'.
Try correcting the name to the name of an existing getter, or defining a getter or field named 'isMD5'.
        expect(md5.isMD5, true);
                   ^^^^^
test/utils/extensions/string_extensions_test.dart:383:27: Error: The getter 'isMD5' isn't defined for the type 'String'.
Try correcting the name to the name of an existing getter, or defining a getter or field named 'isMD5'.
      expect(alphaNumeric.isMD5, false);
                          ^^^^^
test/utils/extensions/string_extensions_test.dart:403:21: Error: The getter 'isSHA1' isn't defined for the type 'String'.
Try correcting the name to the name of an existing getter, or defining a getter or field named 'isSHA1'.
        expect(sha1.isSHA1, true);
                    ^^^^^^
test/utils/extensions/string_extensions_test.dart:406:27: Error: The getter 'isSHA1' isn't defined for the type 'String'.
Try correcting the name to the name of an existing getter, or defining a getter or field named 'isSHA1'.
      expect(alphaNumeric.isSHA1, false);
                          ^^^^^^
test/utils/extensions/string_extensions_test.dart:433:23: Error: The getter 'isSHA256' isn't defined for the type 'String'.
Try correcting the name to the name of an existing getter, or defining a getter or field named 'isSHA256'.
        expect(sha256.isSHA256, true);
                      ^^^^^^^^
test/utils/extensions/string_extensions_test.dart:436:27: Error: The getter 'isSHA256' isn't defined for the type 'String'.
Try correcting the name to the name of an existing getter, or defining a getter or field named 'isSHA256'.
      expect(alphaNumeric.isSHA256, false);
                          ^^^^^^^^
test/utils/extensions/string_extensions_test.dart:463:23: Error: The getter 'isBinary' isn't defined for the type 'String'.
Try correcting the name to the name of an existing getter, or defining a getter or field named 'isBinary'.
        expect(binary.isBinary, true);
                      ^^^^^^^^
test/utils/extensions/string_extensions_test.dart:466:27: Error: The getter 'isBinary' isn't defined for the type 'String'.
Try correcting the name to the name of an existing getter, or defining a getter or field named 'isBinary'.
      expect(alphaNumeric.isBinary, false);
                          ^^^^^^^^
test/utils/extensions/string_extensions_test.dart:493:21: Error: The getter 'isIPv4' isn't defined for the type 'String'.
Try correcting the name to the name of an existing getter, or defining a getter or field named 'isIPv4'.
        expect(ipv4.isIPv4, true);
                    ^^^^^^
test/utils/extensions/string_extensions_test.dart:496:27: Error: The getter 'isIPv4' isn't defined for the type 'String'.
Try correcting the name to the name of an existing getter, or defining a getter or field named 'isIPv4'.
      expect(alphaNumeric.isIPv4, false);
                          ^^^^^^
test/utils/extensions/string_extensions_test.dart:523:21: Error: The getter 'isIPv6' isn't defined for the type 'String'.
Try correcting the name to the name of an existing getter, or defining a getter or field named 'isIPv6'.
        expect(ipv6.isIPv6, true);
                    ^^^^^^
test/utils/extensions/string_extensions_test.dart:526:27: Error: The getter 'isIPv6' isn't defined for the type 'String'.
Try correcting the name to the name of an existing getter, or defining a getter or field named 'isIPv6'.
      expect(alphaNumeric.isIPv6, false);
                          ^^^^^^
test/utils/extensions/string_extensions_test.dart:553:28: Error: The getter 'isHexadecimal' isn't defined for the type 'String'.
Try correcting the name to the name of an existing getter, or defining a getter or field named 'isHexadecimal'.
        expect(hexadecimal.isHexadecimal, true);
                           ^^^^^^^^^^^^^
test/utils/extensions/string_extensions_test.dart:556:27: Error: The getter 'isHexadecimal' isn't defined for the type 'String'.
Try correcting the name to the name of an existing getter, or defining a getter or field named 'isHexadecimal'.
      expect(alphaNumeric.isHexadecimal, false);
                          ^^^^^^^^^^^^^
test/utils/extensions/string_extensions_test.dart:610:26: Error: The getter 'isPalindrome' isn't defined for the type 'String'.
Try correcting the name to the name of an existing getter, or defining a getter or field named 'isPalindrome'.
        expect(palindrom.isPalindrome, true);
                         ^^^^^^^^^^^^
test/utils/extensions/string_extensions_test.dart:612:27: Error: The getter 'isPalindrome' isn't defined for the type 'String'.
Try correcting the name to the name of an existing getter, or defining a getter or field named 'isPalindrome'.
      expect(alphaNumeric.isPalindrome, false);
                          ^^^^^^^^^^^^
test/utils/extensions/string_extensions_test.dart:623:25: Error: The getter 'isPassport' isn't defined for the type 'String'.
Try correcting the name to the name of an existing getter, or defining a getter or field named 'isPassport'.
        expect(passport.isPassport, true);
                        ^^^^^^^^^^
test/utils/extensions/string_extensions_test.dart:626:31: Error: The getter 'isPassport' isn't defined for the type 'String'.
Try correcting the name to the name of an existing getter, or defining a getter or field named 'isPassport'.
      expect(specialCaracters.isPassport, false);
                              ^^^^^^^^^^
test/utils/extensions/string_extensions_test.dart:659:25: Error: The getter 'isCurrency' isn't defined for the type 'String'.
Try correcting the name to the name of an existing getter, or defining a getter or field named 'isCurrency'.
        expect(currency.isCurrency, true);
                        ^^^^^^^^^^
test/utils/extensions/string_extensions_test.dart:662:31: Error: The getter 'isCurrency' isn't defined for the type 'String'.
Try correcting the name to the name of an existing getter, or defining a getter or field named 'isCurrency'.
      expect(specialCaracters.isCurrency, false);
                              ^^^^^^^^^^
test/utils/extensions/string_extensions_test.dart:676:20: Error: The getter 'isCpf' isn't defined for the type 'String'.
Try correcting the name to the name of an existing getter, or defining a getter or field named 'isCpf'.
        expect(cpf.isCpf, true);
                   ^^^^^
test/utils/extensions/string_extensions_test.dart:679:31: Error: The getter 'isCpf' isn't defined for the type 'String'.
Try correcting the name to the name of an existing getter, or defining a getter or field named 'isCpf'.
      expect(specialCaracters.isCpf, false);
                              ^^^^^
test/utils/extensions/string_extensions_test.dart:689:21: Error: The getter 'isCnpj' isn't defined for the type 'String'.
Try correcting the name to the name of an existing getter, or defining a getter or field named 'isCnpj'.
        expect(cnpj.isCnpj, true);
                    ^^^^^^
test/utils/extensions/string_extensions_test.dart:692:31: Error: The getter 'isCnpj' isn't defined for the type 'String'.
Try correcting the name to the name of an existing getter, or defining a getter or field named 'isCnpj'.
      expect(specialCaracters.isCnpj, false);
                              ^^^^^^
test/utils/extensions/string_extensions_test.dart:698:21: Error: The method 'isCaseInsensitiveContains' isn't defined for the type 'String'.
Try correcting the name to the name of an existing method, or defining a method named 'isCaseInsensitiveContains'.
      expect(phrase.isCaseInsensitiveContains('to'), true);
                    ^^^^^^^^^^^^^^^^^^^^^^^^^
test/utils/extensions/string_extensions_test.dart:699:21: Error: The method 'isCaseInsensitiveContains' isn't defined for the type 'String'.
Try correcting the name to the name of an existing method, or defining a method named 'isCaseInsensitiveContains'.
      expect(phrase.isCaseInsensitiveContains('square'), true);
                    ^^^^^^^^^^^^^^^^^^^^^^^^^
test/utils/extensions/string_extensions_test.dart:700:21: Error: The method 'isCaseInsensitiveContains' isn't defined for the type 'String'.
Try correcting the name to the name of an existing method, or defining a method named 'isCaseInsensitiveContains'.
      expect(phrase.isCaseInsensitiveContains('On'), true);
                    ^^^^^^^^^^^^^^^^^^^^^^^^^
test/utils/extensions/string_extensions_test.dart:701:21: Error: The method 'isCaseInsensitiveContains' isn't defined for the type 'String'.
Try correcting the name to the name of an existing method, or defining a method named 'isCaseInsensitiveContains'.
      expect(phrase.isCaseInsensitiveContains('foo'), false);
                    ^^^^^^^^^^^^^^^^^^^^^^^^^
test/utils/extensions/string_extensions_test.dart:707:21: Error: The method 'isCaseInsensitiveContainsAny' isn't defined for the type 'String'.
Try correcting the name to the name of an existing method, or defining a method named 'isCaseInsensitiveContainsAny'.
      expect(phrase.isCaseInsensitiveContainsAny('to'), true);
                    ^^^^^^^^^^^^^^^^^^^^^^^^^^^^
test/utils/extensions/string_extensions_test.dart:708:21: Error: The method 'isCaseInsensitiveContainsAny' isn't defined for the type 'String'.
Try correcting the name to the name of an existing method, or defining a method named 'isCaseInsensitiveContainsAny'.
      expect(phrase.isCaseInsensitiveContainsAny('square'), true);
                    ^^^^^^^^^^^^^^^^^^^^^^^^^^^^
test/utils/extensions/string_extensions_test.dart:709:21: Error: The method 'isCaseInsensitiveContainsAny' isn't defined for the type 'String'.
Try correcting the name to the name of an existing method, or defining a method named 'isCaseInsensitiveContainsAny'.
      expect(phrase.isCaseInsensitiveContainsAny('On'), true);
                    ^^^^^^^^^^^^^^^^^^^^^^^^^^^^
test/utils/extensions/string_extensions_test.dart:710:21: Error: The method 'isCaseInsensitiveContainsAny' isn't defined for the type 'String'.
Try correcting the name to the name of an existing method, or defining a method named 'isCaseInsensitiveContainsAny'.
      expect(phrase.isCaseInsensitiveContainsAny('foo'), false);
                    ^^^^^^^^^^^^^^^^^^^^^^^^^^^^
test/utils/extensions/string_extensions_test.dart:711:19: Error: The method 'isCaseInsensitiveContainsAny' isn't defined for the type 'String'.
Try correcting the name to the name of an existing method, or defining a method named 'isCaseInsensitiveContainsAny'.
      expect('to'.isCaseInsensitiveContainsAny(phrase), true);
                  ^^^^^^^^^^^^^^^^^^^^^^^^^^^^
test/utils/extensions/string_extensions_test.dart:712:23: Error: The method 'isCaseInsensitiveContainsAny' isn't defined for the type 'String'.
Try correcting the name to the name of an existing method, or defining a method named 'isCaseInsensitiveContainsAny'.
      expect('square'.isCaseInsensitiveContainsAny('qu'), true);
                      ^^^^^^^^^^^^^^^^^^^^^^^^^^^^
test/utils/extensions/string_extensions_test.dart:716:24: Error: The getter 'capitalize' isn't defined for the type 'String'.
Try correcting the name to the name of an existing getter, or defining a getter or field named 'capitalize'.
      expect('foo bar'.capitalize, 'Foo Bar');
                       ^^^^^^^^^^
test/utils/extensions/string_extensions_test.dart:717:24: Error: The getter 'capitalize' isn't defined for the type 'String'.
Try correcting the name to the name of an existing getter, or defining a getter or field named 'capitalize'.
      expect('FoO bAr'.capitalize, 'Foo Bar');
                       ^^^^^^^^^^
test/utils/extensions/string_extensions_test.dart:718:24: Error: The getter 'capitalize' isn't defined for the type 'String'.
Try correcting the name to the name of an existing getter, or defining a getter or field named 'capitalize'.
      expect('FOO BAR'.capitalize, 'Foo Bar');
                       ^^^^^^^^^^
test/utils/extensions/string_extensions_test.dart:720:17: Error: The getter 'capitalize' isn't defined for the type 'String'.
Try correcting the name to the name of an existing getter, or defining a getter or field named 'capitalize'.
      expect(''.capitalize, '');
                ^^^^^^^^^^
test/utils/extensions/string_extensions_test.dart:721:26: Error: The getter 'capitalize' isn't defined for the type 'String'.
Try correcting the name to the name of an existing getter, or defining a getter or field named 'capitalize'.
      expect('foo  bar '.capitalize, 'Foo  Bar ');
                         ^^^^^^^^^^
test/utils/extensions/string_extensions_test.dart:725:24: Error: The getter 'capitalizeFirst' isn't defined for the type 'String'.
Try correcting the name to the name of an existing getter, or defining a getter or field named 'capitalizeFirst'.
      expect('foo bar'.capitalizeFirst, 'Foo bar');
                       ^^^^^^^^^^^^^^^
test/utils/extensions/string_extensions_test.dart:726:24: Error: The getter 'capitalizeFirst' isn't defined for the type 'String'.
Try correcting the name to the name of an existing getter, or defining a getter or field named 'capitalizeFirst'.
      expect('FoO bAr'.capitalizeFirst, 'Foo bar');
                       ^^^^^^^^^^^^^^^
test/utils/extensions/string_extensions_test.dart:727:24: Error: The getter 'capitalizeFirst' isn't defined for the type 'String'.
Try correcting the name to the name of an existing getter, or defining a getter or field named 'capitalizeFirst'.
      expect('FOO BAR'.capitalizeFirst, 'Foo bar');
                       ^^^^^^^^^^^^^^^
test/utils/extensions/string_extensions_test.dart:728:17: Error: The getter 'capitalizeFirst' isn't defined for the type 'String'.
Try correcting the name to the name of an existing getter, or defining a getter or field named 'capitalizeFirst'.
      expect(''.capitalizeFirst, '');
                ^^^^^^^^^^^^^^^
test/utils/extensions/string_extensions_test.dart:733:24: Error: The getter 'removeAllWhitespace' isn't defined for the type 'String'.
Try correcting the name to the name of an existing getter, or defining a getter or field named 'removeAllWhitespace'.
      expect('foo bar'.removeAllWhitespace, 'foobar');
                       ^^^^^^^^^^^^^^^^^^^
test/utils/extensions/string_extensions_test.dart:734:20: Error: The getter 'removeAllWhitespace' isn't defined for the type 'String'.
Try correcting the name to the name of an existing getter, or defining a getter or field named 'removeAllWhitespace'.
      expect('foo'.removeAllWhitespace, 'foo');
                   ^^^^^^^^^^^^^^^^^^^
test/utils/extensions/string_extensions_test.dart:735:17: Error: The getter 'removeAllWhitespace' isn't defined for the type 'String'.
Try correcting the name to the name of an existing getter, or defining a getter or field named 'removeAllWhitespace'.
      expect(''.removeAllWhitespace, '');
                ^^^^^^^^^^^^^^^^^^^
test/utils/extensions/string_extensions_test.dart:740:24: Error: The getter 'camelCase' isn't defined for the type 'String'.
Try correcting the name to the name of an existing getter, or defining a getter or field named 'camelCase'.
      expect('foo bar'.camelCase, 'fooBar');
                       ^^^^^^^^^
test/utils/extensions/string_extensions_test.dart:741:44: Error: The getter 'camelCase' isn't defined for the type 'String'.
Try correcting the name to the name of an existing getter, or defining a getter or field named 'camelCase'.
      expect('the fox jumped in the water'.camelCase, 'theFoxJumpedInTheWater');
                                           ^^^^^^^^^
test/utils/extensions/string_extensions_test.dart:742:24: Error: The getter 'camelCase' isn't defined for the type 'String'.
Try correcting the name to the name of an existing getter, or defining a getter or field named 'camelCase'.
      expect('foo_bar'.camelCase, 'fooBar');
                       ^^^^^^^^^
test/utils/extensions/string_extensions_test.dart:743:17: Error: The getter 'camelCase' isn't defined for the type 'String'.
Try correcting the name to the name of an existing getter, or defining a getter or field named 'camelCase'.
      expect(''.camelCase, null);
                ^^^^^^^^^
test/utils/extensions/string_extensions_test.dart:747:46: Error: The method 'numericOnly' isn't defined for the type 'String'.
Try correcting the name to the name of an existing method, or defining a method named 'numericOnly'.
      expect('date: 2020/09/13, time: 00:00'.numericOnly(), '202009130000');
                                             ^^^^^^^^^^^
test/utils/extensions/string_extensions_test.dart:749:35: Error: The method 'numericOnly' isn't defined for the type 'String'.
Try correcting the name to the name of an existing method, or defining a method named 'numericOnly'.
        'and 1, and 2, and 1 2 3'.numericOnly(),
                                  ^^^^^^^^^^^
test/utils/extensions/string_extensions_test.dart:752:17: Error: The method 'numericOnly' isn't defined for the type 'String'.
Try correcting the name to the name of an existing method, or defining a method named 'numericOnly'.
      expect(''.numericOnly(), '');
                ^^^^^^^^^^^
00:16 +0 -18: loading /Users/alamre/dev/2030/jetx/test/utils/extensions/string_extensions_test.dart [E]                                                                                                
  Failed to load "/Users/alamre/dev/2030/jetx/test/utils/extensions/string_extensions_test.dart":
  Compilation failed for testPath=/Users/alamre/dev/2030/jetx/test/utils/extensions/string_extensions_test.dart: lib/utils.dart:5:1: Error: Error when reading 'lib/jet_core/jet_core.dart': No such file or directory
  export 'jet_core/jet_core.dart';
  ^
  lib/utils.dart:6:1: Error: Error when reading 'lib/jet_utils/jet_utils.dart': No such file or directory
  export 'jet_utils/jet_utils.dart';
  ^
  test/utils/extensions/string_extensions_test.dart:15:20: Error: The getter 'isNum' isn't defined for the type 'String'.
  Try correcting the name to the name of an existing getter, or defining a getter or field named 'isNum'.
        expect(digit.isNum, true);
                     ^^^^^
  test/utils/extensions/string_extensions_test.dart:16:19: Error: The getter 'isNum' isn't defined for the type 'String'.
  Try correcting the name to the name of an existing getter, or defining a getter or field named 'isNum'.
        expect(text.isNum, false);
                    ^^^^^
  test/utils/extensions/string_extensions_test.dart:31:19: Error: The method 'capitalizeAllWordsFirstLetter' isn't defined for the type 'String'.
  Try correcting the name to the name of an existing method, or defining a method named 'capitalizeAllWordsFirstLetter'.
        expect(text.capitalizeAllWordsFirstLetter(), "Oi");
                    ^^^^^^^^^^^^^^^^^^^^^^^^^^^^^
  test/utils/extensions/string_extensions_test.dart:32:20: Error: The method 'capitalizeAllWordsFirstLetter' isn't defined for the type 'String'.
  Try correcting the name to the name of an existing method, or defining a method named 'capitalizeAllWordsFirstLetter'.
        expect(digit.capitalizeAllWordsFirstLetter(), "5");
                     ^^^^^^^^^^^^^^^^^^^^^^^^^^^^^
  test/utils/extensions/string_extensions_test.dart:33:31: Error: The method 'capitalizeAllWordsFirstLetter' isn't defined for the type 'String'.
  Try correcting the name to the name of an existing method, or defining a method named 'capitalizeAllWordsFirstLetter'.
        expect(specialCaracters.capitalizeAllWordsFirstLetter(), "#\$!%@");
                                ^^^^^^^^^^^^^^^^^^^^^^^^^^^^^
  test/utils/extensions/string_extensions_test.dart:34:27: Error: The method 'capitalizeAllWordsFirstLetter' isn't defined for the type 'String'.
  Try correcting the name to the name of an existing method, or defining a method named 'capitalizeAllWordsFirstLetter'.
        expect(alphaNumeric.capitalizeAllWordsFirstLetter(), "123asd");
                            ^^^^^^^^^^^^^^^^^^^^^^^^^^^^^
  test/utils/extensions/string_extensions_test.dart:35:22: Error: The method 'capitalizeAllWordsFirstLetter' isn't defined for the type 'String'.
  Try correcting the name to the name of an existing method, or defining a method named 'capitalizeAllWordsFirstLetter'.
        expect(numbers.capitalizeAllWordsFirstLetter(), "123");
                       ^^^^^^^^^^^^^^^^^^^^^^^^^^^^^
  test/utils/extensions/string_extensions_test.dart:36:22: Error: The method 'capitalizeAllWordsFirstLetter' isn't defined for the type 'String'.
  Try correcting the name to the name of an existing method, or defining a method named 'capitalizeAllWordsFirstLetter'.
        expect(letters.capitalizeAllWordsFirstLetter(), "Foo");
                       ^^^^^^^^^^^^^^^^^^^^^^^^^^^^^
  test/utils/extensions/string_extensions_test.dart:37:27: Error: The method 'capitalizeAllWordsFirstLetter' isn't defined for the type 'String'.
  Try correcting the name to the name of an existing method, or defining a method named 'capitalizeAllWordsFirstLetter'.
        expect(sentences[0].capitalizeAllWordsFirstLetter(), "Getx");
                            ^^^^^^^^^^^^^^^^^^^^^^^^^^^^^
  test/utils/extensions/string_extensions_test.dart:38:27: Error: The method 'capitalizeAllWordsFirstLetter' isn't defined for the type 'String'.
  Try correcting the name to the name of an existing method, or defining a method named 'capitalizeAllWordsFirstLetter'.
        expect(sentences[1].capitalizeAllWordsFirstLetter(),
                            ^^^^^^^^^^^^^^^^^^^^^^^^^^^^^
  test/utils/extensions/string_extensions_test.dart:40:27: Error: The method 'capitalizeAllWordsFirstLetter' isn't defined for the type 'String'.
  Try correcting the name to the name of an existing method, or defining a method named 'capitalizeAllWordsFirstLetter'.
        expect(sentences[2].capitalizeAllWordsFirstLetter(),
                            ^^^^^^^^^^^^^^^^^^^^^^^^^^^^^
  test/utils/extensions/string_extensions_test.dart:42:27: Error: The method 'capitalizeAllWordsFirstLetter' isn't defined for the type 'String'.
  Try correcting the name to the name of an existing method, or defining a method named 'capitalizeAllWordsFirstLetter'.
        expect(sentences[3].capitalizeAllWordsFirstLetter(),
                            ^^^^^^^^^^^^^^^^^^^^^^^^^^^^^
  test/utils/extensions/string_extensions_test.dart:44:27: Error: The method 'capitalizeAllWordsFirstLetter' isn't defined for the type 'String'.
  Try correcting the name to the name of an existing method, or defining a method named 'capitalizeAllWordsFirstLetter'.
        expect(sentences[4].capitalizeAllWordsFirstLetter(),
                            ^^^^^^^^^^^^^^^^^^^^^^^^^^^^^
  test/utils/extensions/string_extensions_test.dart:47:24: Error: The method 'capitalizeAllWordsFirstLetter' isn't defined for the type 'String'.
  Try correcting the name to the name of an existing method, or defining a method named 'capitalizeAllWordsFirstLetter'.
            sentences[5].capitalizeAllWordsFirstLetter(), "Emm, Lemme Think !");
                         ^^^^^^^^^^^^^^^^^^^^^^^^^^^^^
  test/utils/extensions/string_extensions_test.dart:48:27: Error: The method 'capitalizeAllWordsFirstLetter' isn't defined for the type 'String'.
  Try correcting the name to the name of an existing method, or defining a method named 'capitalizeAllWordsFirstLetter'.
        expect(sentences[6].capitalizeAllWordsFirstLetter(),
                            ^^^^^^^^^^^^^^^^^^^^^^^^^^^^^
  test/utils/extensions/string_extensions_test.dart:50:27: Error: The method 'capitalizeAllWordsFirstLetter' isn't defined for the type 'String'.
  Try correcting the name to the name of an existing method, or defining a method named 'capitalizeAllWordsFirstLetter'.
        expect(sentences[7].capitalizeAllWordsFirstLetter(),
                            ^^^^^^^^^^^^^^^^^^^^^^^^^^^^^
  test/utils/extensions/string_extensions_test.dart:52:27: Error: The method 'capitalizeAllWordsFirstLetter' isn't defined for the type 'String'.
  Try correcting the name to the name of an existing method, or defining a method named 'capitalizeAllWordsFirstLetter'.
        expect(sentences[8].capitalizeAllWordsFirstLetter(), "");
                            ^^^^^^^^^^^^^^^^^^^^^^^^^^^^^
  test/utils/extensions/string_extensions_test.dart:56:22: Error: The getter 'isNumericOnly' isn't defined for the type 'String'.
  Try correcting the name to the name of an existing getter, or defining a getter or field named 'isNumericOnly'.
        expect(numbers.isNumericOnly, true);
                       ^^^^^^^^^^^^^
  test/utils/extensions/string_extensions_test.dart:57:22: Error: The getter 'isNumericOnly' isn't defined for the type 'String'.
  Try correcting the name to the name of an existing getter, or defining a getter or field named 'isNumericOnly'.
        expect(letters.isNumericOnly, false);
                       ^^^^^^^^^^^^^
  test/utils/extensions/string_extensions_test.dart:58:31: Error: The getter 'isNumericOnly' isn't defined for the type 'String'.
  Try correcting the name to the name of an existing getter, or defining a getter or field named 'isNumericOnly'.
        expect(specialCaracters.isNumericOnly, false);
                                ^^^^^^^^^^^^^
  test/utils/extensions/string_extensions_test.dart:59:27: Error: The getter 'isNumericOnly' isn't defined for the type 'String'.
  Try correcting the name to the name of an existing getter, or defining a getter or field named 'isNumericOnly'.
        expect(alphaNumeric.isNumericOnly, false);
                            ^^^^^^^^^^^^^
  test/utils/extensions/string_extensions_test.dart:63:27: Error: The getter 'isAlphabetOnly' isn't defined for the type 'String'.
  Try correcting the name to the name of an existing getter, or defining a getter or field named 'isAlphabetOnly'.
        expect(alphaNumeric.isAlphabetOnly, false);
                            ^^^^^^^^^^^^^^
  test/utils/extensions/string_extensions_test.dart:64:22: Error: The getter 'isAlphabetOnly' isn't defined for the type 'String'.
  Try correcting the name to the name of an existing getter, or defining a getter or field named 'isAlphabetOnly'.
        expect(numbers.isAlphabetOnly, false);
                       ^^^^^^^^^^^^^^
  test/utils/extensions/string_extensions_test.dart:65:22: Error: The getter 'isAlphabetOnly' isn't defined for the type 'String'.
  Try correcting the name to the name of an existing getter, or defining a getter or field named 'isAlphabetOnly'.
        expect(letters.isAlphabetOnly, true);
                       ^^^^^^^^^^^^^^
  test/utils/extensions/string_extensions_test.dart:71:22: Error: The getter 'isBool' isn't defined for the type 'String'.
  Try correcting the name to the name of an existing getter, or defining a getter or field named 'isBool'.
        expect(letters.isBool, false);
                       ^^^^^^
  test/utils/extensions/string_extensions_test.dart:72:25: Error: The getter 'isBool' isn't defined for the type 'String'.
  Try correcting the name to the name of an existing getter, or defining a getter or field named 'isBool'.
        expect(trueString.isBool, true);
                          ^^^^^^
  test/utils/extensions/string_extensions_test.dart:78:19: Error: The getter 'isVectorFileName' isn't defined for the type 'String'.
  Try correcting the name to the name of an existing getter, or defining a getter or field named 'isVectorFileName'.
        expect(path.isVectorFileName, true);
                    ^^^^^^^^^^^^^^^^
  test/utils/extensions/string_extensions_test.dart:79:23: Error: The getter 'isVectorFileName' isn't defined for the type 'String'.
  Try correcting the name to the name of an existing getter, or defining a getter or field named 'isVectorFileName'.
        expect(fullPath.isVectorFileName, true);
                        ^^^^^^^^^^^^^^^^
  test/utils/extensions/string_extensions_test.dart:80:27: Error: The getter 'isVectorFileName' isn't defined for the type 'String'.
  Try correcting the name to the name of an existing getter, or defining a getter or field named 'isVectorFileName'.
        expect(alphaNumeric.isVectorFileName, false);
                            ^^^^^^^^^^^^^^^^
  test/utils/extensions/string_extensions_test.dart:91:22: Error: The getter 'isImageFileName' isn't defined for the type 'String'.
  Try correcting the name to the name of an existing getter, or defining a getter or field named 'isImageFileName'.
        expect(jpgPath.isImageFileName, true);
                       ^^^^^^^^^^^^^^^
  test/utils/extensions/string_extensions_test.dart:92:23: Error: The getter 'isImageFileName' isn't defined for the type 'String'.
  Try correcting the name to the name of an existing getter, or defining a getter or field named 'isImageFileName'.
        expect(jpegPath.isImageFileName, true);
                        ^^^^^^^^^^^^^^^
  test/utils/extensions/string_extensions_test.dart:93:22: Error: The getter 'isImageFileName' isn't defined for the type 'String'.
  Try correcting the name to the name of an existing getter, or defining a getter or field named 'isImageFileName'.
        expect(pngPath.isImageFileName, true);
                       ^^^^^^^^^^^^^^^
  test/utils/extensions/string_extensions_test.dart:94:22: Error: The getter 'isImageFileName' isn't defined for the type 'String'.
  Try correcting the name to the name of an existing getter, or defining a getter or field named 'isImageFileName'.
        expect(gifPath.isImageFileName, true);
                       ^^^^^^^^^^^^^^^
  test/utils/extensions/string_extensions_test.dart:95:22: Error: The getter 'isImageFileName' isn't defined for the type 'String'.
  Try correcting the name to the name of an existing getter, or defining a getter or field named 'isImageFileName'.
        expect(bmpPath.isImageFileName, true);
                       ^^^^^^^^^^^^^^^
  test/utils/extensions/string_extensions_test.dart:96:22: Error: The getter 'isImageFileName' isn't defined for the type 'String'.
  Try correcting the name to the name of an existing getter, or defining a getter or field named 'isImageFileName'.
        expect(svgPath.isImageFileName, false);
                       ^^^^^^^^^^^^^^^
  test/utils/extensions/string_extensions_test.dart:107:22: Error: The getter 'isAudioFileName' isn't defined for the type 'String'.
  Try correcting the name to the name of an existing getter, or defining a getter or field named 'isAudioFileName'.
        expect(mp3Path.isAudioFileName, true);
                       ^^^^^^^^^^^^^^^
  test/utils/extensions/string_extensions_test.dart:108:22: Error: The getter 'isAudioFileName' isn't defined for the type 'String'.
  Try correcting the name to the name of an existing getter, or defining a getter or field named 'isAudioFileName'.
        expect(wavPath.isAudioFileName, true);
                       ^^^^^^^^^^^^^^^
  test/utils/extensions/string_extensions_test.dart:109:22: Error: The getter 'isAudioFileName' isn't defined for the type 'String'.
  Try correcting the name to the name of an existing getter, or defining a getter or field named 'isAudioFileName'.
        expect(wmaPath.isAudioFileName, true);
                       ^^^^^^^^^^^^^^^
  test/utils/extensions/string_extensions_test.dart:110:22: Error: The getter 'isAudioFileName' isn't defined for the type 'String'.
  Try correcting the name to the name of an existing getter, or defining a getter or field named 'isAudioFileName'.
        expect(amrPath.isAudioFileName, true);
                       ^^^^^^^^^^^^^^^
  test/utils/extensions/string_extensions_test.dart:111:22: Error: The getter 'isAudioFileName' isn't defined for the type 'String'.
  Try correcting the name to the name of an existing getter, or defining a getter or field named 'isAudioFileName'.
        expect(oggPath.isAudioFileName, true);
                       ^^^^^^^^^^^^^^^
  test/utils/extensions/string_extensions_test.dart:112:22: Error: The getter 'isAudioFileName' isn't defined for the type 'String'.
  Try correcting the name to the name of an existing getter, or defining a getter or field named 'isAudioFileName'.
        expect(svgPath.isAudioFileName, false);
                       ^^^^^^^^^^^^^^^
  test/utils/extensions/string_extensions_test.dart:125:22: Error: The getter 'isVideoFileName' isn't defined for the type 'String'.
  Try correcting the name to the name of an existing getter, or defining a getter or field named 'isVideoFileName'.
        expect(mp4Path.isVideoFileName, true);
                       ^^^^^^^^^^^^^^^
  test/utils/extensions/string_extensions_test.dart:126:22: Error: The getter 'isVideoFileName' isn't defined for the type 'String'.
  Try correcting the name to the name of an existing getter, or defining a getter or field named 'isVideoFileName'.
        expect(aviPath.isVideoFileName, true);
                       ^^^^^^^^^^^^^^^
  test/utils/extensions/string_extensions_test.dart:127:22: Error: The getter 'isVideoFileName' isn't defined for the type 'String'.
  Try correcting the name to the name of an existing getter, or defining a getter or field named 'isVideoFileName'.
        expect(wmvPath.isVideoFileName, true);
                       ^^^^^^^^^^^^^^^
  test/utils/extensions/string_extensions_test.dart:128:23: Error: The getter 'isVideoFileName' isn't defined for the type 'String'.
  Try correcting the name to the name of an existing getter, or defining a getter or field named 'isVideoFileName'.
        expect(rmvbPath.isVideoFileName, true);
                        ^^^^^^^^^^^^^^^
  test/utils/extensions/string_extensions_test.dart:129:22: Error: The getter 'isVideoFileName' isn't defined for the type 'String'.
  Try correcting the name to the name of an existing getter, or defining a getter or field named 'isVideoFileName'.
        expect(mpgPath.isVideoFileName, true);
                       ^^^^^^^^^^^^^^^
  test/utils/extensions/string_extensions_test.dart:130:23: Error: The getter 'isVideoFileName' isn't defined for the type 'String'.
  Try correcting the name to the name of an existing getter, or defining a getter or field named 'isVideoFileName'.
        expect(mpegPath.isVideoFileName, true);
                        ^^^^^^^^^^^^^^^
  test/utils/extensions/string_extensions_test.dart:131:26: Error: The getter 'isVideoFileName' isn't defined for the type 'String'.
  Try correcting the name to the name of an existing getter, or defining a getter or field named 'isVideoFileName'.
        expect(threegpPath.isVideoFileName, true);
                           ^^^^^^^^^^^^^^^
  test/utils/extensions/string_extensions_test.dart:132:22: Error: The getter 'isAudioFileName' isn't defined for the type 'String'.
  Try correcting the name to the name of an existing getter, or defining a getter or field named 'isAudioFileName'.
        expect(svgPath.isAudioFileName, false);
                       ^^^^^^^^^^^^^^^
  test/utils/extensions/string_extensions_test.dart:137:22: Error: The getter 'isTxtFileName' isn't defined for the type 'String'.
  Try correcting the name to the name of an existing getter, or defining a getter or field named 'isTxtFileName'.
        expect(txtPath.isTxtFileName, true);
                       ^^^^^^^^^^^^^
  test/utils/extensions/string_extensions_test.dart:138:27: Error: The getter 'isTxtFileName' isn't defined for the type 'String'.
  Try correcting the name to the name of an existing getter, or defining a getter or field named 'isTxtFileName'.
        expect(alphaNumeric.isTxtFileName, false);
                            ^^^^^^^^^^^^^
  test/utils/extensions/string_extensions_test.dart:145:22: Error: The getter 'isDocumentFileName' isn't defined for the type 'String'.
  Try correcting the name to the name of an existing getter, or defining a getter or field named 'isDocumentFileName'.
        expect(docPath.isDocumentFileName, true);
                       ^^^^^^^^^^^^^^^^^^
  test/utils/extensions/string_extensions_test.dart:146:23: Error: The getter 'isDocumentFileName' isn't defined for the type 'String'.
  Try correcting the name to the name of an existing getter, or defining a getter or field named 'isDocumentFileName'.
        expect(docxPath.isDocumentFileName, true);
                        ^^^^^^^^^^^^^^^^^^
  test/utils/extensions/string_extensions_test.dart:147:27: Error: The getter 'isDocumentFileName' isn't defined for the type 'String'.
  Try correcting the name to the name of an existing getter, or defining a getter or field named 'isDocumentFileName'.
        expect(alphaNumeric.isDocumentFileName, false);
                            ^^^^^^^^^^^^^^^^^^
  test/utils/extensions/string_extensions_test.dart:154:22: Error: The getter 'isExcelFileName' isn't defined for the type 'String'.
  Try correcting the name to the name of an existing getter, or defining a getter or field named 'isExcelFileName'.
        expect(xlsPath.isExcelFileName, true);
                       ^^^^^^^^^^^^^^^
  test/utils/extensions/string_extensions_test.dart:155:23: Error: The getter 'isExcelFileName' isn't defined for the type 'String'.
  Try correcting the name to the name of an existing getter, or defining a getter or field named 'isExcelFileName'.
        expect(xlsxPath.isExcelFileName, true);
                        ^^^^^^^^^^^^^^^
  test/utils/extensions/string_extensions_test.dart:156:27: Error: The getter 'isExcelFileName' isn't defined for the type 'String'.
  Try correcting the name to the name of an existing getter, or defining a getter or field named 'isExcelFileName'.
        expect(alphaNumeric.isExcelFileName, false);
                            ^^^^^^^^^^^^^^^
  test/utils/extensions/string_extensions_test.dart:163:22: Error: The getter 'isPPTFileName' isn't defined for the type 'String'.
  Try correcting the name to the name of an existing getter, or defining a getter or field named 'isPPTFileName'.
        expect(pptPath.isPPTFileName, true);
                       ^^^^^^^^^^^^^
  test/utils/extensions/string_extensions_test.dart:164:23: Error: The getter 'isPPTFileName' isn't defined for the type 'String'.
  Try correcting the name to the name of an existing getter, or defining a getter or field named 'isPPTFileName'.
        expect(pptxPath.isPPTFileName, true);
                        ^^^^^^^^^^^^^
  test/utils/extensions/string_extensions_test.dart:165:27: Error: The getter 'isPPTFileName' isn't defined for the type 'String'.
  Try correcting the name to the name of an existing getter, or defining a getter or field named 'isPPTFileName'.
        expect(alphaNumeric.isPPTFileName, false);
                            ^^^^^^^^^^^^^
  test/utils/extensions/string_extensions_test.dart:171:22: Error: The getter 'isAPKFileName' isn't defined for the type 'String'.
  Try correcting the name to the name of an existing getter, or defining a getter or field named 'isAPKFileName'.
        expect(apkPath.isAPKFileName, true);
                       ^^^^^^^^^^^^^
  test/utils/extensions/string_extensions_test.dart:172:27: Error: The getter 'isAPKFileName' isn't defined for the type 'String'.
  Try correcting the name to the name of an existing getter, or defining a getter or field named 'isAPKFileName'.
        expect(alphaNumeric.isAPKFileName, false);
                            ^^^^^^^^^^^^^
  test/utils/extensions/string_extensions_test.dart:178:22: Error: The getter 'isPDFFileName' isn't defined for the type 'String'.
  Try correcting the name to the name of an existing getter, or defining a getter or field named 'isPDFFileName'.
        expect(pdfPath.isPDFFileName, true);
                       ^^^^^^^^^^^^^
  test/utils/extensions/string_extensions_test.dart:179:27: Error: The getter 'isPDFFileName' isn't defined for the type 'String'.
  Try correcting the name to the name of an existing getter, or defining a getter or field named 'isPDFFileName'.
        expect(alphaNumeric.isPDFFileName, false);
                            ^^^^^^^^^^^^^
  test/utils/extensions/string_extensions_test.dart:184:23: Error: The getter 'isHTMLFileName' isn't defined for the type 'String'.
  Try correcting the name to the name of an existing getter, or defining a getter or field named 'isHTMLFileName'.
        expect(htmlPath.isHTMLFileName, true);
                        ^^^^^^^^^^^^^^
  test/utils/extensions/string_extensions_test.dart:185:27: Error: The getter 'isHTMLFileName' isn't defined for the type 'String'.
  Try correcting the name to the name of an existing getter, or defining a getter or field named 'isHTMLFileName'.
        expect(alphaNumeric.isHTMLFileName, false);
                            ^^^^^^^^^^^^^^
  test/utils/extensions/string_extensions_test.dart:220:20: Error: The getter 'isURL' isn't defined for the type 'String'.
  Try correcting the name to the name of an existing getter, or defining a getter or field named 'isURL'.
          expect(url.isURL, true);
                     ^^^^^
  test/utils/extensions/string_extensions_test.dart:222:27: Error: The getter 'isURL' isn't defined for the type 'String'.
  Try correcting the name to the name of an existing getter, or defining a getter or field named 'isURL'.
        expect(alphaNumeric.isURL, false);
                            ^^^^^
  test/utils/extensions/string_extensions_test.dart:259:22: Error: The getter 'isEmail' isn't defined for the type 'String'.
  Try correcting the name to the name of an existing getter, or defining a getter or field named 'isEmail'.
          expect(email.isEmail, true);
                       ^^^^^^^
  test/utils/extensions/string_extensions_test.dart:261:27: Error: The getter 'isEmail' isn't defined for the type 'String'.
  Try correcting the name to the name of an existing getter, or defining a getter or field named 'isEmail'.
        expect(alphaNumeric.isEmail, false);
                            ^^^^^^^
  test/utils/extensions/string_extensions_test.dart:296:22: Error: The getter 'isPhoneNumber' isn't defined for the type 'String'.
  Try correcting the name to the name of an existing getter, or defining a getter or field named 'isPhoneNumber'.
          expect(phone.isPhoneNumber, true);
                       ^^^^^^^^^^^^^
  test/utils/extensions/string_extensions_test.dart:300:30: Error: The getter 'isPhoneNumber' isn't defined for the type 'String'.
  Try correcting the name to the name of an existing getter, or defining a getter or field named 'isPhoneNumber'.
        expect(bigRandomNumber.isPhoneNumber, false);
                               ^^^^^^^^^^^^^
  test/utils/extensions/string_extensions_test.dart:302:27: Error: The getter 'isPhoneNumber' isn't defined for the type 'String'.
  Try correcting the name to the name of an existing getter, or defining a getter or field named 'isPhoneNumber'.
        expect(alphaNumeric.isPhoneNumber, false);
                            ^^^^^^^^^^^^^
  test/utils/extensions/string_extensions_test.dart:350:25: Error: The getter 'isDateTime' isn't defined for the type 'String'.
  Try correcting the name to the name of an existing getter, or defining a getter or field named 'isDateTime'.
          expect(dateTime.isDateTime, true);
                          ^^^^^^^^^^
  test/utils/extensions/string_extensions_test.dart:352:27: Error: The getter 'isDateTime' isn't defined for the type 'String'.
  Try correcting the name to the name of an existing getter, or defining a getter or field named 'isDateTime'.
        expect(alphaNumeric.isDateTime, false);
                            ^^^^^^^^^^
  test/utils/extensions/string_extensions_test.dart:380:20: Error: The getter 'isMD5' isn't defined for the type 'String'.
  Try correcting the name to the name of an existing getter, or defining a getter or field named 'isMD5'.
          expect(md5.isMD5, true);
                     ^^^^^
  test/utils/extensions/string_extensions_test.dart:383:27: Error: The getter 'isMD5' isn't defined for the type 'String'.
  Try correcting the name to the name of an existing getter, or defining a getter or field named 'isMD5'.
        expect(alphaNumeric.isMD5, false);
                            ^^^^^
  test/utils/extensions/string_extensions_test.dart:403:21: Error: The getter 'isSHA1' isn't defined for the type 'String'.
  Try correcting the name to the name of an existing getter, or defining a getter or field named 'isSHA1'.
          expect(sha1.isSHA1, true);
                      ^^^^^^
  test/utils/extensions/string_extensions_test.dart:406:27: Error: The getter 'isSHA1' isn't defined for the type 'String'.
  Try correcting the name to the name of an existing getter, or defining a getter or field named 'isSHA1'.
        expect(alphaNumeric.isSHA1, false);
                            ^^^^^^
  test/utils/extensions/string_extensions_test.dart:433:23: Error: The getter 'isSHA256' isn't defined for the type 'String'.
  Try correcting the name to the name of an existing getter, or defining a getter or field named 'isSHA256'.
          expect(sha256.isSHA256, true);
                        ^^^^^^^^
  test/utils/extensions/string_extensions_test.dart:436:27: Error: The getter 'isSHA256' isn't defined for the type 'String'.
  Try correcting the name to the name of an existing getter, or defining a getter or field named 'isSHA256'.
        expect(alphaNumeric.isSHA256, false);
                            ^^^^^^^^
  test/utils/extensions/string_extensions_test.dart:463:23: Error: The getter 'isBinary' isn't defined for the type 'String'.
  Try correcting the name to the name of an existing getter, or defining a getter or field named 'isBinary'.
          expect(binary.isBinary, true);
                        ^^^^^^^^
  test/utils/extensions/string_extensions_test.dart:466:27: Error: The getter 'isBinary' isn't defined for the type 'String'.
  Try correcting the name to the name of an existing getter, or defining a getter or field named 'isBinary'.
        expect(alphaNumeric.isBinary, false);
                            ^^^^^^^^
  test/utils/extensions/string_extensions_test.dart:493:21: Error: The getter 'isIPv4' isn't defined for the type 'String'.
  Try correcting the name to the name of an existing getter, or defining a getter or field named 'isIPv4'.
          expect(ipv4.isIPv4, true);
                      ^^^^^^
  test/utils/extensions/string_extensions_test.dart:496:27: Error: The getter 'isIPv4' isn't defined for the type 'String'.
  Try correcting the name to the name of an existing getter, or defining a getter or field named 'isIPv4'.
        expect(alphaNumeric.isIPv4, false);
                            ^^^^^^
  test/utils/extensions/string_extensions_test.dart:523:21: Error: The getter 'isIPv6' isn't defined for the type 'String'.
  Try correcting the name to the name of an existing getter, or defining a getter or field named 'isIPv6'.
          expect(ipv6.isIPv6, true);
                      ^^^^^^
  test/utils/extensions/string_extensions_test.dart:526:27: Error: The getter 'isIPv6' isn't defined for the type 'String'.
  Try correcting the name to the name of an existing getter, or defining a getter or field named 'isIPv6'.
        expect(alphaNumeric.isIPv6, false);
                            ^^^^^^
  test/utils/extensions/string_extensions_test.dart:553:28: Error: The getter 'isHexadecimal' isn't defined for the type 'String'.
  Try correcting the name to the name of an existing getter, or defining a getter or field named 'isHexadecimal'.
          expect(hexadecimal.isHexadecimal, true);
                             ^^^^^^^^^^^^^
  test/utils/extensions/string_extensions_test.dart:556:27: Error: The getter 'isHexadecimal' isn't defined for the type 'String'.
  Try correcting the name to the name of an existing getter, or defining a getter or field named 'isHexadecimal'.
        expect(alphaNumeric.isHexadecimal, false);
                            ^^^^^^^^^^^^^
  test/utils/extensions/string_extensions_test.dart:610:26: Error: The getter 'isPalindrome' isn't defined for the type 'String'.
  Try correcting the name to the name of an existing getter, or defining a getter or field named 'isPalindrome'.
          expect(palindrom.isPalindrome, true);
                           ^^^^^^^^^^^^
  test/utils/extensions/string_extensions_test.dart:612:27: Error: The getter 'isPalindrome' isn't defined for the type 'String'.
  Try correcting the name to the name of an existing getter, or defining a getter or field named 'isPalindrome'.
        expect(alphaNumeric.isPalindrome, false);
                            ^^^^^^^^^^^^
  test/utils/extensions/string_extensions_test.dart:623:25: Error: The getter 'isPassport' isn't defined for the type 'String'.
  Try correcting the name to the name of an existing getter, or defining a getter or field named 'isPassport'.
          expect(passport.isPassport, true);
                          ^^^^^^^^^^
  test/utils/extensions/string_extensions_test.dart:626:31: Error: The getter 'isPassport' isn't defined for the type 'String'.
  Try correcting the name to the name of an existing getter, or defining a getter or field named 'isPassport'.
        expect(specialCaracters.isPassport, false);
                                ^^^^^^^^^^
  test/utils/extensions/string_extensions_test.dart:659:25: Error: The getter 'isCurrency' isn't defined for the type 'String'.
  Try correcting the name to the name of an existing getter, or defining a getter or field named 'isCurrency'.
          expect(currency.isCurrency, true);
                          ^^^^^^^^^^
  test/utils/extensions/string_extensions_test.dart:662:31: Error: The getter 'isCurrency' isn't defined for the type 'String'.
  Try correcting the name to the name of an existing getter, or defining a getter or field named 'isCurrency'.
        expect(specialCaracters.isCurrency, false);
                                ^^^^^^^^^^
  test/utils/extensions/string_extensions_test.dart:676:20: Error: The getter 'isCpf' isn't defined for the type 'String'.
  Try correcting the name to the name of an existing getter, or defining a getter or field named 'isCpf'.
          expect(cpf.isCpf, true);
                     ^^^^^
  test/utils/extensions/string_extensions_test.dart:679:31: Error: The getter 'isCpf' isn't defined for the type 'String'.
  Try correcting the name to the name of an existing getter, or defining a getter or field named 'isCpf'.
        expect(specialCaracters.isCpf, false);
                                ^^^^^
  test/utils/extensions/string_extensions_test.dart:689:21: Error: The getter 'isCnpj' isn't defined for the type 'String'.
  Try correcting the name to the name of an existing getter, or defining a getter or field named 'isCnpj'.
          expect(cnpj.isCnpj, true);
                      ^^^^^^
  test/utils/extensions/string_extensions_test.dart:692:31: Error: The getter 'isCnpj' isn't defined for the type 'String'.
  Try correcting the name to the name of an existing getter, or defining a getter or field named 'isCnpj'.
        expect(specialCaracters.isCnpj, false);
                                ^^^^^^
  test/utils/extensions/string_extensions_test.dart:698:21: Error: The method 'isCaseInsensitiveContains' isn't defined for the type 'String'.
  Try correcting the name to the name of an existing method, or defining a method named 'isCaseInsensitiveContains'.
        expect(phrase.isCaseInsensitiveContains('to'), true);
                      ^^^^^^^^^^^^^^^^^^^^^^^^^
  test/utils/extensions/string_extensions_test.dart:699:21: Error: The method 'isCaseInsensitiveContains' isn't defined for the type 'String'.
  Try correcting the name to the name of an existing method, or defining a method named 'isCaseInsensitiveContains'.
        expect(phrase.isCaseInsensitiveContains('square'), true);
                      ^^^^^^^^^^^^^^^^^^^^^^^^^
  test/utils/extensions/string_extensions_test.dart:700:21: Error: The method 'isCaseInsensitiveContains' isn't defined for the type 'String'.
  Try correcting the name to the name of an existing method, or defining a method named 'isCaseInsensitiveContains'.
        expect(phrase.isCaseInsensitiveContains('On'), true);
                      ^^^^^^^^^^^^^^^^^^^^^^^^^
  test/utils/extensions/string_extensions_test.dart:701:21: Error: The method 'isCaseInsensitiveContains' isn't defined for the type 'String'.
  Try correcting the name to the name of an existing method, or defining a method named 'isCaseInsensitiveContains'.
        expect(phrase.isCaseInsensitiveContains('foo'), false);
                      ^^^^^^^^^^^^^^^^^^^^^^^^^
  test/utils/extensions/string_extensions_test.dart:707:21: Error: The method 'isCaseInsensitiveContainsAny' isn't defined for the type 'String'.
  Try correcting the name to the name of an existing method, or defining a method named 'isCaseInsensitiveContainsAny'.
        expect(phrase.isCaseInsensitiveContainsAny('to'), true);
                      ^^^^^^^^^^^^^^^^^^^^^^^^^^^^
  test/utils/extensions/string_extensions_test.dart:708:21: Error: The method 'isCaseInsensitiveContainsAny' isn't defined for the type 'String'.
  Try correcting the name to the name of an existing method, or defining a method named 'isCaseInsensitiveContainsAny'.
        expect(phrase.isCaseInsensitiveContainsAny('square'), true);
                      ^^^^^^^^^^^^^^^^^^^^^^^^^^^^
  test/utils/extensions/string_extensions_test.dart:709:21: Error: The method 'isCaseInsensitiveContainsAny' isn't defined for the type 'String'.
  Try correcting the name to the name of an existing method, or defining a method named 'isCaseInsensitiveContainsAny'.
        expect(phrase.isCaseInsensitiveContainsAny('On'), true);
                      ^^^^^^^^^^^^^^^^^^^^^^^^^^^^
  test/utils/extensions/string_extensions_test.dart:710:21: Error: The method 'isCaseInsensitiveContainsAny' isn't defined for the type 'String'.
  Try correcting the name to the name of an existing method, or defining a method named 'isCaseInsensitiveContainsAny'.
        expect(phrase.isCaseInsensitiveContainsAny('foo'), false);
                      ^^^^^^^^^^^^^^^^^^^^^^^^^^^^
  test/utils/extensions/string_extensions_test.dart:711:19: Error: The method 'isCaseInsensitiveContainsAny' isn't defined for the type 'String'.
  Try correcting the name to the name of an existing method, or defining a method named 'isCaseInsensitiveContainsAny'.
        expect('to'.isCaseInsensitiveContainsAny(phrase), true);
                    ^^^^^^^^^^^^^^^^^^^^^^^^^^^^
  test/utils/extensions/string_extensions_test.dart:712:23: Error: The method 'isCaseInsensitiveContainsAny' isn't defined for the type 'String'.
  Try correcting the name to the name of an existing method, or defining a method named 'isCaseInsensitiveContainsAny'.
        expect('square'.isCaseInsensitiveContainsAny('qu'), true);
                        ^^^^^^^^^^^^^^^^^^^^^^^^^^^^
  test/utils/extensions/string_extensions_test.dart:716:24: Error: The getter 'capitalize' isn't defined for the type 'String'.
  Try correcting the name to the name of an existing getter, or defining a getter or field named 'capitalize'.
        expect('foo bar'.capitalize, 'Foo Bar');
                         ^^^^^^^^^^
  test/utils/extensions/string_extensions_test.dart:717:24: Error: The getter 'capitalize' isn't defined for the type 'String'.
  Try correcting the name to the name of an existing getter, or defining a getter or field named 'capitalize'.
        expect('FoO bAr'.capitalize, 'Foo Bar');
                         ^^^^^^^^^^
  test/utils/extensions/string_extensions_test.dart:718:24: Error: The getter 'capitalize' isn't defined for the type 'String'.
  Try correcting the name to the name of an existing getter, or defining a getter or field named 'capitalize'.
        expect('FOO BAR'.capitalize, 'Foo Bar');
                         ^^^^^^^^^^
  test/utils/extensions/string_extensions_test.dart:720:17: Error: The getter 'capitalize' isn't defined for the type 'String'.
  Try correcting the name to the name of an existing getter, or defining a getter or field named 'capitalize'.
        expect(''.capitalize, '');
                  ^^^^^^^^^^
  test/utils/extensions/string_extensions_test.dart:721:26: Error: The getter 'capitalize' isn't defined for the type 'String'.
  Try correcting the name to the name of an existing getter, or defining a getter or field named 'capitalize'.
        expect('foo  bar '.capitalize, 'Foo  Bar ');
                           ^^^^^^^^^^
  test/utils/extensions/string_extensions_test.dart:725:24: Error: The getter 'capitalizeFirst' isn't defined for the type 'String'.
  Try correcting the name to the name of an existing getter, or defining a getter or field named 'capitalizeFirst'.
        expect('foo bar'.capitalizeFirst, 'Foo bar');
                         ^^^^^^^^^^^^^^^
  test/utils/extensions/string_extensions_test.dart:726:24: Error: The getter 'capitalizeFirst' isn't defined for the type 'String'.
  Try correcting the name to the name of an existing getter, or defining a getter or field named 'capitalizeFirst'.
        expect('FoO bAr'.capitalizeFirst, 'Foo bar');
                         ^^^^^^^^^^^^^^^
  test/utils/extensions/string_extensions_test.dart:727:24: Error: The getter 'capitalizeFirst' isn't defined for the type 'String'.
  Try correcting the name to the name of an existing getter, or defining a getter or field named 'capitalizeFirst'.
        expect('FOO BAR'.capitalizeFirst, 'Foo bar');
                         ^^^^^^^^^^^^^^^
  test/utils/extensions/string_extensions_test.dart:728:17: Error: The getter 'capitalizeFirst' isn't defined for the type 'String'.
  Try correcting the name to the name of an existing getter, or defining a getter or field named 'capitalizeFirst'.
        expect(''.capitalizeFirst, '');
                  ^^^^^^^^^^^^^^^
  test/utils/extensions/string_extensions_test.dart:733:24: Error: The getter 'removeAllWhitespace' isn't defined for the type 'String'.
  Try correcting the name to the name of an existing getter, or defining a getter or field named 'removeAllWhitespace'.
        expect('foo bar'.removeAllWhitespace, 'foobar');
                         ^^^^^^^^^^^^^^^^^^^
  test/utils/extensions/string_extensions_test.dart:734:20: Error: The getter 'removeAllWhitespace' isn't defined for the type 'String'.
  Try correcting the name to the name of an existing getter, or defining a getter or field named 'removeAllWhitespace'.
        expect('foo'.removeAllWhitespace, 'foo');
                     ^^^^^^^^^^^^^^^^^^^
  test/utils/extensions/string_extensions_test.dart:735:17: Error: The getter 'removeAllWhitespace' isn't defined for the type 'String'.
  Try correcting the name to the name of an existing getter, or defining a getter or field named 'removeAllWhitespace'.
        expect(''.removeAllWhitespace, '');
                  ^^^^^^^^^^^^^^^^^^^
  test/utils/extensions/string_extensions_test.dart:740:24: Error: The getter 'camelCase' isn't defined for the type 'String'.
  Try correcting the name to the name of an existing getter, or defining a getter or field named 'camelCase'.
        expect('foo bar'.camelCase, 'fooBar');
                         ^^^^^^^^^
  test/utils/extensions/string_extensions_test.dart:741:44: Error: The getter 'camelCase' isn't defined for the type 'String'.
  Try correcting the name to the name of an existing getter, or defining a getter or field named 'camelCase'.
        expect('the fox jumped in the water'.camelCase, 'theFoxJumpedInTheWater');
                                             ^^^^^^^^^
  test/utils/extensions/string_extensions_test.dart:742:24: Error: The getter 'camelCase' isn't defined for the type 'String'.
  Try correcting the name to the name of an existing getter, or defining a getter or field named 'camelCase'.
        expect('foo_bar'.camelCase, 'fooBar');
                         ^^^^^^^^^
  test/utils/extensions/string_extensions_test.dart:743:17: Error: The getter 'camelCase' isn't defined for the type 'String'.
  Try correcting the name to the name of an existing getter, or defining a getter or field named 'camelCase'.
        expect(''.camelCase, null);
                  ^^^^^^^^^
  test/utils/extensions/string_extensions_test.dart:747:46: Error: The method 'numericOnly' isn't defined for the type 'String'.
  Try correcting the name to the name of an existing method, or defining a method named 'numericOnly'.
        expect('date: 2020/09/13, time: 00:00'.numericOnly(), '202009130000');
                                               ^^^^^^^^^^^
  test/utils/extensions/string_extensions_test.dart:749:35: Error: The method 'numericOnly' isn't defined for the type 'String'.
  Try correcting the name to the name of an existing method, or defining a method named 'numericOnly'.
          'and 1, and 2, and 1 2 3'.numericOnly(),
                                    ^^^^^^^^^^^
  test/utils/extensions/string_extensions_test.dart:752:17: Error: The method 'numericOnly' isn't defined for the type 'String'.
  Try correcting the name to the name of an existing method, or defining a method named 'numericOnly'.
        expect(''.numericOnly(), '');
                  ^^^^^^^^^^^
  .

To run this test again: /Users/alamre/development/flutter/bin/cache/dart-sdk/bin/dart test /Users/alamre/dev/2030/jetx/test/utils/extensions/string_extensions_test.dart -p vm --plain-name 'loading /Users/alamre/dev/2030/jetx/test/utils/extensions/string_extensions_test.dart'
00:16 +0 -18: loading /Users/alamre/dev/2030/jetx/test/internationalization/internationalization_test.dart [E]                                                                                         
  Error: The Dart compiler exited unexpectedly.
  package:flutter_tools/src/base/common.dart 34:3  throwToolExit
  package:flutter_tools/src/compile.dart 910:11    DefaultResidentCompiler._compile.<fn>
  dart:async/zone.dart 1538:47                     _rootRunUnary
  dart:async/zone.dart 1429:19                     _CustomZone.runUnary
  dart:async/future_impl.dart 948:45               Future._propagateToListeners.handleValueCallback
  dart:async/future_impl.dart 977:13               Future._propagateToListeners
  dart:async/future_impl.dart 862:9                Future._propagateToListeners
  dart:async/future_impl.dart 720:5                Future._completeWithValue
  dart:async/future_impl.dart 804:7                Future._asyncCompleteWithValue.<fn>
  dart:async/zone.dart 1525:13                     _rootRun
  dart:async/zone.dart 1422:19                     _CustomZone.run
  dart:async/zone.dart 1321:7                      _CustomZone.runGuarded
  dart:async/zone.dart 1362:23                     _CustomZone.bindCallbackGuarded.<fn>
  dart:async/schedule_microtask.dart 40:35         _microtaskLoop
  dart:async/schedule_microtask.dart 49:5          _startMicrotaskLoop
  dart:isolate-patch/isolate_patch.dart 127:13     _runPendingImmediateCallback
  dart:isolate-patch/isolate_patch.dart 194:5      _RawReceivePort._handleMessage
  
test/utils/extensions/int_extensions_test.dart:2:8: Error: Error when reading 'lib/get.dart': No such file or directory
import 'package:jet/get.dart';
       ^
test/utils/extensions/int_extensions_test.dart:7:16: Error: The getter 'seconds' isn't defined for the type 'int'.
Try correcting the name to the name of an existing getter, or defining a getter or field named 'seconds'.
      expect(1.seconds, equals(const Duration(seconds: 1)));
               ^^^^^^^
test/utils/extensions/int_extensions_test.dart:9:15: Error: The getter 'seconds' isn't defined for the type 'double'.
Try correcting the name to the name of an existing getter, or defining a getter or field named 'seconds'.
          2.5.seconds, equals(const Duration(seconds: 2, milliseconds: 500)));
              ^^^^^^^
test/utils/extensions/int_extensions_test.dart:10:19: Error: The getter 'seconds' isn't defined for the type 'int'.
Try correcting the name to the name of an existing getter, or defining a getter or field named 'seconds'.
      expect((-1).seconds, equals(const Duration(seconds: -1)));
                  ^^^^^^^
test/utils/extensions/int_extensions_test.dart:14:16: Error: The getter 'days' isn't defined for the type 'int'.
Try correcting the name to the name of an existing getter, or defining a getter or field named 'days'.
      expect(1.days, equals(const Duration(days: 1)));
               ^^^^
test/utils/extensions/int_extensions_test.dart:15:19: Error: The getter 'days' isn't defined for the type 'int'.
Try correcting the name to the name of an existing getter, or defining a getter or field named 'days'.
      expect((-1).days, equals(const Duration(days: -1)));
                  ^^^^
test/utils/extensions/int_extensions_test.dart:19:16: Error: The getter 'hours' isn't defined for the type 'int'.
Try correcting the name to the name of an existing getter, or defining a getter or field named 'hours'.
      expect(1.hours, equals(const Duration(hours: 1)));
               ^^^^^
test/utils/extensions/int_extensions_test.dart:20:19: Error: The getter 'hours' isn't defined for the type 'int'.
Try correcting the name to the name of an existing getter, or defining a getter or field named 'hours'.
      expect((-1).hours, equals(const Duration(hours: -1)));
                  ^^^^^
test/utils/extensions/int_extensions_test.dart:24:16: Error: The getter 'minutes' isn't defined for the type 'int'.
Try correcting the name to the name of an existing getter, or defining a getter or field named 'minutes'.
      expect(1.minutes, equals(const Duration(minutes: 1)));
               ^^^^^^^
test/utils/extensions/int_extensions_test.dart:25:19: Error: The getter 'minutes' isn't defined for the type 'int'.
Try correcting the name to the name of an existing getter, or defining a getter or field named 'minutes'.
      expect((-1).minutes, equals(const Duration(minutes: -1)));
                  ^^^^^^^
test/utils/extensions/int_extensions_test.dart:29:16: Error: The getter 'milliseconds' isn't defined for the type 'int'.
Try correcting the name to the name of an existing getter, or defining a getter or field named 'milliseconds'.
      expect(1.milliseconds, equals(const Duration(milliseconds: 1)));
               ^^^^^^^^^^^^
test/utils/extensions/int_extensions_test.dart:30:19: Error: The getter 'milliseconds' isn't defined for the type 'int'.
Try correcting the name to the name of an existing getter, or defining a getter or field named 'milliseconds'.
      expect((-1).milliseconds, equals(const Duration(milliseconds: -1)));
                  ^^^^^^^^^^^^
test/utils/extensions/int_extensions_test.dart:34:16: Error: The getter 'microseconds' isn't defined for the type 'int'.
Try correcting the name to the name of an existing getter, or defining a getter or field named 'microseconds'.
      expect(1.microseconds, equals(const Duration(microseconds: 1)));
               ^^^^^^^^^^^^
test/utils/extensions/int_extensions_test.dart:35:19: Error: The getter 'microseconds' isn't defined for the type 'int'.
Try correcting the name to the name of an existing getter, or defining a getter or field named 'microseconds'.
      expect((-1).microseconds, equals(const Duration(microseconds: -1)));
                  ^^^^^^^^^^^^
test/utils/extensions/int_extensions_test.dart:39:16: Error: The getter 'ms' isn't defined for the type 'int'.
Try correcting the name to the name of an existing getter, or defining a getter or field named 'ms'.
      expect(1.ms, equals(const Duration(milliseconds: 1)));
               ^^
test/utils/extensions/int_extensions_test.dart:40:19: Error: The getter 'ms' isn't defined for the type 'int'.
Try correcting the name to the name of an existing getter, or defining a getter or field named 'ms'.
      expect((-1).ms, equals(const Duration(milliseconds: -1)));
                  ^^
00:17 +0 -19: loading /Users/alamre/dev/2030/jetx/test/utils/extensions/int_extensions_test.dart [E]                                                                                                   
  Failed to load "/Users/alamre/dev/2030/jetx/test/utils/extensions/int_extensions_test.dart":
  Compilation failed for testPath=/Users/alamre/dev/2030/jetx/test/utils/extensions/int_extensions_test.dart: test/utils/extensions/int_extensions_test.dart:2:8: Error: Error when reading 'lib/get.dart': No such file or directory
  import 'package:jet/get.dart';
         ^
  test/utils/extensions/int_extensions_test.dart:7:16: Error: The getter 'seconds' isn't defined for the type 'int'.
  Try correcting the name to the name of an existing getter, or defining a getter or field named 'seconds'.
        expect(1.seconds, equals(const Duration(seconds: 1)));
                 ^^^^^^^
  test/utils/extensions/int_extensions_test.dart:9:15: Error: The getter 'seconds' isn't defined for the type 'double'.
  Try correcting the name to the name of an existing getter, or defining a getter or field named 'seconds'.
            2.5.seconds, equals(const Duration(seconds: 2, milliseconds: 500)));
                ^^^^^^^
  test/utils/extensions/int_extensions_test.dart:10:19: Error: The getter 'seconds' isn't defined for the type 'int'.
  Try correcting the name to the name of an existing getter, or defining a getter or field named 'seconds'.
        expect((-1).seconds, equals(const Duration(seconds: -1)));
                    ^^^^^^^
  test/utils/extensions/int_extensions_test.dart:14:16: Error: The getter 'days' isn't defined for the type 'int'.
  Try correcting the name to the name of an existing getter, or defining a getter or field named 'days'.
        expect(1.days, equals(const Duration(days: 1)));
                 ^^^^
  test/utils/extensions/int_extensions_test.dart:15:19: Error: The getter 'days' isn't defined for the type 'int'.
  Try correcting the name to the name of an existing getter, or defining a getter or field named 'days'.
        expect((-1).days, equals(const Duration(days: -1)));
                    ^^^^
  test/utils/extensions/int_extensions_test.dart:19:16: Error: The getter 'hours' isn't defined for the type 'int'.
  Try correcting the name to the name of an existing getter, or defining a getter or field named 'hours'.
        expect(1.hours, equals(const Duration(hours: 1)));
                 ^^^^^
  test/utils/extensions/int_extensions_test.dart:20:19: Error: The getter 'hours' isn't defined for the type 'int'.
  Try correcting the name to the name of an existing getter, or defining a getter or field named 'hours'.
        expect((-1).hours, equals(const Duration(hours: -1)));
                    ^^^^^
  test/utils/extensions/int_extensions_test.dart:24:16: Error: The getter 'minutes' isn't defined for the type 'int'.
  Try correcting the name to the name of an existing getter, or defining a getter or field named 'minutes'.
        expect(1.minutes, equals(const Duration(minutes: 1)));
                 ^^^^^^^
  test/utils/extensions/int_extensions_test.dart:25:19: Error: The getter 'minutes' isn't defined for the type 'int'.
  Try correcting the name to the name of an existing getter, or defining a getter or field named 'minutes'.
        expect((-1).minutes, equals(const Duration(minutes: -1)));
                    ^^^^^^^
  test/utils/extensions/int_extensions_test.dart:29:16: Error: The getter 'milliseconds' isn't defined for the type 'int'.
  Try correcting the name to the name of an existing getter, or defining a getter or field named 'milliseconds'.
        expect(1.milliseconds, equals(const Duration(milliseconds: 1)));
                 ^^^^^^^^^^^^
  test/utils/extensions/int_extensions_test.dart:30:19: Error: The getter 'milliseconds' isn't defined for the type 'int'.
  Try correcting the name to the name of an existing getter, or defining a getter or field named 'milliseconds'.
        expect((-1).milliseconds, equals(const Duration(milliseconds: -1)));
                    ^^^^^^^^^^^^
  test/utils/extensions/int_extensions_test.dart:34:16: Error: The getter 'microseconds' isn't defined for the type 'int'.
  Try correcting the name to the name of an existing getter, or defining a getter or field named 'microseconds'.
        expect(1.microseconds, equals(const Duration(microseconds: 1)));
                 ^^^^^^^^^^^^
  test/utils/extensions/int_extensions_test.dart:35:19: Error: The getter 'microseconds' isn't defined for the type 'int'.
  Try correcting the name to the name of an existing getter, or defining a getter or field named 'microseconds'.
        expect((-1).microseconds, equals(const Duration(microseconds: -1)));
                    ^^^^^^^^^^^^
  test/utils/extensions/int_extensions_test.dart:39:16: Error: The getter 'ms' isn't defined for the type 'int'.
  Try correcting the name to the name of an existing getter, or defining a getter or field named 'ms'.
        expect(1.ms, equals(const Duration(milliseconds: 1)));
                 ^^
  test/utils/extensions/int_extensions_test.dart:40:19: Error: The getter 'ms' isn't defined for the type 'int'.
  Try correcting the name to the name of an existing getter, or defining a getter or field named 'ms'.
        expect((-1).ms, equals(const Duration(milliseconds: -1)));
                    ^^
  .

To run this test again: /Users/alamre/development/flutter/bin/cache/dart-sdk/bin/dart test /Users/alamre/dev/2030/jetx/test/utils/extensions/int_extensions_test.dart -p vm --plain-name 'loading /Users/alamre/dev/2030/jetx/test/utils/extensions/int_extensions_test.dart'
00:17 +0 -19: loading /Users/alamre/dev/2030/jetx/test/internationalization/internationalization_test.dart [E]                                                                                         
  Error: The Dart compiler exited unexpectedly.
  package:flutter_tools/src/base/common.dart 34:3  throwToolExit
  package:flutter_tools/src/compile.dart 910:11    DefaultResidentCompiler._compile.<fn>
  dart:async/zone.dart 1538:47                     _rootRunUnary
  dart:async/zone.dart 1429:19                     _CustomZone.runUnary
  dart:async/future_impl.dart 948:45               Future._propagateToListeners.handleValueCallback
  dart:async/future_impl.dart 977:13               Future._propagateToListeners
  dart:async/future_impl.dart 862:9                Future._propagateToListeners
  dart:async/future_impl.dart 720:5                Future._completeWithValue
  dart:async/future_impl.dart 804:7                Future._asyncCompleteWithValue.<fn>
  dart:async/zone.dart 1525:13                     _rootRun
  dart:async/zone.dart 1422:19                     _CustomZone.run
  dart:async/zone.dart 1321:7                      _CustomZone.runGuarded
  dart:async/zone.dart 1362:23                     _CustomZone.bindCallbackGuarded.<fn>
  dart:async/schedule_microtask.dart 40:35         _microtaskLoop
  dart:async/schedule_microtask.dart 49:5          _startMicrotaskLoop
  dart:isolate-patch/isolate_patch.dart 127:13     _runPendingImmediateCallback
  dart:isolate-patch/isolate_patch.dart 194:5      _RawReceivePort._handleMessage
  
test/utils/platform_test.dart:7:8: Error: Error when reading 'lib/get.dart': No such file or directory
import 'package:jet/get.dart';
       ^
test/utils/platform_test.dart:11:12: Error: Undefined name 'GetPlatform'.
    expect(GetPlatform.isAndroid, Platform.isAndroid);
           ^^^^^^^^^^^
test/utils/platform_test.dart:12:12: Error: Undefined name 'GetPlatform'.
    expect(GetPlatform.isIOS, Platform.isIOS);
           ^^^^^^^^^^^
test/utils/platform_test.dart:13:12: Error: Undefined name 'GetPlatform'.
    expect(GetPlatform.isFuchsia, Platform.isFuchsia);
           ^^^^^^^^^^^
test/utils/platform_test.dart:14:12: Error: Undefined name 'GetPlatform'.
    expect(GetPlatform.isLinux, Platform.isLinux);
           ^^^^^^^^^^^
test/utils/platform_test.dart:15:12: Error: Undefined name 'GetPlatform'.
    expect(GetPlatform.isMacOS, Platform.isMacOS);
           ^^^^^^^^^^^
test/utils/platform_test.dart:16:12: Error: Undefined name 'GetPlatform'.
    expect(GetPlatform.isWindows, Platform.isWindows);
           ^^^^^^^^^^^
test/utils/platform_test.dart:17:12: Error: Undefined name 'GetPlatform'.
    expect(GetPlatform.isWeb, false);
           ^^^^^^^^^^^
00:17 +0 -20: loading /Users/alamre/dev/2030/jetx/test/utils/platform_test.dart [E]                                                                                                                    
  Failed to load "/Users/alamre/dev/2030/jetx/test/utils/platform_test.dart":
  Compilation failed for testPath=/Users/alamre/dev/2030/jetx/test/utils/platform_test.dart: test/utils/platform_test.dart:7:8: Error: Error when reading 'lib/get.dart': No such file or directory
  import 'package:jet/get.dart';
         ^
  test/utils/platform_test.dart:11:12: Error: Undefined name 'GetPlatform'.
      expect(GetPlatform.isAndroid, Platform.isAndroid);
             ^^^^^^^^^^^
  test/utils/platform_test.dart:12:12: Error: Undefined name 'GetPlatform'.
      expect(GetPlatform.isIOS, Platform.isIOS);
             ^^^^^^^^^^^
  test/utils/platform_test.dart:13:12: Error: Undefined name 'GetPlatform'.
      expect(GetPlatform.isFuchsia, Platform.isFuchsia);
             ^^^^^^^^^^^
  test/utils/platform_test.dart:14:12: Error: Undefined name 'GetPlatform'.
      expect(GetPlatform.isLinux, Platform.isLinux);
             ^^^^^^^^^^^
  test/utils/platform_test.dart:15:12: Error: Undefined name 'GetPlatform'.
      expect(GetPlatform.isMacOS, Platform.isMacOS);
             ^^^^^^^^^^^
  test/utils/platform_test.dart:16:12: Error: Undefined name 'GetPlatform'.
      expect(GetPlatform.isWindows, Platform.isWindows);
             ^^^^^^^^^^^
  test/utils/platform_test.dart:17:12: Error: Undefined name 'GetPlatform'.
      expect(GetPlatform.isWeb, false);
             ^^^^^^^^^^^
  .

To run this test again: /Users/alamre/development/flutter/bin/cache/dart-sdk/bin/dart test /Users/alamre/dev/2030/jetx/test/utils/platform_test.dart -p vm --plain-name 'loading /Users/alamre/dev/2030/jetx/test/utils/platform_test.dart'
00:17 +0 -20: loading /Users/alamre/dev/2030/jetx/test/internationalization/internationalization_test.dart [E]                                                                                         
  Error: The Dart compiler exited unexpectedly.
  package:flutter_tools/src/base/common.dart 34:3  throwToolExit
  package:flutter_tools/src/compile.dart 910:11    DefaultResidentCompiler._compile.<fn>
  dart:async/zone.dart 1538:47                     _rootRunUnary
  dart:async/zone.dart 1429:19                     _CustomZone.runUnary
  dart:async/future_impl.dart 948:45               Future._propagateToListeners.handleValueCallback
  dart:async/future_impl.dart 977:13               Future._propagateToListeners
  dart:async/future_impl.dart 862:9                Future._propagateToListeners
  dart:async/future_impl.dart 720:5                Future._completeWithValue
  dart:async/future_impl.dart 804:7                Future._asyncCompleteWithValue.<fn>
  dart:async/zone.dart 1525:13                     _rootRun
  dart:async/zone.dart 1422:19                     _CustomZone.run
  dart:async/zone.dart 1321:7                      _CustomZone.runGuarded
  dart:async/zone.dart 1362:23                     _CustomZone.bindCallbackGuarded.<fn>
  dart:async/schedule_microtask.dart 40:35         _microtaskLoop
  dart:async/schedule_microtask.dart 49:5          _startMicrotaskLoop
  dart:isolate-patch/isolate_patch.dart 127:13     _runPendingImmediateCallback
  dart:isolate-patch/isolate_patch.dart 194:5      _RawReceivePort._handleMessage
  
test/utils/get_utils_test.dart:2:8: Error: Error when reading 'lib/get.dart': No such file or directory
import 'package:jet/get.dart';
       ^
test/utils/get_utils_test.dart:14:12: Error: Undefined name 'GetUtils'.
    expect(GetUtils.isNullOrBlank(null), true);
           ^^^^^^^^
test/utils/get_utils_test.dart:18:12: Error: Undefined name 'GetUtils'.
    expect(GetUtils.isNullOrBlank(5), false);
           ^^^^^^^^
test/utils/get_utils_test.dart:19:12: Error: Undefined name 'GetUtils'.
    expect(GetUtils.isNullOrBlank(0), false);
           ^^^^^^^^
test/utils/get_utils_test.dart:21:12: Error: Undefined name 'GetUtils'.
    expect(GetUtils.isNullOrBlank(5.0), equals(false));
           ^^^^^^^^
test/utils/get_utils_test.dart:22:12: Error: Undefined name 'GetUtils'.
    expect(GetUtils.isNullOrBlank(0.0), equals(false));
           ^^^^^^^^
test/utils/get_utils_test.dart:25:12: Error: Undefined name 'GetUtils'.
    expect(GetUtils.isNullOrBlank(testClass), equals(true));
           ^^^^^^^^
test/utils/get_utils_test.dart:26:12: Error: Undefined name 'GetUtils'.
    expect(GetUtils.isNullOrBlank(TestClass()), equals(false));
           ^^^^^^^^
test/utils/get_utils_test.dart:27:12: Error: Undefined name 'GetUtils'.
    expect(GetUtils.isNullOrBlank(EmptyClass()), equals(false));
           ^^^^^^^^
test/utils/get_utils_test.dart:31:12: Error: Undefined name 'GetUtils'.
    expect(GetUtils.isNullOrBlank(""), true);
           ^^^^^^^^
test/utils/get_utils_test.dart:32:12: Error: Undefined name 'GetUtils'.
    expect(GetUtils.isNullOrBlank("  "), true);
           ^^^^^^^^
test/utils/get_utils_test.dart:34:12: Error: Undefined name 'GetUtils'.
    expect(GetUtils.isNullOrBlank("foo"), false);
           ^^^^^^^^
test/utils/get_utils_test.dart:35:12: Error: Undefined name 'GetUtils'.
    expect(GetUtils.isNullOrBlank(" foo "), false);
           ^^^^^^^^
test/utils/get_utils_test.dart:37:12: Error: Undefined name 'GetUtils'.
    expect(GetUtils.isNullOrBlank("null"), false);
           ^^^^^^^^
test/utils/get_utils_test.dart:41:12: Error: Undefined name 'GetUtils'.
    expect(GetUtils.isNullOrBlank([].map(newId)), true);
           ^^^^^^^^
test/utils/get_utils_test.dart:42:12: Error: Undefined name 'GetUtils'.
    expect(GetUtils.isNullOrBlank([1].map(newId)), false);
           ^^^^^^^^
test/utils/get_utils_test.dart:46:12: Error: Undefined name 'GetUtils'.
    expect(GetUtils.isNullOrBlank(const []), true);
           ^^^^^^^^
test/utils/get_utils_test.dart:47:12: Error: Undefined name 'GetUtils'.
    expect(GetUtils.isNullOrBlank(['oi', 'foo']), false);
           ^^^^^^^^
test/utils/get_utils_test.dart:48:12: Error: Undefined name 'GetUtils'.
    expect(GetUtils.isNullOrBlank([{}, {}]), false);
           ^^^^^^^^
test/utils/get_utils_test.dart:49:12: Error: Undefined name 'GetUtils'.
    expect(GetUtils.isNullOrBlank(['foo'][0]), false);
           ^^^^^^^^
test/utils/get_utils_test.dart:53:12: Error: Undefined name 'GetUtils'.
    expect(GetUtils.isNullOrBlank(<dynamic>{}), true);
           ^^^^^^^^
test/utils/get_utils_test.dart:54:12: Error: Undefined name 'GetUtils'.
    expect(GetUtils.isNullOrBlank({1}), false);
           ^^^^^^^^
test/utils/get_utils_test.dart:55:12: Error: Undefined name 'GetUtils'.
    expect(GetUtils.isNullOrBlank({'fluorine', 'chlorine', 'bromine'}), false);
           ^^^^^^^^
test/utils/get_utils_test.dart:59:12: Error: Undefined name 'GetUtils'.
    expect(GetUtils.isNullOrBlank({}), true);
           ^^^^^^^^
test/utils/get_utils_test.dart:60:12: Error: Undefined name 'GetUtils'.
    expect(GetUtils.isNullOrBlank({1: 1}), false);
           ^^^^^^^^
test/utils/get_utils_test.dart:61:12: Error: Undefined name 'GetUtils'.
    expect(GetUtils.isNullOrBlank({"other": "thing"}), false);
           ^^^^^^^^
test/utils/get_utils_test.dart:64:12: Error: Undefined name 'GetUtils'.
    expect(GetUtils.isNullOrBlank(map["foo"]), false);
           ^^^^^^^^
test/utils/get_utils_test.dart:65:12: Error: Undefined name 'GetUtils'.
    expect(GetUtils.isNullOrBlank(map["other"]), true);
           ^^^^^^^^
test/utils/get_utils_test.dart:70:14: Error: Undefined name 'GetUtils'.
      expect(GetUtils.isLengthEqualTo([].map(newId), 0), true);
             ^^^^^^^^
test/utils/get_utils_test.dart:71:14: Error: Undefined name 'GetUtils'.
      expect(GetUtils.isLengthEqualTo([1, 2].map(newId), 2), true);
             ^^^^^^^^
test/utils/get_utils_test.dart:73:14: Error: Undefined name 'GetUtils'.
      expect(GetUtils.isLengthEqualTo({}, 0), true);
             ^^^^^^^^
test/utils/get_utils_test.dart:74:14: Error: Undefined name 'GetUtils'.
      expect(GetUtils.isLengthEqualTo({1: 1, 2: 1}, 2), true);
             ^^^^^^^^
test/utils/get_utils_test.dart:75:14: Error: Undefined name 'GetUtils'.
      expect(GetUtils.isLengthEqualTo({}, 2), false);
             ^^^^^^^^
test/utils/get_utils_test.dart:77:14: Error: Undefined name 'GetUtils'.
      expect(GetUtils.isLengthEqualTo("", 0), true);
             ^^^^^^^^
test/utils/get_utils_test.dart:78:14: Error: Undefined name 'GetUtils'.
      expect(GetUtils.isLengthEqualTo("a", 0), false);
             ^^^^^^^^
test/utils/get_utils_test.dart:79:14: Error: Undefined name 'GetUtils'.
      expect(GetUtils.isLengthEqualTo("a", 1), true);
             ^^^^^^^^
test/utils/get_utils_test.dart:84:14: Error: Undefined name 'GetUtils'.
      expect(GetUtils.isLengthGreaterOrEqual([].map(newId), 0), true);
             ^^^^^^^^
test/utils/get_utils_test.dart:85:14: Error: Undefined name 'GetUtils'.
      expect(GetUtils.isLengthGreaterOrEqual([1, 2].map(newId), 2), true);
             ^^^^^^^^
test/utils/get_utils_test.dart:86:14: Error: Undefined name 'GetUtils'.
      expect(GetUtils.isLengthGreaterOrEqual([1, 2].map(newId), 1), true);
             ^^^^^^^^
test/utils/get_utils_test.dart:88:14: Error: Undefined name 'GetUtils'.
      expect(GetUtils.isLengthGreaterOrEqual({}, 0), true);
             ^^^^^^^^
test/utils/get_utils_test.dart:89:14: Error: Undefined name 'GetUtils'.
      expect(GetUtils.isLengthGreaterOrEqual({1: 1, 2: 1}, 1), true);
             ^^^^^^^^
test/utils/get_utils_test.dart:90:14: Error: Undefined name 'GetUtils'.
      expect(GetUtils.isLengthGreaterOrEqual({1: 1, 2: 1}, 2), true);
             ^^^^^^^^
test/utils/get_utils_test.dart:91:14: Error: Undefined name 'GetUtils'.
      expect(GetUtils.isLengthGreaterOrEqual({}, 2), false);
             ^^^^^^^^
test/utils/get_utils_test.dart:93:14: Error: Undefined name 'GetUtils'.
      expect(GetUtils.isLengthGreaterOrEqual("", 0), true);
             ^^^^^^^^
test/utils/get_utils_test.dart:94:14: Error: Undefined name 'GetUtils'.
      expect(GetUtils.isLengthGreaterOrEqual("a", 0), true);
             ^^^^^^^^
test/utils/get_utils_test.dart:95:14: Error: Undefined name 'GetUtils'.
      expect(GetUtils.isLengthGreaterOrEqual("", 1), false);
             ^^^^^^^^
test/utils/get_utils_test.dart:100:14: Error: Undefined name 'GetUtils'.
      expect(GetUtils.isLengthLessOrEqual([].map(newId), 0), true);
             ^^^^^^^^
test/utils/get_utils_test.dart:101:14: Error: Undefined name 'GetUtils'.
      expect(GetUtils.isLengthLessOrEqual([1, 2].map(newId), 2), true);
             ^^^^^^^^
test/utils/get_utils_test.dart:102:14: Error: Undefined name 'GetUtils'.
      expect(GetUtils.isLengthLessOrEqual([1, 2].map(newId), 1), false);
             ^^^^^^^^
test/utils/get_utils_test.dart:104:14: Error: Undefined name 'GetUtils'.
      expect(GetUtils.isLengthLessOrEqual({}, 0), true);
             ^^^^^^^^
test/utils/get_utils_test.dart:105:14: Error: Undefined name 'GetUtils'.
      expect(GetUtils.isLengthLessOrEqual({1: 1, 2: 1}, 1), false);
             ^^^^^^^^
test/utils/get_utils_test.dart:106:14: Error: Undefined name 'GetUtils'.
      expect(GetUtils.isLengthLessOrEqual({1: 1, 2: 1}, 3), true);
             ^^^^^^^^
test/utils/get_utils_test.dart:107:14: Error: Undefined name 'GetUtils'.
      expect(GetUtils.isLengthLessOrEqual({}, 2), true);
             ^^^^^^^^
test/utils/get_utils_test.dart:109:14: Error: Undefined name 'GetUtils'.
      expect(GetUtils.isLengthLessOrEqual("", 0), true);
             ^^^^^^^^
test/utils/get_utils_test.dart:110:14: Error: Undefined name 'GetUtils'.
      expect(GetUtils.isLengthLessOrEqual("a", 2), true);
             ^^^^^^^^
test/utils/get_utils_test.dart:111:14: Error: Undefined name 'GetUtils'.
      expect(GetUtils.isLengthLessOrEqual("a", 0), false);
             ^^^^^^^^
00:18 +0 -21: loading /Users/alamre/dev/2030/jetx/test/utils/get_utils_test.dart [E]                                                                                                                   
  Failed to load "/Users/alamre/dev/2030/jetx/test/utils/get_utils_test.dart":
  Compilation failed for testPath=/Users/alamre/dev/2030/jetx/test/utils/get_utils_test.dart: test/utils/get_utils_test.dart:2:8: Error: Error when reading 'lib/get.dart': No such file or directory
  import 'package:jet/get.dart';
         ^
  test/utils/get_utils_test.dart:14:12: Error: Undefined name 'GetUtils'.
      expect(GetUtils.isNullOrBlank(null), true);
             ^^^^^^^^
  test/utils/get_utils_test.dart:18:12: Error: Undefined name 'GetUtils'.
      expect(GetUtils.isNullOrBlank(5), false);
             ^^^^^^^^
  test/utils/get_utils_test.dart:19:12: Error: Undefined name 'GetUtils'.
      expect(GetUtils.isNullOrBlank(0), false);
             ^^^^^^^^
  test/utils/get_utils_test.dart:21:12: Error: Undefined name 'GetUtils'.
      expect(GetUtils.isNullOrBlank(5.0), equals(false));
             ^^^^^^^^
  test/utils/get_utils_test.dart:22:12: Error: Undefined name 'GetUtils'.
      expect(GetUtils.isNullOrBlank(0.0), equals(false));
             ^^^^^^^^
  test/utils/get_utils_test.dart:25:12: Error: Undefined name 'GetUtils'.
      expect(GetUtils.isNullOrBlank(testClass), equals(true));
             ^^^^^^^^
  test/utils/get_utils_test.dart:26:12: Error: Undefined name 'GetUtils'.
      expect(GetUtils.isNullOrBlank(TestClass()), equals(false));
             ^^^^^^^^
  test/utils/get_utils_test.dart:27:12: Error: Undefined name 'GetUtils'.
      expect(GetUtils.isNullOrBlank(EmptyClass()), equals(false));
             ^^^^^^^^
  test/utils/get_utils_test.dart:31:12: Error: Undefined name 'GetUtils'.
      expect(GetUtils.isNullOrBlank(""), true);
             ^^^^^^^^
  test/utils/get_utils_test.dart:32:12: Error: Undefined name 'GetUtils'.
      expect(GetUtils.isNullOrBlank("  "), true);
             ^^^^^^^^
  test/utils/get_utils_test.dart:34:12: Error: Undefined name 'GetUtils'.
      expect(GetUtils.isNullOrBlank("foo"), false);
             ^^^^^^^^
  test/utils/get_utils_test.dart:35:12: Error: Undefined name 'GetUtils'.
      expect(GetUtils.isNullOrBlank(" foo "), false);
             ^^^^^^^^
  test/utils/get_utils_test.dart:37:12: Error: Undefined name 'GetUtils'.
      expect(GetUtils.isNullOrBlank("null"), false);
             ^^^^^^^^
  test/utils/get_utils_test.dart:41:12: Error: Undefined name 'GetUtils'.
      expect(GetUtils.isNullOrBlank([].map(newId)), true);
             ^^^^^^^^
  test/utils/get_utils_test.dart:42:12: Error: Undefined name 'GetUtils'.
      expect(GetUtils.isNullOrBlank([1].map(newId)), false);
             ^^^^^^^^
  test/utils/get_utils_test.dart:46:12: Error: Undefined name 'GetUtils'.
      expect(GetUtils.isNullOrBlank(const []), true);
             ^^^^^^^^
  test/utils/get_utils_test.dart:47:12: Error: Undefined name 'GetUtils'.
      expect(GetUtils.isNullOrBlank(['oi', 'foo']), false);
             ^^^^^^^^
  test/utils/get_utils_test.dart:48:12: Error: Undefined name 'GetUtils'.
      expect(GetUtils.isNullOrBlank([{}, {}]), false);
             ^^^^^^^^
  test/utils/get_utils_test.dart:49:12: Error: Undefined name 'GetUtils'.
      expect(GetUtils.isNullOrBlank(['foo'][0]), false);
             ^^^^^^^^
  test/utils/get_utils_test.dart:53:12: Error: Undefined name 'GetUtils'.
      expect(GetUtils.isNullOrBlank(<dynamic>{}), true);
             ^^^^^^^^
  test/utils/get_utils_test.dart:54:12: Error: Undefined name 'GetUtils'.
      expect(GetUtils.isNullOrBlank({1}), false);
             ^^^^^^^^
  test/utils/get_utils_test.dart:55:12: Error: Undefined name 'GetUtils'.
      expect(GetUtils.isNullOrBlank({'fluorine', 'chlorine', 'bromine'}), false);
             ^^^^^^^^
  test/utils/get_utils_test.dart:59:12: Error: Undefined name 'GetUtils'.
      expect(GetUtils.isNullOrBlank({}), true);
             ^^^^^^^^
  test/utils/get_utils_test.dart:60:12: Error: Undefined name 'GetUtils'.
      expect(GetUtils.isNullOrBlank({1: 1}), false);
             ^^^^^^^^
  test/utils/get_utils_test.dart:61:12: Error: Undefined name 'GetUtils'.
      expect(GetUtils.isNullOrBlank({"other": "thing"}), false);
             ^^^^^^^^
  test/utils/get_utils_test.dart:64:12: Error: Undefined name 'GetUtils'.
      expect(GetUtils.isNullOrBlank(map["foo"]), false);
             ^^^^^^^^
  test/utils/get_utils_test.dart:65:12: Error: Undefined name 'GetUtils'.
      expect(GetUtils.isNullOrBlank(map["other"]), true);
             ^^^^^^^^
  test/utils/get_utils_test.dart:70:14: Error: Undefined name 'GetUtils'.
        expect(GetUtils.isLengthEqualTo([].map(newId), 0), true);
               ^^^^^^^^
  test/utils/get_utils_test.dart:71:14: Error: Undefined name 'GetUtils'.
        expect(GetUtils.isLengthEqualTo([1, 2].map(newId), 2), true);
               ^^^^^^^^
  test/utils/get_utils_test.dart:73:14: Error: Undefined name 'GetUtils'.
        expect(GetUtils.isLengthEqualTo({}, 0), true);
               ^^^^^^^^
  test/utils/get_utils_test.dart:74:14: Error: Undefined name 'GetUtils'.
        expect(GetUtils.isLengthEqualTo({1: 1, 2: 1}, 2), true);
               ^^^^^^^^
  test/utils/get_utils_test.dart:75:14: Error: Undefined name 'GetUtils'.
        expect(GetUtils.isLengthEqualTo({}, 2), false);
               ^^^^^^^^
  test/utils/get_utils_test.dart:77:14: Error: Undefined name 'GetUtils'.
        expect(GetUtils.isLengthEqualTo("", 0), true);
               ^^^^^^^^
  test/utils/get_utils_test.dart:78:14: Error: Undefined name 'GetUtils'.
        expect(GetUtils.isLengthEqualTo("a", 0), false);
               ^^^^^^^^
  test/utils/get_utils_test.dart:79:14: Error: Undefined name 'GetUtils'.
        expect(GetUtils.isLengthEqualTo("a", 1), true);
               ^^^^^^^^
  test/utils/get_utils_test.dart:84:14: Error: Undefined name 'GetUtils'.
        expect(GetUtils.isLengthGreaterOrEqual([].map(newId), 0), true);
               ^^^^^^^^
  test/utils/get_utils_test.dart:85:14: Error: Undefined name 'GetUtils'.
        expect(GetUtils.isLengthGreaterOrEqual([1, 2].map(newId), 2), true);
               ^^^^^^^^
  test/utils/get_utils_test.dart:86:14: Error: Undefined name 'GetUtils'.
        expect(GetUtils.isLengthGreaterOrEqual([1, 2].map(newId), 1), true);
               ^^^^^^^^
  test/utils/get_utils_test.dart:88:14: Error: Undefined name 'GetUtils'.
        expect(GetUtils.isLengthGreaterOrEqual({}, 0), true);
               ^^^^^^^^
  test/utils/get_utils_test.dart:89:14: Error: Undefined name 'GetUtils'.
        expect(GetUtils.isLengthGreaterOrEqual({1: 1, 2: 1}, 1), true);
               ^^^^^^^^
  test/utils/get_utils_test.dart:90:14: Error: Undefined name 'GetUtils'.
        expect(GetUtils.isLengthGreaterOrEqual({1: 1, 2: 1}, 2), true);
               ^^^^^^^^
  test/utils/get_utils_test.dart:91:14: Error: Undefined name 'GetUtils'.
        expect(GetUtils.isLengthGreaterOrEqual({}, 2), false);
               ^^^^^^^^
  test/utils/get_utils_test.dart:93:14: Error: Undefined name 'GetUtils'.
        expect(GetUtils.isLengthGreaterOrEqual("", 0), true);
               ^^^^^^^^
  test/utils/get_utils_test.dart:94:14: Error: Undefined name 'GetUtils'.
        expect(GetUtils.isLengthGreaterOrEqual("a", 0), true);
               ^^^^^^^^
  test/utils/get_utils_test.dart:95:14: Error: Undefined name 'GetUtils'.
        expect(GetUtils.isLengthGreaterOrEqual("", 1), false);
               ^^^^^^^^
  test/utils/get_utils_test.dart:100:14: Error: Undefined name 'GetUtils'.
        expect(GetUtils.isLengthLessOrEqual([].map(newId), 0), true);
               ^^^^^^^^
  test/utils/get_utils_test.dart:101:14: Error: Undefined name 'GetUtils'.
        expect(GetUtils.isLengthLessOrEqual([1, 2].map(newId), 2), true);
               ^^^^^^^^
  test/utils/get_utils_test.dart:102:14: Error: Undefined name 'GetUtils'.
        expect(GetUtils.isLengthLessOrEqual([1, 2].map(newId), 1), false);
               ^^^^^^^^
  test/utils/get_utils_test.dart:104:14: Error: Undefined name 'GetUtils'.
        expect(GetUtils.isLengthLessOrEqual({}, 0), true);
               ^^^^^^^^
  test/utils/get_utils_test.dart:105:14: Error: Undefined name 'GetUtils'.
        expect(GetUtils.isLengthLessOrEqual({1: 1, 2: 1}, 1), false);
               ^^^^^^^^
  test/utils/get_utils_test.dart:106:14: Error: Undefined name 'GetUtils'.
        expect(GetUtils.isLengthLessOrEqual({1: 1, 2: 1}, 3), true);
               ^^^^^^^^
  test/utils/get_utils_test.dart:107:14: Error: Undefined name 'GetUtils'.
        expect(GetUtils.isLengthLessOrEqual({}, 2), true);
               ^^^^^^^^
  test/utils/get_utils_test.dart:109:14: Error: Undefined name 'GetUtils'.
        expect(GetUtils.isLengthLessOrEqual("", 0), true);
               ^^^^^^^^
  test/utils/get_utils_test.dart:110:14: Error: Undefined name 'GetUtils'.
        expect(GetUtils.isLengthLessOrEqual("a", 2), true);
               ^^^^^^^^
  test/utils/get_utils_test.dart:111:14: Error: Undefined name 'GetUtils'.
        expect(GetUtils.isLengthLessOrEqual("a", 0), false);
               ^^^^^^^^
  .

To run this test again: /Users/alamre/development/flutter/bin/cache/dart-sdk/bin/dart test /Users/alamre/dev/2030/jetx/test/utils/get_utils_test.dart -p vm --plain-name 'loading /Users/alamre/dev/2030/jetx/test/utils/get_utils_test.dart'
00:18 +0 -21: loading /Users/alamre/dev/2030/jetx/test/internationalization/internationalization_test.dart [E]                                                                                         
  Error: The Dart compiler exited unexpectedly.
  package:flutter_tools/src/base/common.dart 34:3  throwToolExit
  package:flutter_tools/src/compile.dart 910:11    DefaultResidentCompiler._compile.<fn>
  dart:async/zone.dart 1538:47                     _rootRunUnary
  dart:async/zone.dart 1429:19                     _CustomZone.runUnary
  dart:async/future_impl.dart 948:45               Future._propagateToListeners.handleValueCallback
  dart:async/future_impl.dart 977:13               Future._propagateToListeners
  dart:async/future_impl.dart 862:9                Future._propagateToListeners
  dart:async/future_impl.dart 720:5                Future._completeWithValue
  dart:async/future_impl.dart 804:7                Future._asyncCompleteWithValue.<fn>
  dart:async/zone.dart 1525:13                     _rootRun
  dart:async/zone.dart 1422:19                     _CustomZone.run
  dart:async/zone.dart 1321:7                      _CustomZone.runGuarded
  dart:async/zone.dart 1362:23                     _CustomZone.bindCallbackGuarded.<fn>
  dart:async/schedule_microtask.dart 40:35         _microtaskLoop
  dart:async/schedule_microtask.dart 49:5          _startMicrotaskLoop
  dart:isolate-patch/isolate_patch.dart 127:13     _runPendingImmediateCallback
  dart:isolate-patch/isolate_patch.dart 194:5      _RawReceivePort._handleMessage
  
lib/state_manager.dart:4:1: Error: Error when reading 'lib/jet_core/jet_core.dart': No such file or directory
export 'jet_core/jet_core.dart';
^
lib/state_manager.dart:5:1: Error: Error when reading 'lib/jet_rx/jet_rx.dart': No such file or directory
export 'jet_rx/jet_rx.dart';
^
lib/state_manager.dart:6:1: Error: Error when reading 'lib/jet_state_manager/jet_state_manager.dart': No such file or directory
export 'jet_state_manager/jet_state_manager.dart';
^
test/benchmarks/benckmark_test.dart:38:17: Error: Method not found: 'Value'.
  final value = Value<int>(0);
                ^^^^^
test/benchmarks/benckmark_test.dart:109:17: Error: Method not found: 'MiniStream'.
  final value = MiniStream<int>();
                ^^^^^^^^^^
00:18 +0 -22: loading /Users/alamre/dev/2030/jetx/test/benchmarks/benckmark_test.dart [E]                                                                                                              
  Failed to load "/Users/alamre/dev/2030/jetx/test/benchmarks/benckmark_test.dart":
  Compilation failed for testPath=/Users/alamre/dev/2030/jetx/test/benchmarks/benckmark_test.dart: lib/state_manager.dart:4:1: Error: Error when reading 'lib/jet_core/jet_core.dart': No such file or directory
  export 'jet_core/jet_core.dart';
  ^
  lib/state_manager.dart:5:1: Error: Error when reading 'lib/jet_rx/jet_rx.dart': No such file or directory
  export 'jet_rx/jet_rx.dart';
  ^
  lib/state_manager.dart:6:1: Error: Error when reading 'lib/jet_state_manager/jet_state_manager.dart': No such file or directory
  export 'jet_state_manager/jet_state_manager.dart';
  ^
  test/benchmarks/benckmark_test.dart:38:17: Error: Method not found: 'Value'.
    final value = Value<int>(0);
                  ^^^^^
  test/benchmarks/benckmark_test.dart:109:17: Error: Method not found: 'MiniStream'.
    final value = MiniStream<int>();
                  ^^^^^^^^^^
  .

To run this test again: /Users/alamre/development/flutter/bin/cache/dart-sdk/bin/dart test /Users/alamre/dev/2030/jetx/test/benchmarks/benckmark_test.dart -p vm --plain-name 'loading /Users/alamre/dev/2030/jetx/test/benchmarks/benckmark_test.dart'
00:18 +0 -22: loading /Users/alamre/dev/2030/jetx/test/internationalization/internationalization_test.dart [E]                                                                                         
  Error: The Dart compiler exited unexpectedly.
  package:flutter_tools/src/base/common.dart 34:3  throwToolExit
  package:flutter_tools/src/compile.dart 910:11    DefaultResidentCompiler._compile.<fn>
  dart:async/zone.dart 1538:47                     _rootRunUnary
  dart:async/zone.dart 1429:19                     _CustomZone.runUnary
  dart:async/future_impl.dart 948:45               Future._propagateToListeners.handleValueCallback
  dart:async/future_impl.dart 977:13               Future._propagateToListeners
  dart:async/future_impl.dart 862:9                Future._propagateToListeners
  dart:async/future_impl.dart 720:5                Future._completeWithValue
  dart:async/future_impl.dart 804:7                Future._asyncCompleteWithValue.<fn>
  dart:async/zone.dart 1525:13                     _rootRun
  dart:async/zone.dart 1422:19                     _CustomZone.run
  dart:async/zone.dart 1321:7                      _CustomZone.runGuarded
  dart:async/zone.dart 1362:23                     _CustomZone.bindCallbackGuarded.<fn>
  dart:async/schedule_microtask.dart 40:35         _microtaskLoop
  dart:async/schedule_microtask.dart 49:5          _startMicrotaskLoop
  dart:isolate-patch/isolate_patch.dart 127:13     _runPendingImmediateCallback
  dart:isolate-patch/isolate_patch.dart 194:5      _RawReceivePort._handleMessage
  
test/instance/get_instance_test.dart:4:8: Error: Error when reading 'lib/get.dart': No such file or directory
import 'package:jet/get.dart';
       ^
test/instance/get_instance_test.dart:15:34: Error: Type 'GetLifeCycleMixin' not found.
abstract class MyController with GetLifeCycleMixin {}
                                 ^^^^^^^^^^^^^^^^^
test/instance/get_instance_test.dart:271:32: Error: Type 'GetxService' not found.
class PermanentService extends GetxService {}
                               ^^^^^^^^^^^
test/instance/get_instance_test.dart:15:16: Error: The type 'GetLifeCycleMixin' can't be mixed in.
abstract class MyController with GetLifeCycleMixin {}
               ^
test/instance/get_instance_test.dart:34:22: Error: Undefined name 'Get'.
    final instance = Get.put<Controller>(Controller());
                     ^^^
test/instance/get_instance_test.dart:35:22: Error: Undefined name 'Get'.
    expect(instance, Get.find<Controller>());
                     ^^^
test/instance/get_instance_test.dart:36:5: Error: Undefined name 'Get'.
    Get.reset();
    ^^^
test/instance/get_instance_test.dart:40:5: Error: Undefined name 'Get'.
    Get
    ^^^
test/instance/get_instance_test.dart:44:24: Error: Undefined name 'Get'.
    final controller = Get.find<Controller>();
                       ^^^
test/instance/get_instance_test.dart:47:5: Error: Undefined name 'Get'.
    Get
    ^^^
test/instance/get_instance_test.dart:51:5: Error: Undefined name 'Get'.
    Get.reset();
    ^^^
test/instance/get_instance_test.dart:55:22: Error: Undefined name 'Get'.
    final instance = Get.put<Controller>(Controller(), tag: 'one');
                     ^^^
test/instance/get_instance_test.dart:56:23: Error: Undefined name 'Get'.
    final instance2 = Get.put<Controller>(Controller(), tag: 'two');
                      ^^^
test/instance/get_instance_test.dart:58:12: Error: Undefined name 'Get'.
    expect(Get.find<Controller>(tag: 'one') == Get.find<Controller>(tag: 'two'),
           ^^^
test/instance/get_instance_test.dart:58:48: Error: Undefined name 'Get'.
    expect(Get.find<Controller>(tag: 'one') == Get.find<Controller>(tag: 'two'),
                                               ^^^
test/instance/get_instance_test.dart:60:12: Error: Undefined name 'Get'.
    expect(Get.find<Controller>(tag: 'one') == Get.find<Controller>(tag: 'one'),
           ^^^
test/instance/get_instance_test.dart:60:48: Error: Undefined name 'Get'.
    expect(Get.find<Controller>(tag: 'one') == Get.find<Controller>(tag: 'one'),
                                               ^^^
test/instance/get_instance_test.dart:62:12: Error: Undefined name 'Get'.
    expect(Get.find<Controller>(tag: 'two') == Get.find<Controller>(tag: 'two'),
           ^^^
test/instance/get_instance_test.dart:62:48: Error: Undefined name 'Get'.
    expect(Get.find<Controller>(tag: 'two') == Get.find<Controller>(tag: 'two'),
                                               ^^^
test/instance/get_instance_test.dart:64:5: Error: Undefined name 'Get'.
    Get.reset();
    ^^^
test/instance/get_instance_test.dart:68:5: Error: Undefined name 'Get'.
    Get.lazyPut<Controller>(() => Controller(), tag: 'one');
    ^^^
test/instance/get_instance_test.dart:69:5: Error: Undefined name 'Get'.
    Get.lazyPut<Controller>(() => Controller(), tag: 'two');
    ^^^
test/instance/get_instance_test.dart:71:12: Error: Undefined name 'Get'.
    expect(Get.find<Controller>(tag: 'one') == Get.find<Controller>(tag: 'two'),
           ^^^
test/instance/get_instance_test.dart:71:48: Error: Undefined name 'Get'.
    expect(Get.find<Controller>(tag: 'one') == Get.find<Controller>(tag: 'two'),
                                               ^^^
test/instance/get_instance_test.dart:73:12: Error: Undefined name 'Get'.
    expect(Get.find<Controller>(tag: 'one') == Get.find<Controller>(tag: 'one'),
           ^^^
test/instance/get_instance_test.dart:73:48: Error: Undefined name 'Get'.
    expect(Get.find<Controller>(tag: 'one') == Get.find<Controller>(tag: 'one'),
                                               ^^^
test/instance/get_instance_test.dart:75:12: Error: Undefined name 'Get'.
    expect(Get.find<Controller>(tag: 'two') == Get.find<Controller>(tag: 'two'),
           ^^^
test/instance/get_instance_test.dart:75:48: Error: Undefined name 'Get'.
    expect(Get.find<Controller>(tag: 'two') == Get.find<Controller>(tag: 'two'),
                                               ^^^
test/instance/get_instance_test.dart:77:5: Error: Undefined name 'Get'.
    Get.reset();
    ^^^
test/instance/get_instance_test.dart:82:5: Error: Undefined name 'Get'.
    Get.lazyPut<Controller>(() => controller);
    ^^^
test/instance/get_instance_test.dart:83:17: Error: Undefined name 'Get'.
    final ct1 = Get.find<Controller>();
                ^^^
test/instance/get_instance_test.dart:85:5: Error: Undefined name 'Get'.
    Get.reset();
    ^^^
test/instance/get_instance_test.dart:89:5: Error: Undefined name 'Get'.
    Get.lazyPut<Controller>(() => Controller(), fenix: true);
    ^^^
test/instance/get_instance_test.dart:90:5: Error: Undefined name 'Get'.
    Get.find<Controller>().increment();
    ^^^
test/instance/get_instance_test.dart:92:12: Error: Undefined name 'Get'.
    expect(Get.find<Controller>().count, 1);
           ^^^
test/instance/get_instance_test.dart:93:5: Error: Undefined name 'Get'.
    Get.delete<Controller>();
    ^^^
test/instance/get_instance_test.dart:94:12: Error: Undefined name 'Get'.
    expect(Get.find<Controller>().count, 0);
           ^^^
test/instance/get_instance_test.dart:95:5: Error: Undefined name 'Get'.
    Get.reset();
    ^^^
test/instance/get_instance_test.dart:99:5: Error: Undefined name 'Get'.
    Get.lazyPut<Controller>(() => Controller());
    ^^^
test/instance/get_instance_test.dart:100:5: Error: Undefined name 'Get'.
    Get.find<Controller>().increment();
    ^^^
test/instance/get_instance_test.dart:102:12: Error: Undefined name 'Get'.
    expect(Get.find<Controller>().count, 1);
           ^^^
test/instance/get_instance_test.dart:103:5: Error: Undefined name 'Get'.
    Get.delete<Controller>();
    ^^^
test/instance/get_instance_test.dart:105:15: Error: Undefined name 'Get'.
        () => Get.find<Controller>(), throwsA(const m.TypeMatcher<String>()));
              ^^^
test/instance/get_instance_test.dart:106:5: Error: Undefined name 'Get'.
    Get.reset();
    ^^^
test/instance/get_instance_test.dart:110:5: Error: Undefined name 'Get'.
    Get.lazyPut<Controller>(() => Controller());
    ^^^
test/instance/get_instance_test.dart:111:15: Error: Undefined name 'Get'.
    var ct1 = Get.find<Controller>();
              ^^^
test/instance/get_instance_test.dart:114:11: Error: Undefined name 'Get'.
    ct1 = Get.find<Controller>();
          ^^^
test/instance/get_instance_test.dart:116:5: Error: Undefined name 'Get'.
    Get.reload<Controller>();
    ^^^
test/instance/get_instance_test.dart:117:11: Error: Undefined name 'Get'.
    ct1 = Get.find<Controller>();
          ^^^
test/instance/get_instance_test.dart:119:5: Error: Undefined name 'Get'.
    Get.reset();
    ^^^
test/instance/get_instance_test.dart:123:5: Error: Undefined name 'Get'.
    Get.lazyPut<PermanentService>(() => PermanentService());
    ^^^
test/instance/get_instance_test.dart:124:15: Error: Undefined name 'Get'.
    var sv1 = Get.find<PermanentService>();
              ^^^
test/instance/get_instance_test.dart:125:15: Error: Undefined name 'Get'.
    var sv2 = Get.find<PermanentService>();
              ^^^
test/instance/get_instance_test.dart:127:12: Error: Undefined name 'Get'.
    expect(Get.isRegistered<PermanentService>(), true);
           ^^^
test/instance/get_instance_test.dart:128:5: Error: Undefined name 'Get'.
    Get.delete<PermanentService>();
    ^^^
test/instance/get_instance_test.dart:129:12: Error: Undefined name 'Get'.
    expect(Get.isRegistered<PermanentService>(), true);
           ^^^
test/instance/get_instance_test.dart:130:5: Error: Undefined name 'Get'.
    Get.delete<PermanentService>(force: true);
    ^^^
test/instance/get_instance_test.dart:131:12: Error: Undefined name 'Get'.
    expect(Get.isRegistered<PermanentService>(), false);
           ^^^
test/instance/get_instance_test.dart:132:5: Error: Undefined name 'Get'.
    Get.reset();
    ^^^
test/instance/get_instance_test.dart:137:5: Error: Undefined name 'Get'.
    Get.lazyPut<Service>(() => api);
    ^^^
test/instance/get_instance_test.dart:138:17: Error: Undefined name 'Get'.
    final ct1 = Get.find<Service>();
                ^^^
test/instance/get_instance_test.dart:140:5: Error: Undefined name 'Get'.
    Get.reset();
    ^^^
test/instance/get_instance_test.dart:144:5: Error: Undefined name 'Get'.
    Get.spawn<Service>(() => Api());
    ^^^
test/instance/get_instance_test.dart:145:17: Error: Undefined name 'Get'.
    final ct1 = Get.find<Service>();
                ^^^
test/instance/get_instance_test.dart:146:17: Error: Undefined name 'Get'.
    final ct2 = Get.find<Service>();
                ^^^
test/instance/get_instance_test.dart:150:5: Error: Undefined name 'Get'.
    Get.reset();
    ^^^
test/instance/get_instance_test.dart:154:17: Error: Undefined name 'Get'.
    tearDownAll(Get.reset);
                ^^^
test/instance/get_instance_test.dart:157:24: Error: Undefined name 'Get'.
      final instance = Get.put(DisposableController());
                       ^^^
test/instance/get_instance_test.dart:158:24: Error: Undefined name 'Get'.
      expect(instance, Get.find<DisposableController>());
                       ^^^
test/instance/get_instance_test.dart:164:14: Error: Undefined name 'Get'.
      expect(Get.delete<DisposableController>(), true);
             ^^^
test/instance/get_instance_test.dart:165:20: Error: Undefined name 'Get'.
      expect(() => Get.find<DisposableController>(),
                   ^^^
test/instance/get_instance_test.dart:171:24: Error: Undefined name 'Get'.
      final instance = Get.put<DisposableController>(DisposableController());
                       ^^^
test/instance/get_instance_test.dart:172:24: Error: Undefined name 'Get'.
      expect(instance, Get.find<DisposableController>());
                       ^^^
test/instance/get_instance_test.dart:178:14: Error: Undefined name 'Get'.
    tearDown(Get.reset);
             ^^^
test/instance/get_instance_test.dart:180:7: Error: Undefined name 'Get'.
      Get.put(DisposableController());
      ^^^
test/instance/get_instance_test.dart:181:7: Error: Undefined name 'Get'.
      Get.replace<DisposableController>(Controller());
      ^^^
test/instance/get_instance_test.dart:182:24: Error: Undefined name 'Get'.
      final instance = Get.find<DisposableController>();
                       ^^^
test/instance/get_instance_test.dart:188:7: Error: Undefined name 'Get'.
      Get.put(DisposableController(), permanent: true);
      ^^^
test/instance/get_instance_test.dart:189:7: Error: Undefined name 'Get'.
      Get.replace<DisposableController>(Controller());
      ^^^
test/instance/get_instance_test.dart:190:24: Error: Undefined name 'Get'.
      final instance = Get.find<DisposableController>();
                       ^^^
test/instance/get_instance_test.dart:197:7: Error: Undefined name 'Get'.
      Get.put(DisposableController(), tag: tag);
      ^^^
test/instance/get_instance_test.dart:198:7: Error: Undefined name 'Get'.
      Get.replace<DisposableController>(Controller(), tag: tag);
      ^^^
test/instance/get_instance_test.dart:199:24: Error: Undefined name 'Get'.
      final instance = Get.find<DisposableController>(tag: tag);
                       ^^^
test/instance/get_instance_test.dart:206:7: Error: Undefined name 'Get'.
      Get.put(DisposableController(), permanent: true, tag: tag);
      ^^^
test/instance/get_instance_test.dart:207:7: Error: Undefined name 'Get'.
      Get.replace<DisposableController>(Controller(), tag: tag);
      ^^^
test/instance/get_instance_test.dart:208:24: Error: Undefined name 'Get'.
      final instance = Get.find<DisposableController>(tag: tag);
                       ^^^
test/instance/get_instance_test.dart:215:7: Error: Undefined name 'Get'.
      Get.put<MyController>(DisposableController(), permanent: true, tag: tag);
      ^^^
test/instance/get_instance_test.dart:216:7: Error: Undefined name 'Get'.
      Get.replace<MyController>(Controller(), tag: tag);
      ^^^
test/instance/get_instance_test.dart:217:24: Error: Undefined name 'Get'.
      final instance = Get.find<MyController>(tag: tag);
                       ^^^
test/instance/get_instance_test.dart:224:14: Error: Undefined name 'Get'.
    tearDown(Get.reset);
             ^^^
test/instance/get_instance_test.dart:226:7: Error: Undefined name 'Get'.
      Get.put(DisposableController());
      ^^^
test/instance/get_instance_test.dart:227:7: Error: Undefined name 'Get'.
      Get.lazyReplace<DisposableController>(() => Controller());
      ^^^
test/instance/get_instance_test.dart:228:24: Error: Undefined name 'Get'.
      final instance = Get.find<DisposableController>();
                       ^^^
test/instance/get_instance_test.dart:234:7: Error: Undefined name 'Get'.
      Get.put(DisposableController());
      ^^^
test/instance/get_instance_test.dart:235:7: Error: Undefined name 'Get'.
      Get.lazyReplace<DisposableController>(() => Controller(), fenix: true);
      ^^^
test/instance/get_instance_test.dart:236:14: Error: Undefined name 'Get'.
      expect(Get.find<DisposableController>(), isA<Controller>());
             ^^^
test/instance/get_instance_test.dart:237:8: Error: Undefined name 'Get'.
      (Get.find<DisposableController>() as Controller).increment();
       ^^^
test/instance/get_instance_test.dart:239:15: Error: Undefined name 'Get'.
      expect((Get.find<DisposableController>() as Controller).count, 1);
              ^^^
test/instance/get_instance_test.dart:240:7: Error: Undefined name 'Get'.
      Get.delete<DisposableController>();
      ^^^
test/instance/get_instance_test.dart:241:15: Error: Undefined name 'Get'.
      expect((Get.find<DisposableController>() as Controller).count, 0);
              ^^^
test/instance/get_instance_test.dart:245:7: Error: Undefined name 'Get'.
      Get.put(DisposableController(), permanent: true);
      ^^^
test/instance/get_instance_test.dart:246:7: Error: Undefined name 'Get'.
      Get.lazyReplace<DisposableController>(() => Controller());
      ^^^
test/instance/get_instance_test.dart:247:24: Error: Undefined name 'Get'.
      final instance = Get.find<DisposableController>();
                       ^^^
test/instance/get_instance_test.dart:251:15: Error: Undefined name 'Get'.
      expect((Get.find<DisposableController>() as Controller).count, 1);
              ^^^
test/instance/get_instance_test.dart:252:7: Error: Undefined name 'Get'.
      Get.delete<DisposableController>();
      ^^^
test/instance/get_instance_test.dart:253:15: Error: Undefined name 'Get'.
      expect((Get.find<DisposableController>() as Controller).count, 0);
              ^^^
test/instance/get_instance_test.dart:258:14: Error: Undefined name 'Get'.
    tearDown(Get.reset);
             ^^^
test/instance/get_instance_test.dart:260:7: Error: Undefined name 'Get'.
      Get.put<int>(1);
      ^^^
test/instance/get_instance_test.dart:261:21: Error: Undefined name 'Get'.
      int? result = Get.findOrNull<int>();
                    ^^^
test/instance/get_instance_test.dart:264:7: Error: Undefined name 'Get'.
      Get.delete<int>();
      ^^^
test/instance/get_instance_test.dart:265:16: Error: Undefined name 'Get'.
      result = Get.findOrNull<int>();
               ^^^
test/instance/get_instance_test.dart:280:11: Error: Superclass has no method named 'onInit'.
    super.onInit();
          ^^^^^^
test/instance/get_instance_test.dart:286:11: Error: Superclass has no method named 'onClose'.
    super.onClose();
          ^^^^^^^
00:19 +0 -23: loading /Users/alamre/dev/2030/jetx/test/instance/get_instance_test.dart [E]                                                                                                             
  Failed to load "/Users/alamre/dev/2030/jetx/test/instance/get_instance_test.dart":
  Compilation failed for testPath=/Users/alamre/dev/2030/jetx/test/instance/get_instance_test.dart: test/instance/get_instance_test.dart:4:8: Error: Error when reading 'lib/get.dart': No such file or directory
  import 'package:jet/get.dart';
         ^
  test/instance/get_instance_test.dart:15:34: Error: Type 'GetLifeCycleMixin' not found.
  abstract class MyController with GetLifeCycleMixin {}
                                   ^^^^^^^^^^^^^^^^^
  test/instance/get_instance_test.dart:271:32: Error: Type 'GetxService' not found.
  class PermanentService extends GetxService {}
                                 ^^^^^^^^^^^
  test/instance/get_instance_test.dart:15:16: Error: The type 'GetLifeCycleMixin' can't be mixed in.
  abstract class MyController with GetLifeCycleMixin {}
                 ^
  test/instance/get_instance_test.dart:34:22: Error: Undefined name 'Get'.
      final instance = Get.put<Controller>(Controller());
                       ^^^
  test/instance/get_instance_test.dart:35:22: Error: Undefined name 'Get'.
      expect(instance, Get.find<Controller>());
                       ^^^
  test/instance/get_instance_test.dart:36:5: Error: Undefined name 'Get'.
      Get.reset();
      ^^^
  test/instance/get_instance_test.dart:40:5: Error: Undefined name 'Get'.
      Get
      ^^^
  test/instance/get_instance_test.dart:44:24: Error: Undefined name 'Get'.
      final controller = Get.find<Controller>();
                         ^^^
  test/instance/get_instance_test.dart:47:5: Error: Undefined name 'Get'.
      Get
      ^^^
  test/instance/get_instance_test.dart:51:5: Error: Undefined name 'Get'.
      Get.reset();
      ^^^
  test/instance/get_instance_test.dart:55:22: Error: Undefined name 'Get'.
      final instance = Get.put<Controller>(Controller(), tag: 'one');
                       ^^^
  test/instance/get_instance_test.dart:56:23: Error: Undefined name 'Get'.
      final instance2 = Get.put<Controller>(Controller(), tag: 'two');
                        ^^^
  test/instance/get_instance_test.dart:58:12: Error: Undefined name 'Get'.
      expect(Get.find<Controller>(tag: 'one') == Get.find<Controller>(tag: 'two'),
             ^^^
  test/instance/get_instance_test.dart:58:48: Error: Undefined name 'Get'.
      expect(Get.find<Controller>(tag: 'one') == Get.find<Controller>(tag: 'two'),
                                                 ^^^
  test/instance/get_instance_test.dart:60:12: Error: Undefined name 'Get'.
      expect(Get.find<Controller>(tag: 'one') == Get.find<Controller>(tag: 'one'),
             ^^^
  test/instance/get_instance_test.dart:60:48: Error: Undefined name 'Get'.
      expect(Get.find<Controller>(tag: 'one') == Get.find<Controller>(tag: 'one'),
                                                 ^^^
  test/instance/get_instance_test.dart:62:12: Error: Undefined name 'Get'.
      expect(Get.find<Controller>(tag: 'two') == Get.find<Controller>(tag: 'two'),
             ^^^
  test/instance/get_instance_test.dart:62:48: Error: Undefined name 'Get'.
      expect(Get.find<Controller>(tag: 'two') == Get.find<Controller>(tag: 'two'),
                                                 ^^^
  test/instance/get_instance_test.dart:64:5: Error: Undefined name 'Get'.
      Get.reset();
      ^^^
  test/instance/get_instance_test.dart:68:5: Error: Undefined name 'Get'.
      Get.lazyPut<Controller>(() => Controller(), tag: 'one');
      ^^^
  test/instance/get_instance_test.dart:69:5: Error: Undefined name 'Get'.
      Get.lazyPut<Controller>(() => Controller(), tag: 'two');
      ^^^
  test/instance/get_instance_test.dart:71:12: Error: Undefined name 'Get'.
      expect(Get.find<Controller>(tag: 'one') == Get.find<Controller>(tag: 'two'),
             ^^^
  test/instance/get_instance_test.dart:71:48: Error: Undefined name 'Get'.
      expect(Get.find<Controller>(tag: 'one') == Get.find<Controller>(tag: 'two'),
                                                 ^^^
  test/instance/get_instance_test.dart:73:12: Error: Undefined name 'Get'.
      expect(Get.find<Controller>(tag: 'one') == Get.find<Controller>(tag: 'one'),
             ^^^
  test/instance/get_instance_test.dart:73:48: Error: Undefined name 'Get'.
      expect(Get.find<Controller>(tag: 'one') == Get.find<Controller>(tag: 'one'),
                                                 ^^^
  test/instance/get_instance_test.dart:75:12: Error: Undefined name 'Get'.
      expect(Get.find<Controller>(tag: 'two') == Get.find<Controller>(tag: 'two'),
             ^^^
  test/instance/get_instance_test.dart:75:48: Error: Undefined name 'Get'.
      expect(Get.find<Controller>(tag: 'two') == Get.find<Controller>(tag: 'two'),
                                                 ^^^
  test/instance/get_instance_test.dart:77:5: Error: Undefined name 'Get'.
      Get.reset();
      ^^^
  test/instance/get_instance_test.dart:82:5: Error: Undefined name 'Get'.
      Get.lazyPut<Controller>(() => controller);
      ^^^
  test/instance/get_instance_test.dart:83:17: Error: Undefined name 'Get'.
      final ct1 = Get.find<Controller>();
                  ^^^
  test/instance/get_instance_test.dart:85:5: Error: Undefined name 'Get'.
      Get.reset();
      ^^^
  test/instance/get_instance_test.dart:89:5: Error: Undefined name 'Get'.
      Get.lazyPut<Controller>(() => Controller(), fenix: true);
      ^^^
  test/instance/get_instance_test.dart:90:5: Error: Undefined name 'Get'.
      Get.find<Controller>().increment();
      ^^^
  test/instance/get_instance_test.dart:92:12: Error: Undefined name 'Get'.
      expect(Get.find<Controller>().count, 1);
             ^^^
  test/instance/get_instance_test.dart:93:5: Error: Undefined name 'Get'.
      Get.delete<Controller>();
      ^^^
  test/instance/get_instance_test.dart:94:12: Error: Undefined name 'Get'.
      expect(Get.find<Controller>().count, 0);
             ^^^
  test/instance/get_instance_test.dart:95:5: Error: Undefined name 'Get'.
      Get.reset();
      ^^^
  test/instance/get_instance_test.dart:99:5: Error: Undefined name 'Get'.
      Get.lazyPut<Controller>(() => Controller());
      ^^^
  test/instance/get_instance_test.dart:100:5: Error: Undefined name 'Get'.
      Get.find<Controller>().increment();
      ^^^
  test/instance/get_instance_test.dart:102:12: Error: Undefined name 'Get'.
      expect(Get.find<Controller>().count, 1);
             ^^^
  test/instance/get_instance_test.dart:103:5: Error: Undefined name 'Get'.
      Get.delete<Controller>();
      ^^^
  test/instance/get_instance_test.dart:105:15: Error: Undefined name 'Get'.
          () => Get.find<Controller>(), throwsA(const m.TypeMatcher<String>()));
                ^^^
  test/instance/get_instance_test.dart:106:5: Error: Undefined name 'Get'.
      Get.reset();
      ^^^
  test/instance/get_instance_test.dart:110:5: Error: Undefined name 'Get'.
      Get.lazyPut<Controller>(() => Controller());
      ^^^
  test/instance/get_instance_test.dart:111:15: Error: Undefined name 'Get'.
      var ct1 = Get.find<Controller>();
                ^^^
  test/instance/get_instance_test.dart:114:11: Error: Undefined name 'Get'.
      ct1 = Get.find<Controller>();
            ^^^
  test/instance/get_instance_test.dart:116:5: Error: Undefined name 'Get'.
      Get.reload<Controller>();
      ^^^
  test/instance/get_instance_test.dart:117:11: Error: Undefined name 'Get'.
      ct1 = Get.find<Controller>();
            ^^^
  test/instance/get_instance_test.dart:119:5: Error: Undefined name 'Get'.
      Get.reset();
      ^^^
  test/instance/get_instance_test.dart:123:5: Error: Undefined name 'Get'.
      Get.lazyPut<PermanentService>(() => PermanentService());
      ^^^
  test/instance/get_instance_test.dart:124:15: Error: Undefined name 'Get'.
      var sv1 = Get.find<PermanentService>();
                ^^^
  test/instance/get_instance_test.dart:125:15: Error: Undefined name 'Get'.
      var sv2 = Get.find<PermanentService>();
                ^^^
  test/instance/get_instance_test.dart:127:12: Error: Undefined name 'Get'.
      expect(Get.isRegistered<PermanentService>(), true);
             ^^^
  test/instance/get_instance_test.dart:128:5: Error: Undefined name 'Get'.
      Get.delete<PermanentService>();
      ^^^
  test/instance/get_instance_test.dart:129:12: Error: Undefined name 'Get'.
      expect(Get.isRegistered<PermanentService>(), true);
             ^^^
  test/instance/get_instance_test.dart:130:5: Error: Undefined name 'Get'.
      Get.delete<PermanentService>(force: true);
      ^^^
  test/instance/get_instance_test.dart:131:12: Error: Undefined name 'Get'.
      expect(Get.isRegistered<PermanentService>(), false);
             ^^^
  test/instance/get_instance_test.dart:132:5: Error: Undefined name 'Get'.
      Get.reset();
      ^^^
  test/instance/get_instance_test.dart:137:5: Error: Undefined name 'Get'.
      Get.lazyPut<Service>(() => api);
      ^^^
  test/instance/get_instance_test.dart:138:17: Error: Undefined name 'Get'.
      final ct1 = Get.find<Service>();
                  ^^^
  test/instance/get_instance_test.dart:140:5: Error: Undefined name 'Get'.
      Get.reset();
      ^^^
  test/instance/get_instance_test.dart:144:5: Error: Undefined name 'Get'.
      Get.spawn<Service>(() => Api());
      ^^^
  test/instance/get_instance_test.dart:145:17: Error: Undefined name 'Get'.
      final ct1 = Get.find<Service>();
                  ^^^
  test/instance/get_instance_test.dart:146:17: Error: Undefined name 'Get'.
      final ct2 = Get.find<Service>();
                  ^^^
  test/instance/get_instance_test.dart:150:5: Error: Undefined name 'Get'.
      Get.reset();
      ^^^
  test/instance/get_instance_test.dart:154:17: Error: Undefined name 'Get'.
      tearDownAll(Get.reset);
                  ^^^
  test/instance/get_instance_test.dart:157:24: Error: Undefined name 'Get'.
        final instance = Get.put(DisposableController());
                         ^^^
  test/instance/get_instance_test.dart:158:24: Error: Undefined name 'Get'.
        expect(instance, Get.find<DisposableController>());
                         ^^^
  test/instance/get_instance_test.dart:164:14: Error: Undefined name 'Get'.
        expect(Get.delete<DisposableController>(), true);
               ^^^
  test/instance/get_instance_test.dart:165:20: Error: Undefined name 'Get'.
        expect(() => Get.find<DisposableController>(),
                     ^^^
  test/instance/get_instance_test.dart:171:24: Error: Undefined name 'Get'.
        final instance = Get.put<DisposableController>(DisposableController());
                         ^^^
  test/instance/get_instance_test.dart:172:24: Error: Undefined name 'Get'.
        expect(instance, Get.find<DisposableController>());
                         ^^^
  test/instance/get_instance_test.dart:178:14: Error: Undefined name 'Get'.
      tearDown(Get.reset);
               ^^^
  test/instance/get_instance_test.dart:180:7: Error: Undefined name 'Get'.
        Get.put(DisposableController());
        ^^^
  test/instance/get_instance_test.dart:181:7: Error: Undefined name 'Get'.
        Get.replace<DisposableController>(Controller());
        ^^^
  test/instance/get_instance_test.dart:182:24: Error: Undefined name 'Get'.
        final instance = Get.find<DisposableController>();
                         ^^^
  test/instance/get_instance_test.dart:188:7: Error: Undefined name 'Get'.
        Get.put(DisposableController(), permanent: true);
        ^^^
  test/instance/get_instance_test.dart:189:7: Error: Undefined name 'Get'.
        Get.replace<DisposableController>(Controller());
        ^^^
  test/instance/get_instance_test.dart:190:24: Error: Undefined name 'Get'.
        final instance = Get.find<DisposableController>();
                         ^^^
  test/instance/get_instance_test.dart:197:7: Error: Undefined name 'Get'.
        Get.put(DisposableController(), tag: tag);
        ^^^
  test/instance/get_instance_test.dart:198:7: Error: Undefined name 'Get'.
        Get.replace<DisposableController>(Controller(), tag: tag);
        ^^^
  test/instance/get_instance_test.dart:199:24: Error: Undefined name 'Get'.
        final instance = Get.find<DisposableController>(tag: tag);
                         ^^^
  test/instance/get_instance_test.dart:206:7: Error: Undefined name 'Get'.
        Get.put(DisposableController(), permanent: true, tag: tag);
        ^^^
  test/instance/get_instance_test.dart:207:7: Error: Undefined name 'Get'.
        Get.replace<DisposableController>(Controller(), tag: tag);
        ^^^
  test/instance/get_instance_test.dart:208:24: Error: Undefined name 'Get'.
        final instance = Get.find<DisposableController>(tag: tag);
                         ^^^
  test/instance/get_instance_test.dart:215:7: Error: Undefined name 'Get'.
        Get.put<MyController>(DisposableController(), permanent: true, tag: tag);
        ^^^
  test/instance/get_instance_test.dart:216:7: Error: Undefined name 'Get'.
        Get.replace<MyController>(Controller(), tag: tag);
        ^^^
  test/instance/get_instance_test.dart:217:24: Error: Undefined name 'Get'.
        final instance = Get.find<MyController>(tag: tag);
                         ^^^
  test/instance/get_instance_test.dart:224:14: Error: Undefined name 'Get'.
      tearDown(Get.reset);
               ^^^
  test/instance/get_instance_test.dart:226:7: Error: Undefined name 'Get'.
        Get.put(DisposableController());
        ^^^
  test/instance/get_instance_test.dart:227:7: Error: Undefined name 'Get'.
        Get.lazyReplace<DisposableController>(() => Controller());
        ^^^
  test/instance/get_instance_test.dart:228:24: Error: Undefined name 'Get'.
        final instance = Get.find<DisposableController>();
                         ^^^
  test/instance/get_instance_test.dart:234:7: Error: Undefined name 'Get'.
        Get.put(DisposableController());
        ^^^
  test/instance/get_instance_test.dart:235:7: Error: Undefined name 'Get'.
        Get.lazyReplace<DisposableController>(() => Controller(), fenix: true);
        ^^^
  test/instance/get_instance_test.dart:236:14: Error: Undefined name 'Get'.
        expect(Get.find<DisposableController>(), isA<Controller>());
               ^^^
  test/instance/get_instance_test.dart:237:8: Error: Undefined name 'Get'.
        (Get.find<DisposableController>() as Controller).increment();
         ^^^
  test/instance/get_instance_test.dart:239:15: Error: Undefined name 'Get'.
        expect((Get.find<DisposableController>() as Controller).count, 1);
                ^^^
  test/instance/get_instance_test.dart:240:7: Error: Undefined name 'Get'.
        Get.delete<DisposableController>();
        ^^^
  test/instance/get_instance_test.dart:241:15: Error: Undefined name 'Get'.
        expect((Get.find<DisposableController>() as Controller).count, 0);
                ^^^
  test/instance/get_instance_test.dart:245:7: Error: Undefined name 'Get'.
        Get.put(DisposableController(), permanent: true);
        ^^^
  test/instance/get_instance_test.dart:246:7: Error: Undefined name 'Get'.
        Get.lazyReplace<DisposableController>(() => Controller());
        ^^^
  test/instance/get_instance_test.dart:247:24: Error: Undefined name 'Get'.
        final instance = Get.find<DisposableController>();
                         ^^^
  test/instance/get_instance_test.dart:251:15: Error: Undefined name 'Get'.
        expect((Get.find<DisposableController>() as Controller).count, 1);
                ^^^
  test/instance/get_instance_test.dart:252:7: Error: Undefined name 'Get'.
        Get.delete<DisposableController>();
        ^^^
  test/instance/get_instance_test.dart:253:15: Error: Undefined name 'Get'.
        expect((Get.find<DisposableController>() as Controller).count, 0);
                ^^^
  test/instance/get_instance_test.dart:258:14: Error: Undefined name 'Get'.
      tearDown(Get.reset);
               ^^^
  test/instance/get_instance_test.dart:260:7: Error: Undefined name 'Get'.
        Get.put<int>(1);
        ^^^
  test/instance/get_instance_test.dart:261:21: Error: Undefined name 'Get'.
        int? result = Get.findOrNull<int>();
                      ^^^
  test/instance/get_instance_test.dart:264:7: Error: Undefined name 'Get'.
        Get.delete<int>();
        ^^^
  test/instance/get_instance_test.dart:265:16: Error: Undefined name 'Get'.
        result = Get.findOrNull<int>();
                 ^^^
  test/instance/get_instance_test.dart:280:11: Error: Superclass has no method named 'onInit'.
      super.onInit();
            ^^^^^^
  test/instance/get_instance_test.dart:286:11: Error: Superclass has no method named 'onClose'.
      super.onClose();
            ^^^^^^^
  .

To run this test again: /Users/alamre/development/flutter/bin/cache/dart-sdk/bin/dart test /Users/alamre/dev/2030/jetx/test/instance/get_instance_test.dart -p vm --plain-name 'loading /Users/alamre/dev/2030/jetx/test/instance/get_instance_test.dart'
00:19 +0 -23: loading /Users/alamre/dev/2030/jetx/test/internationalization/internationalization_test.dart [E]                                                                                         
  Error: The Dart compiler exited unexpectedly.
  package:flutter_tools/src/base/common.dart 34:3  throwToolExit
  package:flutter_tools/src/compile.dart 910:11    DefaultResidentCompiler._compile.<fn>
  dart:async/zone.dart 1538:47                     _rootRunUnary
  dart:async/zone.dart 1429:19                     _CustomZone.runUnary
  dart:async/future_impl.dart 948:45               Future._propagateToListeners.handleValueCallback
  dart:async/future_impl.dart 977:13               Future._propagateToListeners
  dart:async/future_impl.dart 862:9                Future._propagateToListeners
  dart:async/future_impl.dart 720:5                Future._completeWithValue
  dart:async/future_impl.dart 804:7                Future._asyncCompleteWithValue.<fn>
  dart:async/zone.dart 1525:13                     _rootRun
  dart:async/zone.dart 1422:19                     _CustomZone.run
  dart:async/zone.dart 1321:7                      _CustomZone.runGuarded
  dart:async/zone.dart 1362:23                     _CustomZone.bindCallbackGuarded.<fn>
  dart:async/schedule_microtask.dart 40:35         _microtaskLoop
  dart:async/schedule_microtask.dart 49:5          _startMicrotaskLoop
  dart:isolate-patch/isolate_patch.dart 127:13     _runPendingImmediateCallback
  dart:isolate-patch/isolate_patch.dart 194:5      _RawReceivePort._handleMessage
  
test/rx/rx_workers_test.dart:4:8: Error: Error when reading 'lib/get.dart': No such file or directory
import 'package:jet/get.dart';
       ^
test/rx/rx_workers_test.dart:10:5: Error: Method not found: 'once'.
    once(count, (dynamic val) {
    ^^^^
test/rx/rx_workers_test.dart:27:5: Error: Method not found: 'ever'.
    ever<int>(count, (value) {
    ^^^^
test/rx/rx_workers_test.dart:44:5: Error: Method not found: 'debounce'.
    debounce(count, (dynamic val) {
    ^^^^^^^^
test/rx/rx_workers_test.dart:62:5: Error: Method not found: 'interval'.
    interval<int>(count, (v) {
    ^^^^^^^^
test/rx/rx_workers_test.dart:100:27: Error: Method not found: 'RxInt'.
    var reactiveInteger = RxInt(2);
                          ^^^^^
test/rx/rx_workers_test.dart:117:27: Error: Method not found: 'RxInt'.
    var reactiveInteger = RxInt(0);
                          ^^^^^
test/rx/rx_workers_test.dart:135:27: Error: Method not found: 'RxInt'.
    var reactiveInteger = RxInt(2);
                          ^^^^^
test/rx/rx_workers_test.dart:153:28: Error: Method not found: 'Rx'.
    final reactiveString = Rx<String>("abc");
                           ^^
test/rx/rx_workers_test.dart:169:26: Error: Method not found: 'Rx'.
    var reactiveString = Rx<String?>(null);
                         ^^
test/rx/rx_workers_test.dart:187:5: Error: Method not found: 'ever'.
    ever<List<int>>(list, (value) {
    ^^^^
test/rx/rx_workers_test.dart:8:21: Error: The getter 'obs' isn't defined for the type 'int'.
Try correcting the name to the name of an existing getter, or defining a getter or field named 'obs'.
    final count = 0.obs;
                    ^^^
test/rx/rx_workers_test.dart:25:21: Error: The getter 'obs' isn't defined for the type 'int'.
Try correcting the name to the name of an existing getter, or defining a getter or field named 'obs'.
    final count = 0.obs;
                    ^^^
test/rx/rx_workers_test.dart:42:21: Error: The getter 'obs' isn't defined for the type 'int'.
Try correcting the name to the name of an existing getter, or defining a getter or field named 'obs'.
    final count = 0.obs;
                    ^^^
test/rx/rx_workers_test.dart:60:21: Error: The getter 'obs' isn't defined for the type 'int'.
Try correcting the name to the name of an existing getter, or defining a getter or field named 'obs'.
    final count = 0.obs;
                    ^^^
test/rx/rx_workers_test.dart:85:18: Error: The getter 'obs' isn't defined for the type 'int'.
Try correcting the name to the name of an existing getter, or defining a getter or field named 'obs'.
    final rx = 0.obs;
                 ^^^
test/rx/rx_workers_test.dart:185:28: Error: The getter 'obs' isn't defined for the type 'List<int>'.
 - 'List' is from 'dart:core'.
Try correcting the name to the name of an existing getter, or defining a getter or field named 'obs'.
    final list = [1, 2, 3].obs;
                           ^^^
00:20 +0 -24: loading /Users/alamre/dev/2030/jetx/test/rx/rx_workers_test.dart [E]                                                                                                                     
  Failed to load "/Users/alamre/dev/2030/jetx/test/rx/rx_workers_test.dart":
  Compilation failed for testPath=/Users/alamre/dev/2030/jetx/test/rx/rx_workers_test.dart: test/rx/rx_workers_test.dart:4:8: Error: Error when reading 'lib/get.dart': No such file or directory
  import 'package:jet/get.dart';
         ^
  test/rx/rx_workers_test.dart:10:5: Error: Method not found: 'once'.
      once(count, (dynamic val) {
      ^^^^
  test/rx/rx_workers_test.dart:27:5: Error: Method not found: 'ever'.
      ever<int>(count, (value) {
      ^^^^
  test/rx/rx_workers_test.dart:44:5: Error: Method not found: 'debounce'.
      debounce(count, (dynamic val) {
      ^^^^^^^^
  test/rx/rx_workers_test.dart:62:5: Error: Method not found: 'interval'.
      interval<int>(count, (v) {
      ^^^^^^^^
  test/rx/rx_workers_test.dart:100:27: Error: Method not found: 'RxInt'.
      var reactiveInteger = RxInt(2);
                            ^^^^^
  test/rx/rx_workers_test.dart:117:27: Error: Method not found: 'RxInt'.
      var reactiveInteger = RxInt(0);
                            ^^^^^
  test/rx/rx_workers_test.dart:135:27: Error: Method not found: 'RxInt'.
      var reactiveInteger = RxInt(2);
                            ^^^^^
  test/rx/rx_workers_test.dart:153:28: Error: Method not found: 'Rx'.
      final reactiveString = Rx<String>("abc");
                             ^^
  test/rx/rx_workers_test.dart:169:26: Error: Method not found: 'Rx'.
      var reactiveString = Rx<String?>(null);
                           ^^
  test/rx/rx_workers_test.dart:187:5: Error: Method not found: 'ever'.
      ever<List<int>>(list, (value) {
      ^^^^
  test/rx/rx_workers_test.dart:8:21: Error: The getter 'obs' isn't defined for the type 'int'.
  Try correcting the name to the name of an existing getter, or defining a getter or field named 'obs'.
      final count = 0.obs;
                      ^^^
  test/rx/rx_workers_test.dart:25:21: Error: The getter 'obs' isn't defined for the type 'int'.
  Try correcting the name to the name of an existing getter, or defining a getter or field named 'obs'.
      final count = 0.obs;
                      ^^^
  test/rx/rx_workers_test.dart:42:21: Error: The getter 'obs' isn't defined for the type 'int'.
  Try correcting the name to the name of an existing getter, or defining a getter or field named 'obs'.
      final count = 0.obs;
                      ^^^
  test/rx/rx_workers_test.dart:60:21: Error: The getter 'obs' isn't defined for the type 'int'.
  Try correcting the name to the name of an existing getter, or defining a getter or field named 'obs'.
      final count = 0.obs;
                      ^^^
  test/rx/rx_workers_test.dart:85:18: Error: The getter 'obs' isn't defined for the type 'int'.
  Try correcting the name to the name of an existing getter, or defining a getter or field named 'obs'.
      final rx = 0.obs;
                   ^^^
  test/rx/rx_workers_test.dart:185:28: Error: The getter 'obs' isn't defined for the type 'List<int>'.
   - 'List' is from 'dart:core'.
  Try correcting the name to the name of an existing getter, or defining a getter or field named 'obs'.
      final list = [1, 2, 3].obs;
                             ^^^
  .

To run this test again: /Users/alamre/development/flutter/bin/cache/dart-sdk/bin/dart test /Users/alamre/dev/2030/jetx/test/rx/rx_workers_test.dart -p vm --plain-name 'loading /Users/alamre/dev/2030/jetx/test/rx/rx_workers_test.dart'
00:20 +0 -24: loading /Users/alamre/dev/2030/jetx/test/internationalization/internationalization_test.dart [E]                                                                                         
  Error: The Dart compiler exited unexpectedly.
  package:flutter_tools/src/base/common.dart 34:3  throwToolExit
  package:flutter_tools/src/compile.dart 910:11    DefaultResidentCompiler._compile.<fn>
  dart:async/zone.dart 1538:47                     _rootRunUnary
  dart:async/zone.dart 1429:19                     _CustomZone.runUnary
  dart:async/future_impl.dart 948:45               Future._propagateToListeners.handleValueCallback
  dart:async/future_impl.dart 977:13               Future._propagateToListeners
  dart:async/future_impl.dart 862:9                Future._propagateToListeners
  dart:async/future_impl.dart 720:5                Future._completeWithValue
  dart:async/future_impl.dart 804:7                Future._asyncCompleteWithValue.<fn>
  dart:async/zone.dart 1525:13                     _rootRun
  dart:async/zone.dart 1422:19                     _CustomZone.run
  dart:async/zone.dart 1321:7                      _CustomZone.runGuarded
  dart:async/zone.dart 1362:23                     _CustomZone.bindCallbackGuarded.<fn>
  dart:async/schedule_microtask.dart 40:35         _microtaskLoop
  dart:async/schedule_microtask.dart 49:5          _startMicrotaskLoop
  dart:isolate-patch/isolate_patch.dart 127:13     _runPendingImmediateCallback
  dart:isolate-patch/isolate_patch.dart 194:5      _RawReceivePort._handleMessage
  
test/animations/extensions_test.dart:3:8: Error: Error when reading 'lib/get.dart': No such file or directory
import 'package:jet/get.dart';
       ^
test/animations/extensions_test.dart:200:12: Error: Type 'GetAnimatedBuilder' not found.
  required GetAnimatedBuilder animation,
           ^^^^^^^^^^^^^^^^^^
test/animations/extensions_test.dart:58:29: Error: 'FadeInAnimation' isn't a type.
      expect(animation, isA<FadeInAnimation>());
                            ^^^^^^^^^^^^^^^
test/animations/extensions_test.dart:70:29: Error: 'FadeOutAnimation' isn't a type.
      expect(animation, isA<FadeOutAnimation>());
                            ^^^^^^^^^^^^^^^^
test/animations/extensions_test.dart:83:29: Error: 'RotateAnimation' isn't a type.
      expect(animation, isA<RotateAnimation>());
                            ^^^^^^^^^^^^^^^
test/animations/extensions_test.dart:96:29: Error: 'ScaleAnimation' isn't a type.
      expect(animation, isA<ScaleAnimation>());
                            ^^^^^^^^^^^^^^
test/animations/extensions_test.dart:109:29: Error: 'SlideAnimation' isn't a type.
      expect(animation, isA<SlideAnimation>());
                            ^^^^^^^^^^^^^^
test/animations/extensions_test.dart:122:29: Error: 'BounceAnimation' isn't a type.
      expect(animation, isA<BounceAnimation>());
                            ^^^^^^^^^^^^^^^
test/animations/extensions_test.dart:139:29: Error: 'SpinAnimation' isn't a type.
      expect(animation, isA<SpinAnimation>());
                            ^^^^^^^^^^^^^
test/animations/extensions_test.dart:152:29: Error: 'SizeAnimation' isn't a type.
      expect(animation, isA<SizeAnimation>());
                            ^^^^^^^^^^^^^
test/animations/extensions_test.dart:165:29: Error: 'BlurAnimation' isn't a type.
      expect(animation, isA<BlurAnimation>());
                            ^^^^^^^^^^^^^
test/animations/extensions_test.dart:178:29: Error: 'FlipAnimation' isn't a type.
      expect(animation, isA<FlipAnimation>());
                            ^^^^^^^^^^^^^
test/animations/extensions_test.dart:191:29: Error: 'WaveAnimation' isn't a type.
      expect(animation, isA<WaveAnimation>());
                            ^^^^^^^^^^^^^
test/animations/extensions_test.dart:19:27: Error: The method 'fadeIn' isn't defined for the type 'Widget'.
 - 'Widget' is from 'package:flutter/src/widgets/framework.dart' ('../../../development/flutter/packages/flutter/lib/src/widgets/framework.dart').
Try correcting the name to the name of an existing method, or defining a method named 'fadeIn'.
      expect(() => widget.fadeIn().fadeOut(), throwsAssertionError);
                          ^^^^^^
test/animations/extensions_test.dart:20:27: Error: The method 'fadeOut' isn't defined for the type 'Widget'.
 - 'Widget' is from 'package:flutter/src/widgets/framework.dart' ('../../../development/flutter/packages/flutter/lib/src/widgets/framework.dart').
Try correcting the name to the name of an existing method, or defining a method named 'fadeOut'.
      expect(() => widget.fadeOut().fadeIn(), throwsAssertionError);
                          ^^^^^^^
test/animations/extensions_test.dart:22:27: Error: The method 'fadeIn' isn't defined for the type 'Widget'.
 - 'Widget' is from 'package:flutter/src/widgets/framework.dart' ('../../../development/flutter/packages/flutter/lib/src/widgets/framework.dart').
Try correcting the name to the name of an existing method, or defining a method named 'fadeIn'.
      expect(() => widget.fadeIn(isSequential: true).fadeOut(),
                          ^^^^^^
test/animations/extensions_test.dart:24:27: Error: The method 'fadeOut' isn't defined for the type 'Widget'.
 - 'Widget' is from 'package:flutter/src/widgets/framework.dart' ('../../../development/flutter/packages/flutter/lib/src/widgets/framework.dart').
Try correcting the name to the name of an existing method, or defining a method named 'fadeOut'.
      expect(() => widget.fadeOut(isSequential: true).fadeIn(),
                          ^^^^^^^
test/animations/extensions_test.dart:33:24: Error: The method 'fadeIn' isn't defined for the type 'Widget'.
 - 'Widget' is from 'package:flutter/src/widgets/framework.dart' ('../../../development/flutter/packages/flutter/lib/src/widgets/framework.dart').
Try correcting the name to the name of an existing method, or defining a method named 'fadeIn'.
          () => widget.fadeIn(
                       ^^^^^^
test/animations/extensions_test.dart:44:24: Error: The method 'fadeIn' isn't defined for the type 'Widget'.
 - 'Widget' is from 'package:flutter/src/widgets/framework.dart' ('../../../development/flutter/packages/flutter/lib/src/widgets/framework.dart').
Try correcting the name to the name of an existing method, or defining a method named 'fadeIn'.
          () => widget.fadeIn(isSequential: true).fadeOut(isSequential: true),
                       ^^^^^^
test/animations/extensions_test.dart:47:27: Error: The method 'fadeIn' isn't defined for the type 'Widget'.
 - 'Widget' is from 'package:flutter/src/widgets/framework.dart' ('../../../development/flutter/packages/flutter/lib/src/widgets/framework.dart').
Try correcting the name to the name of an existing method, or defining a method named 'fadeIn'.
      expect(() => widget.fadeIn().fadeOut(isSequential: true),
                          ^^^^^^
test/animations/extensions_test.dart:56:32: Error: The method 'fadeIn' isn't defined for the type 'Widget'.
 - 'Widget' is from 'package:flutter/src/widgets/framework.dart' ('../../../development/flutter/packages/flutter/lib/src/widgets/framework.dart').
Try correcting the name to the name of an existing method, or defining a method named 'fadeIn'.
      final animation = widget.fadeIn();
                               ^^^^^^
test/animations/extensions_test.dart:68:32: Error: The method 'fadeOut' isn't defined for the type 'Widget'.
 - 'Widget' is from 'package:flutter/src/widgets/framework.dart' ('../../../development/flutter/packages/flutter/lib/src/widgets/framework.dart').
Try correcting the name to the name of an existing method, or defining a method named 'fadeOut'.
      final animation = widget.fadeOut();
                               ^^^^^^^
test/animations/extensions_test.dart:81:32: Error: The method 'rotate' isn't defined for the type 'Widget'.
 - 'Widget' is from 'package:flutter/src/widgets/framework.dart' ('../../../development/flutter/packages/flutter/lib/src/widgets/framework.dart').
Try correcting the name to the name of an existing method, or defining a method named 'rotate'.
      final animation = widget.rotate(begin: begin, end: end);
                               ^^^^^^
test/animations/extensions_test.dart:94:32: Error: The method 'scale' isn't defined for the type 'Widget'.
 - 'Widget' is from 'package:flutter/src/widgets/framework.dart' ('../../../development/flutter/packages/flutter/lib/src/widgets/framework.dart').
Try correcting the name to the name of an existing method, or defining a method named 'scale'.
      final animation = widget.scale(begin: begin, end: end);
                               ^^^^^
test/animations/extensions_test.dart:107:32: Error: The method 'slide' isn't defined for the type 'Widget'.
 - 'Widget' is from 'package:flutter/src/widgets/framework.dart' ('../../../development/flutter/packages/flutter/lib/src/widgets/framework.dart').
Try correcting the name to the name of an existing method, or defining a method named 'slide'.
      final animation = widget.slide(offset: (_, __) => const Offset(0, 0));
                               ^^^^^
test/animations/extensions_test.dart:120:32: Error: The method 'bounce' isn't defined for the type 'Widget'.
 - 'Widget' is from 'package:flutter/src/widgets/framework.dart' ('../../../development/flutter/packages/flutter/lib/src/widgets/framework.dart').
Try correcting the name to the name of an existing method, or defining a method named 'bounce'.
      final animation = widget.bounce(begin: begin, end: end);
                               ^^^^^^
test/animations/extensions_test.dart:137:32: Error: The method 'spin' isn't defined for the type 'Widget'.
 - 'Widget' is from 'package:flutter/src/widgets/framework.dart' ('../../../development/flutter/packages/flutter/lib/src/widgets/framework.dart').
Try correcting the name to the name of an existing method, or defining a method named 'spin'.
      final animation = widget.spin();
                               ^^^^
test/animations/extensions_test.dart:150:32: Error: The method 'size' isn't defined for the type 'Widget'.
 - 'Widget' is from 'package:flutter/src/widgets/framework.dart' ('../../../development/flutter/packages/flutter/lib/src/widgets/framework.dart').
Try correcting the name to the name of an existing method, or defining a method named 'size'.
      final animation = widget.size(begin: begin, end: end);
                               ^^^^
test/animations/extensions_test.dart:163:32: Error: The method 'blur' isn't defined for the type 'Widget'.
 - 'Widget' is from 'package:flutter/src/widgets/framework.dart' ('../../../development/flutter/packages/flutter/lib/src/widgets/framework.dart').
Try correcting the name to the name of an existing method, or defining a method named 'blur'.
      final animation = widget.blur(begin: begin, end: end);
                               ^^^^
test/animations/extensions_test.dart:176:32: Error: The method 'flip' isn't defined for the type 'Widget'.
 - 'Widget' is from 'package:flutter/src/widgets/framework.dart' ('../../../development/flutter/packages/flutter/lib/src/widgets/framework.dart').
Try correcting the name to the name of an existing method, or defining a method named 'flip'.
      final animation = widget.flip(begin: begin, end: end);
                               ^^^^
test/animations/extensions_test.dart:189:32: Error: The method 'wave' isn't defined for the type 'Widget'.
 - 'Widget' is from 'package:flutter/src/widgets/framework.dart' ('../../../development/flutter/packages/flutter/lib/src/widgets/framework.dart').
Try correcting the name to the name of an existing method, or defining a method named 'wave'.
      final animation = widget.wave(begin: begin, end: end);
                               ^^^^
test/animations/extensions_test.dart:200:12: Error: 'GetAnimatedBuilder' isn't a type.
  required GetAnimatedBuilder animation,
           ^^^^^^^^^^^^^^^^^^
test/animations/extensions_test.dart:210:27: Error: 'FadeOutAnimation' isn't a type.
  } else if (animation is FadeOutAnimation) {
                          ^^^^^^^^^^^^^^^^
00:20 +0 -25: loading /Users/alamre/dev/2030/jetx/test/animations/extensions_test.dart [E]                                                                                                             
  Failed to load "/Users/alamre/dev/2030/jetx/test/animations/extensions_test.dart":
  Compilation failed for testPath=/Users/alamre/dev/2030/jetx/test/animations/extensions_test.dart: test/animations/extensions_test.dart:3:8: Error: Error when reading 'lib/get.dart': No such file or directory
  import 'package:jet/get.dart';
         ^
  test/animations/extensions_test.dart:200:12: Error: Type 'GetAnimatedBuilder' not found.
    required GetAnimatedBuilder animation,
             ^^^^^^^^^^^^^^^^^^
  test/animations/extensions_test.dart:58:29: Error: 'FadeInAnimation' isn't a type.
        expect(animation, isA<FadeInAnimation>());
                              ^^^^^^^^^^^^^^^
  test/animations/extensions_test.dart:70:29: Error: 'FadeOutAnimation' isn't a type.
        expect(animation, isA<FadeOutAnimation>());
                              ^^^^^^^^^^^^^^^^
  test/animations/extensions_test.dart:83:29: Error: 'RotateAnimation' isn't a type.
        expect(animation, isA<RotateAnimation>());
                              ^^^^^^^^^^^^^^^
  test/animations/extensions_test.dart:96:29: Error: 'ScaleAnimation' isn't a type.
        expect(animation, isA<ScaleAnimation>());
                              ^^^^^^^^^^^^^^
  test/animations/extensions_test.dart:109:29: Error: 'SlideAnimation' isn't a type.
        expect(animation, isA<SlideAnimation>());
                              ^^^^^^^^^^^^^^
  test/animations/extensions_test.dart:122:29: Error: 'BounceAnimation' isn't a type.
        expect(animation, isA<BounceAnimation>());
                              ^^^^^^^^^^^^^^^
  test/animations/extensions_test.dart:139:29: Error: 'SpinAnimation' isn't a type.
        expect(animation, isA<SpinAnimation>());
                              ^^^^^^^^^^^^^
  test/animations/extensions_test.dart:152:29: Error: 'SizeAnimation' isn't a type.
        expect(animation, isA<SizeAnimation>());
                              ^^^^^^^^^^^^^
  test/animations/extensions_test.dart:165:29: Error: 'BlurAnimation' isn't a type.
        expect(animation, isA<BlurAnimation>());
                              ^^^^^^^^^^^^^
  test/animations/extensions_test.dart:178:29: Error: 'FlipAnimation' isn't a type.
        expect(animation, isA<FlipAnimation>());
                              ^^^^^^^^^^^^^
  test/animations/extensions_test.dart:191:29: Error: 'WaveAnimation' isn't a type.
        expect(animation, isA<WaveAnimation>());
                              ^^^^^^^^^^^^^
  test/animations/extensions_test.dart:19:27: Error: The method 'fadeIn' isn't defined for the type 'Widget'.
   - 'Widget' is from 'package:flutter/src/widgets/framework.dart' ('../../../development/flutter/packages/flutter/lib/src/widgets/framework.dart').
  Try correcting the name to the name of an existing method, or defining a method named 'fadeIn'.
        expect(() => widget.fadeIn().fadeOut(), throwsAssertionError);
                            ^^^^^^
  test/animations/extensions_test.dart:20:27: Error: The method 'fadeOut' isn't defined for the type 'Widget'.
   - 'Widget' is from 'package:flutter/src/widgets/framework.dart' ('../../../development/flutter/packages/flutter/lib/src/widgets/framework.dart').
  Try correcting the name to the name of an existing method, or defining a method named 'fadeOut'.
        expect(() => widget.fadeOut().fadeIn(), throwsAssertionError);
                            ^^^^^^^
  test/animations/extensions_test.dart:22:27: Error: The method 'fadeIn' isn't defined for the type 'Widget'.
   - 'Widget' is from 'package:flutter/src/widgets/framework.dart' ('../../../development/flutter/packages/flutter/lib/src/widgets/framework.dart').
  Try correcting the name to the name of an existing method, or defining a method named 'fadeIn'.
        expect(() => widget.fadeIn(isSequential: true).fadeOut(),
                            ^^^^^^
  test/animations/extensions_test.dart:24:27: Error: The method 'fadeOut' isn't defined for the type 'Widget'.
   - 'Widget' is from 'package:flutter/src/widgets/framework.dart' ('../../../development/flutter/packages/flutter/lib/src/widgets/framework.dart').
  Try correcting the name to the name of an existing method, or defining a method named 'fadeOut'.
        expect(() => widget.fadeOut(isSequential: true).fadeIn(),
                            ^^^^^^^
  test/animations/extensions_test.dart:33:24: Error: The method 'fadeIn' isn't defined for the type 'Widget'.
   - 'Widget' is from 'package:flutter/src/widgets/framework.dart' ('../../../development/flutter/packages/flutter/lib/src/widgets/framework.dart').
  Try correcting the name to the name of an existing method, or defining a method named 'fadeIn'.
            () => widget.fadeIn(
                         ^^^^^^
  test/animations/extensions_test.dart:44:24: Error: The method 'fadeIn' isn't defined for the type 'Widget'.
   - 'Widget' is from 'package:flutter/src/widgets/framework.dart' ('../../../development/flutter/packages/flutter/lib/src/widgets/framework.dart').
  Try correcting the name to the name of an existing method, or defining a method named 'fadeIn'.
            () => widget.fadeIn(isSequential: true).fadeOut(isSequential: true),
                         ^^^^^^
  test/animations/extensions_test.dart:47:27: Error: The method 'fadeIn' isn't defined for the type 'Widget'.
   - 'Widget' is from 'package:flutter/src/widgets/framework.dart' ('../../../development/flutter/packages/flutter/lib/src/widgets/framework.dart').
  Try correcting the name to the name of an existing method, or defining a method named 'fadeIn'.
        expect(() => widget.fadeIn().fadeOut(isSequential: true),
                            ^^^^^^
  test/animations/extensions_test.dart:56:32: Error: The method 'fadeIn' isn't defined for the type 'Widget'.
   - 'Widget' is from 'package:flutter/src/widgets/framework.dart' ('../../../development/flutter/packages/flutter/lib/src/widgets/framework.dart').
  Try correcting the name to the name of an existing method, or defining a method named 'fadeIn'.
        final animation = widget.fadeIn();
                                 ^^^^^^
  test/animations/extensions_test.dart:68:32: Error: The method 'fadeOut' isn't defined for the type 'Widget'.
   - 'Widget' is from 'package:flutter/src/widgets/framework.dart' ('../../../development/flutter/packages/flutter/lib/src/widgets/framework.dart').
  Try correcting the name to the name of an existing method, or defining a method named 'fadeOut'.
        final animation = widget.fadeOut();
                                 ^^^^^^^
  test/animations/extensions_test.dart:81:32: Error: The method 'rotate' isn't defined for the type 'Widget'.
   - 'Widget' is from 'package:flutter/src/widgets/framework.dart' ('../../../development/flutter/packages/flutter/lib/src/widgets/framework.dart').
  Try correcting the name to the name of an existing method, or defining a method named 'rotate'.
        final animation = widget.rotate(begin: begin, end: end);
                                 ^^^^^^
  test/animations/extensions_test.dart:94:32: Error: The method 'scale' isn't defined for the type 'Widget'.
   - 'Widget' is from 'package:flutter/src/widgets/framework.dart' ('../../../development/flutter/packages/flutter/lib/src/widgets/framework.dart').
  Try correcting the name to the name of an existing method, or defining a method named 'scale'.
        final animation = widget.scale(begin: begin, end: end);
                                 ^^^^^
  test/animations/extensions_test.dart:107:32: Error: The method 'slide' isn't defined for the type 'Widget'.
   - 'Widget' is from 'package:flutter/src/widgets/framework.dart' ('../../../development/flutter/packages/flutter/lib/src/widgets/framework.dart').
  Try correcting the name to the name of an existing method, or defining a method named 'slide'.
        final animation = widget.slide(offset: (_, __) => const Offset(0, 0));
                                 ^^^^^
  test/animations/extensions_test.dart:120:32: Error: The method 'bounce' isn't defined for the type 'Widget'.
   - 'Widget' is from 'package:flutter/src/widgets/framework.dart' ('../../../development/flutter/packages/flutter/lib/src/widgets/framework.dart').
  Try correcting the name to the name of an existing method, or defining a method named 'bounce'.
        final animation = widget.bounce(begin: begin, end: end);
                                 ^^^^^^
  test/animations/extensions_test.dart:137:32: Error: The method 'spin' isn't defined for the type 'Widget'.
   - 'Widget' is from 'package:flutter/src/widgets/framework.dart' ('../../../development/flutter/packages/flutter/lib/src/widgets/framework.dart').
  Try correcting the name to the name of an existing method, or defining a method named 'spin'.
        final animation = widget.spin();
                                 ^^^^
  test/animations/extensions_test.dart:150:32: Error: The method 'size' isn't defined for the type 'Widget'.
   - 'Widget' is from 'package:flutter/src/widgets/framework.dart' ('../../../development/flutter/packages/flutter/lib/src/widgets/framework.dart').
  Try correcting the name to the name of an existing method, or defining a method named 'size'.
        final animation = widget.size(begin: begin, end: end);
                                 ^^^^
  test/animations/extensions_test.dart:163:32: Error: The method 'blur' isn't defined for the type 'Widget'.
   - 'Widget' is from 'package:flutter/src/widgets/framework.dart' ('../../../development/flutter/packages/flutter/lib/src/widgets/framework.dart').
  Try correcting the name to the name of an existing method, or defining a method named 'blur'.
        final animation = widget.blur(begin: begin, end: end);
                                 ^^^^
  test/animations/extensions_test.dart:176:32: Error: The method 'flip' isn't defined for the type 'Widget'.
   - 'Widget' is from 'package:flutter/src/widgets/framework.dart' ('../../../development/flutter/packages/flutter/lib/src/widgets/framework.dart').
  Try correcting the name to the name of an existing method, or defining a method named 'flip'.
        final animation = widget.flip(begin: begin, end: end);
                                 ^^^^
  test/animations/extensions_test.dart:189:32: Error: The method 'wave' isn't defined for the type 'Widget'.
   - 'Widget' is from 'package:flutter/src/widgets/framework.dart' ('../../../development/flutter/packages/flutter/lib/src/widgets/framework.dart').
  Try correcting the name to the name of an existing method, or defining a method named 'wave'.
        final animation = widget.wave(begin: begin, end: end);
                                 ^^^^
  test/animations/extensions_test.dart:200:12: Error: 'GetAnimatedBuilder' isn't a type.
    required GetAnimatedBuilder animation,
             ^^^^^^^^^^^^^^^^^^
  test/animations/extensions_test.dart:210:27: Error: 'FadeOutAnimation' isn't a type.
    } else if (animation is FadeOutAnimation) {
                            ^^^^^^^^^^^^^^^^
  .

To run this test again: /Users/alamre/development/flutter/bin/cache/dart-sdk/bin/dart test /Users/alamre/dev/2030/jetx/test/animations/extensions_test.dart -p vm --plain-name 'loading /Users/alamre/dev/2030/jetx/test/animations/extensions_test.dart'
00:20 +0 -25: loading /Users/alamre/dev/2030/jetx/test/internationalization/internationalization_test.dart [E]                                                                                         
  Error: The Dart compiler exited unexpectedly.
  package:flutter_tools/src/base/common.dart 34:3  throwToolExit
  package:flutter_tools/src/compile.dart 910:11    DefaultResidentCompiler._compile.<fn>
  dart:async/zone.dart 1538:47                     _rootRunUnary
  dart:async/zone.dart 1429:19                     _CustomZone.runUnary
  dart:async/future_impl.dart 948:45               Future._propagateToListeners.handleValueCallback
  dart:async/future_impl.dart 977:13               Future._propagateToListeners
  dart:async/future_impl.dart 862:9                Future._propagateToListeners
  dart:async/future_impl.dart 720:5                Future._completeWithValue
  dart:async/future_impl.dart 804:7                Future._asyncCompleteWithValue.<fn>
  dart:async/zone.dart 1525:13                     _rootRun
  dart:async/zone.dart 1422:19                     _CustomZone.run
  dart:async/zone.dart 1321:7                      _CustomZone.runGuarded
  dart:async/zone.dart 1362:23                     _CustomZone.bindCallbackGuarded.<fn>
  dart:async/schedule_microtask.dart 40:35         _microtaskLoop
  dart:async/schedule_microtask.dart 49:5          _startMicrotaskLoop
  dart:isolate-patch/isolate_patch.dart 127:13     _runPendingImmediateCallback
  dart:isolate-patch/isolate_patch.dart 194:5      _RawReceivePort._handleMessage
  
test/animations/get_animated_builder_test.dart:3:8: Error: Error when reading 'lib/get.dart': No such file or directory
import 'package:jet/get.dart';
       ^
test/animations/get_animated_builder_test.dart:21:16: Error: Method not found: 'GetAnimatedBuilder'.
        child: GetAnimatedBuilder<int>(
               ^^^^^^^^^^^^^^^^^^
test/animations/get_animated_builder_test.dart:45:16: Error: Method not found: 'GetAnimatedBuilder'.
        child: GetAnimatedBuilder<double>(
               ^^^^^^^^^^^^^^^^^^
test/animations/get_animated_builder_test.dart:97:16: Error: Method not found: 'GetAnimatedBuilder'.
        child: GetAnimatedBuilder<int>(
               ^^^^^^^^^^^^^^^^^^
test/animations/get_animated_builder_test.dart:129:16: Error: Method not found: 'GetAnimatedBuilder'.
        child: GetAnimatedBuilder(
               ^^^^^^^^^^^^^^^^^^
test/animations/get_animated_builder_test.dart:152:16: Error: Method not found: 'GetAnimatedBuilder'.
        child: GetAnimatedBuilder<int>(
               ^^^^^^^^^^^^^^^^^^
test/animations/get_animated_builder_test.dart:184:16: Error: Method not found: 'FadeInAnimation'.
        child: FadeInAnimation(
               ^^^^^^^^^^^^^^^
test/animations/get_animated_builder_test.dart:246:20: Error: 'GetAnimatedBuilderState' isn't a type.
            .state<GetAnimatedBuilderState>(find.byType(FadeOutAnimation))
                   ^^^^^^^^^^^^^^^^^^^^^^^
test/animations/get_animated_builder_test.dart:246:57: Error: Undefined name 'FadeOutAnimation'.
            .state<GetAnimatedBuilderState>(find.byType(FadeOutAnimation))
                                                        ^^^^^^^^^^^^^^^^
test/animations/get_animated_builder_test.dart:256:20: Error: 'GetAnimatedBuilderState' isn't a type.
            .state<GetAnimatedBuilderState>(find.byType(FadeOutAnimation))
                   ^^^^^^^^^^^^^^^^^^^^^^^
test/animations/get_animated_builder_test.dart:256:57: Error: Undefined name 'FadeOutAnimation'.
            .state<GetAnimatedBuilderState>(find.byType(FadeOutAnimation))
                                                        ^^^^^^^^^^^^^^^^
test/animations/get_animated_builder_test.dart:283:20: Error: 'GetAnimatedBuilderState' isn't a type.
            .state<GetAnimatedBuilderState>(find.byType(FadeOutAnimation))
                   ^^^^^^^^^^^^^^^^^^^^^^^
test/animations/get_animated_builder_test.dart:283:57: Error: Undefined name 'FadeOutAnimation'.
            .state<GetAnimatedBuilderState>(find.byType(FadeOutAnimation))
                                                        ^^^^^^^^^^^^^^^^
test/animations/get_animated_builder_test.dart:293:20: Error: 'GetAnimatedBuilderState' isn't a type.
            .state<GetAnimatedBuilderState>(find.byType(FadeOutAnimation))
                   ^^^^^^^^^^^^^^^^^^^^^^^
test/animations/get_animated_builder_test.dart:293:57: Error: Undefined name 'FadeOutAnimation'.
            .state<GetAnimatedBuilderState>(find.byType(FadeOutAnimation))
                                                        ^^^^^^^^^^^^^^^^
test/animations/get_animated_builder_test.dart:302:7: Error: Method not found: 'RotateAnimation'.
      RotateAnimation(
      ^^^^^^^^^^^^^^^
test/animations/get_animated_builder_test.dart:310:24: Error: Undefined name 'RotateAnimation'.
    expect(find.byType(RotateAnimation), findsOneWidget);
                       ^^^^^^^^^^^^^^^
test/animations/get_animated_builder_test.dart:316:7: Error: Method not found: 'ScaleAnimation'.
      ScaleAnimation(
      ^^^^^^^^^^^^^^
test/animations/get_animated_builder_test.dart:324:24: Error: Undefined name 'ScaleAnimation'.
    expect(find.byType(ScaleAnimation), findsOneWidget);
                       ^^^^^^^^^^^^^^
test/animations/get_animated_builder_test.dart:330:7: Error: Method not found: 'WaveAnimation'.
      WaveAnimation(
      ^^^^^^^^^^^^^
test/animations/get_animated_builder_test.dart:338:24: Error: Undefined name 'WaveAnimation'.
    expect(find.byType(WaveAnimation), findsOneWidget);
                       ^^^^^^^^^^^^^
test/animations/get_animated_builder_test.dart:344:7: Error: Method not found: 'WobbleAnimation'.
      WobbleAnimation(
      ^^^^^^^^^^^^^^^
test/animations/get_animated_builder_test.dart:352:24: Error: Undefined name 'WobbleAnimation'.
    expect(find.byType(WobbleAnimation), findsOneWidget);
                       ^^^^^^^^^^^^^^^
test/animations/get_animated_builder_test.dart:358:7: Error: Method not found: 'SlideAnimation'.
      SlideAnimation(
      ^^^^^^^^^^^^^^
test/animations/get_animated_builder_test.dart:367:24: Error: Undefined name 'SlideAnimation'.
    expect(find.byType(SlideAnimation), findsOneWidget);
                       ^^^^^^^^^^^^^^
test/animations/get_animated_builder_test.dart:374:16: Error: Method not found: 'SlideInLeftAnimation'.
        child: SlideInLeftAnimation(
               ^^^^^^^^^^^^^^^^^^^^
test/animations/get_animated_builder_test.dart:383:24: Error: Undefined name 'SlideInLeftAnimation'.
    expect(find.byType(SlideInLeftAnimation), findsOneWidget);
                       ^^^^^^^^^^^^^^^^^^^^
test/animations/get_animated_builder_test.dart:390:16: Error: Method not found: 'SlideInRightAnimation'.
        child: SlideInRightAnimation(
               ^^^^^^^^^^^^^^^^^^^^^
test/animations/get_animated_builder_test.dart:399:24: Error: Undefined name 'SlideInRightAnimation'.
    expect(find.byType(SlideInRightAnimation), findsOneWidget);
                       ^^^^^^^^^^^^^^^^^^^^^
test/animations/get_animated_builder_test.dart:406:16: Error: Method not found: 'SlideInUpAnimation'.
        child: SlideInUpAnimation(
               ^^^^^^^^^^^^^^^^^^
test/animations/get_animated_builder_test.dart:415:24: Error: Undefined name 'SlideInUpAnimation'.
    expect(find.byType(SlideInUpAnimation), findsOneWidget);
                       ^^^^^^^^^^^^^^^^^^
test/animations/get_animated_builder_test.dart:422:16: Error: Method not found: 'SlideInDownAnimation'.
        child: SlideInDownAnimation(
               ^^^^^^^^^^^^^^^^^^^^
test/animations/get_animated_builder_test.dart:431:24: Error: Undefined name 'SlideInDownAnimation'.
    expect(find.byType(SlideInDownAnimation), findsOneWidget);
                       ^^^^^^^^^^^^^^^^^^^^
test/animations/get_animated_builder_test.dart:437:7: Error: Method not found: 'BounceAnimation'.
      BounceAnimation(
      ^^^^^^^^^^^^^^^
test/animations/get_animated_builder_test.dart:445:24: Error: Undefined name 'BounceAnimation'.
    expect(find.byType(BounceAnimation), findsOneWidget);
                       ^^^^^^^^^^^^^^^
test/animations/get_animated_builder_test.dart:451:7: Error: Method not found: 'SpinAnimation'.
      SpinAnimation(
      ^^^^^^^^^^^^^
test/animations/get_animated_builder_test.dart:457:24: Error: Undefined name 'SpinAnimation'.
    expect(find.byType(SpinAnimation), findsOneWidget);
                       ^^^^^^^^^^^^^
test/animations/get_animated_builder_test.dart:463:7: Error: Method not found: 'ColorAnimation'.
      ColorAnimation(
      ^^^^^^^^^^^^^^
test/animations/get_animated_builder_test.dart:471:24: Error: Undefined name 'ColorAnimation'.
    expect(find.byType(ColorAnimation), findsOneWidget);
                       ^^^^^^^^^^^^^^
test/animations/get_animated_builder_test.dart:477:7: Error: Method not found: 'SizeAnimation'.
      SizeAnimation(
      ^^^^^^^^^^^^^
test/animations/get_animated_builder_test.dart:485:24: Error: Undefined name 'SizeAnimation'.
    expect(find.byType(SizeAnimation), findsOneWidget);
                       ^^^^^^^^^^^^^
test/animations/get_animated_builder_test.dart:491:7: Error: Method not found: 'BlurAnimation'.
      BlurAnimation(
      ^^^^^^^^^^^^^
test/animations/get_animated_builder_test.dart:499:24: Error: Undefined name 'BlurAnimation'.
    expect(find.byType(BlurAnimation), findsOneWidget);
                       ^^^^^^^^^^^^^
test/animations/get_animated_builder_test.dart:505:7: Error: Method not found: 'FlipAnimation'.
      FlipAnimation(
      ^^^^^^^^^^^^^
test/animations/get_animated_builder_test.dart:513:24: Error: Undefined name 'FlipAnimation'.
    expect(find.byType(FlipAnimation), findsOneWidget);
                       ^^^^^^^^^^^^^
test/animations/get_animated_builder_test.dart:232:14: Error: The method 'fadeIn' isn't defined for the type 'Text'.
 - 'Text' is from 'package:flutter/src/widgets/text.dart' ('../../../development/flutter/packages/flutter/lib/src/widgets/text.dart').
Try correcting the name to the name of an existing method, or defining a method named 'fadeIn'.
            .fadeIn(
             ^^^^^^
test/animations/get_animated_builder_test.dart:269:14: Error: The method 'fadeOut' isn't defined for the type 'Text'.
 - 'Text' is from 'package:flutter/src/widgets/text.dart' ('../../../development/flutter/packages/flutter/lib/src/widgets/text.dart').
Try correcting the name to the name of an existing method, or defining a method named 'fadeOut'.
            .fadeOut(
             ^^^^^^^
00:21 +0 -26: loading /Users/alamre/dev/2030/jetx/test/animations/get_animated_builder_test.dart [E]                                                                                                   
  Failed to load "/Users/alamre/dev/2030/jetx/test/animations/get_animated_builder_test.dart":
  Compilation failed for testPath=/Users/alamre/dev/2030/jetx/test/animations/get_animated_builder_test.dart: test/animations/get_animated_builder_test.dart:3:8: Error: Error when reading 'lib/get.dart': No such file or directory
  import 'package:jet/get.dart';
         ^
  test/animations/get_animated_builder_test.dart:21:16: Error: Method not found: 'GetAnimatedBuilder'.
          child: GetAnimatedBuilder<int>(
                 ^^^^^^^^^^^^^^^^^^
  test/animations/get_animated_builder_test.dart:45:16: Error: Method not found: 'GetAnimatedBuilder'.
          child: GetAnimatedBuilder<double>(
                 ^^^^^^^^^^^^^^^^^^
  test/animations/get_animated_builder_test.dart:97:16: Error: Method not found: 'GetAnimatedBuilder'.
          child: GetAnimatedBuilder<int>(
                 ^^^^^^^^^^^^^^^^^^
  test/animations/get_animated_builder_test.dart:129:16: Error: Method not found: 'GetAnimatedBuilder'.
          child: GetAnimatedBuilder(
                 ^^^^^^^^^^^^^^^^^^
  test/animations/get_animated_builder_test.dart:152:16: Error: Method not found: 'GetAnimatedBuilder'.
          child: GetAnimatedBuilder<int>(
                 ^^^^^^^^^^^^^^^^^^
  test/animations/get_animated_builder_test.dart:184:16: Error: Method not found: 'FadeInAnimation'.
          child: FadeInAnimation(
                 ^^^^^^^^^^^^^^^
  test/animations/get_animated_builder_test.dart:246:20: Error: 'GetAnimatedBuilderState' isn't a type.
              .state<GetAnimatedBuilderState>(find.byType(FadeOutAnimation))
                     ^^^^^^^^^^^^^^^^^^^^^^^
  test/animations/get_animated_builder_test.dart:246:57: Error: Undefined name 'FadeOutAnimation'.
              .state<GetAnimatedBuilderState>(find.byType(FadeOutAnimation))
                                                          ^^^^^^^^^^^^^^^^
  test/animations/get_animated_builder_test.dart:256:20: Error: 'GetAnimatedBuilderState' isn't a type.
              .state<GetAnimatedBuilderState>(find.byType(FadeOutAnimation))
                     ^^^^^^^^^^^^^^^^^^^^^^^
  test/animations/get_animated_builder_test.dart:256:57: Error: Undefined name 'FadeOutAnimation'.
              .state<GetAnimatedBuilderState>(find.byType(FadeOutAnimation))
                                                          ^^^^^^^^^^^^^^^^
  test/animations/get_animated_builder_test.dart:283:20: Error: 'GetAnimatedBuilderState' isn't a type.
              .state<GetAnimatedBuilderState>(find.byType(FadeOutAnimation))
                     ^^^^^^^^^^^^^^^^^^^^^^^
  test/animations/get_animated_builder_test.dart:283:57: Error: Undefined name 'FadeOutAnimation'.
              .state<GetAnimatedBuilderState>(find.byType(FadeOutAnimation))
                                                          ^^^^^^^^^^^^^^^^
  test/animations/get_animated_builder_test.dart:293:20: Error: 'GetAnimatedBuilderState' isn't a type.
              .state<GetAnimatedBuilderState>(find.byType(FadeOutAnimation))
                     ^^^^^^^^^^^^^^^^^^^^^^^
  test/animations/get_animated_builder_test.dart:293:57: Error: Undefined name 'FadeOutAnimation'.
              .state<GetAnimatedBuilderState>(find.byType(FadeOutAnimation))
                                                          ^^^^^^^^^^^^^^^^
  test/animations/get_animated_builder_test.dart:302:7: Error: Method not found: 'RotateAnimation'.
        RotateAnimation(
        ^^^^^^^^^^^^^^^
  test/animations/get_animated_builder_test.dart:310:24: Error: Undefined name 'RotateAnimation'.
      expect(find.byType(RotateAnimation), findsOneWidget);
                         ^^^^^^^^^^^^^^^
  test/animations/get_animated_builder_test.dart:316:7: Error: Method not found: 'ScaleAnimation'.
        ScaleAnimation(
        ^^^^^^^^^^^^^^
  test/animations/get_animated_builder_test.dart:324:24: Error: Undefined name 'ScaleAnimation'.
      expect(find.byType(ScaleAnimation), findsOneWidget);
                         ^^^^^^^^^^^^^^
  test/animations/get_animated_builder_test.dart:330:7: Error: Method not found: 'WaveAnimation'.
        WaveAnimation(
        ^^^^^^^^^^^^^
  test/animations/get_animated_builder_test.dart:338:24: Error: Undefined name 'WaveAnimation'.
      expect(find.byType(WaveAnimation), findsOneWidget);
                         ^^^^^^^^^^^^^
  test/animations/get_animated_builder_test.dart:344:7: Error: Method not found: 'WobbleAnimation'.
        WobbleAnimation(
        ^^^^^^^^^^^^^^^
  test/animations/get_animated_builder_test.dart:352:24: Error: Undefined name 'WobbleAnimation'.
      expect(find.byType(WobbleAnimation), findsOneWidget);
                         ^^^^^^^^^^^^^^^
  test/animations/get_animated_builder_test.dart:358:7: Error: Method not found: 'SlideAnimation'.
        SlideAnimation(
        ^^^^^^^^^^^^^^
  test/animations/get_animated_builder_test.dart:367:24: Error: Undefined name 'SlideAnimation'.
      expect(find.byType(SlideAnimation), findsOneWidget);
                         ^^^^^^^^^^^^^^
  test/animations/get_animated_builder_test.dart:374:16: Error: Method not found: 'SlideInLeftAnimation'.
          child: SlideInLeftAnimation(
                 ^^^^^^^^^^^^^^^^^^^^
  test/animations/get_animated_builder_test.dart:383:24: Error: Undefined name 'SlideInLeftAnimation'.
      expect(find.byType(SlideInLeftAnimation), findsOneWidget);
                         ^^^^^^^^^^^^^^^^^^^^
  test/animations/get_animated_builder_test.dart:390:16: Error: Method not found: 'SlideInRightAnimation'.
          child: SlideInRightAnimation(
                 ^^^^^^^^^^^^^^^^^^^^^
  test/animations/get_animated_builder_test.dart:399:24: Error: Undefined name 'SlideInRightAnimation'.
      expect(find.byType(SlideInRightAnimation), findsOneWidget);
                         ^^^^^^^^^^^^^^^^^^^^^
  test/animations/get_animated_builder_test.dart:406:16: Error: Method not found: 'SlideInUpAnimation'.
          child: SlideInUpAnimation(
                 ^^^^^^^^^^^^^^^^^^
  test/animations/get_animated_builder_test.dart:415:24: Error: Undefined name 'SlideInUpAnimation'.
      expect(find.byType(SlideInUpAnimation), findsOneWidget);
                         ^^^^^^^^^^^^^^^^^^
  test/animations/get_animated_builder_test.dart:422:16: Error: Method not found: 'SlideInDownAnimation'.
          child: SlideInDownAnimation(
                 ^^^^^^^^^^^^^^^^^^^^
  test/animations/get_animated_builder_test.dart:431:24: Error: Undefined name 'SlideInDownAnimation'.
      expect(find.byType(SlideInDownAnimation), findsOneWidget);
                         ^^^^^^^^^^^^^^^^^^^^
  test/animations/get_animated_builder_test.dart:437:7: Error: Method not found: 'BounceAnimation'.
        BounceAnimation(
        ^^^^^^^^^^^^^^^
  test/animations/get_animated_builder_test.dart:445:24: Error: Undefined name 'BounceAnimation'.
      expect(find.byType(BounceAnimation), findsOneWidget);
                         ^^^^^^^^^^^^^^^
  test/animations/get_animated_builder_test.dart:451:7: Error: Method not found: 'SpinAnimation'.
        SpinAnimation(
        ^^^^^^^^^^^^^
  test/animations/get_animated_builder_test.dart:457:24: Error: Undefined name 'SpinAnimation'.
      expect(find.byType(SpinAnimation), findsOneWidget);
                         ^^^^^^^^^^^^^
  test/animations/get_animated_builder_test.dart:463:7: Error: Method not found: 'ColorAnimation'.
        ColorAnimation(
        ^^^^^^^^^^^^^^
  test/animations/get_animated_builder_test.dart:471:24: Error: Undefined name 'ColorAnimation'.
      expect(find.byType(ColorAnimation), findsOneWidget);
                         ^^^^^^^^^^^^^^
  test/animations/get_animated_builder_test.dart:477:7: Error: Method not found: 'SizeAnimation'.
        SizeAnimation(
        ^^^^^^^^^^^^^
  test/animations/get_animated_builder_test.dart:485:24: Error: Undefined name 'SizeAnimation'.
      expect(find.byType(SizeAnimation), findsOneWidget);
                         ^^^^^^^^^^^^^
  test/animations/get_animated_builder_test.dart:491:7: Error: Method not found: 'BlurAnimation'.
        BlurAnimation(
        ^^^^^^^^^^^^^
  test/animations/get_animated_builder_test.dart:499:24: Error: Undefined name 'BlurAnimation'.
      expect(find.byType(BlurAnimation), findsOneWidget);
                         ^^^^^^^^^^^^^
  test/animations/get_animated_builder_test.dart:505:7: Error: Method not found: 'FlipAnimation'.
        FlipAnimation(
        ^^^^^^^^^^^^^
  test/animations/get_animated_builder_test.dart:513:24: Error: Undefined name 'FlipAnimation'.
      expect(find.byType(FlipAnimation), findsOneWidget);
                         ^^^^^^^^^^^^^
  test/animations/get_animated_builder_test.dart:232:14: Error: The method 'fadeIn' isn't defined for the type 'Text'.
   - 'Text' is from 'package:flutter/src/widgets/text.dart' ('../../../development/flutter/packages/flutter/lib/src/widgets/text.dart').
  Try correcting the name to the name of an existing method, or defining a method named 'fadeIn'.
              .fadeIn(
               ^^^^^^
  test/animations/get_animated_builder_test.dart:269:14: Error: The method 'fadeOut' isn't defined for the type 'Text'.
   - 'Text' is from 'package:flutter/src/widgets/text.dart' ('../../../development/flutter/packages/flutter/lib/src/widgets/text.dart').
  Try correcting the name to the name of an existing method, or defining a method named 'fadeOut'.
              .fadeOut(
               ^^^^^^^
  .

To run this test again: /Users/alamre/development/flutter/bin/cache/dart-sdk/bin/dart test /Users/alamre/dev/2030/jetx/test/animations/get_animated_builder_test.dart -p vm --plain-name 'loading /Users/alamre/dev/2030/jetx/test/animations/get_animated_builder_test.dart'
00:21 +0 -26: Some tests failed.                                                                                                                                                                       
